Archive member included to satisfy reference by file (symbol)

build/cooja/mtype395.a(simEnvChange.o)
                              build/cooja/mtype395.o (simDontFallAsleep)
build/cooja/mtype395.a(cooja_mt.o)
                              build/cooja/mtype395.o (cooja_mt_start)
build/cooja/mtype395.a(cooja_mtarch.o)
                              build/cooja/mtype395.a(cooja_mt.o) (cooja_mtarch_start)
build/cooja/mtype395.a(rtimer-arch.o)
                              build/cooja/mtype395.o (rtimer_arch_check)
build/cooja/mtype395.a(beep.o)
                              build/cooja/mtype395.o (beep_interface)
build/cooja/mtype395.a(leds-arch.o)
                              build/cooja/mtype395.o (leds_interface)
build/cooja/mtype395.a(moteid.o)
                              build/cooja/mtype395.o (moteid_interface)
build/cooja/mtype395.a(pir-sensor.o)
                              build/cooja/mtype395.o (pir_interface)
build/cooja/mtype395.a(rs232.o)
                              build/cooja/mtype395.o (rs232_interface)
build/cooja/mtype395.a(vib-sensor.o)
                              build/cooja/mtype395.o (vib_interface)
build/cooja/mtype395.a(clock.o)
                              build/cooja/mtype395.o (clock_interface)
build/cooja/mtype395.a(cooja-log.o)
                              build/cooja/mtype395.o (simlog_interface)
build/cooja/mtype395.a(cfs-cooja.o)
                              build/cooja/mtype395.o (cfs_interface)
build/cooja/mtype395.a(cooja-radio.o)
                              build/cooja/mtype395.o (radio_interface)
build/cooja/mtype395.a(eeprom.o)
                              build/cooja/mtype395.o (eeprom_interface)
build/cooja/mtype395.a(random.o)
                              build/cooja/mtype395.a(moteid.o) (random_init)
build/cooja/mtype395.a(sensors.o)
                              build/cooja/mtype395.a(pir-sensor.o) (sensors_changed)
build/cooja/mtype395.a(leds.o)
                              build/cooja/mtype395.a(leds-arch.o) (leds_get)
build/cooja/mtype395.a(gpio-hal-arch.o)
                              build/cooja/mtype395.a(leds-arch.o) (gpio_hal_arch_register_pin_callback)
build/cooja/mtype395.a(buttons.o)
                              build/cooja/mtype395.o (button_interface)
build/cooja/mtype395.a(weight_sensor.o)
                              sensor.o (res_weight)
build/cooja/mtype395.a(coap-engine.o)
                              sensor.o (coap_activate_resource)
build/cooja/mtype395.a(coap-res-well-k)
                              build/cooja/mtype395.a(coap-engine.o) (res_well_known_core)
build/cooja/mtype395.a(coap-observe.o)
                              build/cooja/mtype395.a(coap-engine.o) (coap_remove_observer_by_mid)
build/cooja/mtype395.a(coap-uip.o)
                              build/cooja/mtype395.a(coap-observe.o) (coap_endpoint_copy)
build/cooja/mtype395.a(coap-timer.o)
                              build/cooja/mtype395.a(coap-engine.o) (coap_timer_set)
build/cooja/mtype395.a(coap-transactio)
                              build/cooja/mtype395.a(coap-engine.o) (coap_send_transaction)
build/cooja/mtype395.a(coap.o)
                              build/cooja/mtype395.a(coap-engine.o) (coap_status_code)
build/cooja/mtype395.a(contiki-main.o)
                              build/cooja/mtype395.o (main)
build/cooja/mtype395.a(autostart.o)
                              build/cooja/mtype395.a(contiki-main.o) (autostart_start)
build/cooja/mtype395.a(ctimer.o)
                              build/cooja/mtype395.a(contiki-main.o) (ctimer_init)
build/cooja/mtype395.a(log.o)
                              build/cooja/mtype395.a(contiki-main.o) (curr_log_level_main)
build/cooja/mtype395.a(energest.o)
                              build/cooja/mtype395.a(contiki-main.o) (energest_init)
build/cooja/mtype395.a(etimer.o)
                              build/cooja/mtype395.a(contiki-main.o) (etimer_process)
build/cooja/mtype395.a(node-id.o)
                              build/cooja/mtype395.a(contiki-main.o) (node_id)
build/cooja/mtype395.a(rtimer.o)
                              build/cooja/mtype395.a(contiki-main.o) (rtimer_init)
build/cooja/mtype395.a(process.o)
                              build/cooja/mtype395.a(ctimer.o) (process_current)
build/cooja/mtype395.a(timer.o)
                              build/cooja/mtype395.a(etimer.o) (timer_set)
build/cooja/mtype395.a(list.o)
                              build/cooja/mtype395.a(coap-engine.o) (list_init)
build/cooja/mtype395.a(memb.o)
                              build/cooja/mtype395.a(coap-observe.o) (memb_alloc)
build/cooja/mtype395.a(button-hal.o)
                              build/cooja/mtype395.o (button_hal_init)
build/cooja/mtype395.a(serial-line.o)
                              build/cooja/mtype395.a(rs232.o) (serial_line_input_byte)
build/cooja/mtype395.a(gpio-hal.o)
                              build/cooja/mtype395.a(button-hal.o) (gpio_hal_register_handler)
build/cooja/mtype395.a(queuebuf.o)
[...]
Memory Configuration

Name             Origin             Length             Attributes
*default*        0x0000000000000000 0xffffffffffffffff

Linker script and memory map

LOAD /usr/lib/gcc/i686-linux-gnu/5/../../../i386-linux-gnu/crti.o
LOAD /usr/lib/gcc/i686-linux-gnu/5/crtbeginS.o
LOAD sensor.o
LOAD build/cooja/mtype395.o
LOAD build/cooja/mtype395.a
LOAD /usr/lib/gcc/i686-linux-gnu/5/libgcc.a
LOAD /usr/lib/gcc/i686-linux-gnu/5/libgcc_s.so
LOAD /usr/lib/gcc/i686-linux-gnu/5/../../../i386-linux-gnu/libc.so
START GROUP
LOAD /lib/i386-linux-gnu/libc.so.6
LOAD /usr/lib/i386-linux-gnu/libc_nonshared.a
LOAD /lib/i386-linux-gnu/ld-linux.so.2
END GROUP
LOAD /usr/lib/gcc/i686-linux-gnu/5/libgcc.a
LOAD /usr/lib/gcc/i686-linux-gnu/5/libgcc_s.so
LOAD /usr/lib/gcc/i686-linux-gnu/5/crtendS.o
LOAD /usr/lib/gcc/i686-linux-gnu/5/../../../i386-linux-gnu/crtn.o
                0x0000000000000114                . = (0x0 + SIZEOF_HEADERS)

.note.gnu.build-id
                0x0000000000000114       0x24
 *(.note.gnu.build-id)
 .note.gnu.build-id
                0x0000000000000114       0x24 /usr/lib/gcc/i686-linux-gnu/5/../../../i386-linux-gnu/crti.o

.hash
 *(.hash)

.gnu.hash       0x0000000000000138     0x159c
 *(.gnu.hash)
 .gnu.hash      0x0000000000000138     0x159c /usr/lib/gcc/i686-linux-gnu/5/../../../i386-linux-gnu/crti.o

.dynsym         0x00000000000016d4     0x2ef0
 *(.dynsym)
 .dynsym        0x00000000000016d4     0x2ef0 /usr/lib/gcc/i686-linux-gnu/5/../../../i386-linux-gnu/crti.o

.dynstr         0x00000000000045c4     0x36b2
 *(.dynstr)
 .dynstr        0x00000000000045c4     0x36b2 /usr/lib/gcc/i686-linux-gnu/5/../../../i386-linux-gnu/crti.o

.gnu.version    0x0000000000007c76      0x5de
 *(.gnu.version)
 .gnu.version   0x0000000000007c76      0x5de /usr/lib/gcc/i686-linux-gnu/5/../../../i386-linux-gnu/crti.o

.gnu.version_d  0x0000000000008254        0x0
 *(.gnu.version_d)
 .gnu.version_d
                0x0000000000008254        0x0 /usr/lib/gcc/i686-linux-gnu/5/../../../i386-linux-gnu/crti.o

.gnu.version_r  0x0000000000008254       0x40
 *(.gnu.version_r)
 .gnu.version_r
                0x0000000000008254       0x40 /usr/lib/gcc/i686-linux-gnu/5/../../../i386-linux-gnu/crti.o

.rel.dyn        0x0000000000008294     0x9170
 *(.rel.init)
 .rel.init      0x0000000000008294        0x0 /usr/lib/gcc/i686-linux-gnu/5/../../../i386-linux-gnu/crti.o
 *(.rel.text .rel.text.* .rel.gnu.linkonce.t.*)
 .rel.text      0x0000000000008294     0x8780 /usr/lib/gcc/i686-linux-gnu/5/../../../i386-linux-gnu/crti.o
 *(.rel.fini)
 .rel.fini      0x0000000000010a14        0x0 /usr/lib/gcc/i686-linux-gnu/5/../../../i386-linux-gnu/crti.o
 *(.rel.rodata .rel.rodata.* .rel.gnu.linkonce.r.*)
 .rel.rodata    0x0000000000010a14      0x588 /usr/lib/gcc/i686-linux-gnu/5/../../../i386-linux-gnu/crti.o
 *(.rel.data.rel.ro .rel.data.rel.ro.* .rel.gnu.linkonce.d.rel.ro.*)
 *(.rel.data .rel.data.* .rel.gnu.linkonce.d.*)
 .rel.data.rel.local
                0x0000000000010f9c        0x8 /usr/lib/gcc/i686-linux-gnu/5/../../../i386-linux-gnu/crti.o
 .rel.data      0x0000000000010fa4      0x428 /usr/lib/gcc/i686-linux-gnu/5/../../../i386-linux-gnu/crti.o
 *(.rel.tdata .rel.tdata.* .rel.gnu.linkonce.td.*)
 *(.rel.tbss .rel.tbss.* .rel.gnu.linkonce.tb.*)
 *(.rel.ctors)
 *(.rel.dtors)
 *(.rel.got)
 .rel.got       0x00000000000113cc       0x28 /usr/lib/gcc/i686-linux-gnu/5/../../../i386-linux-gnu/crti.o
 *(.rel.bss .rel.bss.* .rel.gnu.linkonce.b.*)
 *(.rel.ifunc)
 .rel.ifunc     0x00000000000113f4        0x0 /usr/lib/gcc/i686-linux-gnu/5/../../../i386-linux-gnu/crti.o
 .rel.fini_array
                0x00000000000113f4        0x8 /usr/lib/gcc/i686-linux-gnu/5/../../../i386-linux-gnu/crti.o
 .rel.init_array
                0x00000000000113fc        0x8 /usr/lib/gcc/i686-linux-gnu/5/../../../i386-linux-gnu/crti.o

.rel.plt        0x0000000000011404        0x0
 *(.rel.plt)
 .rel.plt       0x0000000000011404        0x0 /usr/lib/gcc/i686-linux-gnu/5/../../../i386-linux-gnu/crti.o
 *(.rel.iplt)

.init           0x0000000000011404       0x23
 *(SORT(.init))
 .init          0x0000000000011404       0x1e /usr/lib/gcc/i686-linux-gnu/5/../../../i386-linux-gnu/crti.o
                0x0000000000011404                _init
 .init          0x0000000000011422        0x5 /usr/lib/gcc/i686-linux-gnu/5/../../../i386-linux-gnu/crtn.o

.plt            0x0000000000011430       0x10
 *(.plt)
 .plt           0x0000000000011430       0x10 /usr/lib/gcc/i686-linux-gnu/5/../../../i386-linux-gnu/crti.o
 *(.iplt)

.plt.got        0x0000000000011440       0x10
 *(.plt.got)
 .plt.got       0x0000000000011440       0x10 /usr/lib/gcc/i686-linux-gnu/5/../../../i386-linux-gnu/crti.o

.text           0x0000000000011450    0x186b2
 *(.text.unlikely .text.*_unlikely .text.unlikely.*)
 .text.unlikely
                0x0000000000011450        0x0 /usr/lib/gcc/i686-linux-gnu/5/crtbeginS.o
 .text.unlikely
                0x0000000000011450        0x0 /usr/lib/gcc/i686-linux-gnu/5/libgcc.a(_udivdi3.o)
 *(.text.exit .text.exit.*)
 *(.text.startup .text.startup.*)
 *(.text.hot .text.hot.*)
 *(.text .stub .text.* .gnu.linkonce.t.*)
 .text          0x0000000000011450        0x0 /usr/lib/gcc/i686-linux-gnu/5/../../../i386-linux-gnu/crti.o
 .gnu.linkonce.t.__x86.get_pc_thunk.bx
                0x0000000000011450        0x4 /usr/lib/gcc/i686-linux-gnu/5/../../../i386-linux-gnu/crti.o
                0x0000000000011450                __x86.get_pc_thunk.bx
 *fill*         0x0000000000011454        0xc 
 .text          0x0000000000011460      0x11c /usr/lib/gcc/i686-linux-gnu/5/crtbeginS.o
 .text.__x86.get_pc_thunk.dx
                0x000000000001157c        0x4 /usr/lib/gcc/i686-linux-gnu/5/crtbeginS.o
                0x000000000001157c                __x86.get_pc_thunk.dx
 .text          0x0000000000011580      0x10e sensor.o
                0x0000000000011580                refill_shelf
                0x000000000001159d                measure_weight
 .text          0x000000000001168e      0x283 build/cooja/mtype395.o
                0x0000000000011720                platform_init_stage_one
                0x0000000000011733                platform_init_stage_two
                0x0000000000011746                platform_init_stage_three
                0x0000000000011759                platform_main_loop
                0x00000000000117cc                Java_org_contikios_cooja_corecomm_Lib3_init
                0x0000000000011803                Java_org_contikios_cooja_corecomm_Lib3_getMemory
                0x0000000000011836                Java_org_contikios_cooja_corecomm_Lib3_setMemory
                0x0000000000011896                Java_org_contikios_cooja_corecomm_Lib3_tick
                0x00000000000118fe                Java_org_contikios_cooja_corecomm_Lib3_setReferenceAddress
 .text          0x0000000000011911       0x65 build/cooja/mtype395.a(simEnvChange.o)
                0x0000000000011911                doActionsBeforeTick
                0x0000000000011943                doActionsAfterTick
 .text          0x0000000000011976       0x83 build/cooja/mtype395.a(cooja_mt.o)
                0x0000000000011976                cooja_mt_start
                0x00000000000119a0                cooja_mt_exec
                0x00000000000119d6                cooja_mt_yield
 .text          0x00000000000119f9       0xbe build/cooja/mtype395.a(cooja_mtarch.o)
                0x00000000000119f9                cooja_mtarch_start
                0x0000000000011a6c                cooja_sw
                0x0000000000011a8f                cooja_mtarch_exec
                0x0000000000011aac                cooja_mtarch_yield
 .text          0x0000000000011ab7       0xc5 build/cooja/mtype395.a(rtimer-arch.o)
                0x0000000000011ab7                rtimer_arch_init
                0x0000000000011adb                rtimer_arch_schedule
                0x0000000000011b0b                rtimer_arch_next
                0x0000000000011b1b                rtimer_arch_pending
                0x0000000000011b25                rtimer_arch_check
                0x0000000000011b6c                rtimer_arch_now
 .text          0x0000000000011b7c       0x81 build/cooja/mtype395.a(beep.o)
                0x0000000000011b7c                beep_alarm
                0x0000000000011b89                beep_beep
                0x0000000000011b96                beep
                0x0000000000011ba3                beep_down
                0x0000000000011bb0                beep_on
                0x0000000000011bbd                beep_off
                0x0000000000011bca                beep_spinup
                0x0000000000011bd7                beep_quick
                0x0000000000011be4                beep_long
 .text          0x0000000000011bfd       0x65 build/cooja/mtype395.a(leds-arch.o)
                0x0000000000011c10                leds_arch_init
 .text          0x0000000000011c62       0x35 build/cooja/mtype395.a(moteid.o)
 .text          0x0000000000011c97       0xb7 build/cooja/mtype395.a(pir-sensor.o)
 .text          0x0000000000011d4e      0x148 build/cooja/mtype395.a(rs232.o)
                0x0000000000011d4e                rs232_init
                0x0000000000011d54                rs232_set_speed
                0x0000000000011d63                rs232_set_input
                0x0000000000011d71                rs232_send
                0x0000000000011d95                rs232_print
                0x0000000000011db1                slip_arch_writeb
 .text          0x0000000000011e96       0xb7 build/cooja/mtype395.a(vib-sensor.o)
 .text          0x0000000000011f4d       0x38 build/cooja/mtype395.a(clock.o)
                0x0000000000011f4d                clock_init
                0x0000000000011f53                clock_time
                0x0000000000011f5d                clock_seconds
                0x0000000000011f73                clock_delay
 .text          0x0000000000011f85      0x219 build/cooja/mtype395.a(cooja-log.o)
                0x0000000000011f85                simlog_char
                0x0000000000011fc8                simlog
                0x000000000001203e                log_message
                0x000000000001206f                log_set_putchar_with_slip
                0x000000000001207d                log_putchar
                0x00000000000120f8                log_puts
                0x0000000000012120                log_printf
 .text          0x000000000001219e      0x2b9 build/cooja/mtype395.a(cfs-cooja.o)
                0x000000000001219e                cfs_open
                0x0000000000012207                cfs_close
                0x0000000000012214                cfs_read
                0x00000000000122a9                cfs_write
                0x0000000000012385                cfs_seek
                0x000000000001240d                cfs_remove
                0x0000000000012431                cfs_opendir
                0x000000000001243b                cfs_readdir
                0x0000000000012445                cfs_closedir
 .text          0x0000000000012457      0x620 build/cooja/mtype395.a(cooja-radio.o)
                0x0000000000012499                radio_set_channel
                0x00000000000124a7                radio_set_txpower
                0x00000000000124bf                radio_signal_strength_last
                0x00000000000124c9                radio_signal_strength_current
                0x00000000000124d3                radio_LQI
 .text          0x0000000000012a77       0xee build/cooja/mtype395.a(eeprom.o)
                0x0000000000012a77                eeprom_init
                0x0000000000012a7d                eeprom_read
                0x0000000000012aeb                eeprom_write
 .text          0x0000000000012b65       0x2d build/cooja/mtype395.a(random.o)
                0x0000000000012b65                random_init
                0x0000000000012b85                random_rand
 .text          0x0000000000012b92      0x29c build/cooja/mtype395.a(sensors.o)
                0x0000000000012bcd                sensors_first
                0x0000000000012bd7                sensors_next
                0x0000000000012bf1                sensors_changed
                0x0000000000012c25                sensors_find
 .text          0x0000000000012e2e      0x349 build/cooja/mtype395.a(leds.o)
                0x0000000000012e2e                leds_init
                0x0000000000012e75                leds_single_on
                0x0000000000012ed4                leds_single_off
                0x0000000000012f33                leds_single_toggle
                0x0000000000012f65                leds_on
                0x0000000000012fe7                leds_off
                0x0000000000013069                leds_toggle
                0x00000000000130be                leds_set
                0x00000000000130ea                leds_get
 .text          0x0000000000013177      0x343 build/cooja/mtype395.a(gpio-hal-arch.o)
                0x0000000000013177                gpio_hal_arch_register_pin_callback
                0x00000000000131e3                gpio_hal_arch_init
                0x0000000000013228                gpio_hal_arch_no_port_interrupt_enable
                0x0000000000013258                gpio_hal_arch_no_port_interrupt_disable
                0x0000000000013288                gpio_hal_arch_no_port_pin_cfg_set
                0x00000000000132ad                gpio_hal_arch_no_port_pin_cfg_get
                0x00000000000132d3                gpio_hal_arch_no_port_pin_set_input
                0x00000000000132e5                gpio_hal_arch_no_port_pin_set_output
                0x00000000000132f7                gpio_hal_arch_no_port_set_pin
                0x0000000000013318                gpio_hal_arch_no_port_clear_pin
                0x0000000000013339                gpio_hal_arch_no_port_read_pin
                0x000000000001335f                gpio_hal_arch_no_port_write_pin
                0x0000000000013389                gpio_hal_arch_no_port_set_pins
                0x00000000000133d0                gpio_hal_arch_no_port_clear_pins
                0x0000000000013417                gpio_hal_arch_no_port_read_pins
                0x000000000001345a                gpio_hal_arch_no_port_write_pins
 .text          0x00000000000134ba       0x89 build/cooja/mtype395.a(buttons.o)
 .text          0x0000000000013543       0x87 build/cooja/mtype395.a(weight_sensor.o)
 .text          0x00000000000135ca      0xbea build/cooja/mtype395.a(coap-engine.o)
                0x000000000001365f                coap_add_handler
                0x000000000001367c                coap_remove_handler
                0x0000000000013699                coap_call_handlers
                0x00000000000137a1                coap_receive
                0x0000000000013d9c                coap_engine_init
                0x0000000000013dfa                coap_activate_resource
                0x0000000000013ea5                coap_get_first_resource
                0x0000000000013ebe                coap_get_next_resource
 .text          0x00000000000141b4      0x2d9 build/cooja/mtype395.a(coap-res-well-k)
 .text          0x000000000001448d      0x96a build/cooja/mtype395.a(coap-observe.o)
                0x00000000000145a2                coap_remove_observer
                0x00000000000145d2                coap_remove_observer_by_client
                0x000000000001463a                coap_remove_observer_by_token
                0x00000000000146cd                coap_remove_observer_by_uri
                0x0000000000014774                coap_remove_observer_by_mid
                0x00000000000147f0                coap_notify_observers
                0x0000000000014809                coap_notify_observers_sub
                0x0000000000014c73                coap_observe_handler
                0x0000000000014d8e                coap_has_observers
 .text          0x0000000000014df7      0x733 build/cooja/mtype395.a(coap-uip.o)
                0x0000000000014df7                coap_endpoint_log
                0x0000000000014e7d                coap_endpoint_print
                0x0000000000014f03                coap_endpoint_snprint
                0x0000000000015036                coap_endpoint_copy
                0x0000000000015073                coap_endpoint_cmp
                0x0000000000015181                coap_endpoint_parse
                0x000000000001536c                coap_endpoint_is_secure
                0x000000000001537b                coap_endpoint_is_connected
                0x00000000000153af                coap_endpoint_connect
                0x00000000000153cb                coap_endpoint_disconnect
                0x00000000000153d1                coap_databuf
                0x00000000000153db                coap_transport_init
                0x000000000001542b                coap_sendto
 .text          0x000000000001552a      0x324 build/cooja/mtype395.a(coap-timer.o)
                0x0000000000015627                coap_timer_stop
                0x0000000000015652                coap_timer_set
                0x0000000000015695                coap_timer_reset
                0x00000000000156d8                coap_timer_time_to_next_expiration
                0x0000000000015744                coap_timer_run
                0x0000000000015810                coap_timer_init
 .text          0x000000000001584e      0x2c6 build/cooja/mtype395.a(coap-transactio)
                0x00000000000158b4                coap_new_transaction
                0x000000000001591a                coap_send_transaction
                0x0000000000015a7b                coap_clear_transaction
                0x0000000000015ac3                coap_get_transaction_by_mid
 .text          0x0000000000015b14     0x1c53 build/cooja/mtype395.a(coap.o)
                0x0000000000016081                coap_init_connection
                0x0000000000016095                coap_get_mid
                0x00000000000160b1                coap_init_message
                0x00000000000160fa                coap_serialize_message
                0x000000000001677c                coap_parse_message
                0x0000000000016de3                coap_get_query_variable
                0x0000000000016e25                coap_get_post_variable
                0x0000000000016e69                coap_set_status_code
                0x0000000000016e8e                coap_set_token
                0x0000000000016ed5                coap_get_header_content_format
                0x0000000000016f06                coap_set_header_content_format
                0x0000000000016f29                coap_get_header_accept
                0x0000000000016f5a                coap_set_header_accept
                0x0000000000016f7d                coap_get_header_max_age
                0x0000000000016fae                coap_set_header_max_age
                0x0000000000016fce                coap_get_header_etag
                0x0000000000017000                coap_set_header_etag
                0x0000000000017057                coap_get_header_if_match
                0x0000000000017089                coap_set_header_if_match
                0x00000000000170e0                coap_get_header_if_none_match
                0x00000000000170fa                coap_set_header_if_none_match
                0x0000000000017111                coap_get_header_proxy_uri
                0x000000000001713f                coap_set_header_proxy_uri
                0x000000000001717c                coap_get_header_uri_host
                0x00000000000171aa                coap_set_header_uri_host
                0x00000000000171e7                coap_get_header_uri_path
                0x0000000000017215                coap_set_header_uri_path
                0x0000000000017262                coap_get_header_uri_query
                0x0000000000017296                coap_set_header_uri_query
                0x00000000000172ec                coap_get_header_location_path
                0x000000000001731a                coap_set_header_location_path
                0x00000000000173b3                coap_get_header_location_query
                0x00000000000173e1                coap_set_header_location_query
                0x000000000001742e                coap_get_header_observe
                0x000000000001745d                coap_set_header_observe
                0x000000000001747d                coap_get_header_block2
                0x00000000000174e9                coap_set_header_block2
                0x0000000000017560                coap_get_header_block1
                0x00000000000175d5                coap_set_header_block1
                0x0000000000017650                coap_get_header_size2
                0x0000000000017680                coap_set_header_size2
                0x00000000000176a3                coap_get_header_size1
                0x00000000000176d3                coap_set_header_size1
                0x00000000000176f6                coap_get_payload
                0x0000000000017730                coap_set_payload
 .text          0x0000000000017767      0x332 build/cooja/mtype395.a(contiki-main.o)
                0x0000000000017767                main
 .text          0x0000000000017a99       0x92 build/cooja/mtype395.a(autostart.o)
                0x0000000000017a99                autostart_start
                0x0000000000017ae3                autostart_exit
 .text          0x0000000000017b2b      0x355 build/cooja/mtype395.a(ctimer.o)
                0x0000000000017c53                ctimer_init
                0x0000000000017c86                ctimer_set
                0x0000000000017cac                ctimer_set_with_process
                0x0000000000017d29                ctimer_reset
                0x0000000000017d7d                ctimer_restart
                0x0000000000017dd1                ctimer_stop
                0x0000000000017e21                ctimer_expired
 .text          0x0000000000017e80      0x394 build/cooja/mtype395.a(log.o)
                0x0000000000017e80                log_6addr
                0x0000000000017ed3                log_6addr_compact_snprint
                0x0000000000017f71                log_6addr_compact
                0x0000000000017fc4                log_lladdr
                0x0000000000018036                log_lladdr_compact
                0x000000000001809e                log_set_level
                0x0000000000018159                log_get_level
                0x00000000000181d2                log_level_to_str
 .text          0x0000000000018214       0x1b build/cooja/mtype395.a(energest.o)
                0x0000000000018214                energest_init
                0x000000000001821a                energest_flush
                0x0000000000018220                energest_get_total_time
 .text          0x000000000001822f      0x43f build/cooja/mtype395.a(etimer.o)
                0x0000000000018453                etimer_request_poll
                0x00000000000184dc                etimer_set
                0x0000000000018505                etimer_reset_with_new_interval
                0x0000000000018534                etimer_reset
                0x000000000001855a                etimer_restart
                0x0000000000018580                etimer_adjust
                0x000000000001859d                etimer_expired
                0x00000000000185b0                etimer_expiration_time
                0x00000000000185c2                etimer_start_time
                0x00000000000185cc                etimer_pending
                0x00000000000185de                etimer_next_expiration_time
                0x00000000000185f8                etimer_stop
 .text          0x000000000001866e       0x25 build/cooja/mtype395.a(node-id.o)
                0x000000000001866e                node_id_init
 .text          0x0000000000018693       0xeb build/cooja/mtype395.a(rtimer.o)
                0x0000000000018693                rtimer_init
                0x00000000000186a1                rtimer_set
                0x000000000001871c                rtimer_run_next
 .text          0x000000000001877e      0x4fb build/cooja/mtype395.a(process.o)
                0x000000000001877e                process_alloc_event
                0x0000000000018793                process_start
                0x000000000001896d                process_exit
                0x000000000001898a                process_init
                0x0000000000018b1f                process_run
                0x0000000000018b52                process_nevents
                0x0000000000018b6d                process_post
                0x0000000000018c00                process_post_synch
                0x0000000000018c35                process_poll
                0x0000000000018c65                process_is_running
 .text          0x0000000000018c79       0xb1 build/cooja/mtype395.a(timer.o)
                0x0000000000018c79                timer_set
                0x0000000000018c97                timer_reset
                0x0000000000018cc4                timer_restart
                0x0000000000018cd9                timer_expired
                0x0000000000018d06                timer_remaining
 .text          0x0000000000018d2a      0x28f build/cooja/mtype395.a(list.o)
                0x0000000000018d2a                list_init
                0x0000000000018d39                list_head
                0x0000000000018d43                list_copy
                0x0000000000018d53                list_tail
                0x0000000000018d89                list_add
                0x0000000000018dd5                list_push
                0x0000000000018e01                list_chop
                0x0000000000018e6b                list_pop
                0x0000000000018e93                list_remove
                0x0000000000018efb                list_length
                0x0000000000018f29                list_insert
                0x0000000000018f6e                list_item_next
                0x0000000000018f85                list_contains
 .text          0x0000000000018fb9      0x1b5 build/cooja/mtype395.a(memb.o)
                0x0000000000018fb9                memb_init
                0x000000000001900e                memb_alloc
                0x0000000000019071                memb_free
                0x00000000000190e8                memb_inmemb
                0x0000000000019127                memb_numfree
 .text          0x000000000001916e      0x41c build/cooja/mtype395.a(button-hal.o)
                0x00000000000192e7                button_hal_get_by_id
                0x0000000000019325                button_hal_get_by_index
                0x0000000000019351                button_hal_get_state
                0x00000000000193a3                button_hal_init
 .text          0x000000000001958a      0x1f3 build/cooja/mtype395.a(serial-line.o)
                0x000000000001958a                serial_line_input_byte
                0x0000000000019748                serial_line_init
 .text          0x000000000001977d      0x168 build/cooja/mtype395.a(gpio-hal.o)
                0x000000000001977d                gpio_hal_register_handler
                0x000000000001979a                gpio_hal_event_handler
                0x00000000000197f6                gpio_hal_init
                0x0000000000019815                gpio_hal_arch_port_toggle_pin
                0x0000000000019851                gpio_hal_arch_port_toggle_pins
                0x000000000001987f                gpio_hal_arch_no_port_toggle_pin
                0x00000000000198bd                gpio_hal_arch_no_port_toggle_pins
 .text          0x00000000000198e5      0x2e7 build/cooja/mtype395.a(queuebuf.o)
                0x00000000000198ef                queuebuf_init
                0x0000000000019918                queuebuf_numfree
                0x0000000000019930                queuebuf_new_from_packetbuf
                0x00000000000199cf                queuebuf_update_attr_from_packetbuf
                0x0000000000019a04                queuebuf_update_from_packetbuf
                0x0000000000019a54                queuebuf_free
                0x0000000000019a9d                queuebuf_to_packetbuf
                0x0000000000019b09                queuebuf_dataptr
                0x0000000000019b43                queuebuf_datalen
                0x0000000000019b66                queuebuf_addr
                0x0000000000019b9b                queuebuf_attr
                0x0000000000019bc6                queuebuf_debug_print
 .text          0x0000000000019bcc      0x407 build/cooja/mtype395.a(packetbuf.o)
                0x0000000000019bcc                packetbuf_clear
                0x0000000000019bf7                packetbuf_copyfrom
                0x0000000000019c46                packetbuf_copyto
                0x0000000000019cd9                packetbuf_hdralloc
                0x0000000000019d55                packetbuf_hdrreduce
                0x0000000000019d9b                packetbuf_set_datalen
                0x0000000000019db5                packetbuf_dataptr
                0x0000000000019dd2                packetbuf_hdrptr
                0x0000000000019ddc                packetbuf_datalen
                0x0000000000019de8                packetbuf_hdrlen
                0x0000000000019dff                packetbuf_totlen
                0x0000000000019e15                packetbuf_remaininglen
                0x0000000000019e28                packetbuf_attr_clear
                0x0000000000019e74                packetbuf_attr_copyto
                0x0000000000019ecc                packetbuf_attr_copyfrom
                0x0000000000019f24                packetbuf_set_attr
                0x0000000000019f4e                packetbuf_attr
                0x0000000000019f68                packetbuf_set_addr
                0x0000000000019f99                packetbuf_addr
                0x0000000000019fb6                packetbuf_holds_broadcast
 .text          0x0000000000019fd3       0xef build/cooja/mtype395.a(netstack.o)
                0x0000000000019fd3                netstack_process_ip_callback
                0x000000000001a064                netstack_ip_packet_processor_add
                0x000000000001a087                uip_ds6_ip_packet_processor_rm
                0x000000000001a0a4                netstack_init
 .text          0x000000000001a0c2       0x4f build/cooja/mtype395.a(linkaddr.o)
                0x000000000001a0c2                linkaddr_copy
                0x000000000001a0d8                linkaddr_cmp
                0x000000000001a0fb                linkaddr_set_node_addr
 .text          0x000000000001a111      0x1f6 build/cooja/mtype395.a(csma.o)
 .text          0x000000000001a307      0x95d build/cooja/mtype395.a(csma-output.o)
                0x000000000001a99e                csma_output_packet
                0x000000000001ac2b                csma_output_init
 .text          0x000000000001ac64      0xc11 build/cooja/mtype395.a(uip-ds6.o)
                0x000000000001ac64                uip_ds6_default_prefix
                0x000000000001ac6e                uip_ds6_set_default_prefix
                0x000000000001ac99                uip_ds6_init
                0x000000000001aefb                uip_ds6_periodic
                0x000000000001af82                uip_ds6_list_loop
                0x000000000001b042                uip_ds6_prefix_add
                0x000000000001b0ee                uip_ds6_prefix_rm
                0x000000000001b101                uip_ds6_prefix_lookup
                0x000000000001b140                uip_ds6_is_addr_onlink
                0x000000000001b1b3                uip_ds6_addr_add
                0x000000000001b2d3                uip_ds6_addr_rm
                0x000000000001b37c                uip_ds6_addr_lookup
                0x000000000001b3b5                uip_ds6_get_link_local
                0x000000000001b436                uip_ds6_get_global
                0x000000000001b4b7                uip_ds6_maddr_add
                0x000000000001b517                uip_ds6_maddr_rm
                0x000000000001b52a                uip_ds6_maddr_lookup
                0x000000000001b563                uip_ds6_aaddr_add
                0x000000000001b5c3                uip_ds6_aaddr_rm
                0x000000000001b5d6                uip_ds6_aaddr_lookup
                0x000000000001b60f                uip_ds6_select_src
                0x000000000001b758                uip_ds6_set_addr_iid
                0x000000000001b783                uip_ds6_set_lladdr_from_iid
                0x000000000001b7ac                get_match_length
                0x000000000001b83d                uip_ds6_compute_reachable_time
 .text          0x000000000001b875      0x128 build/cooja/mtype395.a(uip-udp-packet.)
                0x000000000001b875                uip_udp_packet_send
                0x000000000001b8d0                uip_udp_packet_sendto
 .text          0x000000000001b99d      0xa3c build/cooja/mtype395.a(uip-ds6-route.o)
                0x000000000001ba87                uip_ds6_notification_add
                0x000000000001bab9                uip_ds6_notification_rm
                0x000000000001bad6                uip_ds6_route_init
                0x000000000001bb75                uip_ds6_route_nexthop
                0x000000000001bba4                uip_ds6_route_head
                0x000000000001bbbd                uip_ds6_route_next
                0x000000000001bbe6                uip_ds6_route_is_nexthop
                0x000000000001bc28                uip_ds6_route_num_routes
                0x000000000001bc32                uip_ds6_route_lookup
                0x000000000001bd09                uip_ds6_route_add
                0x000000000001bf49                uip_ds6_route_rm
                0x000000000001c0e7                uip_ds6_route_rm_by_nexthop
                0x000000000001c126                uip_ds6_defrt_head
                0x000000000001c13f                uip_ds6_defrt_add
                0x000000000001c200                uip_ds6_defrt_rm
                0x000000000001c281                uip_ds6_defrt_lookup
                0x000000000001c2e8                uip_ds6_defrt_choose
                0x000000000001c35e                uip_ds6_defrt_periodic
 .text          0x000000000001c3d9      0x6f7 build/cooja/mtype395.a(tcpip.o)
                0x000000000001c3f3                tcpip_output
                0x000000000001c472                udp_attach
                0x000000000001c48a                udp_new
                0x000000000001c4d4                udp_broadcast_new
                0x000000000001c646                tcpip_input
                0x000000000001c7d6                tcpip_ipv6_output
                0x000000000001c9ca                tcpip_poll_udp
                0x000000000001c9e8                tcpip_uipcall
 .text          0x000000000001cad0     0x1205 build/cooja/mtype395.a(uip6.o)
                0x000000000001cb7f                uip_chksum
                0x000000000001cc56                uip_icmp6chksum
                0x000000000001cc6b                uip_udpchksum
                0x000000000001cc80                uip_init
                0x000000000001ccc9                uip_remove_ext_hdr
                0x000000000001cda3                uip_udp_new
                0x000000000001d0b7                uip_process
                0x000000000001dbaf                uip_htons
                0x000000000001dbd1                uip_htonl
                0x000000000001dc0f                uip_send
 .text          0x000000000001dcd5      0x369 build/cooja/mtype395.a(uip-ds6-nbr.o)
                0x000000000001dcd5                uip_ds6_neighbors_init
                0x000000000001dcf9                uip_ds6_nbr_add
                0x000000000001dd7f                uip_ds6_nbr_rm
                0x000000000001ddca                uip_ds6_nbr_update_ll
                0x000000000001deb8                uip_ds6_nbr_get_ipaddr
                0x000000000001decd                uip_ds6_nbr_get_ll
                0x000000000001dee9                uip_ds6_nbr_num
                0x000000000001df32                uip_ds6_nbr_head
                0x000000000001df4b                uip_ds6_nbr_next
                0x000000000001df67                uip_ds6_nbr_lookup
                0x000000000001dfbf                uip_ds6_nbr_ll_lookup
                0x000000000001dfdb                uip_ds6_nbr_ipaddr_from_lladdr
                0x000000000001e004                uip_ds6_nbr_lladdr_from_ipaddr
                0x000000000001e038                uip_ds6_link_callback
 .text          0x000000000001e03e      0x6a7 build/cooja/mtype395.a(uip-nd6.o)
                0x000000000001e6cc                uip_nd6_init
 .text          0x000000000001e6e5     0x2c17 build/cooja/mtype395.a(sicslowpan.o)
                0x000000000001ecec                netstack_sniffer_add
                0x000000000001ecfa                netstack_sniffer_remove
                0x00000000000212d0                sicslowpan_init
                0x00000000000212f2                sicslowpan_get_last_rssi
 .text          0x00000000000212fc      0x4d1 build/cooja/mtype395.a(uiplib.o)
                0x00000000000212fc                uiplib_ip6addrconv
                0x00000000000214b4                uiplib_ip4addrconv
                0x0000000000021577                uiplib_ipaddr_print
                0x00000000000215ca                uiplib_ipaddr_snprint
 .text          0x00000000000217cd      0x4c9 build/cooja/mtype395.a(rpl.o)
                0x00000000000217cd                rpl_lollipop_greater_than
                0x0000000000021827                rpl_get_global_address
                0x000000000002191f                rpl_link_callback
                0x0000000000021963                rpl_has_joined
                0x0000000000021988                rpl_is_reachable
                0x0000000000021a09                rpl_reset_prefix
                0x0000000000021a73                rpl_set_prefix_from_addr
                0x0000000000021b58                rpl_set_prefix
                0x0000000000021c72                rpl_set_leaf_only
                0x0000000000021c8a                rpl_get_leaf_only
 .text          0x0000000000021c96     0x138c build/cooja/mtype395.a(rpl-icmp6.o)
                0x0000000000021dbb                rpl_icmp6_update_nbr_table
                0x0000000000021e44                rpl_icmp6_dis_output
                0x000000000002248a                rpl_icmp6_dio_output
                0x0000000000022c88                rpl_icmp6_dao_output
                0x0000000000022f69                rpl_icmp6_dao_ack_output
                0x0000000000022fd9                rpl_icmp6_init
 .text          0x0000000000023022      0x264 build/cooja/mtype395.a(rpl-dag-root.o)
                0x0000000000023022                rpl_dag_root_print_links
                0x000000000002314e                rpl_dag_root_set_prefix
                0x000000000002317a                rpl_dag_root_start
                0x0000000000023257                rpl_dag_root_is_root
 .text          0x0000000000023286       0x30 build/cooja/mtype395.a(watchdog.o)
                0x0000000000023286                watchdog_init
                0x000000000002328c                watchdog_start
                0x0000000000023292                watchdog_periodic
                0x00000000000232aa                watchdog_stop
                0x00000000000232b0                watchdog_reboot
 .text          0x00000000000232b6       0x4a build/cooja/mtype395.a(int-master.o)
                0x00000000000232b6                int_master_enable
                0x00000000000232c6                int_master_read_and_disable
                0x00000000000232e3                int_master_status_set
                0x00000000000232f1                int_master_is_enabled
 .text          0x0000000000023300      0x226 build/cooja/mtype395.a(coap-timer-defa)
 .text          0x0000000000023526       0xc7 build/cooja/mtype395.a(stimer.o)
                0x0000000000023526                stimer_set
                0x0000000000023544                stimer_reset
                0x0000000000023571                stimer_restart
                0x0000000000023586                stimer_expired
                0x00000000000235b1                stimer_remaining
                0x00000000000235d5                stimer_elapsed
 .text          0x00000000000235ed      0x156 build/cooja/mtype395.a(ringbuf.o)
                0x00000000000235ed                ringbuf_init
                0x000000000002361f                ringbuf_put
                0x000000000002369d                ringbuf_get
                0x000000000002370a                ringbuf_size
                0x000000000002371c                ringbuf_elements
 .text          0x0000000000023743       0x1f build/cooja/mtype395.a(assert.o)
                0x0000000000023743                _xassert
 .text          0x0000000000023762      0x79b build/cooja/mtype395.a(nbr-table.o)
                0x0000000000023bdb                nbr_table_register
                0x0000000000023c48                nbr_table_is_registered
                0x0000000000023c83                nbr_table_head
                0x0000000000023cde                nbr_table_next
                0x0000000000023d3f                nbr_table_add_lladdr
                0x0000000000023e19                nbr_table_get_from_lladdr
                0x0000000000023e65                nbr_table_remove
                0x0000000000023e9d                nbr_table_lock
                0x0000000000023eb7                nbr_table_unlock
                0x0000000000023ed1                nbr_table_get_lladdr
 .text          0x0000000000023efd      0x3a5 build/cooja/mtype395.a(link-stats.o)
                0x0000000000023efd                link_stats_from_lladdr
                0x0000000000023f19                link_stats_get_lladdr
                0x0000000000023f35                link_stats_is_fresh
                0x0000000000023f71                guess_etx_from_rssi
                0x0000000000023fed                link_stats_packet_sent
                0x000000000002410d                link_stats_input_callback
                0x000000000002421d                link_stats_reset
                0x000000000002426d                link_stats_init
 .text          0x00000000000242a2      0x187 build/cooja/mtype395.a(mac-sequence.o)
                0x00000000000242a2                mac_sequence_is_duplicate
                0x0000000000024342                mac_sequence_register_seqno
 .text          0x0000000000024429       0x23 build/cooja/mtype395.a(mac.o)
                0x0000000000024429                mac_call_sent_callback
 .text          0x000000000002444c      0x432 build/cooja/mtype395.a(framer-802154.o)
                0x00000000000245db                framer_802154_setup_params
 .text          0x000000000002487e      0xb6f build/cooja/mtype395.a(frame802154.o)
                0x00000000000248af                frame802154_get_pan_id
                0x00000000000248bb                frame802154_set_pan_id
                0x00000000000248d5                frame802154_has_panid
                0x0000000000024a84                frame802154_check_dest_panid
                0x0000000000024b0c                frame802154_is_broadcast_addr
                0x0000000000024b59                frame802154_extract_linkaddr
                0x0000000000024dbe                frame802154_hdrlen
                0x0000000000024e31                frame802154_create_fcf
                0x0000000000024ee9                frame802154_create
                0x000000000002505e                frame802154_parse_fcf
                0x0000000000025140                frame802154_parse
 .text          0x00000000000253ed       0x2d build/cooja/mtype395.a(csma-security.o)
                0x00000000000253ed                csma_security_create_frame
                0x000000000002540b                csma_security_parse_frame
 .text          0x000000000002541a      0x4e4 build/cooja/mtype395.a(uipbuf.o)
                0x000000000002541a                uipbuf_clear
                0x0000000000025441                uipbuf_add_ext_hdr
                0x00000000000254c1                uipbuf_set_len
                0x00000000000254ee                uipbuf_set_len_field
                0x000000000002551a                uipbuf_get_len_field
                0x000000000002553a                uipbuf_get_next_header
                0x000000000002566c                uipbuf_get_last_header
                0x00000000000256e5                uipbuf_search_header
                0x000000000002579b                uipbuf_get_attr
                0x00000000000257c2                uipbuf_set_attr
                0x00000000000257f9                uipbuf_set_default_attr
                0x0000000000025830                uipbuf_clear_attr
                0x0000000000025854                uipbuf_set_attr_flag
                0x0000000000025875                uipbuf_clr_attr_flag
                0x000000000002589c                uipbuf_is_attr_flag
                0x00000000000258c0                uipbuf_init
 .text          0x00000000000258fe      0x73f build/cooja/mtype395.a(uip-icmp6.o)
                0x0000000000025973                uip_icmp6_input
                0x00000000000259ca                uip_icmp6_register_input_handler
                0x0000000000025b1d                uip_icmp6_error_output
                0x0000000000025dce                uip_icmp6_send
                0x0000000000025fc5                uip_icmp6_echo_reply_callback_add
                0x0000000000025ff7                uip_icmp6_echo_reply_callback_rm
                0x0000000000026014                uip_icmp6_init
 .text          0x000000000002603d      0x69b build/cooja/mtype395.a(uip-sr.o)
                0x000000000002603d                uip_sr_num_nodes
                0x00000000000260cb                uip_sr_get_node
                0x0000000000026122                uip_sr_is_addr_reachable
                0x00000000000261d0                uip_sr_expire_parent
                0x0000000000026219                uip_sr_update_node
                0x0000000000026349                uip_sr_init
                0x000000000002637d                uip_sr_node_head
                0x0000000000026396                uip_sr_node_next
                0x00000000000263ac                uip_sr_periodic
                0x00000000000264b2                uip_sr_free_all
                0x0000000000026522                uip_sr_link_snprint
 .text          0x00000000000266d8      0x146 build/cooja/mtype395.a(uip-packetqueue)
                0x0000000000026706                uip_packetqueue_new
                0x0000000000026715                uip_packetqueue_alloc
                0x0000000000026770                uip_packetqueue_free
                0x00000000000267b7                uip_packetqueue_buf
                0x00000000000267d4                uip_packetqueue_buflen
                0x00000000000267f5                uip_packetqueue_set_buflen
 .text          0x000000000002681e      0x1b0 build/cooja/mtype395.a(rpl-nbr-policy.)
                0x000000000002698b                rpl_nbr_policy_find_removable
 .text          0x00000000000269ce      0x915 build/cooja/mtype395.a(rpl-neighbor.o)
                0x0000000000026a4a                rpl_neighbor_snprint
                0x0000000000026cfd                rpl_neighbor_print_list
                0x0000000000026db2                rpl_neighbor_count
                0x0000000000026e59                rpl_neighbor_get_from_lladdr
                0x0000000000026e75                rpl_neighbor_is_acceptable_parent
                0x0000000000026ea9                rpl_neighbor_get_link_metric
                0x0000000000026edd                rpl_neighbor_rank_via_nbr
                0x0000000000026f11                rpl_neighbor_get_lladdr
                0x0000000000026f2d                rpl_neighbor_get_ipaddr
                0x0000000000026f54                rpl_neighbor_get_link_stats
                0x0000000000026f7b                rpl_neighbor_is_fresh
                0x0000000000026fa2                rpl_neighbor_is_reachable
                0x0000000000026fed                rpl_neighbor_is_parent
                0x0000000000027017                rpl_neighbor_set_preferred_parent
                0x00000000000270ae                rpl_neighbor_remove_all
                0x000000000002710a                rpl_neighbor_get_from_ipaddr
                0x0000000000027218                rpl_neighbor_select_best
                0x00000000000272c4                rpl_neighbor_init
 .text          0x00000000000272e3      0xe69 build/cooja/mtype395.a(rpl-dag.o)
                0x00000000000272e3                rpl_dag_state_to_str
                0x0000000000027322                rpl_dag_get_root_ipaddr
                0x000000000002736a                rpl_dag_leave
                0x00000000000273f3                rpl_dag_poison_and_leave
                0x000000000002740b                rpl_dag_periodic
                0x0000000000027493                rpl_is_addr_in_our_dag
                0x00000000000274d7                rpl_get_default_instance
                0x00000000000274f3                rpl_get_any_dag
                0x000000000002754c                rpl_refresh_routes
                0x000000000002758c                rpl_global_repair
                0x0000000000027625                rpl_local_repair
                0x000000000002766f                rpl_dag_ready_to_advertise
                0x00000000000276b2                rpl_dag_update_state
                0x0000000000027ddf                rpl_process_dio
                0x0000000000027e5d                rpl_process_dis
                0x0000000000027ea2                rpl_process_dao
                0x0000000000027f31                rpl_process_dao_ack
                0x0000000000027fc8                rpl_process_hbh
                0x0000000000028018                rpl_dag_init_root
                0x000000000002812c                rpl_dag_init
 .text          0x000000000002814c      0x9e7 build/cooja/mtype395.a(rpl-timers.o)
                0x000000000002814c                rpl_timers_schedule_periodic_dis
                0x000000000002829a                rpl_timers_dio_reset
                0x00000000000283a8                rpl_timers_schedule_unicast_dio
                0x00000000000284fc                rpl_timers_schedule_dao
                0x00000000000285bb                rpl_timers_schedule_dao_ack
                0x0000000000028641                rpl_timers_notify_dao_ack
                0x000000000002869f                get_probing_delay
                0x00000000000286d3                get_probing_target
                0x00000000000288bd                rpl_schedule_probing
                0x00000000000288eb                rpl_schedule_probing_now
                0x0000000000028955                rpl_timers_unschedule_leaving
                0x000000000002898d                rpl_timers_schedule_leaving
                0x00000000000289ce                rpl_timers_init
                0x0000000000028a5e                rpl_timers_stop_dag_timers
                0x0000000000028ad7                rpl_timers_unschedule_state_update
                0x0000000000028afb                rpl_timers_schedule_state_update
 .text          0x0000000000028b33      0xb8e build/cooja/mtype395.a(rpl-ext-header.)
                0x0000000000028b33                rpl_ext_header_srh_get_next_hop
                0x0000000000028c1a                rpl_ext_header_srh_update
                0x0000000000029186                rpl_ext_header_hbh_update
                0x0000000000029486                rpl_ext_header_update
                0x000000000002950f                rpl_ext_header_remove
 .text          0x00000000000296c1      0x31b build/cooja/mtype395.a(rpl-mrhof.o)
 *fill*         0x00000000000299dc        0x4 
 .text          0x00000000000299e0      0x122 /usr/lib/gcc/i686-linux-gnu/5/libgcc.a(_udivdi3.o)
                0x00000000000299e0                __udivdi3
 .text          0x0000000000029b02        0x0 /usr/lib/gcc/i686-linux-gnu/5/crtendS.o
 .text          0x0000000000029b02        0x0 /usr/lib/gcc/i686-linux-gnu/5/../../../i386-linux-gnu/crtn.o
 *(.gnu.warning)

.fini           0x0000000000029b04       0x14
 *(SORT(.fini))
 .fini          0x0000000000029b04        0xf /usr/lib/gcc/i686-linux-gnu/5/../../../i386-linux-gnu/crti.o
                0x0000000000029b04                _fini
 .fini          0x0000000000029b13        0x5 /usr/lib/gcc/i686-linux-gnu/5/../../../i386-linux-gnu/crtn.o
                [!provide]                        PROVIDE (__etext, .)
                [!provide]                        PROVIDE (_etext, .)
                [!provide]                        PROVIDE (etext, .)

.rodata         0x0000000000029b20      0xa8b
 *(.rodata .rodata.* .gnu.linkonce.r.*)
 .rodata        0x0000000000029b20       0x3b sensor.o
                0x0000000000029b4c                autostart_processes
 *fill*         0x0000000000029b5b        0x1 
 .rodata        0x0000000000029b5c        0x8 build/cooja/mtype395.a(beep.o)
                0x0000000000029b5c                beep_interface
 .rodata        0x0000000000029b64        0xe build/cooja/mtype395.a(leds-arch.o)
                0x0000000000029b64                leds_interface
                0x0000000000029b6c                leds_arch_leds
 *fill*         0x0000000000029b72        0x2 
 .rodata        0x0000000000029b74        0x8 build/cooja/mtype395.a(moteid.o)
                0x0000000000029b74                moteid_interface
 .rodata        0x0000000000029b7c       0x1c build/cooja/mtype395.a(pir-sensor.o)
                0x0000000000029b7c                pir_interface
                0x0000000000029b88                pir_sensor
 .rodata        0x0000000000029b98        0xe build/cooja/mtype395.a(rs232.o)
                0x0000000000029b98                rs232_interface
 *fill*         0x0000000000029ba6        0x2 
 .rodata        0x0000000000029ba8       0x24 build/cooja/mtype395.a(vib-sensor.o)
                0x0000000000029ba8                vib_interface
                0x0000000000029bbc                vib_sensor
 .rodata        0x0000000000029bcc        0x8 build/cooja/mtype395.a(clock.o)
                0x0000000000029bcc                clock_interface
 .rodata        0x0000000000029bd4        0x8 build/cooja/mtype395.a(cooja-log.o)
                0x0000000000029bd4                simlog_interface
 .rodata        0x0000000000029bdc       0x2f build/cooja/mtype395.a(cfs-cooja.o)
                0x0000000000029bdc                cfs_interface
 *fill*         0x0000000000029c0b       0x15 
 .rodata        0x0000000000029c20       0xb8 build/cooja/mtype395.a(cooja-radio.o)
                0x0000000000029c20                radio_interface
                0x0000000000029ca0                cooja_radio_driver
 .rodata        0x0000000000029cd8        0x8 build/cooja/mtype395.a(eeprom.o)
                0x0000000000029cd8                eeprom_interface
 .rodata        0x0000000000029ce0        0x8 build/cooja/mtype395.a(sensors.o)
 .rodata        0x0000000000029ce8       0x2c build/cooja/mtype395.a(buttons.o)
                0x0000000000029ce8                button_interface
                0x0000000000029cfc                button_hal_button_count
                0x0000000000029d04                button_sensor
 .rodata        0x0000000000029d14       0x74 build/cooja/mtype395.a(weight_sensor.o)
 .rodata        0x0000000000029d88       0x41 build/cooja/mtype395.a(coap-engine.o)
 .rodata        0x0000000000029dc9       0x19 build/cooja/mtype395.a(coap-res-well-k)
 .rodata        0x0000000000029de2       0x11 build/cooja/mtype395.a(coap-observe.o)
 .rodata        0x0000000000029df3       0x35 build/cooja/mtype395.a(coap-uip.o)
 .rodata        0x0000000000029e28      0x1ac build/cooja/mtype395.a(coap.o)
 .rodata        0x0000000000029fd4       0xf8 build/cooja/mtype395.a(contiki-main.o)
 .rodata        0x000000000002a0cc        0xf build/cooja/mtype395.a(ctimer.o)
 *fill*         0x000000000002a0db        0x1 
 .rodata        0x000000000002a0dc       0xc4 build/cooja/mtype395.a(log.o)
 .rodata        0x000000000002a1a0        0xc build/cooja/mtype395.a(etimer.o)
 .rodata        0x000000000002a1ac       0x13 build/cooja/mtype395.a(button-hal.o)
 .rodata        0x000000000002a1bf        0xe build/cooja/mtype395.a(serial-line.o)
 *fill*         0x000000000002a1cd        0x3 
 .rodata        0x000000000002a1d0        0x8 build/cooja/mtype395.a(linkaddr.o)
                0x000000000002a1d0                linkaddr_null
 .rodata        0x000000000002a1d8       0x24 build/cooja/mtype395.a(csma.o)
                0x000000000002a1e0                csma_driver
 .rodata        0x000000000002a1fc       0x2a build/cooja/mtype395.a(csma-output.o)
 *fill*         0x000000000002a226        0x2 
 .rodata        0x000000000002a228       0xb9 build/cooja/mtype395.a(uip-ds6-route.o)
 .rodata        0x000000000002a2e1        0xd build/cooja/mtype395.a(tcpip.o)
 *fill*         0x000000000002a2ee        0x2 
 .rodata        0x000000000002a2f0       0x30 build/cooja/mtype395.a(sicslowpan.o)
                0x000000000002a2f0                unc_llconf
                0x000000000002a2f4                unc_ctxconf
                0x000000000002a2f8                unc_mxconf
                0x000000000002a2fc                llprefix
                0x000000000002a310                sicslowpan_driver
 .rodata        0x000000000002a320       0x2d build/cooja/mtype395.a(uiplib.o)
 *fill*         0x000000000002a34d       0x13 
 .rodata        0x000000000002a360       0x74 build/cooja/mtype395.a(rpl.o)
                0x000000000002a380                rpl_lite_driver
 .rodata        0x000000000002a3d4       0x20 build/cooja/mtype395.a(coap-timer-defa)
                0x000000000002a3e8                coap_timer_default_driver
 .rodata        0x000000000002a3f4       0x25 build/cooja/mtype395.a(assert.o)
 *fill*         0x000000000002a419        0x3 
 .rodata        0x000000000002a41c        0xc build/cooja/mtype395.a(framer-802154.o)
                0x000000000002a41c                framer_802154
 .rodata        0x000000000002a428       0x44 build/cooja/mtype395.a(uip-sr.o)
 .rodata        0x000000000002a46c       0x58 build/cooja/mtype395.a(rpl-neighbor.o)
 .rodata        0x000000000002a4c4       0xdb build/cooja/mtype395.a(rpl-dag.o)
 .rodata        0x000000000002a59f        0xc build/cooja/mtype395.a(rpl-timers.o)

.rodata1
 *(.rodata1)

.eh_frame_hdr   0x000000000002a5ac     0x19fc
 *(.eh_frame_hdr)
 .eh_frame_hdr  0x000000000002a5ac     0x19fc sensor.o
                0x000000000002a5ac                __GNU_EH_FRAME_HDR
 *(.eh_frame_entry .eh_frame_entry.*)

.eh_frame       0x000000000002bfa8     0x6968
 *(.eh_frame)
 .eh_frame      0x000000000002bfa8       0x3c /usr/lib/gcc/i686-linux-gnu/5/../../../i386-linux-gnu/crti.o
                                         0x40 (size before relaxing)
 .eh_frame      0x000000000002bfe4       0x60 sensor.o
                                         0x78 (size before relaxing)
 .eh_frame      0x000000000002c044      0x178 build/cooja/mtype395.o
                                        0x190 (size before relaxing)
 .eh_frame      0x000000000002c1bc       0x40 build/cooja/mtype395.a(simEnvChange.o)
                                         0x58 (size before relaxing)
 .eh_frame      0x000000000002c1fc       0x60 build/cooja/mtype395.a(cooja_mt.o)
                                         0x78 (size before relaxing)
 .eh_frame      0x000000000002c25c       0x80 build/cooja/mtype395.a(cooja_mtarch.o)
                                         0x98 (size before relaxing)
 .eh_frame      0x000000000002c2dc       0xc8 build/cooja/mtype395.a(rtimer-arch.o)
                                         0xe0 (size before relaxing)
 .eh_frame      0x000000000002c3a4      0x160 build/cooja/mtype395.a(beep.o)
                                        0x178 (size before relaxing)
 .eh_frame      0x000000000002c504       0x80 build/cooja/mtype395.a(leds-arch.o)
                                         0x98 (size before relaxing)
 .eh_frame      0x000000000002c584       0x40 build/cooja/mtype395.a(moteid.o)
                                         0x58 (size before relaxing)
 .eh_frame      0x000000000002c5c4       0xa0 build/cooja/mtype395.a(pir-sensor.o)
                                         0xb8 (size before relaxing)
 .eh_frame      0x000000000002c664      0x100 build/cooja/mtype395.a(rs232.o)
                                        0x118 (size before relaxing)
 .eh_frame      0x000000000002c764       0xa0 build/cooja/mtype395.a(vib-sensor.o)
                                         0xb8 (size before relaxing)
 .eh_frame      0x000000000002c804       0xc0 build/cooja/mtype395.a(clock.o)
                                         0xd8 (size before relaxing)
 .eh_frame      0x000000000002c8c4      0x120 build/cooja/mtype395.a(cooja-log.o)
                                        0x138 (size before relaxing)
 .eh_frame      0x000000000002c9e4      0x160 build/cooja/mtype395.a(cfs-cooja.o)
                                        0x178 (size before relaxing)
 .eh_frame      0x000000000002cb44      0x340 build/cooja/mtype395.a(cooja-radio.o)
                                        0x358 (size before relaxing)
 .eh_frame      0x000000000002ce84       0xa0 build/cooja/mtype395.a(eeprom.o)
                                         0xb8 (size before relaxing)
 .eh_frame      0x000000000002cf24       0x40 build/cooja/mtype395.a(random.o)
                                         0x58 (size before relaxing)
 .eh_frame      0x000000000002cf64       0xc0 build/cooja/mtype395.a(sensors.o)
                                         0xd8 (size before relaxing)
 .eh_frame      0x000000000002d024      0x120 build/cooja/mtype395.a(leds.o)
                                        0x138 (size before relaxing)
 .eh_frame      0x000000000002d144      0x220 build/cooja/mtype395.a(gpio-hal-arch.o)
                                        0x238 (size before relaxing)
 .eh_frame      0x000000000002d364       0xa0 build/cooja/mtype395.a(buttons.o)
                                         0xb8 (size before relaxing)
 .eh_frame      0x000000000002d404       0x44 build/cooja/mtype395.a(weight_sensor.o)
                                         0x5c (size before relaxing)
 .eh_frame      0x000000000002d448      0x220 build/cooja/mtype395.a(coap-engine.o)
                                        0x238 (size before relaxing)
 .eh_frame      0x000000000002d668       0x24 build/cooja/mtype395.a(coap-res-well-k)
                                         0x3c (size before relaxing)
 .eh_frame      0x000000000002d68c      0x188 build/cooja/mtype395.a(coap-observe.o)
                                        0x1a0 (size before relaxing)
 .eh_frame      0x000000000002d814      0x250 build/cooja/mtype395.a(coap-uip.o)
                                        0x268 (size before relaxing)
 .eh_frame      0x000000000002da64      0x114 build/cooja/mtype395.a(coap-timer.o)
                                        0x12c (size before relaxing)
 .eh_frame      0x000000000002db78      0x100 build/cooja/mtype395.a(coap-transactio)
                                        0x118 (size before relaxing)
 .eh_frame      0x000000000002dc78      0x6ec build/cooja/mtype395.a(coap.o)
                                        0x704 (size before relaxing)
 .eh_frame      0x000000000002e364       0x30 build/cooja/mtype395.a(contiki-main.o)
                                         0x48 (size before relaxing)
 .eh_frame      0x000000000002e394       0x40 build/cooja/mtype395.a(autostart.o)
                                         0x58 (size before relaxing)
 .eh_frame      0x000000000002e3d4      0x100 build/cooja/mtype395.a(ctimer.o)
                                        0x118 (size before relaxing)
 .eh_frame      0x000000000002e4d4      0x100 build/cooja/mtype395.a(log.o)
                                        0x118 (size before relaxing)
 .eh_frame      0x000000000002e5d4       0x60 build/cooja/mtype395.a(energest.o)
                                         0x78 (size before relaxing)
 .eh_frame      0x000000000002e634      0x1e0 build/cooja/mtype395.a(etimer.o)
                                        0x1f8 (size before relaxing)
 .eh_frame      0x000000000002e814       0x20 build/cooja/mtype395.a(node-id.o)
                                         0x38 (size before relaxing)
 .eh_frame      0x000000000002e834       0x60 build/cooja/mtype395.a(rtimer.o)
                                         0x78 (size before relaxing)
 .eh_frame      0x000000000002e894      0x1c4 build/cooja/mtype395.a(process.o)
                                        0x1dc (size before relaxing)
 .eh_frame      0x000000000002ea58       0xa4 build/cooja/mtype395.a(timer.o)
                                         0xbc (size before relaxing)
 .eh_frame      0x000000000002eafc      0x1a0 build/cooja/mtype395.a(list.o)
                                        0x1b8 (size before relaxing)
 .eh_frame      0x000000000002ec9c       0xa0 build/cooja/mtype395.a(memb.o)
                                         0xb8 (size before relaxing)
 .eh_frame      0x000000000002ed3c      0x144 build/cooja/mtype395.a(button-hal.o)
                                        0x15c (size before relaxing)
 .eh_frame      0x000000000002ee80       0x60 build/cooja/mtype395.a(serial-line.o)
                                         0x78 (size before relaxing)
 .eh_frame      0x000000000002eee0       0xe0 build/cooja/mtype395.a(gpio-hal.o)
                                         0xf8 (size before relaxing)
 .eh_frame      0x000000000002efc0      0x1a0 build/cooja/mtype395.a(queuebuf.o)
                                        0x1b8 (size before relaxing)
 .eh_frame      0x000000000002f160      0x28c build/cooja/mtype395.a(packetbuf.o)
                                        0x2a4 (size before relaxing)
 .eh_frame      0x000000000002f3ec       0x80 build/cooja/mtype395.a(netstack.o)
                                         0x98 (size before relaxing)
 .eh_frame      0x000000000002f46c       0x60 build/cooja/mtype395.a(linkaddr.o)
                                         0x78 (size before relaxing)
 .eh_frame      0x000000000002f4cc       0xe0 build/cooja/mtype395.a(csma.o)
                                         0xf8 (size before relaxing)
 .eh_frame      0x000000000002f5ac      0x1d0 build/cooja/mtype395.a(csma-output.o)
                                        0x1e8 (size before relaxing)
 .eh_frame      0x000000000002f77c      0x328 build/cooja/mtype395.a(uip-ds6.o)
                                        0x340 (size before relaxing)
 .eh_frame      0x000000000002faa4       0x40 build/cooja/mtype395.a(uip-udp-packet.)
                                         0x58 (size before relaxing)
 .eh_frame      0x000000000002fae4      0x2e0 build/cooja/mtype395.a(uip-ds6-route.o)
                                        0x2f8 (size before relaxing)
 .eh_frame      0x000000000002fdc4      0x244 build/cooja/mtype395.a(tcpip.o)
                                        0x25c (size before relaxing)
 .eh_frame      0x0000000000030008      0x1e8 build/cooja/mtype395.a(uip6.o)
                                        0x200 (size before relaxing)
 .eh_frame      0x00000000000301f0      0x1c0 build/cooja/mtype395.a(uip-ds6-nbr.o)
                                        0x1d8 (size before relaxing)
 .eh_frame      0x00000000000303b0       0x84 build/cooja/mtype395.a(uip-nd6.o)
                                         0x9c (size before relaxing)
 .eh_frame      0x0000000000030434      0x2f8 build/cooja/mtype395.a(sicslowpan.o)
                                        0x310 (size before relaxing)
 .eh_frame      0x000000000003072c       0x88 build/cooja/mtype395.a(uiplib.o)
                                         0xa0 (size before relaxing)
 .eh_frame      0x00000000000307b4      0x1e0 build/cooja/mtype395.a(rpl.o)
                                        0x1f8 (size before relaxing)
 .eh_frame      0x0000000000030994      0x1c4 build/cooja/mtype395.a(rpl-icmp6.o)
                                        0x1dc (size before relaxing)
 .eh_frame      0x0000000000030b58       0xa0 build/cooja/mtype395.a(rpl-dag-root.o)
                                         0xb8 (size before relaxing)
 .eh_frame      0x0000000000030bf8       0xa0 build/cooja/mtype395.a(watchdog.o)
                                         0xb8 (size before relaxing)
 .eh_frame      0x0000000000030c98       0x80 build/cooja/mtype395.a(int-master.o)
                                         0x98 (size before relaxing)
 .eh_frame      0x0000000000030d18       0xa4 build/cooja/mtype395.a(coap-timer-defa)
                                         0xbc (size before relaxing)
 .eh_frame      0x0000000000030dbc       0xc4 build/cooja/mtype395.a(stimer.o)
                                         0xdc (size before relaxing)
 .eh_frame      0x0000000000030e80       0xa0 build/cooja/mtype395.a(ringbuf.o)
                                         0xb8 (size before relaxing)
 .eh_frame      0x0000000000030f20       0x20 build/cooja/mtype395.a(assert.o)
                                         0x38 (size before relaxing)
 .eh_frame      0x0000000000030f40      0x2ac build/cooja/mtype395.a(nbr-table.o)
                                        0x2c4 (size before relaxing)
 .eh_frame      0x00000000000311ec      0x120 build/cooja/mtype395.a(link-stats.o)
                                        0x138 (size before relaxing)
 .eh_frame      0x000000000003130c       0x48 build/cooja/mtype395.a(mac-sequence.o)
                                         0x60 (size before relaxing)
 .eh_frame      0x0000000000031354       0x20 build/cooja/mtype395.a(mac.o)
                                         0x38 (size before relaxing)
 .eh_frame      0x0000000000031374       0xa4 build/cooja/mtype395.a(framer-802154.o)
                                         0xbc (size before relaxing)
 .eh_frame      0x0000000000031418      0x1a4 build/cooja/mtype395.a(frame802154.o)
                                        0x1bc (size before relaxing)
 .eh_frame      0x00000000000315bc       0x40 build/cooja/mtype395.a(csma-security.o)
                                         0x58 (size before relaxing)
 .eh_frame      0x00000000000315fc      0x200 build/cooja/mtype395.a(uipbuf.o)
                                        0x218 (size before relaxing)
 .eh_frame      0x00000000000317fc      0x150 build/cooja/mtype395.a(uip-icmp6.o)
                                        0x168 (size before relaxing)
 .eh_frame      0x000000000003194c      0x184 build/cooja/mtype395.a(uip-sr.o)
                                        0x19c (size before relaxing)
 .eh_frame      0x0000000000031ad0       0xe0 build/cooja/mtype395.a(uip-packetqueue)
                                         0xf8 (size before relaxing)
 .eh_frame      0x0000000000031bb0       0x80 build/cooja/mtype395.a(rpl-nbr-policy.)
                                         0x98 (size before relaxing)
 .eh_frame      0x0000000000031c30      0x2d4 build/cooja/mtype395.a(rpl-neighbor.o)
                                        0x2ec (size before relaxing)
 .eh_frame      0x0000000000031f04      0x370 build/cooja/mtype395.a(rpl-dag.o)
                                        0x388 (size before relaxing)
 .eh_frame      0x0000000000032274      0x3a8 build/cooja/mtype395.a(rpl-timers.o)
                                        0x3c0 (size before relaxing)
 .eh_frame      0x000000000003261c      0x124 build/cooja/mtype395.a(rpl-ext-header.)
                                        0x13c (size before relaxing)
 .eh_frame      0x0000000000032740      0x148 build/cooja/mtype395.a(rpl-mrhof.o)
                                        0x160 (size before relaxing)
 .eh_frame      0x0000000000032888       0x84 /usr/lib/gcc/i686-linux-gnu/5/libgcc.a(_udivdi3.o)
                                         0x9c (size before relaxing)
 .eh_frame      0x000000000003290c        0x4 /usr/lib/gcc/i686-linux-gnu/5/crtendS.o
 *(.eh_frame.*)

.gcc_except_table
 *(.gcc_except_table .gcc_except_table.*)

.gnu_extab
 *(.gnu_extab*)

.exception_ranges
 *(.exception_ranges .exception_ranges*)
                0x0000000000033f10                . = DATA_SEGMENT_ALIGN (0x1000, 0x1000)

.eh_frame
 *(.eh_frame)
 *(.eh_frame.*)

.gnu_extab
 *(.gnu_extab)

.gcc_except_table
 *(.gcc_except_table .gcc_except_table.*)

.exception_ranges
 *(.exception_ranges .exception_ranges*)

.tdata
 *(.tdata .tdata.* .gnu.linkonce.td.*)

.tbss
 *(.tbss .tbss.* .gnu.linkonce.tb.*)
 *(.tcommon)

.preinit_array
 *(.preinit_array)

.init_array     0x0000000000033f10        0x4
 *(SORT(.init_array.*) SORT(.ctors.*))
 *(.init_array EXCLUDE_FILE(*crtend?.o *crtend.o *crtbegin?.o *crtbegin.o) .ctors)
 .init_array    0x0000000000033f10        0x4 /usr/lib/gcc/i686-linux-gnu/5/crtbeginS.o

.fini_array     0x0000000000033f14        0x4
 *(SORT(.fini_array.*) SORT(.dtors.*))
 *(.fini_array EXCLUDE_FILE(*crtend?.o *crtend.o *crtbegin?.o *crtbegin.o) .dtors)
 .fini_array    0x0000000000033f14        0x4 /usr/lib/gcc/i686-linux-gnu/5/crtbeginS.o

.ctors
 *crtbegin.o(.ctors)
 *crtbegin?.o(.ctors)
 *(EXCLUDE_FILE(*crtend?.o *crtend.o) .ctors)
 *(SORT(.ctors.*))
 *(.ctors)

.dtors
 *crtbegin.o(.dtors)
 *crtbegin?.o(.dtors)
 *(EXCLUDE_FILE(*crtend?.o *crtend.o) .dtors)
 *(SORT(.dtors.*))
 *(.dtors)

.jcr            0x0000000000033f18        0x4
 *(.jcr)
 .jcr           0x0000000000033f18        0x0 /usr/lib/gcc/i686-linux-gnu/5/crtbeginS.o
 .jcr           0x0000000000033f18        0x4 /usr/lib/gcc/i686-linux-gnu/5/crtendS.o

.data.rel.ro
 *(.data.rel.ro.local* .gnu.linkonce.d.rel.ro.local.*)
 *(.data.rel.ro .data.rel.ro.* .gnu.linkonce.d.rel.ro.*)

.dynamic        0x0000000000033f1c       0xd0
 *(.dynamic)
 .dynamic       0x0000000000033f1c       0xd0 /usr/lib/gcc/i686-linux-gnu/5/../../../i386-linux-gnu/crti.o
                0x0000000000033f1c                _DYNAMIC

.got            0x0000000000033fec       0x14
 *(.got)
 .got           0x0000000000033fec       0x14 /usr/lib/gcc/i686-linux-gnu/5/../../../i386-linux-gnu/crti.o
 *(.igot)
                0x0000000000034ff4                . = DATA_SEGMENT_RELRO_END (., (SIZEOF (.got.plt) >= 0xc)?0xc:0x0)

.got.plt        0x0000000000034000        0xc
 *(.got.plt)
 .got.plt       0x0000000000034000        0xc /usr/lib/gcc/i686-linux-gnu/5/../../../i386-linux-gnu/crti.o
                0x0000000000034000                _GLOBAL_OFFSET_TABLE_
 *(.igot.plt)

.data           0x0000000000034020      0x484
 *(.data .data.* .gnu.linkonce.d.*)
 .data          0x0000000000034020        0x0 /usr/lib/gcc/i686-linux-gnu/5/../../../i386-linux-gnu/crti.o
 .data          0x0000000000034020        0x0 /usr/lib/gcc/i686-linux-gnu/5/crtbeginS.o
 .data.rel.local
                0x0000000000034020        0x4 /usr/lib/gcc/i686-linux-gnu/5/crtbeginS.o
                0x0000000000034020                __dso_handle
 .data          0x0000000000034024       0x14 sensor.o
                0x0000000000034024                contiki_ng_br_coap_server
                0x0000000000034034                last_refill_ts
 *fill*         0x0000000000034038        0x8 
 .data          0x0000000000034040       0x44 build/cooja/mtype395.o
                0x0000000000034040                simInterfaces
                0x0000000000034074                sensors
 .data          0x0000000000034084        0x0 build/cooja/mtype395.a(simEnvChange.o)
 .data          0x0000000000034084        0x0 build/cooja/mtype395.a(cooja_mt.o)
 .data          0x0000000000034084        0x0 build/cooja/mtype395.a(cooja_mtarch.o)
 .data          0x0000000000034084        0x0 build/cooja/mtype395.a(rtimer-arch.o)
 .data          0x0000000000034084        0x0 build/cooja/mtype395.a(beep.o)
 .data          0x0000000000034084        0x0 build/cooja/mtype395.a(leds-arch.o)
 .data          0x0000000000034084        0x0 build/cooja/mtype395.a(moteid.o)
 .data          0x0000000000034084        0x0 build/cooja/mtype395.a(pir-sensor.o)
 .data          0x0000000000034084        0x0 build/cooja/mtype395.a(rs232.o)
 .data          0x0000000000034084        0x0 build/cooja/mtype395.a(vib-sensor.o)
 .data          0x0000000000034084        0x0 build/cooja/mtype395.a(clock.o)
 .data          0x0000000000034084        0x0 build/cooja/mtype395.a(cooja-log.o)
 .data          0x0000000000034084        0x0 build/cooja/mtype395.a(cfs-cooja.o)
 .data          0x0000000000034084       0x2c build/cooja/mtype395.a(cooja-radio.o)
                0x0000000000034084                simRadioHWOn
                0x0000000000034088                simSignalStrength
                0x000000000003408c                simLastSignalStrength
                0x0000000000034090                simPower
                0x0000000000034094                simRadioChannel
                0x0000000000034098                simLQI
                0x00000000000340a0                cooja_radio_process
 .data          0x00000000000340b0        0x0 build/cooja/mtype395.a(eeprom.o)
 .data          0x00000000000340b0        0x0 build/cooja/mtype395.a(random.o)
 .data          0x00000000000340b0       0x10 build/cooja/mtype395.a(sensors.o)
                0x00000000000340b0                sensors_process
 .data          0x00000000000340c0        0x0 build/cooja/mtype395.a(leds.o)
 .data          0x00000000000340c0        0x0 build/cooja/mtype395.a(gpio-hal-arch.o)
 .data          0x00000000000340c0       0x78 build/cooja/mtype395.a(buttons.o)
                0x00000000000340c0                simButtonIsActive
                0x0000000000034130                button_hal_buttons
 *fill*         0x0000000000034138        0x8 
 .data          0x0000000000034140       0x24 build/cooja/mtype395.a(weight_sensor.o)
                0x0000000000034140                res_weight
 .data          0x0000000000034164        0x8 build/cooja/mtype395.a(coap-engine.o)
 *fill*         0x000000000003416c       0x14 
 .data          0x0000000000034180       0x24 build/cooja/mtype395.a(coap-res-well-k)
                0x0000000000034180                res_well_known_core
 .data          0x00000000000341a4       0x10 build/cooja/mtype395.a(coap-observe.o)
 .data          0x00000000000341b4       0x10 build/cooja/mtype395.a(coap-uip.o)
                0x00000000000341b4                coap_engine
 .data          0x00000000000341c4        0x4 build/cooja/mtype395.a(coap-timer.o)
 .data          0x00000000000341c8       0x10 build/cooja/mtype395.a(coap-transactio)
 .data          0x00000000000341d8        0x4 build/cooja/mtype395.a(coap.o)
                0x00000000000341d8                coap_error_message
 .data          0x00000000000341dc        0x0 build/cooja/mtype395.a(contiki-main.o)
 .data          0x00000000000341dc        0x0 build/cooja/mtype395.a(autostart.o)
 .data          0x00000000000341dc       0x14 build/cooja/mtype395.a(ctimer.o)
                0x00000000000341e0                ctimer_process
 *fill*         0x00000000000341f0       0x10 
 .data          0x0000000000034200       0xbc build/cooja/mtype395.a(log.o)
                0x0000000000034200                curr_log_level_main
                0x0000000000034220                all_modules
 .data          0x00000000000342bc        0x0 build/cooja/mtype395.a(energest.o)
 .data          0x00000000000342bc       0x10 build/cooja/mtype395.a(etimer.o)
                0x00000000000342bc                etimer_process
 .data          0x00000000000342cc        0x0 build/cooja/mtype395.a(node-id.o)
 .data          0x00000000000342cc        0x0 build/cooja/mtype395.a(rtimer.o)
 .data          0x00000000000342cc        0x0 build/cooja/mtype395.a(process.o)
 .data          0x00000000000342cc        0x0 build/cooja/mtype395.a(timer.o)
 .data          0x00000000000342cc        0x0 build/cooja/mtype395.a(list.o)
 .data          0x00000000000342cc        0x0 build/cooja/mtype395.a(memb.o)
 .data          0x00000000000342cc       0x10 build/cooja/mtype395.a(button-hal.o)
                0x00000000000342cc                button_hal_process
 .data          0x00000000000342dc       0x10 build/cooja/mtype395.a(serial-line.o)
                0x00000000000342dc                serial_line_process
 .data          0x00000000000342ec        0x4 build/cooja/mtype395.a(gpio-hal.o)
 .data          0x00000000000342f0       0x18 build/cooja/mtype395.a(queuebuf.o)
 .data          0x0000000000034308        0x4 build/cooja/mtype395.a(packetbuf.o)
 .data          0x000000000003430c        0x4 build/cooja/mtype395.a(netstack.o)
 .data          0x0000000000034310        0x0 build/cooja/mtype395.a(linkaddr.o)
 .data          0x0000000000034310        0x0 build/cooja/mtype395.a(csma.o)
 .data          0x0000000000034310       0x28 build/cooja/mtype395.a(csma-output.o)
 .data          0x0000000000034338        0x0 build/cooja/mtype395.a(uip-ds6.o)
 .data          0x0000000000034338        0x0 build/cooja/mtype395.a(uip-udp-packet.)
 .data          0x0000000000034338       0x44 build/cooja/mtype395.a(uip-ds6-route.o)
                0x0000000000034348                nbr_routes
 .data          0x000000000003437c       0x10 build/cooja/mtype395.a(tcpip.o)
                0x000000000003437c                tcpip_process
 .data          0x000000000003438c        0x0 build/cooja/mtype395.a(uip6.o)
 .data          0x000000000003438c       0x14 build/cooja/mtype395.a(uip-ds6-nbr.o)
 .data          0x00000000000343a0        0xc build/cooja/mtype395.a(uip-nd6.o)
 .data          0x00000000000343ac        0x0 build/cooja/mtype395.a(sicslowpan.o)
 .data          0x00000000000343ac        0x0 build/cooja/mtype395.a(uiplib.o)
 .data          0x00000000000343ac        0x0 build/cooja/mtype395.a(rpl.o)
 .data          0x00000000000343ac       0x30 build/cooja/mtype395.a(rpl-icmp6.o)
 .data          0x00000000000343dc        0x0 build/cooja/mtype395.a(rpl-dag-root.o)
 .data          0x00000000000343dc        0x0 build/cooja/mtype395.a(watchdog.o)
 .data          0x00000000000343dc        0x0 build/cooja/mtype395.a(int-master.o)
 .data          0x00000000000343dc       0x10 build/cooja/mtype395.a(coap-timer-defa)
                0x00000000000343dc                coap_timer_process
 .data          0x00000000000343ec        0x0 build/cooja/mtype395.a(stimer.o)
 .data          0x00000000000343ec        0x0 build/cooja/mtype395.a(ringbuf.o)
 .data          0x00000000000343ec        0x0 build/cooja/mtype395.a(assert.o)
 .data          0x00000000000343ec       0x10 build/cooja/mtype395.a(nbr-table.o)
 .data          0x00000000000343fc       0x14 build/cooja/mtype395.a(link-stats.o)
 .data          0x0000000000034410        0x0 build/cooja/mtype395.a(mac-sequence.o)
 .data          0x0000000000034410        0x0 build/cooja/mtype395.a(mac.o)
 .data          0x0000000000034410        0x0 build/cooja/mtype395.a(framer-802154.o)
 .data          0x0000000000034410        0x2 build/cooja/mtype395.a(frame802154.o)
 .data          0x0000000000034412        0x0 build/cooja/mtype395.a(csma-security.o)
 .data          0x0000000000034412        0x0 build/cooja/mtype395.a(uipbuf.o)
 *fill*         0x0000000000034412        0x2 
 .data          0x0000000000034414       0x20 build/cooja/mtype395.a(uip-icmp6.o)
 .data          0x0000000000034434       0x10 build/cooja/mtype395.a(uip-sr.o)
 .data          0x0000000000034444        0xc build/cooja/mtype395.a(uip-packetqueue)
 .data          0x0000000000034450        0x0 build/cooja/mtype395.a(rpl-nbr-policy.)
 .data          0x0000000000034450       0x14 build/cooja/mtype395.a(rpl-neighbor.o)
                0x0000000000034460                rpl_neighbors
 .data          0x0000000000034464        0x0 build/cooja/mtype395.a(rpl-dag.o)
 .data          0x0000000000034464        0x0 build/cooja/mtype395.a(rpl-timers.o)
 .data          0x0000000000034464        0x0 build/cooja/mtype395.a(rpl-ext-header.)
 *fill*         0x0000000000034464       0x1c 
 .data          0x0000000000034480       0x24 build/cooja/mtype395.a(rpl-mrhof.o)
                0x0000000000034480                rpl_mrhof
 .data          0x00000000000344a4        0x0 /usr/lib/gcc/i686-linux-gnu/5/libgcc.a(_udivdi3.o)
 .data          0x00000000000344a4        0x0 /usr/lib/gcc/i686-linux-gnu/5/crtendS.o
 .data          0x00000000000344a4        0x0 /usr/lib/gcc/i686-linux-gnu/5/../../../i386-linux-gnu/crtn.o

.tm_clone_table
                0x00000000000344a4        0x0
 .tm_clone_table
                0x00000000000344a4        0x0 /usr/lib/gcc/i686-linux-gnu/5/crtbeginS.o
 .tm_clone_table
                0x00000000000344a4        0x0 /usr/lib/gcc/i686-linux-gnu/5/crtendS.o

.data1
 *(.data1)
                0x00000000000344a4                _edata = .
                [!provide]                        PROVIDE (edata, .)
                0x00000000000344a4                . = .
                0x00000000000344a4                __bss_start = .

.bss            0x00000000000344c0     0xf104
 *(.dynbss)
 .dynbss        0x00000000000344c0        0x0 /usr/lib/gcc/i686-linux-gnu/5/../../../i386-linux-gnu/crti.o
 *(.bss .bss.* .gnu.linkonce.b.*)
 .bss           0x00000000000344c0        0x0 /usr/lib/gcc/i686-linux-gnu/5/../../../i386-linux-gnu/crti.o
 .bss           0x00000000000344c0        0x1 /usr/lib/gcc/i686-linux-gnu/5/crtbeginS.o
 *fill*         0x00000000000344c1        0x3 
 .bss           0x00000000000344c4       0x14 sensor.o
                0x00000000000344c4                current_weight
 *fill*         0x00000000000344d8        0x8 
 .bss           0x00000000000344e0     0x2030 build/cooja/mtype395.o
 .bss           0x0000000000036510        0x1 build/cooja/mtype395.a(simEnvChange.o)
                0x0000000000036510                simDontFallAsleep
 *fill*         0x0000000000036511        0x3 
 .bss           0x0000000000036514        0x4 build/cooja/mtype395.a(cooja_mt.o)
 .bss           0x0000000000036518        0x4 build/cooja/mtype395.a(cooja_mtarch.o)
 .bss           0x000000000003651c        0x0 build/cooja/mtype395.a(rtimer-arch.o)
 .bss           0x000000000003651c        0x0 build/cooja/mtype395.a(beep.o)
 .bss           0x000000000003651c        0x1 build/cooja/mtype395.a(leds-arch.o)
                0x000000000003651c                simLedsValue
 .bss           0x000000000003651d        0x0 build/cooja/mtype395.a(moteid.o)
 .bss           0x000000000003651d        0x1 build/cooja/mtype395.a(pir-sensor.o)
                0x000000000003651d                simPirValue
 *fill*         0x000000000003651e        0x2 
 .bss           0x0000000000036520        0x4 build/cooja/mtype395.a(rs232.o)
 .bss           0x0000000000036524        0x1 build/cooja/mtype395.a(vib-sensor.o)
                0x0000000000036524                simVibValue
 .bss           0x0000000000036525        0x0 build/cooja/mtype395.a(clock.o)
 *fill*         0x0000000000036525       0x1b 
 .bss           0x0000000000036540     0x2020 build/cooja/mtype395.a(cooja-log.o)
 .bss           0x0000000000038560      0xfc0 build/cooja/mtype395.a(cfs-cooja.o)
                0x0000000000038560                simCFSData
                0x0000000000039500                simCFSSize
                0x0000000000039504                simCFSChanged
                0x0000000000039508                simCFSRead
                0x000000000003950c                simCFSWritten
 .bss           0x0000000000039520       0x24 build/cooja/mtype395.a(cooja-radio.o)
                0x0000000000039520                simReceiving
                0x0000000000039524                simInSize
                0x0000000000039528                simLastPacketTimestamp
                0x0000000000039530                simOutSize
 .bss           0x0000000000039544        0xc build/cooja/mtype395.a(eeprom.o)
                0x0000000000039544                simEEPROMChanged
                0x0000000000039548                simEEPROMRead
                0x000000000003954c                simEEPROMWritten
 .bss           0x0000000000039550        0x0 build/cooja/mtype395.a(random.o)
 .bss           0x0000000000039550        0xc build/cooja/mtype395.a(sensors.o)
 .bss           0x000000000003955c        0x0 build/cooja/mtype395.a(leds.o)
 .bss           0x000000000003955c       0x24 build/cooja/mtype395.a(gpio-hal-arch.o)
 .bss           0x0000000000039580        0x0 build/cooja/mtype395.a(buttons.o)
 .bss           0x0000000000039580        0x0 build/cooja/mtype395.a(weight_sensor.o)
 .bss           0x0000000000039580      0x190 build/cooja/mtype395.a(coap-engine.o)
 .bss           0x0000000000039710        0x0 build/cooja/mtype395.a(coap-res-well-k)
 *fill*         0x0000000000039710       0x10 
 .bss           0x0000000000039720      0x120 build/cooja/mtype395.a(coap-observe.o)
 .bss           0x0000000000039840       0x18 build/cooja/mtype395.a(coap-uip.o)
 .bss           0x0000000000039858        0x5 build/cooja/mtype395.a(coap-timer.o)
 *fill*         0x000000000003985d        0x3 
 .bss           0x0000000000039860      0x334 build/cooja/mtype395.a(coap-transactio)
 .bss           0x0000000000039b94        0x6 build/cooja/mtype395.a(coap.o)
                0x0000000000039b94                coap_status_code
 .bss           0x0000000000039b9a        0x0 build/cooja/mtype395.a(contiki-main.o)
 .bss           0x0000000000039b9a        0x0 build/cooja/mtype395.a(autostart.o)
 *fill*         0x0000000000039b9a        0x2 
 .bss           0x0000000000039b9c        0x5 build/cooja/mtype395.a(ctimer.o)
 *fill*         0x0000000000039ba1        0x3 
 .bss           0x0000000000039ba4       0x2c build/cooja/mtype395.a(log.o)
                0x0000000000039ba4                curr_log_level_rpl
                0x0000000000039ba8                curr_log_level_tcpip
                0x0000000000039bac                curr_log_level_ipv6
                0x0000000000039bb0                curr_log_level_6lowpan
                0x0000000000039bb4                curr_log_level_nullnet
                0x0000000000039bb8                curr_log_level_mac
                0x0000000000039bbc                curr_log_level_framer
                0x0000000000039bc0                curr_log_level_6top
                0x0000000000039bc4                curr_log_level_coap
                0x0000000000039bc8                curr_log_level_snmp
                0x0000000000039bcc                curr_log_level_lwm2m
 .bss           0x0000000000039bd0        0x0 build/cooja/mtype395.a(energest.o)
 .bss           0x0000000000039bd0        0x8 build/cooja/mtype395.a(etimer.o)
 .bss           0x0000000000039bd8        0x2 build/cooja/mtype395.a(node-id.o)
                0x0000000000039bd8                node_id
 *fill*         0x0000000000039bda        0x2 
 .bss           0x0000000000039bdc        0x4 build/cooja/mtype395.a(rtimer.o)
 .bss           0x0000000000039be0      0x1a1 build/cooja/mtype395.a(process.o)
                0x0000000000039be0                process_list
                0x0000000000039be4                process_current
 .bss           0x0000000000039d81        0x0 build/cooja/mtype395.a(timer.o)
 .bss           0x0000000000039d81        0x0 build/cooja/mtype395.a(list.o)
 .bss           0x0000000000039d81        0x0 build/cooja/mtype395.a(memb.o)
 *fill*         0x0000000000039d81        0x3 
 .bss           0x0000000000039d84       0x10 build/cooja/mtype395.a(button-hal.o)
 *fill*         0x0000000000039d94        0xc 
 .bss           0x0000000000039da0      0x140 build/cooja/mtype395.a(serial-line.o)
 .bss           0x0000000000039ee0        0x4 build/cooja/mtype395.a(gpio-hal.o)
 *fill*         0x0000000000039ee4       0x1c 
 .bss           0x0000000000039f00     0x2c80 build/cooja/mtype395.a(queuebuf.o)
 .bss           0x000000000003cb80       0xa0 build/cooja/mtype395.a(packetbuf.o)
 .bss           0x000000000003cc20        0x4 build/cooja/mtype395.a(netstack.o)
 .bss           0x000000000003cc24        0x0 build/cooja/mtype395.a(linkaddr.o)
 .bss           0x000000000003cc24        0x0 build/cooja/mtype395.a(csma.o)
 *fill*         0x000000000003cc24       0x1c 
 .bss           0x000000000003cc40      0x726 build/cooja/mtype395.a(csma-output.o)
 *fill*         0x000000000003d366        0x2 
 .bss           0x000000000003d368       0x30 build/cooja/mtype395.a(uip-ds6.o)
 .bss           0x000000000003d398        0x0 build/cooja/mtype395.a(uip-udp-packet.)
 *fill*         0x000000000003d398        0x8 
 .bss           0x000000000003d3a0      0x2a4 build/cooja/mtype395.a(uip-ds6-route.o)
 .bss           0x000000000003d644       0x10 build/cooja/mtype395.a(tcpip.o)
 .bss           0x000000000003d654        0x8 build/cooja/mtype395.a(uip6.o)
                0x000000000003d654                uip_ext_bitmap
                0x000000000003d656                uip_ext_len
                0x000000000003d658                uip_last_proto
 *fill*         0x000000000003d65c        0x4 
 .bss           0x000000000003d660       0xf0 build/cooja/mtype395.a(uip-ds6-nbr.o)
 .bss           0x000000000003d750       0x10 build/cooja/mtype395.a(uip-nd6.o)
 .bss           0x000000000003d760      0x724 build/cooja/mtype395.a(sicslowpan.o)
 .bss           0x000000000003de84        0x0 build/cooja/mtype395.a(uiplib.o)
 .bss           0x000000000003de84        0x1 build/cooja/mtype395.a(rpl.o)
 .bss           0x000000000003de85        0x0 build/cooja/mtype395.a(rpl-icmp6.o)
 *fill*         0x000000000003de85        0x3 
 .bss           0x000000000003de88       0x11 build/cooja/mtype395.a(rpl-dag-root.o)
 .bss           0x000000000003de99        0x0 build/cooja/mtype395.a(watchdog.o)
 *fill*         0x000000000003de99        0x3 
 .bss           0x000000000003de9c        0x4 build/cooja/mtype395.a(int-master.o)
 .bss           0x000000000003dea0       0x1c build/cooja/mtype395.a(coap-timer-defa)
 .bss           0x000000000003debc        0x0 build/cooja/mtype395.a(stimer.o)