Archive member included to satisfy reference by file (symbol)

build/cooja/mtype173.a(simEnvChange.o)
                              build/cooja/mtype173.o (simDontFallAsleep)
build/cooja/mtype173.a(cooja_mt.o)
                              build/cooja/mtype173.o (cooja_mt_start)
build/cooja/mtype173.a(cooja_mtarch.o)
                              build/cooja/mtype173.a(cooja_mt.o) (cooja_mtarch_start)
build/cooja/mtype173.a(rtimer-arch.o)
                              build/cooja/mtype173.o (rtimer_arch_check)
build/cooja/mtype173.a(beep.o)
                              build/cooja/mtype173.o (beep_interface)
build/cooja/mtype173.a(leds-arch.o)
                              build/cooja/mtype173.o (leds_interface)
build/cooja/mtype173.a(moteid.o)
                              build/cooja/mtype173.o (moteid_interface)
build/cooja/mtype173.a(pir-sensor.o)
                              build/cooja/mtype173.o (pir_interface)
build/cooja/mtype173.a(rs232.o)
                              build/cooja/mtype173.o (rs232_interface)
build/cooja/mtype173.a(vib-sensor.o)
                              build/cooja/mtype173.o (vib_interface)
build/cooja/mtype173.a(clock.o)
                              build/cooja/mtype173.o (clock_interface)
build/cooja/mtype173.a(cooja-log.o)
                              build/cooja/mtype173.o (simlog_interface)
build/cooja/mtype173.a(cfs-cooja.o)
                              build/cooja/mtype173.o (cfs_interface)
build/cooja/mtype173.a(cooja-radio.o)
                              build/cooja/mtype173.o (radio_interface)
build/cooja/mtype173.a(eeprom.o)
                              build/cooja/mtype173.o (eeprom_interface)
build/cooja/mtype173.a(random.o)
                              build/cooja/mtype173.a(moteid.o) (random_init)
build/cooja/mtype173.a(sensors.o)
                              build/cooja/mtype173.a(pir-sensor.o) (sensors_changed)
build/cooja/mtype173.a(leds.o)
                              build/cooja/mtype173.a(leds-arch.o) (leds_get)
build/cooja/mtype173.a(gpio-hal-arch.o)
                              build/cooja/mtype173.a(leds-arch.o) (gpio_hal_arch_register_pin_callback)
build/cooja/mtype173.a(buttons.o)
                              build/cooja/mtype173.o (button_interface)
build/cooja/mtype173.a(weight_sensor.o)
                              sensor.o (res_weight)
build/cooja/mtype173.a(coap-engine.o)
                              sensor.o (coap_activate_resource)
build/cooja/mtype173.a(coap-res-well-k)
                              build/cooja/mtype173.a(coap-engine.o) (res_well_known_core)
build/cooja/mtype173.a(coap-observe.o)
                              build/cooja/mtype173.a(coap-engine.o) (coap_remove_observer_by_mid)
build/cooja/mtype173.a(coap-uip.o)
                              build/cooja/mtype173.a(coap-observe.o) (coap_endpoint_copy)
build/cooja/mtype173.a(coap-timer.o)
                              build/cooja/mtype173.a(coap-engine.o) (coap_timer_set)
build/cooja/mtype173.a(coap-transactio)
                              build/cooja/mtype173.a(coap-engine.o) (coap_send_transaction)
build/cooja/mtype173.a(coap.o)
                              build/cooja/mtype173.a(coap-engine.o) (coap_status_code)
build/cooja/mtype173.a(contiki-main.o)
                              build/cooja/mtype173.o (main)
build/cooja/mtype173.a(autostart.o)
                              build/cooja/mtype173.a(contiki-main.o) (autostart_start)
build/cooja/mtype173.a(ctimer.o)
                              build/cooja/mtype173.a(contiki-main.o) (ctimer_init)
build/cooja/mtype173.a(log.o)
                              build/cooja/mtype173.a(contiki-main.o) (curr_log_level_main)
build/cooja/mtype173.a(energest.o)
                              build/cooja/mtype173.a(contiki-main.o) (energest_init)
build/cooja/mtype173.a(etimer.o)
                              build/cooja/mtype173.a(contiki-main.o) (etimer_process)
build/cooja/mtype173.a(node-id.o)
                              build/cooja/mtype173.a(contiki-main.o) (node_id)
build/cooja/mtype173.a(rtimer.o)
                              build/cooja/mtype173.a(contiki-main.o) (rtimer_init)
build/cooja/mtype173.a(process.o)
                              build/cooja/mtype173.a(ctimer.o) (process_current)
build/cooja/mtype173.a(timer.o)
                              build/cooja/mtype173.a(etimer.o) (timer_set)
build/cooja/mtype173.a(list.o)
                              build/cooja/mtype173.a(coap-engine.o) (list_init)
build/cooja/mtype173.a(memb.o)
                              build/cooja/mtype173.a(coap-observe.o) (memb_alloc)
build/cooja/mtype173.a(button-hal.o)
                              build/cooja/mtype173.o (button_hal_init)
build/cooja/mtype173.a(serial-line.o)
                              build/cooja/mtype173.a(rs232.o) (serial_line_input_byte)
build/cooja/mtype173.a(gpio-hal.o)
                              build/cooja/mtype173.a(button-hal.o) (gpio_hal_register_handler)
build/cooja/mtype173.a(queuebuf.o)
[...]
Memory Configuration

Name             Origin             Length             Attributes
*default*        0x0000000000000000 0xffffffffffffffff

Linker script and memory map

LOAD /usr/lib/gcc/i686-linux-gnu/5/../../../i386-linux-gnu/crti.o
LOAD /usr/lib/gcc/i686-linux-gnu/5/crtbeginS.o
LOAD sensor.o
LOAD build/cooja/mtype173.o
LOAD build/cooja/mtype173.a
LOAD /usr/lib/gcc/i686-linux-gnu/5/libgcc.a
LOAD /usr/lib/gcc/i686-linux-gnu/5/libgcc_s.so
LOAD /usr/lib/gcc/i686-linux-gnu/5/../../../i386-linux-gnu/libc.so
START GROUP
LOAD /lib/i386-linux-gnu/libc.so.6
LOAD /usr/lib/i386-linux-gnu/libc_nonshared.a
LOAD /lib/i386-linux-gnu/ld-linux.so.2
END GROUP
LOAD /usr/lib/gcc/i686-linux-gnu/5/libgcc.a
LOAD /usr/lib/gcc/i686-linux-gnu/5/libgcc_s.so
LOAD /usr/lib/gcc/i686-linux-gnu/5/crtendS.o
LOAD /usr/lib/gcc/i686-linux-gnu/5/../../../i386-linux-gnu/crtn.o
                0x0000000000000114                . = (0x0 + SIZEOF_HEADERS)

.note.gnu.build-id
                0x0000000000000114       0x24
 *(.note.gnu.build-id)
 .note.gnu.build-id
                0x0000000000000114       0x24 /usr/lib/gcc/i686-linux-gnu/5/../../../i386-linux-gnu/crti.o

.hash
 *(.hash)

.gnu.hash       0x0000000000000138     0x159c
 *(.gnu.hash)
 .gnu.hash      0x0000000000000138     0x159c /usr/lib/gcc/i686-linux-gnu/5/../../../i386-linux-gnu/crti.o

.dynsym         0x00000000000016d4     0x2ef0
 *(.dynsym)
 .dynsym        0x00000000000016d4     0x2ef0 /usr/lib/gcc/i686-linux-gnu/5/../../../i386-linux-gnu/crti.o

.dynstr         0x00000000000045c4     0x36b7
 *(.dynstr)
 .dynstr        0x00000000000045c4     0x36b7 /usr/lib/gcc/i686-linux-gnu/5/../../../i386-linux-gnu/crti.o

.gnu.version    0x0000000000007c7c      0x5de
 *(.gnu.version)
 .gnu.version   0x0000000000007c7c      0x5de /usr/lib/gcc/i686-linux-gnu/5/../../../i386-linux-gnu/crti.o

.gnu.version_d  0x000000000000825c        0x0
 *(.gnu.version_d)
 .gnu.version_d
                0x000000000000825c        0x0 /usr/lib/gcc/i686-linux-gnu/5/../../../i386-linux-gnu/crti.o

.gnu.version_r  0x000000000000825c       0x40
 *(.gnu.version_r)
 .gnu.version_r
                0x000000000000825c       0x40 /usr/lib/gcc/i686-linux-gnu/5/../../../i386-linux-gnu/crti.o

.rel.dyn        0x000000000000829c     0x9178
 *(.rel.init)
 .rel.init      0x000000000000829c        0x0 /usr/lib/gcc/i686-linux-gnu/5/../../../i386-linux-gnu/crti.o
 *(.rel.text .rel.text.* .rel.gnu.linkonce.t.*)
 .rel.text      0x000000000000829c     0x8788 /usr/lib/gcc/i686-linux-gnu/5/../../../i386-linux-gnu/crti.o
 *(.rel.fini)
 .rel.fini      0x0000000000010a24        0x0 /usr/lib/gcc/i686-linux-gnu/5/../../../i386-linux-gnu/crti.o
 *(.rel.rodata .rel.rodata.* .rel.gnu.linkonce.r.*)
 .rel.rodata    0x0000000000010a24      0x588 /usr/lib/gcc/i686-linux-gnu/5/../../../i386-linux-gnu/crti.o
 *(.rel.data.rel.ro .rel.data.rel.ro.* .rel.gnu.linkonce.d.rel.ro.*)
 *(.rel.data .rel.data.* .rel.gnu.linkonce.d.*)
 .rel.data.rel.local
                0x0000000000010fac        0x8 /usr/lib/gcc/i686-linux-gnu/5/../../../i386-linux-gnu/crti.o
 .rel.data      0x0000000000010fb4      0x428 /usr/lib/gcc/i686-linux-gnu/5/../../../i386-linux-gnu/crti.o
 *(.rel.tdata .rel.tdata.* .rel.gnu.linkonce.td.*)
 *(.rel.tbss .rel.tbss.* .rel.gnu.linkonce.tb.*)
 *(.rel.ctors)
 *(.rel.dtors)
 *(.rel.got)
 .rel.got       0x00000000000113dc       0x28 /usr/lib/gcc/i686-linux-gnu/5/../../../i386-linux-gnu/crti.o
 *(.rel.bss .rel.bss.* .rel.gnu.linkonce.b.*)
 *(.rel.ifunc)
 .rel.ifunc     0x0000000000011404        0x0 /usr/lib/gcc/i686-linux-gnu/5/../../../i386-linux-gnu/crti.o
 .rel.fini_array
                0x0000000000011404        0x8 /usr/lib/gcc/i686-linux-gnu/5/../../../i386-linux-gnu/crti.o
 .rel.init_array
                0x000000000001140c        0x8 /usr/lib/gcc/i686-linux-gnu/5/../../../i386-linux-gnu/crti.o

.rel.plt        0x0000000000011414        0x0
 *(.rel.plt)
 .rel.plt       0x0000000000011414        0x0 /usr/lib/gcc/i686-linux-gnu/5/../../../i386-linux-gnu/crti.o
 *(.rel.iplt)

.init           0x0000000000011414       0x23
 *(SORT(.init))
 .init          0x0000000000011414       0x1e /usr/lib/gcc/i686-linux-gnu/5/../../../i386-linux-gnu/crti.o
                0x0000000000011414                _init
 .init          0x0000000000011432        0x5 /usr/lib/gcc/i686-linux-gnu/5/../../../i386-linux-gnu/crtn.o

.plt            0x0000000000011440       0x10
 *(.plt)
 .plt           0x0000000000011440       0x10 /usr/lib/gcc/i686-linux-gnu/5/../../../i386-linux-gnu/crti.o
 *(.iplt)

.plt.got        0x0000000000011450       0x10
 *(.plt.got)
 .plt.got       0x0000000000011450       0x10 /usr/lib/gcc/i686-linux-gnu/5/../../../i386-linux-gnu/crti.o

.text           0x0000000000011460    0x186c2
 *(.text.unlikely .text.*_unlikely .text.unlikely.*)
 .text.unlikely
                0x0000000000011460        0x0 /usr/lib/gcc/i686-linux-gnu/5/crtbeginS.o
 .text.unlikely
                0x0000000000011460        0x0 /usr/lib/gcc/i686-linux-gnu/5/libgcc.a(_udivdi3.o)
 *(.text.exit .text.exit.*)
 *(.text.startup .text.startup.*)
 *(.text.hot .text.hot.*)
 *(.text .stub .text.* .gnu.linkonce.t.*)
 .text          0x0000000000011460        0x0 /usr/lib/gcc/i686-linux-gnu/5/../../../i386-linux-gnu/crti.o
 .gnu.linkonce.t.__x86.get_pc_thunk.bx
                0x0000000000011460        0x4 /usr/lib/gcc/i686-linux-gnu/5/../../../i386-linux-gnu/crti.o
                0x0000000000011460                __x86.get_pc_thunk.bx
 *fill*         0x0000000000011464        0xc 
 .text          0x0000000000011470      0x11c /usr/lib/gcc/i686-linux-gnu/5/crtbeginS.o
 .text.__x86.get_pc_thunk.dx
                0x000000000001158c        0x4 /usr/lib/gcc/i686-linux-gnu/5/crtbeginS.o
                0x000000000001158c                __x86.get_pc_thunk.dx
 .text          0x0000000000011590      0x113 sensor.o
                0x0000000000011590                refill_shelf
                0x00000000000115ad                measure_weight
 .text          0x00000000000116a3      0x283 build/cooja/mtype173.o
                0x0000000000011735                platform_init_stage_one
                0x0000000000011748                platform_init_stage_two
                0x000000000001175b                platform_init_stage_three
                0x000000000001176e                platform_main_loop
                0x00000000000117e1                Java_org_contikios_cooja_corecomm_Lib10_init
                0x0000000000011818                Java_org_contikios_cooja_corecomm_Lib10_getMemory
                0x000000000001184b                Java_org_contikios_cooja_corecomm_Lib10_setMemory
                0x00000000000118ab                Java_org_contikios_cooja_corecomm_Lib10_tick
                0x0000000000011913                Java_org_contikios_cooja_corecomm_Lib10_setReferenceAddress
 .text          0x0000000000011926       0x65 build/cooja/mtype173.a(simEnvChange.o)
                0x0000000000011926                doActionsBeforeTick
                0x0000000000011958                doActionsAfterTick
 .text          0x000000000001198b       0x83 build/cooja/mtype173.a(cooja_mt.o)
                0x000000000001198b                cooja_mt_start
                0x00000000000119b5                cooja_mt_exec
                0x00000000000119eb                cooja_mt_yield
 .text          0x0000000000011a0e       0xbe build/cooja/mtype173.a(cooja_mtarch.o)
                0x0000000000011a0e                cooja_mtarch_start
                0x0000000000011a81                cooja_sw
                0x0000000000011aa4                cooja_mtarch_exec
                0x0000000000011ac1                cooja_mtarch_yield
 .text          0x0000000000011acc       0xc5 build/cooja/mtype173.a(rtimer-arch.o)
                0x0000000000011acc                rtimer_arch_init
                0x0000000000011af0                rtimer_arch_schedule
                0x0000000000011b20                rtimer_arch_next
                0x0000000000011b30                rtimer_arch_pending
                0x0000000000011b3a                rtimer_arch_check
                0x0000000000011b81                rtimer_arch_now
 .text          0x0000000000011b91       0x81 build/cooja/mtype173.a(beep.o)
                0x0000000000011b91                beep_alarm
                0x0000000000011b9e                beep_beep
                0x0000000000011bab                beep
                0x0000000000011bb8                beep_down
                0x0000000000011bc5                beep_on
                0x0000000000011bd2                beep_off
                0x0000000000011bdf                beep_spinup
                0x0000000000011bec                beep_quick
                0x0000000000011bf9                beep_long
 .text          0x0000000000011c12       0x65 build/cooja/mtype173.a(leds-arch.o)
                0x0000000000011c25                leds_arch_init
 .text          0x0000000000011c77       0x35 build/cooja/mtype173.a(moteid.o)
 .text          0x0000000000011cac       0xb7 build/cooja/mtype173.a(pir-sensor.o)
 .text          0x0000000000011d63      0x148 build/cooja/mtype173.a(rs232.o)
                0x0000000000011d63                rs232_init
                0x0000000000011d69                rs232_set_speed
                0x0000000000011d78                rs232_set_input
                0x0000000000011d86                rs232_send
                0x0000000000011daa                rs232_print
                0x0000000000011dc6                slip_arch_writeb
 .text          0x0000000000011eab       0xb7 build/cooja/mtype173.a(vib-sensor.o)
 .text          0x0000000000011f62       0x38 build/cooja/mtype173.a(clock.o)
                0x0000000000011f62                clock_init
                0x0000000000011f68                clock_time
                0x0000000000011f72                clock_seconds
                0x0000000000011f88                clock_delay
 .text          0x0000000000011f9a      0x219 build/cooja/mtype173.a(cooja-log.o)
                0x0000000000011f9a                simlog_char
                0x0000000000011fdd                simlog
                0x0000000000012053                log_message
                0x0000000000012084                log_set_putchar_with_slip
                0x0000000000012092                log_putchar
                0x000000000001210d                log_puts
                0x0000000000012135                log_printf
 .text          0x00000000000121b3      0x2b9 build/cooja/mtype173.a(cfs-cooja.o)
                0x00000000000121b3                cfs_open
                0x000000000001221c                cfs_close
                0x0000000000012229                cfs_read
                0x00000000000122be                cfs_write
                0x000000000001239a                cfs_seek
                0x0000000000012422                cfs_remove
                0x0000000000012446                cfs_opendir
                0x0000000000012450                cfs_readdir
                0x000000000001245a                cfs_closedir
 .text          0x000000000001246c      0x620 build/cooja/mtype173.a(cooja-radio.o)
                0x00000000000124ae                radio_set_channel
                0x00000000000124bc                radio_set_txpower
                0x00000000000124d4                radio_signal_strength_last
                0x00000000000124de                radio_signal_strength_current
                0x00000000000124e8                radio_LQI
 .text          0x0000000000012a8c       0xee build/cooja/mtype173.a(eeprom.o)
                0x0000000000012a8c                eeprom_init
                0x0000000000012a92                eeprom_read
                0x0000000000012b00                eeprom_write
 .text          0x0000000000012b7a       0x2d build/cooja/mtype173.a(random.o)
                0x0000000000012b7a                random_init
                0x0000000000012b9a                random_rand
 .text          0x0000000000012ba7      0x29c build/cooja/mtype173.a(sensors.o)
                0x0000000000012be2                sensors_first
                0x0000000000012bec                sensors_next
                0x0000000000012c06                sensors_changed
                0x0000000000012c3a                sensors_find
 .text          0x0000000000012e43      0x349 build/cooja/mtype173.a(leds.o)
                0x0000000000012e43                leds_init
                0x0000000000012e8a                leds_single_on
                0x0000000000012ee9                leds_single_off
                0x0000000000012f48                leds_single_toggle
                0x0000000000012f7a                leds_on
                0x0000000000012ffc                leds_off
                0x000000000001307e                leds_toggle
                0x00000000000130d3                leds_set
                0x00000000000130ff                leds_get
 .text          0x000000000001318c      0x343 build/cooja/mtype173.a(gpio-hal-arch.o)
                0x000000000001318c                gpio_hal_arch_register_pin_callback
                0x00000000000131f8                gpio_hal_arch_init
                0x000000000001323d                gpio_hal_arch_no_port_interrupt_enable
                0x000000000001326d                gpio_hal_arch_no_port_interrupt_disable
                0x000000000001329d                gpio_hal_arch_no_port_pin_cfg_set
                0x00000000000132c2                gpio_hal_arch_no_port_pin_cfg_get
                0x00000000000132e8                gpio_hal_arch_no_port_pin_set_input
                0x00000000000132fa                gpio_hal_arch_no_port_pin_set_output
                0x000000000001330c                gpio_hal_arch_no_port_set_pin
                0x000000000001332d                gpio_hal_arch_no_port_clear_pin
                0x000000000001334e                gpio_hal_arch_no_port_read_pin
                0x0000000000013374                gpio_hal_arch_no_port_write_pin
                0x000000000001339e                gpio_hal_arch_no_port_set_pins
                0x00000000000133e5                gpio_hal_arch_no_port_clear_pins
                0x000000000001342c                gpio_hal_arch_no_port_read_pins
                0x000000000001346f                gpio_hal_arch_no_port_write_pins
 .text          0x00000000000134cf       0x89 build/cooja/mtype173.a(buttons.o)
 .text          0x0000000000013558       0x8a build/cooja/mtype173.a(weight_sensor.o)
 .text          0x00000000000135e2      0xbea build/cooja/mtype173.a(coap-engine.o)
                0x0000000000013677                coap_add_handler
                0x0000000000013694                coap_remove_handler
                0x00000000000136b1                coap_call_handlers
                0x00000000000137b9                coap_receive
                0x0000000000013db4                coap_engine_init
                0x0000000000013e12                coap_activate_resource
                0x0000000000013ebd                coap_get_first_resource
                0x0000000000013ed6                coap_get_next_resource
 .text          0x00000000000141cc      0x2d9 build/cooja/mtype173.a(coap-res-well-k)
 .text          0x00000000000144a5      0x96a build/cooja/mtype173.a(coap-observe.o)
                0x00000000000145ba                coap_remove_observer
                0x00000000000145ea                coap_remove_observer_by_client
                0x0000000000014652                coap_remove_observer_by_token
                0x00000000000146e5                coap_remove_observer_by_uri
                0x000000000001478c                coap_remove_observer_by_mid
                0x0000000000014808                coap_notify_observers
                0x0000000000014821                coap_notify_observers_sub
                0x0000000000014c8b                coap_observe_handler
                0x0000000000014da6                coap_has_observers
 .text          0x0000000000014e0f      0x733 build/cooja/mtype173.a(coap-uip.o)
                0x0000000000014e0f                coap_endpoint_log
                0x0000000000014e95                coap_endpoint_print
                0x0000000000014f1b                coap_endpoint_snprint
                0x000000000001504e                coap_endpoint_copy
                0x000000000001508b                coap_endpoint_cmp
                0x0000000000015199                coap_endpoint_parse
                0x0000000000015384                coap_endpoint_is_secure
                0x0000000000015393                coap_endpoint_is_connected
                0x00000000000153c7                coap_endpoint_connect
                0x00000000000153e3                coap_endpoint_disconnect
                0x00000000000153e9                coap_databuf
                0x00000000000153f3                coap_transport_init
                0x0000000000015443                coap_sendto
 .text          0x0000000000015542      0x324 build/cooja/mtype173.a(coap-timer.o)
                0x000000000001563f                coap_timer_stop
                0x000000000001566a                coap_timer_set
                0x00000000000156ad                coap_timer_reset
                0x00000000000156f0                coap_timer_time_to_next_expiration
                0x000000000001575c                coap_timer_run
                0x0000000000015828                coap_timer_init
 .text          0x0000000000015866      0x2c6 build/cooja/mtype173.a(coap-transactio)
                0x00000000000158cc                coap_new_transaction
                0x0000000000015932                coap_send_transaction
                0x0000000000015a93                coap_clear_transaction
                0x0000000000015adb                coap_get_transaction_by_mid
 .text          0x0000000000015b2c     0x1c53 build/cooja/mtype173.a(coap.o)
                0x0000000000016099                coap_init_connection
                0x00000000000160ad                coap_get_mid
                0x00000000000160c9                coap_init_message
                0x0000000000016112                coap_serialize_message
                0x0000000000016794                coap_parse_message
                0x0000000000016dfb                coap_get_query_variable
                0x0000000000016e3d                coap_get_post_variable
                0x0000000000016e81                coap_set_status_code
                0x0000000000016ea6                coap_set_token
                0x0000000000016eed                coap_get_header_content_format
                0x0000000000016f1e                coap_set_header_content_format
                0x0000000000016f41                coap_get_header_accept
                0x0000000000016f72                coap_set_header_accept
                0x0000000000016f95                coap_get_header_max_age
                0x0000000000016fc6                coap_set_header_max_age
                0x0000000000016fe6                coap_get_header_etag
                0x0000000000017018                coap_set_header_etag
                0x000000000001706f                coap_get_header_if_match
                0x00000000000170a1                coap_set_header_if_match
                0x00000000000170f8                coap_get_header_if_none_match
                0x0000000000017112                coap_set_header_if_none_match
                0x0000000000017129                coap_get_header_proxy_uri
                0x0000000000017157                coap_set_header_proxy_uri
                0x0000000000017194                coap_get_header_uri_host
                0x00000000000171c2                coap_set_header_uri_host
                0x00000000000171ff                coap_get_header_uri_path
                0x000000000001722d                coap_set_header_uri_path
                0x000000000001727a                coap_get_header_uri_query
                0x00000000000172ae                coap_set_header_uri_query
                0x0000000000017304                coap_get_header_location_path
                0x0000000000017332                coap_set_header_location_path
                0x00000000000173cb                coap_get_header_location_query
                0x00000000000173f9                coap_set_header_location_query
                0x0000000000017446                coap_get_header_observe
                0x0000000000017475                coap_set_header_observe
                0x0000000000017495                coap_get_header_block2
                0x0000000000017501                coap_set_header_block2
                0x0000000000017578                coap_get_header_block1
                0x00000000000175ed                coap_set_header_block1
                0x0000000000017668                coap_get_header_size2
                0x0000000000017698                coap_set_header_size2
                0x00000000000176bb                coap_get_header_size1
                0x00000000000176eb                coap_set_header_size1
                0x000000000001770e                coap_get_payload
                0x0000000000017748                coap_set_payload
 .text          0x000000000001777f      0x332 build/cooja/mtype173.a(contiki-main.o)
                0x000000000001777f                main
 .text          0x0000000000017ab1       0x92 build/cooja/mtype173.a(autostart.o)
                0x0000000000017ab1                autostart_start
                0x0000000000017afb                autostart_exit
 .text          0x0000000000017b43      0x355 build/cooja/mtype173.a(ctimer.o)
                0x0000000000017c6b                ctimer_init
                0x0000000000017c9e                ctimer_set
                0x0000000000017cc4                ctimer_set_with_process
                0x0000000000017d41                ctimer_reset
                0x0000000000017d95                ctimer_restart
                0x0000000000017de9                ctimer_stop
                0x0000000000017e39                ctimer_expired
 .text          0x0000000000017e98      0x394 build/cooja/mtype173.a(log.o)
                0x0000000000017e98                log_6addr
                0x0000000000017eeb                log_6addr_compact_snprint
                0x0000000000017f89                log_6addr_compact
                0x0000000000017fdc                log_lladdr
                0x000000000001804e                log_lladdr_compact
                0x00000000000180b6                log_set_level
                0x0000000000018171                log_get_level
                0x00000000000181ea                log_level_to_str
 .text          0x000000000001822c       0x1b build/cooja/mtype173.a(energest.o)
                0x000000000001822c                energest_init
                0x0000000000018232                energest_flush
                0x0000000000018238                energest_get_total_time
 .text          0x0000000000018247      0x43f build/cooja/mtype173.a(etimer.o)
                0x000000000001846b                etimer_request_poll
                0x00000000000184f4                etimer_set
                0x000000000001851d                etimer_reset_with_new_interval
                0x000000000001854c                etimer_reset
                0x0000000000018572                etimer_restart
                0x0000000000018598                etimer_adjust
                0x00000000000185b5                etimer_expired
                0x00000000000185c8                etimer_expiration_time
                0x00000000000185da                etimer_start_time
                0x00000000000185e4                etimer_pending
                0x00000000000185f6                etimer_next_expiration_time
                0x0000000000018610                etimer_stop
 .text          0x0000000000018686       0x25 build/cooja/mtype173.a(node-id.o)
                0x0000000000018686                node_id_init
 .text          0x00000000000186ab       0xeb build/cooja/mtype173.a(rtimer.o)
                0x00000000000186ab                rtimer_init
                0x00000000000186b9                rtimer_set
                0x0000000000018734                rtimer_run_next
 .text          0x0000000000018796      0x4fb build/cooja/mtype173.a(process.o)
                0x0000000000018796                process_alloc_event
                0x00000000000187ab                process_start
                0x0000000000018985                process_exit
                0x00000000000189a2                process_init
                0x0000000000018b37                process_run
                0x0000000000018b6a                process_nevents
                0x0000000000018b85                process_post
                0x0000000000018c18                process_post_synch
                0x0000000000018c4d                process_poll
                0x0000000000018c7d                process_is_running
 .text          0x0000000000018c91       0xb1 build/cooja/mtype173.a(timer.o)
                0x0000000000018c91                timer_set
                0x0000000000018caf                timer_reset
                0x0000000000018cdc                timer_restart
                0x0000000000018cf1                timer_expired
                0x0000000000018d1e                timer_remaining
 .text          0x0000000000018d42      0x28f build/cooja/mtype173.a(list.o)
                0x0000000000018d42                list_init
                0x0000000000018d51                list_head
                0x0000000000018d5b                list_copy
                0x0000000000018d6b                list_tail
                0x0000000000018da1                list_add
                0x0000000000018ded                list_push
                0x0000000000018e19                list_chop
                0x0000000000018e83                list_pop
                0x0000000000018eab                list_remove
                0x0000000000018f13                list_length
                0x0000000000018f41                list_insert
                0x0000000000018f86                list_item_next
                0x0000000000018f9d                list_contains
 .text          0x0000000000018fd1      0x1b5 build/cooja/mtype173.a(memb.o)
                0x0000000000018fd1                memb_init
                0x0000000000019026                memb_alloc
                0x0000000000019089                memb_free
                0x0000000000019100                memb_inmemb
                0x000000000001913f                memb_numfree
 .text          0x0000000000019186      0x41c build/cooja/mtype173.a(button-hal.o)
                0x00000000000192ff                button_hal_get_by_id
                0x000000000001933d                button_hal_get_by_index
                0x0000000000019369                button_hal_get_state
                0x00000000000193bb                button_hal_init
 .text          0x00000000000195a2      0x1f3 build/cooja/mtype173.a(serial-line.o)
                0x00000000000195a2                serial_line_input_byte
                0x0000000000019760                serial_line_init
 .text          0x0000000000019795      0x168 build/cooja/mtype173.a(gpio-hal.o)
                0x0000000000019795                gpio_hal_register_handler
                0x00000000000197b2                gpio_hal_event_handler
                0x000000000001980e                gpio_hal_init
                0x000000000001982d                gpio_hal_arch_port_toggle_pin
                0x0000000000019869                gpio_hal_arch_port_toggle_pins
                0x0000000000019897                gpio_hal_arch_no_port_toggle_pin
                0x00000000000198d5                gpio_hal_arch_no_port_toggle_pins
 .text          0x00000000000198fd      0x2e7 build/cooja/mtype173.a(queuebuf.o)
                0x0000000000019907                queuebuf_init
                0x0000000000019930                queuebuf_numfree
                0x0000000000019948                queuebuf_new_from_packetbuf
                0x00000000000199e7                queuebuf_update_attr_from_packetbuf
                0x0000000000019a1c                queuebuf_update_from_packetbuf
                0x0000000000019a6c                queuebuf_free
                0x0000000000019ab5                queuebuf_to_packetbuf
                0x0000000000019b21                queuebuf_dataptr
                0x0000000000019b5b                queuebuf_datalen
                0x0000000000019b7e                queuebuf_addr
                0x0000000000019bb3                queuebuf_attr
                0x0000000000019bde                queuebuf_debug_print
 .text          0x0000000000019be4      0x407 build/cooja/mtype173.a(packetbuf.o)
                0x0000000000019be4                packetbuf_clear
                0x0000000000019c0f                packetbuf_copyfrom
                0x0000000000019c5e                packetbuf_copyto
                0x0000000000019cf1                packetbuf_hdralloc
                0x0000000000019d6d                packetbuf_hdrreduce
                0x0000000000019db3                packetbuf_set_datalen
                0x0000000000019dcd                packetbuf_dataptr
                0x0000000000019dea                packetbuf_hdrptr
                0x0000000000019df4                packetbuf_datalen
                0x0000000000019e00                packetbuf_hdrlen
                0x0000000000019e17                packetbuf_totlen
                0x0000000000019e2d                packetbuf_remaininglen
                0x0000000000019e40                packetbuf_attr_clear
                0x0000000000019e8c                packetbuf_attr_copyto
                0x0000000000019ee4                packetbuf_attr_copyfrom
                0x0000000000019f3c                packetbuf_set_attr
                0x0000000000019f66                packetbuf_attr
                0x0000000000019f80                packetbuf_set_addr
                0x0000000000019fb1                packetbuf_addr
                0x0000000000019fce                packetbuf_holds_broadcast
 .text          0x0000000000019feb       0xef build/cooja/mtype173.a(netstack.o)
                0x0000000000019feb                netstack_process_ip_callback
                0x000000000001a07c                netstack_ip_packet_processor_add
                0x000000000001a09f                uip_ds6_ip_packet_processor_rm
                0x000000000001a0bc                netstack_init
 .text          0x000000000001a0da       0x4f build/cooja/mtype173.a(linkaddr.o)
                0x000000000001a0da                linkaddr_copy
                0x000000000001a0f0                linkaddr_cmp
                0x000000000001a113                linkaddr_set_node_addr
 .text          0x000000000001a129      0x1f6 build/cooja/mtype173.a(csma.o)
 .text          0x000000000001a31f      0x95d build/cooja/mtype173.a(csma-output.o)
                0x000000000001a9b6                csma_output_packet
                0x000000000001ac43                csma_output_init
 .text          0x000000000001ac7c      0xc11 build/cooja/mtype173.a(uip-ds6.o)
                0x000000000001ac7c                uip_ds6_default_prefix
                0x000000000001ac86                uip_ds6_set_default_prefix
                0x000000000001acb1                uip_ds6_init
                0x000000000001af13                uip_ds6_periodic
                0x000000000001af9a                uip_ds6_list_loop
                0x000000000001b05a                uip_ds6_prefix_add
                0x000000000001b106                uip_ds6_prefix_rm
                0x000000000001b119                uip_ds6_prefix_lookup
                0x000000000001b158                uip_ds6_is_addr_onlink
                0x000000000001b1cb                uip_ds6_addr_add
                0x000000000001b2eb                uip_ds6_addr_rm
                0x000000000001b394                uip_ds6_addr_lookup
                0x000000000001b3cd                uip_ds6_get_link_local
                0x000000000001b44e                uip_ds6_get_global
                0x000000000001b4cf                uip_ds6_maddr_add
                0x000000000001b52f                uip_ds6_maddr_rm
                0x000000000001b542                uip_ds6_maddr_lookup
                0x000000000001b57b                uip_ds6_aaddr_add
                0x000000000001b5db                uip_ds6_aaddr_rm
                0x000000000001b5ee                uip_ds6_aaddr_lookup
                0x000000000001b627                uip_ds6_select_src
                0x000000000001b770                uip_ds6_set_addr_iid
                0x000000000001b79b                uip_ds6_set_lladdr_from_iid
                0x000000000001b7c4                get_match_length
                0x000000000001b855                uip_ds6_compute_reachable_time
 .text          0x000000000001b88d      0x128 build/cooja/mtype173.a(uip-udp-packet.)
                0x000000000001b88d                uip_udp_packet_send
                0x000000000001b8e8                uip_udp_packet_sendto
 .text          0x000000000001b9b5      0xa3c build/cooja/mtype173.a(uip-ds6-route.o)
                0x000000000001ba9f                uip_ds6_notification_add
                0x000000000001bad1                uip_ds6_notification_rm
                0x000000000001baee                uip_ds6_route_init
                0x000000000001bb8d                uip_ds6_route_nexthop
                0x000000000001bbbc                uip_ds6_route_head
                0x000000000001bbd5                uip_ds6_route_next
                0x000000000001bbfe                uip_ds6_route_is_nexthop
                0x000000000001bc40                uip_ds6_route_num_routes
                0x000000000001bc4a                uip_ds6_route_lookup
                0x000000000001bd21                uip_ds6_route_add
                0x000000000001bf61                uip_ds6_route_rm
                0x000000000001c0ff                uip_ds6_route_rm_by_nexthop
                0x000000000001c13e                uip_ds6_defrt_head
                0x000000000001c157                uip_ds6_defrt_add
                0x000000000001c218                uip_ds6_defrt_rm
                0x000000000001c299                uip_ds6_defrt_lookup
                0x000000000001c300                uip_ds6_defrt_choose
                0x000000000001c376                uip_ds6_defrt_periodic
 .text          0x000000000001c3f1      0x6f7 build/cooja/mtype173.a(tcpip.o)
                0x000000000001c40b                tcpip_output
                0x000000000001c48a                udp_attach
                0x000000000001c4a2                udp_new
                0x000000000001c4ec                udp_broadcast_new
                0x000000000001c65e                tcpip_input
                0x000000000001c7ee                tcpip_ipv6_output
                0x000000000001c9e2                tcpip_poll_udp
                0x000000000001ca00                tcpip_uipcall
 .text          0x000000000001cae8     0x1205 build/cooja/mtype173.a(uip6.o)
                0x000000000001cb97                uip_chksum
                0x000000000001cc6e                uip_icmp6chksum
                0x000000000001cc83                uip_udpchksum
                0x000000000001cc98                uip_init
                0x000000000001cce1                uip_remove_ext_hdr
                0x000000000001cdbb                uip_udp_new
                0x000000000001d0cf                uip_process
                0x000000000001dbc7                uip_htons
                0x000000000001dbe9                uip_htonl
                0x000000000001dc27                uip_send
 .text          0x000000000001dced      0x369 build/cooja/mtype173.a(uip-ds6-nbr.o)
                0x000000000001dced                uip_ds6_neighbors_init
                0x000000000001dd11                uip_ds6_nbr_add
                0x000000000001dd97                uip_ds6_nbr_rm
                0x000000000001dde2                uip_ds6_nbr_update_ll
                0x000000000001ded0                uip_ds6_nbr_get_ipaddr
                0x000000000001dee5                uip_ds6_nbr_get_ll
                0x000000000001df01                uip_ds6_nbr_num
                0x000000000001df4a                uip_ds6_nbr_head
                0x000000000001df63                uip_ds6_nbr_next
                0x000000000001df7f                uip_ds6_nbr_lookup
                0x000000000001dfd7                uip_ds6_nbr_ll_lookup
                0x000000000001dff3                uip_ds6_nbr_ipaddr_from_lladdr
                0x000000000001e01c                uip_ds6_nbr_lladdr_from_ipaddr
                0x000000000001e050                uip_ds6_link_callback
 .text          0x000000000001e056      0x6a7 build/cooja/mtype173.a(uip-nd6.o)
                0x000000000001e6e4                uip_nd6_init
 .text          0x000000000001e6fd     0x2c17 build/cooja/mtype173.a(sicslowpan.o)
                0x000000000001ed04                netstack_sniffer_add
                0x000000000001ed12                netstack_sniffer_remove
                0x00000000000212e8                sicslowpan_init
                0x000000000002130a                sicslowpan_get_last_rssi
 .text          0x0000000000021314      0x4d1 build/cooja/mtype173.a(uiplib.o)
                0x0000000000021314                uiplib_ip6addrconv
                0x00000000000214cc                uiplib_ip4addrconv
                0x000000000002158f                uiplib_ipaddr_print
                0x00000000000215e2                uiplib_ipaddr_snprint
 .text          0x00000000000217e5      0x4c9 build/cooja/mtype173.a(rpl.o)
                0x00000000000217e5                rpl_lollipop_greater_than
                0x000000000002183f                rpl_get_global_address
                0x0000000000021937                rpl_link_callback
                0x000000000002197b                rpl_has_joined
                0x00000000000219a0                rpl_is_reachable
                0x0000000000021a21                rpl_reset_prefix
                0x0000000000021a8b                rpl_set_prefix_from_addr
                0x0000000000021b70                rpl_set_prefix
                0x0000000000021c8a                rpl_set_leaf_only
                0x0000000000021ca2                rpl_get_leaf_only
 .text          0x0000000000021cae     0x138c build/cooja/mtype173.a(rpl-icmp6.o)
                0x0000000000021dd3                rpl_icmp6_update_nbr_table
                0x0000000000021e5c                rpl_icmp6_dis_output
                0x00000000000224a2                rpl_icmp6_dio_output
                0x0000000000022ca0                rpl_icmp6_dao_output
                0x0000000000022f81                rpl_icmp6_dao_ack_output
                0x0000000000022ff1                rpl_icmp6_init
 .text          0x000000000002303a      0x264 build/cooja/mtype173.a(rpl-dag-root.o)
                0x000000000002303a                rpl_dag_root_print_links
                0x0000000000023166                rpl_dag_root_set_prefix
                0x0000000000023192                rpl_dag_root_start
                0x000000000002326f                rpl_dag_root_is_root
 .text          0x000000000002329e       0x30 build/cooja/mtype173.a(watchdog.o)
                0x000000000002329e                watchdog_init
                0x00000000000232a4                watchdog_start
                0x00000000000232aa                watchdog_periodic
                0x00000000000232c2                watchdog_stop
                0x00000000000232c8                watchdog_reboot
 .text          0x00000000000232ce       0x4a build/cooja/mtype173.a(int-master.o)
                0x00000000000232ce                int_master_enable
                0x00000000000232de                int_master_read_and_disable
                0x00000000000232fb                int_master_status_set
                0x0000000000023309                int_master_is_enabled
 .text          0x0000000000023318      0x226 build/cooja/mtype173.a(coap-timer-defa)
 .text          0x000000000002353e       0xc7 build/cooja/mtype173.a(stimer.o)
                0x000000000002353e                stimer_set
                0x000000000002355c                stimer_reset
                0x0000000000023589                stimer_restart
                0x000000000002359e                stimer_expired
                0x00000000000235c9                stimer_remaining
                0x00000000000235ed                stimer_elapsed
 .text          0x0000000000023605      0x156 build/cooja/mtype173.a(ringbuf.o)
                0x0000000000023605                ringbuf_init
                0x0000000000023637                ringbuf_put
                0x00000000000236b5                ringbuf_get
                0x0000000000023722                ringbuf_size
                0x0000000000023734                ringbuf_elements
 .text          0x000000000002375b       0x1f build/cooja/mtype173.a(assert.o)
                0x000000000002375b                _xassert
 .text          0x000000000002377a      0x79b build/cooja/mtype173.a(nbr-table.o)
                0x0000000000023bf3                nbr_table_register
                0x0000000000023c60                nbr_table_is_registered
                0x0000000000023c9b                nbr_table_head
                0x0000000000023cf6                nbr_table_next
                0x0000000000023d57                nbr_table_add_lladdr
                0x0000000000023e31                nbr_table_get_from_lladdr
                0x0000000000023e7d                nbr_table_remove
                0x0000000000023eb5                nbr_table_lock
                0x0000000000023ecf                nbr_table_unlock
                0x0000000000023ee9                nbr_table_get_lladdr
 .text          0x0000000000023f15      0x3a5 build/cooja/mtype173.a(link-stats.o)
                0x0000000000023f15                link_stats_from_lladdr
                0x0000000000023f31                link_stats_get_lladdr
                0x0000000000023f4d                link_stats_is_fresh
                0x0000000000023f89                guess_etx_from_rssi
                0x0000000000024005                link_stats_packet_sent
                0x0000000000024125                link_stats_input_callback
                0x0000000000024235                link_stats_reset
                0x0000000000024285                link_stats_init
 .text          0x00000000000242ba      0x187 build/cooja/mtype173.a(mac-sequence.o)
                0x00000000000242ba                mac_sequence_is_duplicate
                0x000000000002435a                mac_sequence_register_seqno
 .text          0x0000000000024441       0x23 build/cooja/mtype173.a(mac.o)
                0x0000000000024441                mac_call_sent_callback
 .text          0x0000000000024464      0x432 build/cooja/mtype173.a(framer-802154.o)
                0x00000000000245f3                framer_802154_setup_params
 .text          0x0000000000024896      0xb6f build/cooja/mtype173.a(frame802154.o)
                0x00000000000248c7                frame802154_get_pan_id
                0x00000000000248d3                frame802154_set_pan_id
                0x00000000000248ed                frame802154_has_panid
                0x0000000000024a9c                frame802154_check_dest_panid
                0x0000000000024b24                frame802154_is_broadcast_addr
                0x0000000000024b71                frame802154_extract_linkaddr
                0x0000000000024dd6                frame802154_hdrlen
                0x0000000000024e49                frame802154_create_fcf
                0x0000000000024f01                frame802154_create
                0x0000000000025076                frame802154_parse_fcf
                0x0000000000025158                frame802154_parse
 .text          0x0000000000025405       0x2d build/cooja/mtype173.a(csma-security.o)
                0x0000000000025405                csma_security_create_frame
                0x0000000000025423                csma_security_parse_frame
 .text          0x0000000000025432      0x4e4 build/cooja/mtype173.a(uipbuf.o)
                0x0000000000025432                uipbuf_clear
                0x0000000000025459                uipbuf_add_ext_hdr
                0x00000000000254d9                uipbuf_set_len
                0x0000000000025506                uipbuf_set_len_field
                0x0000000000025532                uipbuf_get_len_field
                0x0000000000025552                uipbuf_get_next_header
                0x0000000000025684                uipbuf_get_last_header
                0x00000000000256fd                uipbuf_search_header
                0x00000000000257b3                uipbuf_get_attr
                0x00000000000257da                uipbuf_set_attr
                0x0000000000025811                uipbuf_set_default_attr
                0x0000000000025848                uipbuf_clear_attr
                0x000000000002586c                uipbuf_set_attr_flag
                0x000000000002588d                uipbuf_clr_attr_flag
                0x00000000000258b4                uipbuf_is_attr_flag
                0x00000000000258d8                uipbuf_init
 .text          0x0000000000025916      0x73f build/cooja/mtype173.a(uip-icmp6.o)
                0x000000000002598b                uip_icmp6_input
                0x00000000000259e2                uip_icmp6_register_input_handler
                0x0000000000025b35                uip_icmp6_error_output
                0x0000000000025de6                uip_icmp6_send
                0x0000000000025fdd                uip_icmp6_echo_reply_callback_add
                0x000000000002600f                uip_icmp6_echo_reply_callback_rm
                0x000000000002602c                uip_icmp6_init
 .text          0x0000000000026055      0x69b build/cooja/mtype173.a(uip-sr.o)
                0x0000000000026055                uip_sr_num_nodes
                0x00000000000260e3                uip_sr_get_node
                0x000000000002613a                uip_sr_is_addr_reachable
                0x00000000000261e8                uip_sr_expire_parent
                0x0000000000026231                uip_sr_update_node
                0x0000000000026361                uip_sr_init
                0x0000000000026395                uip_sr_node_head
                0x00000000000263ae                uip_sr_node_next
                0x00000000000263c4                uip_sr_periodic
                0x00000000000264ca                uip_sr_free_all
                0x000000000002653a                uip_sr_link_snprint
 .text          0x00000000000266f0      0x146 build/cooja/mtype173.a(uip-packetqueue)
                0x000000000002671e                uip_packetqueue_new
                0x000000000002672d                uip_packetqueue_alloc
                0x0000000000026788                uip_packetqueue_free
                0x00000000000267cf                uip_packetqueue_buf
                0x00000000000267ec                uip_packetqueue_buflen
                0x000000000002680d                uip_packetqueue_set_buflen
 .text          0x0000000000026836      0x1b0 build/cooja/mtype173.a(rpl-nbr-policy.)
                0x00000000000269a3                rpl_nbr_policy_find_removable
 .text          0x00000000000269e6      0x915 build/cooja/mtype173.a(rpl-neighbor.o)
                0x0000000000026a62                rpl_neighbor_snprint
                0x0000000000026d15                rpl_neighbor_print_list
                0x0000000000026dca                rpl_neighbor_count
                0x0000000000026e71                rpl_neighbor_get_from_lladdr
                0x0000000000026e8d                rpl_neighbor_is_acceptable_parent
                0x0000000000026ec1                rpl_neighbor_get_link_metric
                0x0000000000026ef5                rpl_neighbor_rank_via_nbr
                0x0000000000026f29                rpl_neighbor_get_lladdr
                0x0000000000026f45                rpl_neighbor_get_ipaddr
                0x0000000000026f6c                rpl_neighbor_get_link_stats
                0x0000000000026f93                rpl_neighbor_is_fresh
                0x0000000000026fba                rpl_neighbor_is_reachable
                0x0000000000027005                rpl_neighbor_is_parent
                0x000000000002702f                rpl_neighbor_set_preferred_parent
                0x00000000000270c6                rpl_neighbor_remove_all
                0x0000000000027122                rpl_neighbor_get_from_ipaddr
                0x0000000000027230                rpl_neighbor_select_best
                0x00000000000272dc                rpl_neighbor_init
 .text          0x00000000000272fb      0xe69 build/cooja/mtype173.a(rpl-dag.o)
                0x00000000000272fb                rpl_dag_state_to_str
                0x000000000002733a                rpl_dag_get_root_ipaddr
                0x0000000000027382                rpl_dag_leave
                0x000000000002740b                rpl_dag_poison_and_leave
                0x0000000000027423                rpl_dag_periodic
                0x00000000000274ab                rpl_is_addr_in_our_dag
                0x00000000000274ef                rpl_get_default_instance
                0x000000000002750b                rpl_get_any_dag
                0x0000000000027564                rpl_refresh_routes
                0x00000000000275a4                rpl_global_repair
                0x000000000002763d                rpl_local_repair
                0x0000000000027687                rpl_dag_ready_to_advertise
                0x00000000000276ca                rpl_dag_update_state
                0x0000000000027df7                rpl_process_dio
                0x0000000000027e75                rpl_process_dis
                0x0000000000027eba                rpl_process_dao
                0x0000000000027f49                rpl_process_dao_ack
                0x0000000000027fe0                rpl_process_hbh
                0x0000000000028030                rpl_dag_init_root
                0x0000000000028144                rpl_dag_init
 .text          0x0000000000028164      0x9e7 build/cooja/mtype173.a(rpl-timers.o)
                0x0000000000028164                rpl_timers_schedule_periodic_dis
                0x00000000000282b2                rpl_timers_dio_reset
                0x00000000000283c0                rpl_timers_schedule_unicast_dio
                0x0000000000028514                rpl_timers_schedule_dao
                0x00000000000285d3                rpl_timers_schedule_dao_ack
                0x0000000000028659                rpl_timers_notify_dao_ack
                0x00000000000286b7                get_probing_delay
                0x00000000000286eb                get_probing_target
                0x00000000000288d5                rpl_schedule_probing
                0x0000000000028903                rpl_schedule_probing_now
                0x000000000002896d                rpl_timers_unschedule_leaving
                0x00000000000289a5                rpl_timers_schedule_leaving
                0x00000000000289e6                rpl_timers_init
                0x0000000000028a76                rpl_timers_stop_dag_timers
                0x0000000000028aef                rpl_timers_unschedule_state_update
                0x0000000000028b13                rpl_timers_schedule_state_update
 .text          0x0000000000028b4b      0xb8e build/cooja/mtype173.a(rpl-ext-header.)
                0x0000000000028b4b                rpl_ext_header_srh_get_next_hop
                0x0000000000028c32                rpl_ext_header_srh_update
                0x000000000002919e                rpl_ext_header_hbh_update
                0x000000000002949e                rpl_ext_header_update
                0x0000000000029527                rpl_ext_header_remove
 .text          0x00000000000296d9      0x31b build/cooja/mtype173.a(rpl-mrhof.o)
 *fill*         0x00000000000299f4        0xc 
 .text          0x0000000000029a00      0x122 /usr/lib/gcc/i686-linux-gnu/5/libgcc.a(_udivdi3.o)
                0x0000000000029a00                __udivdi3
 .text          0x0000000000029b22        0x0 /usr/lib/gcc/i686-linux-gnu/5/crtendS.o
 .text          0x0000000000029b22        0x0 /usr/lib/gcc/i686-linux-gnu/5/../../../i386-linux-gnu/crtn.o
 *(.gnu.warning)

.fini           0x0000000000029b24       0x14
 *(SORT(.fini))
 .fini          0x0000000000029b24        0xf /usr/lib/gcc/i686-linux-gnu/5/../../../i386-linux-gnu/crti.o
                0x0000000000029b24                _fini
 .fini          0x0000000000029b33        0x5 /usr/lib/gcc/i686-linux-gnu/5/../../../i386-linux-gnu/crtn.o
                [!provide]                        PROVIDE (__etext, .)
                [!provide]                        PROVIDE (_etext, .)
                [!provide]                        PROVIDE (etext, .)

.rodata         0x0000000000029b40      0xa8b
 *(.rodata .rodata.* .gnu.linkonce.r.*)
 .rodata        0x0000000000029b40       0x3b sensor.o
                0x0000000000029b6c                autostart_processes
 *fill*         0x0000000000029b7b        0x1 
 .rodata        0x0000000000029b7c        0x8 build/cooja/mtype173.a(beep.o)
                0x0000000000029b7c                beep_interface
 .rodata        0x0000000000029b84        0xe build/cooja/mtype173.a(leds-arch.o)
                0x0000000000029b84                leds_interface
                0x0000000000029b8c                leds_arch_leds
 *fill*         0x0000000000029b92        0x2 
 .rodata        0x0000000000029b94        0x8 build/cooja/mtype173.a(moteid.o)
                0x0000000000029b94                moteid_interface
 .rodata        0x0000000000029b9c       0x1c build/cooja/mtype173.a(pir-sensor.o)
                0x0000000000029b9c                pir_interface
                0x0000000000029ba8                pir_sensor
 .rodata        0x0000000000029bb8        0xe build/cooja/mtype173.a(rs232.o)
                0x0000000000029bb8                rs232_interface
 *fill*         0x0000000000029bc6        0x2 
 .rodata        0x0000000000029bc8       0x24 build/cooja/mtype173.a(vib-sensor.o)
                0x0000000000029bc8                vib_interface
                0x0000000000029bdc                vib_sensor
 .rodata        0x0000000000029bec        0x8 build/cooja/mtype173.a(clock.o)
                0x0000000000029bec                clock_interface
 .rodata        0x0000000000029bf4        0x8 build/cooja/mtype173.a(cooja-log.o)
                0x0000000000029bf4                simlog_interface
 .rodata        0x0000000000029bfc       0x2f build/cooja/mtype173.a(cfs-cooja.o)
                0x0000000000029bfc                cfs_interface
 *fill*         0x0000000000029c2b       0x15 
 .rodata        0x0000000000029c40       0xb8 build/cooja/mtype173.a(cooja-radio.o)
                0x0000000000029c40                radio_interface
                0x0000000000029cc0                cooja_radio_driver
 .rodata        0x0000000000029cf8        0x8 build/cooja/mtype173.a(eeprom.o)
                0x0000000000029cf8                eeprom_interface
 .rodata        0x0000000000029d00        0x8 build/cooja/mtype173.a(sensors.o)
 .rodata        0x0000000000029d08       0x2c build/cooja/mtype173.a(buttons.o)
                0x0000000000029d08                button_interface
                0x0000000000029d1c                button_hal_button_count
                0x0000000000029d24                button_sensor
 .rodata        0x0000000000029d34       0x74 build/cooja/mtype173.a(weight_sensor.o)
 .rodata        0x0000000000029da8       0x41 build/cooja/mtype173.a(coap-engine.o)
 .rodata        0x0000000000029de9       0x19 build/cooja/mtype173.a(coap-res-well-k)
 .rodata        0x0000000000029e02       0x11 build/cooja/mtype173.a(coap-observe.o)
 .rodata        0x0000000000029e13       0x35 build/cooja/mtype173.a(coap-uip.o)
 .rodata        0x0000000000029e48      0x1ac build/cooja/mtype173.a(coap.o)
 .rodata        0x0000000000029ff4       0xf8 build/cooja/mtype173.a(contiki-main.o)
 .rodata        0x000000000002a0ec        0xf build/cooja/mtype173.a(ctimer.o)
 *fill*         0x000000000002a0fb        0x1 
 .rodata        0x000000000002a0fc       0xc4 build/cooja/mtype173.a(log.o)
 .rodata        0x000000000002a1c0        0xc build/cooja/mtype173.a(etimer.o)
 .rodata        0x000000000002a1cc       0x13 build/cooja/mtype173.a(button-hal.o)
 .rodata        0x000000000002a1df        0xe build/cooja/mtype173.a(serial-line.o)
 *fill*         0x000000000002a1ed        0x3 
 .rodata        0x000000000002a1f0        0x8 build/cooja/mtype173.a(linkaddr.o)
                0x000000000002a1f0                linkaddr_null
 .rodata        0x000000000002a1f8       0x24 build/cooja/mtype173.a(csma.o)
                0x000000000002a200                csma_driver
 .rodata        0x000000000002a21c       0x2a build/cooja/mtype173.a(csma-output.o)
 *fill*         0x000000000002a246        0x2 
 .rodata        0x000000000002a248       0xb9 build/cooja/mtype173.a(uip-ds6-route.o)
 .rodata        0x000000000002a301        0xd build/cooja/mtype173.a(tcpip.o)
 *fill*         0x000000000002a30e        0x2 
 .rodata        0x000000000002a310       0x30 build/cooja/mtype173.a(sicslowpan.o)
                0x000000000002a310                unc_llconf
                0x000000000002a314                unc_ctxconf
                0x000000000002a318                unc_mxconf
                0x000000000002a31c                llprefix
                0x000000000002a330                sicslowpan_driver
 .rodata        0x000000000002a340       0x2d build/cooja/mtype173.a(uiplib.o)
 *fill*         0x000000000002a36d       0x13 
 .rodata        0x000000000002a380       0x74 build/cooja/mtype173.a(rpl.o)
                0x000000000002a3a0                rpl_lite_driver
 .rodata        0x000000000002a3f4       0x20 build/cooja/mtype173.a(coap-timer-defa)
                0x000000000002a408                coap_timer_default_driver
 .rodata        0x000000000002a414       0x25 build/cooja/mtype173.a(assert.o)
 *fill*         0x000000000002a439        0x3 
 .rodata        0x000000000002a43c        0xc build/cooja/mtype173.a(framer-802154.o)
                0x000000000002a43c                framer_802154
 .rodata        0x000000000002a448       0x44 build/cooja/mtype173.a(uip-sr.o)
 .rodata        0x000000000002a48c       0x58 build/cooja/mtype173.a(rpl-neighbor.o)
 .rodata        0x000000000002a4e4       0xdb build/cooja/mtype173.a(rpl-dag.o)
 .rodata        0x000000000002a5bf        0xc build/cooja/mtype173.a(rpl-timers.o)

.rodata1
 *(.rodata1)

.eh_frame_hdr   0x000000000002a5cc     0x19fc
 *(.eh_frame_hdr)
 .eh_frame_hdr  0x000000000002a5cc     0x19fc sensor.o
                0x000000000002a5cc                __GNU_EH_FRAME_HDR
 *(.eh_frame_entry .eh_frame_entry.*)

.eh_frame       0x000000000002bfc8     0x6968
 *(.eh_frame)
 .eh_frame      0x000000000002bfc8       0x3c /usr/lib/gcc/i686-linux-gnu/5/../../../i386-linux-gnu/crti.o
                                         0x40 (size before relaxing)
 .eh_frame      0x000000000002c004       0x60 sensor.o
                                         0x78 (size before relaxing)
 .eh_frame      0x000000000002c064      0x178 build/cooja/mtype173.o
                                        0x190 (size before relaxing)
 .eh_frame      0x000000000002c1dc       0x40 build/cooja/mtype173.a(simEnvChange.o)
                                         0x58 (size before relaxing)
 .eh_frame      0x000000000002c21c       0x60 build/cooja/mtype173.a(cooja_mt.o)
                                         0x78 (size before relaxing)
 .eh_frame      0x000000000002c27c       0x80 build/cooja/mtype173.a(cooja_mtarch.o)
                                         0x98 (size before relaxing)
 .eh_frame      0x000000000002c2fc       0xc8 build/cooja/mtype173.a(rtimer-arch.o)
                                         0xe0 (size before relaxing)
 .eh_frame      0x000000000002c3c4      0x160 build/cooja/mtype173.a(beep.o)
                                        0x178 (size before relaxing)
 .eh_frame      0x000000000002c524       0x80 build/cooja/mtype173.a(leds-arch.o)
                                         0x98 (size before relaxing)
 .eh_frame      0x000000000002c5a4       0x40 build/cooja/mtype173.a(moteid.o)
                                         0x58 (size before relaxing)
 .eh_frame      0x000000000002c5e4       0xa0 build/cooja/mtype173.a(pir-sensor.o)
                                         0xb8 (size before relaxing)
 .eh_frame      0x000000000002c684      0x100 build/cooja/mtype173.a(rs232.o)
                                        0x118 (size before relaxing)
 .eh_frame      0x000000000002c784       0xa0 build/cooja/mtype173.a(vib-sensor.o)
                                         0xb8 (size before relaxing)
 .eh_frame      0x000000000002c824       0xc0 build/cooja/mtype173.a(clock.o)
                                         0xd8 (size before relaxing)
 .eh_frame      0x000000000002c8e4      0x120 build/cooja/mtype173.a(cooja-log.o)
                                        0x138 (size before relaxing)
 .eh_frame      0x000000000002ca04      0x160 build/cooja/mtype173.a(cfs-cooja.o)
                                        0x178 (size before relaxing)
 .eh_frame      0x000000000002cb64      0x340 build/cooja/mtype173.a(cooja-radio.o)
                                        0x358 (size before relaxing)
 .eh_frame      0x000000000002cea4       0xa0 build/cooja/mtype173.a(eeprom.o)
                                         0xb8 (size before relaxing)
 .eh_frame      0x000000000002cf44       0x40 build/cooja/mtype173.a(random.o)
                                         0x58 (size before relaxing)
 .eh_frame      0x000000000002cf84       0xc0 build/cooja/mtype173.a(sensors.o)
                                         0xd8 (size before relaxing)
 .eh_frame      0x000000000002d044      0x120 build/cooja/mtype173.a(leds.o)
                                        0x138 (size before relaxing)
 .eh_frame      0x000000000002d164      0x220 build/cooja/mtype173.a(gpio-hal-arch.o)
                                        0x238 (size before relaxing)
 .eh_frame      0x000000000002d384       0xa0 build/cooja/mtype173.a(buttons.o)
                                         0xb8 (size before relaxing)
 .eh_frame      0x000000000002d424       0x44 build/cooja/mtype173.a(weight_sensor.o)
                                         0x5c (size before relaxing)
 .eh_frame      0x000000000002d468      0x220 build/cooja/mtype173.a(coap-engine.o)
                                        0x238 (size before relaxing)
 .eh_frame      0x000000000002d688       0x24 build/cooja/mtype173.a(coap-res-well-k)
                                         0x3c (size before relaxing)
 .eh_frame      0x000000000002d6ac      0x188 build/cooja/mtype173.a(coap-observe.o)
                                        0x1a0 (size before relaxing)
 .eh_frame      0x000000000002d834      0x250 build/cooja/mtype173.a(coap-uip.o)
                                        0x268 (size before relaxing)
 .eh_frame      0x000000000002da84      0x114 build/cooja/mtype173.a(coap-timer.o)
                                        0x12c (size before relaxing)
 .eh_frame      0x000000000002db98      0x100 build/cooja/mtype173.a(coap-transactio)
                                        0x118 (size before relaxing)
 .eh_frame      0x000000000002dc98      0x6ec build/cooja/mtype173.a(coap.o)
                                        0x704 (size before relaxing)
 .eh_frame      0x000000000002e384       0x30 build/cooja/mtype173.a(contiki-main.o)
                                         0x48 (size before relaxing)
 .eh_frame      0x000000000002e3b4       0x40 build/cooja/mtype173.a(autostart.o)
                                         0x58 (size before relaxing)
 .eh_frame      0x000000000002e3f4      0x100 build/cooja/mtype173.a(ctimer.o)
                                        0x118 (size before relaxing)
 .eh_frame      0x000000000002e4f4      0x100 build/cooja/mtype173.a(log.o)
                                        0x118 (size before relaxing)
 .eh_frame      0x000000000002e5f4       0x60 build/cooja/mtype173.a(energest.o)
                                         0x78 (size before relaxing)
 .eh_frame      0x000000000002e654      0x1e0 build/cooja/mtype173.a(etimer.o)
                                        0x1f8 (size before relaxing)
 .eh_frame      0x000000000002e834       0x20 build/cooja/mtype173.a(node-id.o)
                                         0x38 (size before relaxing)
 .eh_frame      0x000000000002e854       0x60 build/cooja/mtype173.a(rtimer.o)
                                         0x78 (size before relaxing)
 .eh_frame      0x000000000002e8b4      0x1c4 build/cooja/mtype173.a(process.o)
                                        0x1dc (size before relaxing)
 .eh_frame      0x000000000002ea78       0xa4 build/cooja/mtype173.a(timer.o)
                                         0xbc (size before relaxing)
 .eh_frame      0x000000000002eb1c      0x1a0 build/cooja/mtype173.a(list.o)
                                        0x1b8 (size before relaxing)
 .eh_frame      0x000000000002ecbc       0xa0 build/cooja/mtype173.a(memb.o)
                                         0xb8 (size before relaxing)
 .eh_frame      0x000000000002ed5c      0x144 build/cooja/mtype173.a(button-hal.o)
                                        0x15c (size before relaxing)
 .eh_frame      0x000000000002eea0       0x60 build/cooja/mtype173.a(serial-line.o)
                                         0x78 (size before relaxing)
 .eh_frame      0x000000000002ef00       0xe0 build/cooja/mtype173.a(gpio-hal.o)
                                         0xf8 (size before relaxing)
 .eh_frame      0x000000000002efe0      0x1a0 build/cooja/mtype173.a(queuebuf.o)
                                        0x1b8 (size before relaxing)
 .eh_frame      0x000000000002f180      0x28c build/cooja/mtype173.a(packetbuf.o)
                                        0x2a4 (size before relaxing)
 .eh_frame      0x000000000002f40c       0x80 build/cooja/mtype173.a(netstack.o)
                                         0x98 (size before relaxing)
 .eh_frame      0x000000000002f48c       0x60 build/cooja/mtype173.a(linkaddr.o)
                                         0x78 (size before relaxing)
 .eh_frame      0x000000000002f4ec       0xe0 build/cooja/mtype173.a(csma.o)
                                         0xf8 (size before relaxing)
 .eh_frame      0x000000000002f5cc      0x1d0 build/cooja/mtype173.a(csma-output.o)
                                        0x1e8 (size before relaxing)
 .eh_frame      0x000000000002f79c      0x328 build/cooja/mtype173.a(uip-ds6.o)
                                        0x340 (size before relaxing)
 .eh_frame      0x000000000002fac4       0x40 build/cooja/mtype173.a(uip-udp-packet.)
                                         0x58 (size before relaxing)
 .eh_frame      0x000000000002fb04      0x2e0 build/cooja/mtype173.a(uip-ds6-route.o)
                                        0x2f8 (size before relaxing)
 .eh_frame      0x000000000002fde4      0x244 build/cooja/mtype173.a(tcpip.o)
                                        0x25c (size before relaxing)
 .eh_frame      0x0000000000030028      0x1e8 build/cooja/mtype173.a(uip6.o)
                                        0x200 (size before relaxing)
 .eh_frame      0x0000000000030210      0x1c0 build/cooja/mtype173.a(uip-ds6-nbr.o)
                                        0x1d8 (size before relaxing)
 .eh_frame      0x00000000000303d0       0x84 build/cooja/mtype173.a(uip-nd6.o)
                                         0x9c (size before relaxing)
 .eh_frame      0x0000000000030454      0x2f8 build/cooja/mtype173.a(sicslowpan.o)
                                        0x310 (size before relaxing)
 .eh_frame      0x000000000003074c       0x88 build/cooja/mtype173.a(uiplib.o)
                                         0xa0 (size before relaxing)
 .eh_frame      0x00000000000307d4      0x1e0 build/cooja/mtype173.a(rpl.o)
                                        0x1f8 (size before relaxing)
 .eh_frame      0x00000000000309b4      0x1c4 build/cooja/mtype173.a(rpl-icmp6.o)
                                        0x1dc (size before relaxing)
 .eh_frame      0x0000000000030b78       0xa0 build/cooja/mtype173.a(rpl-dag-root.o)
                                         0xb8 (size before relaxing)
 .eh_frame      0x0000000000030c18       0xa0 build/cooja/mtype173.a(watchdog.o)
                                         0xb8 (size before relaxing)
 .eh_frame      0x0000000000030cb8       0x80 build/cooja/mtype173.a(int-master.o)
                                         0x98 (size before relaxing)
 .eh_frame      0x0000000000030d38       0xa4 build/cooja/mtype173.a(coap-timer-defa)
                                         0xbc (size before relaxing)
 .eh_frame      0x0000000000030ddc       0xc4 build/cooja/mtype173.a(stimer.o)
                                         0xdc (size before relaxing)
 .eh_frame      0x0000000000030ea0       0xa0 build/cooja/mtype173.a(ringbuf.o)
                                         0xb8 (size before relaxing)
 .eh_frame      0x0000000000030f40       0x20 build/cooja/mtype173.a(assert.o)
                                         0x38 (size before relaxing)
 .eh_frame      0x0000000000030f60      0x2ac build/cooja/mtype173.a(nbr-table.o)
                                        0x2c4 (size before relaxing)
 .eh_frame      0x000000000003120c      0x120 build/cooja/mtype173.a(link-stats.o)
                                        0x138 (size before relaxing)
 .eh_frame      0x000000000003132c       0x48 build/cooja/mtype173.a(mac-sequence.o)
                                         0x60 (size before relaxing)
 .eh_frame      0x0000000000031374       0x20 build/cooja/mtype173.a(mac.o)
                                         0x38 (size before relaxing)
 .eh_frame      0x0000000000031394       0xa4 build/cooja/mtype173.a(framer-802154.o)
                                         0xbc (size before relaxing)
 .eh_frame      0x0000000000031438      0x1a4 build/cooja/mtype173.a(frame802154.o)
                                        0x1bc (size before relaxing)
 .eh_frame      0x00000000000315dc       0x40 build/cooja/mtype173.a(csma-security.o)
                                         0x58 (size before relaxing)
 .eh_frame      0x000000000003161c      0x200 build/cooja/mtype173.a(uipbuf.o)
                                        0x218 (size before relaxing)
 .eh_frame      0x000000000003181c      0x150 build/cooja/mtype173.a(uip-icmp6.o)
                                        0x168 (size before relaxing)
 .eh_frame      0x000000000003196c      0x184 build/cooja/mtype173.a(uip-sr.o)
                                        0x19c (size before relaxing)
 .eh_frame      0x0000000000031af0       0xe0 build/cooja/mtype173.a(uip-packetqueue)
                                         0xf8 (size before relaxing)
 .eh_frame      0x0000000000031bd0       0x80 build/cooja/mtype173.a(rpl-nbr-policy.)
                                         0x98 (size before relaxing)
 .eh_frame      0x0000000000031c50      0x2d4 build/cooja/mtype173.a(rpl-neighbor.o)
                                        0x2ec (size before relaxing)
 .eh_frame      0x0000000000031f24      0x370 build/cooja/mtype173.a(rpl-dag.o)
                                        0x388 (size before relaxing)
 .eh_frame      0x0000000000032294      0x3a8 build/cooja/mtype173.a(rpl-timers.o)
                                        0x3c0 (size before relaxing)
 .eh_frame      0x000000000003263c      0x124 build/cooja/mtype173.a(rpl-ext-header.)
                                        0x13c (size before relaxing)
 .eh_frame      0x0000000000032760      0x148 build/cooja/mtype173.a(rpl-mrhof.o)
                                        0x160 (size before relaxing)
 .eh_frame      0x00000000000328a8       0x84 /usr/lib/gcc/i686-linux-gnu/5/libgcc.a(_udivdi3.o)
                                         0x9c (size before relaxing)
 .eh_frame      0x000000000003292c        0x4 /usr/lib/gcc/i686-linux-gnu/5/crtendS.o
 *(.eh_frame.*)

.gcc_except_table
 *(.gcc_except_table .gcc_except_table.*)

.gnu_extab
 *(.gnu_extab*)

.exception_ranges
 *(.exception_ranges .exception_ranges*)
                0x0000000000033f10                . = DATA_SEGMENT_ALIGN (0x1000, 0x1000)

.eh_frame
 *(.eh_frame)
 *(.eh_frame.*)

.gnu_extab
 *(.gnu_extab)

.gcc_except_table
 *(.gcc_except_table .gcc_except_table.*)

.exception_ranges
 *(.exception_ranges .exception_ranges*)

.tdata
 *(.tdata .tdata.* .gnu.linkonce.td.*)

.tbss
 *(.tbss .tbss.* .gnu.linkonce.tb.*)
 *(.tcommon)

.preinit_array
 *(.preinit_array)

.init_array     0x0000000000033f10        0x4
 *(SORT(.init_array.*) SORT(.ctors.*))
 *(.init_array EXCLUDE_FILE(*crtend?.o *crtend.o *crtbegin?.o *crtbegin.o) .ctors)
 .init_array    0x0000000000033f10        0x4 /usr/lib/gcc/i686-linux-gnu/5/crtbeginS.o

.fini_array     0x0000000000033f14        0x4
 *(SORT(.fini_array.*) SORT(.dtors.*))
 *(.fini_array EXCLUDE_FILE(*crtend?.o *crtend.o *crtbegin?.o *crtbegin.o) .dtors)
 .fini_array    0x0000000000033f14        0x4 /usr/lib/gcc/i686-linux-gnu/5/crtbeginS.o

.ctors
 *crtbegin.o(.ctors)
 *crtbegin?.o(.ctors)
 *(EXCLUDE_FILE(*crtend?.o *crtend.o) .ctors)
 *(SORT(.ctors.*))
 *(.ctors)

.dtors
 *crtbegin.o(.dtors)
 *crtbegin?.o(.dtors)
 *(EXCLUDE_FILE(*crtend?.o *crtend.o) .dtors)
 *(SORT(.dtors.*))
 *(.dtors)

.jcr            0x0000000000033f18        0x4
 *(.jcr)
 .jcr           0x0000000000033f18        0x0 /usr/lib/gcc/i686-linux-gnu/5/crtbeginS.o
 .jcr           0x0000000000033f18        0x4 /usr/lib/gcc/i686-linux-gnu/5/crtendS.o

.data.rel.ro
 *(.data.rel.ro.local* .gnu.linkonce.d.rel.ro.local.*)
 *(.data.rel.ro .data.rel.ro.* .gnu.linkonce.d.rel.ro.*)

.dynamic        0x0000000000033f1c       0xd0
 *(.dynamic)
 .dynamic       0x0000000000033f1c       0xd0 /usr/lib/gcc/i686-linux-gnu/5/../../../i386-linux-gnu/crti.o
                0x0000000000033f1c                _DYNAMIC

.got            0x0000000000033fec       0x14
 *(.got)
 .got           0x0000000000033fec       0x14 /usr/lib/gcc/i686-linux-gnu/5/../../../i386-linux-gnu/crti.o
 *(.igot)
                0x0000000000034ff4                . = DATA_SEGMENT_RELRO_END (., (SIZEOF (.got.plt) >= 0xc)?0xc:0x0)

.got.plt        0x0000000000034000        0xc
 *(.got.plt)
 .got.plt       0x0000000000034000        0xc /usr/lib/gcc/i686-linux-gnu/5/../../../i386-linux-gnu/crti.o
                0x0000000000034000                _GLOBAL_OFFSET_TABLE_
 *(.igot.plt)

.data           0x0000000000034020      0x484
 *(.data .data.* .gnu.linkonce.d.*)
 .data          0x0000000000034020        0x0 /usr/lib/gcc/i686-linux-gnu/5/../../../i386-linux-gnu/crti.o
 .data          0x0000000000034020        0x0 /usr/lib/gcc/i686-linux-gnu/5/crtbeginS.o
 .data.rel.local
                0x0000000000034020        0x4 /usr/lib/gcc/i686-linux-gnu/5/crtbeginS.o
                0x0000000000034020                __dso_handle
 .data          0x0000000000034024       0x14 sensor.o
                0x0000000000034024                contiki_ng_br_coap_server
                0x0000000000034034                last_refill_ts
 *fill*         0x0000000000034038        0x8 
 .data          0x0000000000034040       0x44 build/cooja/mtype173.o
                0x0000000000034040                simInterfaces
                0x0000000000034074                sensors
 .data          0x0000000000034084        0x0 build/cooja/mtype173.a(simEnvChange.o)
 .data          0x0000000000034084        0x0 build/cooja/mtype173.a(cooja_mt.o)
 .data          0x0000000000034084        0x0 build/cooja/mtype173.a(cooja_mtarch.o)
 .data          0x0000000000034084        0x0 build/cooja/mtype173.a(rtimer-arch.o)
 .data          0x0000000000034084        0x0 build/cooja/mtype173.a(beep.o)
 .data          0x0000000000034084        0x0 build/cooja/mtype173.a(leds-arch.o)
 .data          0x0000000000034084        0x0 build/cooja/mtype173.a(moteid.o)
 .data          0x0000000000034084        0x0 build/cooja/mtype173.a(pir-sensor.o)
 .data          0x0000000000034084        0x0 build/cooja/mtype173.a(rs232.o)
 .data          0x0000000000034084        0x0 build/cooja/mtype173.a(vib-sensor.o)
 .data          0x0000000000034084        0x0 build/cooja/mtype173.a(clock.o)
 .data          0x0000000000034084        0x0 build/cooja/mtype173.a(cooja-log.o)
 .data          0x0000000000034084        0x0 build/cooja/mtype173.a(cfs-cooja.o)
 .data          0x0000000000034084       0x2c build/cooja/mtype173.a(cooja-radio.o)
                0x0000000000034084                simRadioHWOn
                0x0000000000034088                simSignalStrength
                0x000000000003408c                simLastSignalStrength
                0x0000000000034090                simPower
                0x0000000000034094                simRadioChannel
                0x0000000000034098                simLQI
                0x00000000000340a0                cooja_radio_process
 .data          0x00000000000340b0        0x0 build/cooja/mtype173.a(eeprom.o)
 .data          0x00000000000340b0        0x0 build/cooja/mtype173.a(random.o)
 .data          0x00000000000340b0       0x10 build/cooja/mtype173.a(sensors.o)
                0x00000000000340b0                sensors_process
 .data          0x00000000000340c0        0x0 build/cooja/mtype173.a(leds.o)
 .data          0x00000000000340c0        0x0 build/cooja/mtype173.a(gpio-hal-arch.o)
 .data          0x00000000000340c0       0x78 build/cooja/mtype173.a(buttons.o)
                0x00000000000340c0                simButtonIsActive
                0x0000000000034130                button_hal_buttons
 *fill*         0x0000000000034138        0x8 
 .data          0x0000000000034140       0x24 build/cooja/mtype173.a(weight_sensor.o)
                0x0000000000034140                res_weight
 .data          0x0000000000034164        0x8 build/cooja/mtype173.a(coap-engine.o)
 *fill*         0x000000000003416c       0x14 
 .data          0x0000000000034180       0x24 build/cooja/mtype173.a(coap-res-well-k)
                0x0000000000034180                res_well_known_core
 .data          0x00000000000341a4       0x10 build/cooja/mtype173.a(coap-observe.o)
 .data          0x00000000000341b4       0x10 build/cooja/mtype173.a(coap-uip.o)
                0x00000000000341b4                coap_engine
 .data          0x00000000000341c4        0x4 build/cooja/mtype173.a(coap-timer.o)
 .data          0x00000000000341c8       0x10 build/cooja/mtype173.a(coap-transactio)
 .data          0x00000000000341d8        0x4 build/cooja/mtype173.a(coap.o)
                0x00000000000341d8                coap_error_message
 .data          0x00000000000341dc        0x0 build/cooja/mtype173.a(contiki-main.o)
 .data          0x00000000000341dc        0x0 build/cooja/mtype173.a(autostart.o)
 .data          0x00000000000341dc       0x14 build/cooja/mtype173.a(ctimer.o)
                0x00000000000341e0                ctimer_process
 *fill*         0x00000000000341f0       0x10 
 .data          0x0000000000034200       0xbc build/cooja/mtype173.a(log.o)
                0x0000000000034200                curr_log_level_main
                0x0000000000034220                all_modules
 .data          0x00000000000342bc        0x0 build/cooja/mtype173.a(energest.o)
 .data          0x00000000000342bc       0x10 build/cooja/mtype173.a(etimer.o)
                0x00000000000342bc                etimer_process
 .data          0x00000000000342cc        0x0 build/cooja/mtype173.a(node-id.o)
 .data          0x00000000000342cc        0x0 build/cooja/mtype173.a(rtimer.o)
 .data          0x00000000000342cc        0x0 build/cooja/mtype173.a(process.o)
 .data          0x00000000000342cc        0x0 build/cooja/mtype173.a(timer.o)
 .data          0x00000000000342cc        0x0 build/cooja/mtype173.a(list.o)
 .data          0x00000000000342cc        0x0 build/cooja/mtype173.a(memb.o)
 .data          0x00000000000342cc       0x10 build/cooja/mtype173.a(button-hal.o)
                0x00000000000342cc                button_hal_process
 .data          0x00000000000342dc       0x10 build/cooja/mtype173.a(serial-line.o)
                0x00000000000342dc                serial_line_process
 .data          0x00000000000342ec        0x4 build/cooja/mtype173.a(gpio-hal.o)
 .data          0x00000000000342f0       0x18 build/cooja/mtype173.a(queuebuf.o)
 .data          0x0000000000034308        0x4 build/cooja/mtype173.a(packetbuf.o)
 .data          0x000000000003430c        0x4 build/cooja/mtype173.a(netstack.o)
 .data          0x0000000000034310        0x0 build/cooja/mtype173.a(linkaddr.o)
 .data          0x0000000000034310        0x0 build/cooja/mtype173.a(csma.o)
 .data          0x0000000000034310       0x28 build/cooja/mtype173.a(csma-output.o)
 .data          0x0000000000034338        0x0 build/cooja/mtype173.a(uip-ds6.o)
 .data          0x0000000000034338        0x0 build/cooja/mtype173.a(uip-udp-packet.)
 .data          0x0000000000034338       0x44 build/cooja/mtype173.a(uip-ds6-route.o)
                0x0000000000034348                nbr_routes
 .data          0x000000000003437c       0x10 build/cooja/mtype173.a(tcpip.o)
                0x000000000003437c                tcpip_process
 .data          0x000000000003438c        0x0 build/cooja/mtype173.a(uip6.o)
 .data          0x000000000003438c       0x14 build/cooja/mtype173.a(uip-ds6-nbr.o)
 .data          0x00000000000343a0        0xc build/cooja/mtype173.a(uip-nd6.o)
 .data          0x00000000000343ac        0x0 build/cooja/mtype173.a(sicslowpan.o)
 .data          0x00000000000343ac        0x0 build/cooja/mtype173.a(uiplib.o)
 .data          0x00000000000343ac        0x0 build/cooja/mtype173.a(rpl.o)
 .data          0x00000000000343ac       0x30 build/cooja/mtype173.a(rpl-icmp6.o)
 .data          0x00000000000343dc        0x0 build/cooja/mtype173.a(rpl-dag-root.o)
 .data          0x00000000000343dc        0x0 build/cooja/mtype173.a(watchdog.o)
 .data          0x00000000000343dc        0x0 build/cooja/mtype173.a(int-master.o)
 .data          0x00000000000343dc       0x10 build/cooja/mtype173.a(coap-timer-defa)
                0x00000000000343dc                coap_timer_process
 .data          0x00000000000343ec        0x0 build/cooja/mtype173.a(stimer.o)
 .data          0x00000000000343ec        0x0 build/cooja/mtype173.a(ringbuf.o)
 .data          0x00000000000343ec        0x0 build/cooja/mtype173.a(assert.o)
 .data          0x00000000000343ec       0x10 build/cooja/mtype173.a(nbr-table.o)
 .data          0x00000000000343fc       0x14 build/cooja/mtype173.a(link-stats.o)
 .data          0x0000000000034410        0x0 build/cooja/mtype173.a(mac-sequence.o)
 .data          0x0000000000034410        0x0 build/cooja/mtype173.a(mac.o)
 .data          0x0000000000034410        0x0 build/cooja/mtype173.a(framer-802154.o)
 .data          0x0000000000034410        0x2 build/cooja/mtype173.a(frame802154.o)
 .data          0x0000000000034412        0x0 build/cooja/mtype173.a(csma-security.o)
 .data          0x0000000000034412        0x0 build/cooja/mtype173.a(uipbuf.o)
 *fill*         0x0000000000034412        0x2 
 .data          0x0000000000034414       0x20 build/cooja/mtype173.a(uip-icmp6.o)
 .data          0x0000000000034434       0x10 build/cooja/mtype173.a(uip-sr.o)
 .data          0x0000000000034444        0xc build/cooja/mtype173.a(uip-packetqueue)
 .data          0x0000000000034450        0x0 build/cooja/mtype173.a(rpl-nbr-policy.)
 .data          0x0000000000034450       0x14 build/cooja/mtype173.a(rpl-neighbor.o)
                0x0000000000034460                rpl_neighbors
 .data          0x0000000000034464        0x0 build/cooja/mtype173.a(rpl-dag.o)
 .data          0x0000000000034464        0x0 build/cooja/mtype173.a(rpl-timers.o)
 .data          0x0000000000034464        0x0 build/cooja/mtype173.a(rpl-ext-header.)
 *fill*         0x0000000000034464       0x1c 
 .data          0x0000000000034480       0x24 build/cooja/mtype173.a(rpl-mrhof.o)
                0x0000000000034480                rpl_mrhof
 .data          0x00000000000344a4        0x0 /usr/lib/gcc/i686-linux-gnu/5/libgcc.a(_udivdi3.o)
 .data          0x00000000000344a4        0x0 /usr/lib/gcc/i686-linux-gnu/5/crtendS.o
 .data          0x00000000000344a4        0x0 /usr/lib/gcc/i686-linux-gnu/5/../../../i386-linux-gnu/crtn.o

.tm_clone_table
                0x00000000000344a4        0x0
 .tm_clone_table
                0x00000000000344a4        0x0 /usr/lib/gcc/i686-linux-gnu/5/crtbeginS.o
 .tm_clone_table
                0x00000000000344a4        0x0 /usr/lib/gcc/i686-linux-gnu/5/crtendS.o

.data1
 *(.data1)
                0x00000000000344a4                _edata = .
                [!provide]                        PROVIDE (edata, .)
                0x00000000000344a4                . = .
                0x00000000000344a4                __bss_start = .

.bss            0x00000000000344c0     0xf104
 *(.dynbss)
 .dynbss        0x00000000000344c0        0x0 /usr/lib/gcc/i686-linux-gnu/5/../../../i386-linux-gnu/crti.o
 *(.bss .bss.* .gnu.linkonce.b.*)
 .bss           0x00000000000344c0        0x0 /usr/lib/gcc/i686-linux-gnu/5/../../../i386-linux-gnu/crti.o
 .bss           0x00000000000344c0        0x1 /usr/lib/gcc/i686-linux-gnu/5/crtbeginS.o
 *fill*         0x00000000000344c1        0x3 
 .bss           0x00000000000344c4       0x14 sensor.o
                0x00000000000344c4                current_weight
 *fill*         0x00000000000344d8        0x8 
 .bss           0x00000000000344e0     0x2030 build/cooja/mtype173.o
 .bss           0x0000000000036510        0x1 build/cooja/mtype173.a(simEnvChange.o)
                0x0000000000036510                simDontFallAsleep
 *fill*         0x0000000000036511        0x3 
 .bss           0x0000000000036514        0x4 build/cooja/mtype173.a(cooja_mt.o)
 .bss           0x0000000000036518        0x4 build/cooja/mtype173.a(cooja_mtarch.o)
 .bss           0x000000000003651c        0x0 build/cooja/mtype173.a(rtimer-arch.o)
 .bss           0x000000000003651c        0x0 build/cooja/mtype173.a(beep.o)
 .bss           0x000000000003651c        0x1 build/cooja/mtype173.a(leds-arch.o)
                0x000000000003651c                simLedsValue
 .bss           0x000000000003651d        0x0 build/cooja/mtype173.a(moteid.o)
 .bss           0x000000000003651d        0x1 build/cooja/mtype173.a(pir-sensor.o)
                0x000000000003651d                simPirValue
 *fill*         0x000000000003651e        0x2 
 .bss           0x0000000000036520        0x4 build/cooja/mtype173.a(rs232.o)
 .bss           0x0000000000036524        0x1 build/cooja/mtype173.a(vib-sensor.o)
                0x0000000000036524                simVibValue
 .bss           0x0000000000036525        0x0 build/cooja/mtype173.a(clock.o)
 *fill*         0x0000000000036525       0x1b 
 .bss           0x0000000000036540     0x2020 build/cooja/mtype173.a(cooja-log.o)
 .bss           0x0000000000038560      0xfc0 build/cooja/mtype173.a(cfs-cooja.o)
                0x0000000000038560                simCFSData
                0x0000000000039500                simCFSSize
                0x0000000000039504                simCFSChanged
                0x0000000000039508                simCFSRead
                0x000000000003950c                simCFSWritten
 .bss           0x0000000000039520       0x24 build/cooja/mtype173.a(cooja-radio.o)
                0x0000000000039520                simReceiving
                0x0000000000039524                simInSize
                0x0000000000039528                simLastPacketTimestamp
                0x0000000000039530                simOutSize
 .bss           0x0000000000039544        0xc build/cooja/mtype173.a(eeprom.o)
                0x0000000000039544                simEEPROMChanged
                0x0000000000039548                simEEPROMRead
                0x000000000003954c                simEEPROMWritten
 .bss           0x0000000000039550        0x0 build/cooja/mtype173.a(random.o)
 .bss           0x0000000000039550        0xc build/cooja/mtype173.a(sensors.o)
 .bss           0x000000000003955c        0x0 build/cooja/mtype173.a(leds.o)
 .bss           0x000000000003955c       0x24 build/cooja/mtype173.a(gpio-hal-arch.o)
 .bss           0x0000000000039580        0x0 build/cooja/mtype173.a(buttons.o)
 .bss           0x0000000000039580        0x0 build/cooja/mtype173.a(weight_sensor.o)
 .bss           0x0000000000039580      0x190 build/cooja/mtype173.a(coap-engine.o)
 .bss           0x0000000000039710        0x0 build/cooja/mtype173.a(coap-res-well-k)
 *fill*         0x0000000000039710       0x10 
 .bss           0x0000000000039720      0x120 build/cooja/mtype173.a(coap-observe.o)
 .bss           0x0000000000039840       0x18 build/cooja/mtype173.a(coap-uip.o)
 .bss           0x0000000000039858        0x5 build/cooja/mtype173.a(coap-timer.o)
 *fill*         0x000000000003985d        0x3 
 .bss           0x0000000000039860      0x334 build/cooja/mtype173.a(coap-transactio)
 .bss           0x0000000000039b94        0x6 build/cooja/mtype173.a(coap.o)
                0x0000000000039b94                coap_status_code
 .bss           0x0000000000039b9a        0x0 build/cooja/mtype173.a(contiki-main.o)
 .bss           0x0000000000039b9a        0x0 build/cooja/mtype173.a(autostart.o)
 *fill*         0x0000000000039b9a        0x2 
 .bss           0x0000000000039b9c        0x5 build/cooja/mtype173.a(ctimer.o)
 *fill*         0x0000000000039ba1        0x3 
 .bss           0x0000000000039ba4       0x2c build/cooja/mtype173.a(log.o)
                0x0000000000039ba4                curr_log_level_rpl
                0x0000000000039ba8                curr_log_level_tcpip
                0x0000000000039bac                curr_log_level_ipv6
                0x0000000000039bb0                curr_log_level_6lowpan
                0x0000000000039bb4                curr_log_level_nullnet
                0x0000000000039bb8                curr_log_level_mac
                0x0000000000039bbc                curr_log_level_framer
                0x0000000000039bc0                curr_log_level_6top
                0x0000000000039bc4                curr_log_level_coap
                0x0000000000039bc8                curr_log_level_snmp
                0x0000000000039bcc                curr_log_level_lwm2m
 .bss           0x0000000000039bd0        0x0 build/cooja/mtype173.a(energest.o)
 .bss           0x0000000000039bd0        0x8 build/cooja/mtype173.a(etimer.o)
 .bss           0x0000000000039bd8        0x2 build/cooja/mtype173.a(node-id.o)
                0x0000000000039bd8                node_id
 *fill*         0x0000000000039bda        0x2 
 .bss           0x0000000000039bdc        0x4 build/cooja/mtype173.a(rtimer.o)
 .bss           0x0000000000039be0      0x1a1 build/cooja/mtype173.a(process.o)
                0x0000000000039be0                process_list
                0x0000000000039be4                process_current
 .bss           0x0000000000039d81        0x0 build/cooja/mtype173.a(timer.o)
 .bss           0x0000000000039d81        0x0 build/cooja/mtype173.a(list.o)
 .bss           0x0000000000039d81        0x0 build/cooja/mtype173.a(memb.o)
 *fill*         0x0000000000039d81        0x3 
 .bss           0x0000000000039d84       0x10 build/cooja/mtype173.a(button-hal.o)
 *fill*         0x0000000000039d94        0xc 
 .bss           0x0000000000039da0      0x140 build/cooja/mtype173.a(serial-line.o)
 .bss           0x0000000000039ee0        0x4 build/cooja/mtype173.a(gpio-hal.o)
 *fill*         0x0000000000039ee4       0x1c 
 .bss           0x0000000000039f00     0x2c80 build/cooja/mtype173.a(queuebuf.o)
 .bss           0x000000000003cb80       0xa0 build/cooja/mtype173.a(packetbuf.o)
 .bss           0x000000000003cc20        0x4 build/cooja/mtype173.a(netstack.o)
 .bss           0x000000000003cc24        0x0 build/cooja/mtype173.a(linkaddr.o)
 .bss           0x000000000003cc24        0x0 build/cooja/mtype173.a(csma.o)
 *fill*         0x000000000003cc24       0x1c 
 .bss           0x000000000003cc40      0x726 build/cooja/mtype173.a(csma-output.o)
 *fill*         0x000000000003d366        0x2 
 .bss           0x000000000003d368       0x30 build/cooja/mtype173.a(uip-ds6.o)
 .bss           0x000000000003d398        0x0 build/cooja/mtype173.a(uip-udp-packet.)
 *fill*         0x000000000003d398        0x8 
 .bss           0x000000000003d3a0      0x2a4 build/cooja/mtype173.a(uip-ds6-route.o)
 .bss           0x000000000003d644       0x10 build/cooja/mtype173.a(tcpip.o)
 .bss           0x000000000003d654        0x8 build/cooja/mtype173.a(uip6.o)
                0x000000000003d654                uip_ext_bitmap
                0x000000000003d656                uip_ext_len
                0x000000000003d658                uip_last_proto
 *fill*         0x000000000003d65c        0x4 
 .bss           0x000000000003d660       0xf0 build/cooja/mtype173.a(uip-ds6-nbr.o)
 .bss           0x000000000003d750       0x10 build/cooja/mtype173.a(uip-nd6.o)
 .bss           0x000000000003d760      0x724 build/cooja/mtype173.a(sicslowpan.o)
 .bss           0x000000000003de84        0x0 build/cooja/mtype173.a(uiplib.o)
 .bss           0x000000000003de84        0x1 build/cooja/mtype173.a(rpl.o)
 .bss           0x000000000003de85        0x0 build/cooja/mtype173.a(rpl-icmp6.o)
 *fill*         0x000000000003de85        0x3 
 .bss           0x000000000003de88       0x11 build/cooja/mtype173.a(rpl-dag-root.o)
 .bss           0x000000000003de99        0x0 build/cooja/mtype173.a(watchdog.o)
 *fill*         0x000000000003de99        0x3 
 .bss           0x000000000003de9c        0x4 build/cooja/mtype173.a(int-master.o)
 .bss           0x000000000003dea0       0x1c build/cooja/mtype173.a(coap-timer-defa)
 .bss           0x000000000003debc        0x0 build/cooja/mtype173.a(stimer.o)