Archive member included to satisfy reference by file (symbol)

build/cooja/mtype214.a(simEnvChange.o)
                              build/cooja/mtype214.o (simDontFallAsleep)
build/cooja/mtype214.a(cooja_mt.o)
                              build/cooja/mtype214.o (cooja_mt_start)
build/cooja/mtype214.a(cooja_mtarch.o)
                              build/cooja/mtype214.a(cooja_mt.o) (cooja_mtarch_start)
build/cooja/mtype214.a(rtimer-arch.o)
                              build/cooja/mtype214.o (rtimer_arch_check)
build/cooja/mtype214.a(beep.o)
                              build/cooja/mtype214.o (beep_interface)
build/cooja/mtype214.a(leds-arch.o)
                              build/cooja/mtype214.o (leds_interface)
build/cooja/mtype214.a(moteid.o)
                              build/cooja/mtype214.o (moteid_interface)
build/cooja/mtype214.a(pir-sensor.o)
                              build/cooja/mtype214.o (pir_interface)
build/cooja/mtype214.a(rs232.o)
                              build/cooja/mtype214.o (rs232_interface)
build/cooja/mtype214.a(vib-sensor.o)
                              build/cooja/mtype214.o (vib_interface)
build/cooja/mtype214.a(clock.o)
                              build/cooja/mtype214.o (clock_interface)
build/cooja/mtype214.a(cooja-log.o)
                              build/cooja/mtype214.o (simlog_interface)
build/cooja/mtype214.a(cfs-cooja.o)
                              build/cooja/mtype214.o (cfs_interface)
build/cooja/mtype214.a(cooja-radio.o)
                              build/cooja/mtype214.o (radio_interface)
build/cooja/mtype214.a(eeprom.o)
                              build/cooja/mtype214.o (eeprom_interface)
build/cooja/mtype214.a(random.o)
                              build/cooja/mtype214.a(moteid.o) (random_init)
build/cooja/mtype214.a(sensors.o)
                              build/cooja/mtype214.a(pir-sensor.o) (sensors_changed)
build/cooja/mtype214.a(leds.o)
                              build/cooja/mtype214.a(leds-arch.o) (leds_get)
build/cooja/mtype214.a(gpio-hal-arch.o)
                              build/cooja/mtype214.a(leds-arch.o) (gpio_hal_arch_register_pin_callback)
build/cooja/mtype214.a(buttons.o)
                              build/cooja/mtype214.o (button_interface)
build/cooja/mtype214.a(webserver.o)
                              border-router.o (webserver_nogui_process)
build/cooja/mtype214.a(contiki-main.o)
                              build/cooja/mtype214.o (main)
build/cooja/mtype214.a(autostart.o)
                              build/cooja/mtype214.a(contiki-main.o) (autostart_start)
build/cooja/mtype214.a(ctimer.o)
                              build/cooja/mtype214.a(contiki-main.o) (ctimer_init)
build/cooja/mtype214.a(log.o)
                              build/cooja/mtype214.a(contiki-main.o) (curr_log_level_main)
build/cooja/mtype214.a(energest.o)
                              build/cooja/mtype214.a(contiki-main.o) (energest_init)
build/cooja/mtype214.a(etimer.o)
                              build/cooja/mtype214.a(contiki-main.o) (etimer_process)
build/cooja/mtype214.a(node-id.o)
                              build/cooja/mtype214.a(contiki-main.o) (node_id)
build/cooja/mtype214.a(rtimer.o)
                              build/cooja/mtype214.a(contiki-main.o) (rtimer_init)
build/cooja/mtype214.a(process.o)
                              build/cooja/mtype214.a(ctimer.o) (process_current)
build/cooja/mtype214.a(timer.o)
                              build/cooja/mtype214.a(etimer.o) (timer_set)
build/cooja/mtype214.a(list.o)
                              build/cooja/mtype214.a(ctimer.o) (list_init)
build/cooja/mtype214.a(button-hal.o)
                              build/cooja/mtype214.o (button_hal_init)
build/cooja/mtype214.a(serial-line.o)
                              build/cooja/mtype214.a(rs232.o) (serial_line_input_byte)
build/cooja/mtype214.a(gpio-hal.o)
                              build/cooja/mtype214.a(button-hal.o) (gpio_hal_register_handler)
build/cooja/mtype214.a(queuebuf.o)
                              build/cooja/mtype214.a(contiki-main.o) (queuebuf_init)
build/cooja/mtype214.a(packetbuf.o)
                              build/cooja/mtype214.a(cooja-radio.o) (packetbuf_clear)
build/cooja/mtype214.a(netstack.o)
                              build/cooja/mtype214.a(contiki-main.o) (netstack_init)
build/cooja/mtype214.a(linkaddr.o)
                              build/cooja/mtype214.a(contiki-main.o) (linkaddr_node_addr)
build/cooja/mtype214.a(csma.o)
                              build/cooja/mtype214.a(cooja-radio.o) (csma_driver)
build/cooja/mtype214.a(csma-output.o)
                              build/cooja/mtype214.a(csma.o) (csma_output_packet)
build/cooja/mtype214.a(uip-sr.o)
                              build/cooja/mtype214.a(webserver.o) (uip_sr_num_nodes)
build/cooja/mtype214.a(uip-ds6.o)
                              build/cooja/mtype214.a(contiki-main.o) (uip_ds6_get_link_local)
build/cooja/mtype214.a(uip-ds6-route.o)
[...]
Memory Configuration

Name             Origin             Length             Attributes
*default*        0x0000000000000000 0xffffffffffffffff

Linker script and memory map

LOAD /usr/lib/gcc/i686-linux-gnu/5/../../../i386-linux-gnu/crti.o
LOAD /usr/lib/gcc/i686-linux-gnu/5/crtbeginS.o
LOAD border-router.o
LOAD build/cooja/mtype214.o
LOAD build/cooja/mtype214.a
LOAD /usr/lib/gcc/i686-linux-gnu/5/libgcc.a
LOAD /usr/lib/gcc/i686-linux-gnu/5/libgcc_s.so
LOAD /usr/lib/gcc/i686-linux-gnu/5/../../../i386-linux-gnu/libc.so
START GROUP
LOAD /lib/i386-linux-gnu/libc.so.6
LOAD /usr/lib/i386-linux-gnu/libc_nonshared.a
LOAD /lib/i386-linux-gnu/ld-linux.so.2
END GROUP
LOAD /usr/lib/gcc/i686-linux-gnu/5/libgcc.a
LOAD /usr/lib/gcc/i686-linux-gnu/5/libgcc_s.so
LOAD /usr/lib/gcc/i686-linux-gnu/5/crtendS.o
LOAD /usr/lib/gcc/i686-linux-gnu/5/../../../i386-linux-gnu/crtn.o
                0x0000000000000114                . = (0x0 + SIZEOF_HEADERS)

.note.gnu.build-id
                0x0000000000000114       0x24
 *(.note.gnu.build-id)
 .note.gnu.build-id
                0x0000000000000114       0x24 /usr/lib/gcc/i686-linux-gnu/5/../../../i386-linux-gnu/crti.o

.hash
 *(.hash)

.gnu.hash       0x0000000000000138     0x14cc
 *(.gnu.hash)
 .gnu.hash      0x0000000000000138     0x14cc /usr/lib/gcc/i686-linux-gnu/5/../../../i386-linux-gnu/crti.o

.dynsym         0x0000000000001604     0x2b90
 *(.dynsym)
 .dynsym        0x0000000000001604     0x2b90 /usr/lib/gcc/i686-linux-gnu/5/../../../i386-linux-gnu/crti.o

.dynstr         0x0000000000004194     0x30f2
 *(.dynstr)
 .dynstr        0x0000000000004194     0x30f2 /usr/lib/gcc/i686-linux-gnu/5/../../../i386-linux-gnu/crti.o

.gnu.version    0x0000000000007286      0x572
 *(.gnu.version)
 .gnu.version   0x0000000000007286      0x572 /usr/lib/gcc/i686-linux-gnu/5/../../../i386-linux-gnu/crti.o

.gnu.version_d  0x00000000000077f8        0x0
 *(.gnu.version_d)
 .gnu.version_d
                0x00000000000077f8        0x0 /usr/lib/gcc/i686-linux-gnu/5/../../../i386-linux-gnu/crti.o

.gnu.version_r  0x00000000000077f8       0x40
 *(.gnu.version_r)
 .gnu.version_r
                0x00000000000077f8       0x40 /usr/lib/gcc/i686-linux-gnu/5/../../../i386-linux-gnu/crti.o

.rel.dyn        0x0000000000007838     0x9d08
 *(.rel.init)
 .rel.init      0x0000000000007838        0x0 /usr/lib/gcc/i686-linux-gnu/5/../../../i386-linux-gnu/crti.o
 *(.rel.text .rel.text.* .rel.gnu.linkonce.t.*)
 .rel.text      0x0000000000007838     0x94e8 /usr/lib/gcc/i686-linux-gnu/5/../../../i386-linux-gnu/crti.o
 *(.rel.fini)
 .rel.fini      0x0000000000010d20        0x0 /usr/lib/gcc/i686-linux-gnu/5/../../../i386-linux-gnu/crti.o
 *(.rel.rodata .rel.rodata.* .rel.gnu.linkonce.r.*)
 .rel.rodata    0x0000000000010d20      0x428 /usr/lib/gcc/i686-linux-gnu/5/../../../i386-linux-gnu/crti.o
 *(.rel.data.rel.ro .rel.data.rel.ro.* .rel.gnu.linkonce.d.rel.ro.*)
 *(.rel.data .rel.data.* .rel.gnu.linkonce.d.*)
 .rel.data.rel.local
                0x0000000000011148        0x8 /usr/lib/gcc/i686-linux-gnu/5/../../../i386-linux-gnu/crti.o
 .rel.data      0x0000000000011150      0x3b8 /usr/lib/gcc/i686-linux-gnu/5/../../../i386-linux-gnu/crti.o
 *(.rel.tdata .rel.tdata.* .rel.gnu.linkonce.td.*)
 *(.rel.tbss .rel.tbss.* .rel.gnu.linkonce.tb.*)
 *(.rel.ctors)
 *(.rel.dtors)
 *(.rel.got)
 .rel.got       0x0000000000011508       0x28 /usr/lib/gcc/i686-linux-gnu/5/../../../i386-linux-gnu/crti.o
 *(.rel.bss .rel.bss.* .rel.gnu.linkonce.b.*)
 *(.rel.ifunc)
 .rel.ifunc     0x0000000000011530        0x0 /usr/lib/gcc/i686-linux-gnu/5/../../../i386-linux-gnu/crti.o
 .rel.fini_array
                0x0000000000011530        0x8 /usr/lib/gcc/i686-linux-gnu/5/../../../i386-linux-gnu/crti.o
 .rel.init_array
                0x0000000000011538        0x8 /usr/lib/gcc/i686-linux-gnu/5/../../../i386-linux-gnu/crti.o

.rel.plt        0x0000000000011540        0x0
 *(.rel.plt)
 .rel.plt       0x0000000000011540        0x0 /usr/lib/gcc/i686-linux-gnu/5/../../../i386-linux-gnu/crti.o
 *(.rel.iplt)

.init           0x0000000000011540       0x23
 *(SORT(.init))
 .init          0x0000000000011540       0x1e /usr/lib/gcc/i686-linux-gnu/5/../../../i386-linux-gnu/crti.o
                0x0000000000011540                _init
 .init          0x000000000001155e        0x5 /usr/lib/gcc/i686-linux-gnu/5/../../../i386-linux-gnu/crtn.o

.plt            0x0000000000011570       0x10
 *(.plt)
 .plt           0x0000000000011570       0x10 /usr/lib/gcc/i686-linux-gnu/5/../../../i386-linux-gnu/crti.o
 *(.iplt)

.plt.got        0x0000000000011580       0x10
 *(.plt.got)
 .plt.got       0x0000000000011580       0x10 /usr/lib/gcc/i686-linux-gnu/5/../../../i386-linux-gnu/crti.o

.text           0x0000000000011590    0x17d45
 *(.text.unlikely .text.*_unlikely .text.unlikely.*)
 .text.unlikely
                0x0000000000011590        0x0 /usr/lib/gcc/i686-linux-gnu/5/crtbeginS.o
 *(.text.exit .text.exit.*)
 *(.text.startup .text.startup.*)
 *(.text.hot .text.hot.*)
 *(.text .stub .text.* .gnu.linkonce.t.*)
 .text          0x0000000000011590        0x0 /usr/lib/gcc/i686-linux-gnu/5/../../../i386-linux-gnu/crti.o
 .gnu.linkonce.t.__x86.get_pc_thunk.bx
                0x0000000000011590        0x4 /usr/lib/gcc/i686-linux-gnu/5/../../../i386-linux-gnu/crti.o
                0x0000000000011590                __x86.get_pc_thunk.bx
 *fill*         0x0000000000011594        0xc 
 .text          0x00000000000115a0      0x11c /usr/lib/gcc/i686-linux-gnu/5/crtbeginS.o
 .text.__x86.get_pc_thunk.dx
                0x00000000000116bc        0x4 /usr/lib/gcc/i686-linux-gnu/5/crtbeginS.o
                0x00000000000116bc                __x86.get_pc_thunk.dx
 .text          0x00000000000116c0       0xfd border-router.o
 .text          0x00000000000117bd      0x283 build/cooja/mtype214.o
                0x000000000001184f                platform_init_stage_one
                0x0000000000011862                platform_init_stage_two
                0x0000000000011875                platform_init_stage_three
                0x0000000000011888                platform_main_loop
                0x00000000000118fb                Java_org_contikios_cooja_corecomm_Lib9_init
                0x0000000000011932                Java_org_contikios_cooja_corecomm_Lib9_getMemory
                0x0000000000011965                Java_org_contikios_cooja_corecomm_Lib9_setMemory
                0x00000000000119c5                Java_org_contikios_cooja_corecomm_Lib9_tick
                0x0000000000011a2d                Java_org_contikios_cooja_corecomm_Lib9_setReferenceAddress
 .text          0x0000000000011a40       0x65 build/cooja/mtype214.a(simEnvChange.o)
                0x0000000000011a40                doActionsBeforeTick
                0x0000000000011a72                doActionsAfterTick
 .text          0x0000000000011aa5       0x83 build/cooja/mtype214.a(cooja_mt.o)
                0x0000000000011aa5                cooja_mt_start
                0x0000000000011acf                cooja_mt_exec
                0x0000000000011b05                cooja_mt_yield
 .text          0x0000000000011b28       0xbe build/cooja/mtype214.a(cooja_mtarch.o)
                0x0000000000011b28                cooja_mtarch_start
                0x0000000000011b9b                cooja_sw
                0x0000000000011bbe                cooja_mtarch_exec
                0x0000000000011bdb                cooja_mtarch_yield
 .text          0x0000000000011be6       0xc5 build/cooja/mtype214.a(rtimer-arch.o)
                0x0000000000011be6                rtimer_arch_init
                0x0000000000011c0a                rtimer_arch_schedule
                0x0000000000011c3a                rtimer_arch_next
                0x0000000000011c4a                rtimer_arch_pending
                0x0000000000011c54                rtimer_arch_check
                0x0000000000011c9b                rtimer_arch_now
 .text          0x0000000000011cab       0x81 build/cooja/mtype214.a(beep.o)
                0x0000000000011cab                beep_alarm
                0x0000000000011cb8                beep_beep
                0x0000000000011cc5                beep
                0x0000000000011cd2                beep_down
                0x0000000000011cdf                beep_on
                0x0000000000011cec                beep_off
                0x0000000000011cf9                beep_spinup
                0x0000000000011d06                beep_quick
                0x0000000000011d13                beep_long
 .text          0x0000000000011d2c       0x65 build/cooja/mtype214.a(leds-arch.o)
                0x0000000000011d3f                leds_arch_init
 .text          0x0000000000011d91       0x35 build/cooja/mtype214.a(moteid.o)
 .text          0x0000000000011dc6       0xb7 build/cooja/mtype214.a(pir-sensor.o)
 .text          0x0000000000011e7d      0x148 build/cooja/mtype214.a(rs232.o)
                0x0000000000011e7d                rs232_init
                0x0000000000011e83                rs232_set_speed
                0x0000000000011e92                rs232_set_input
                0x0000000000011ea0                rs232_send
                0x0000000000011ec4                rs232_print
                0x0000000000011ee0                slip_arch_writeb
 .text          0x0000000000011fc5       0xb7 build/cooja/mtype214.a(vib-sensor.o)
 .text          0x000000000001207c       0x38 build/cooja/mtype214.a(clock.o)
                0x000000000001207c                clock_init
                0x0000000000012082                clock_time
                0x000000000001208c                clock_seconds
                0x00000000000120a2                clock_delay
 .text          0x00000000000120b4      0x219 build/cooja/mtype214.a(cooja-log.o)
                0x00000000000120b4                simlog_char
                0x00000000000120f7                simlog
                0x000000000001216d                log_message
                0x000000000001219e                log_set_putchar_with_slip
                0x00000000000121ac                log_putchar
                0x0000000000012227                log_puts
                0x000000000001224f                log_printf
 .text          0x00000000000122cd      0x2b9 build/cooja/mtype214.a(cfs-cooja.o)
                0x00000000000122cd                cfs_open
                0x0000000000012336                cfs_close
                0x0000000000012343                cfs_read
                0x00000000000123d8                cfs_write
                0x00000000000124b4                cfs_seek
                0x000000000001253c                cfs_remove
                0x0000000000012560                cfs_opendir
                0x000000000001256a                cfs_readdir
                0x0000000000012574                cfs_closedir
 .text          0x0000000000012586      0x620 build/cooja/mtype214.a(cooja-radio.o)
                0x00000000000125c8                radio_set_channel
                0x00000000000125d6                radio_set_txpower
                0x00000000000125ee                radio_signal_strength_last
                0x00000000000125f8                radio_signal_strength_current
                0x0000000000012602                radio_LQI
 .text          0x0000000000012ba6       0xee build/cooja/mtype214.a(eeprom.o)
                0x0000000000012ba6                eeprom_init
                0x0000000000012bac                eeprom_read
                0x0000000000012c1a                eeprom_write
 .text          0x0000000000012c94       0x2d build/cooja/mtype214.a(random.o)
                0x0000000000012c94                random_init
                0x0000000000012cb4                random_rand
 .text          0x0000000000012cc1      0x29c build/cooja/mtype214.a(sensors.o)
                0x0000000000012cfc                sensors_first
                0x0000000000012d06                sensors_next
                0x0000000000012d20                sensors_changed
                0x0000000000012d54                sensors_find
 .text          0x0000000000012f5d      0x349 build/cooja/mtype214.a(leds.o)
                0x0000000000012f5d                leds_init
                0x0000000000012fa4                leds_single_on
                0x0000000000013003                leds_single_off
                0x0000000000013062                leds_single_toggle
                0x0000000000013094                leds_on
                0x0000000000013116                leds_off
                0x0000000000013198                leds_toggle
                0x00000000000131ed                leds_set
                0x0000000000013219                leds_get
 .text          0x00000000000132a6      0x343 build/cooja/mtype214.a(gpio-hal-arch.o)
                0x00000000000132a6                gpio_hal_arch_register_pin_callback
                0x0000000000013312                gpio_hal_arch_init
                0x0000000000013357                gpio_hal_arch_no_port_interrupt_enable
                0x0000000000013387                gpio_hal_arch_no_port_interrupt_disable
                0x00000000000133b7                gpio_hal_arch_no_port_pin_cfg_set
                0x00000000000133dc                gpio_hal_arch_no_port_pin_cfg_get
                0x0000000000013402                gpio_hal_arch_no_port_pin_set_input
                0x0000000000013414                gpio_hal_arch_no_port_pin_set_output
                0x0000000000013426                gpio_hal_arch_no_port_set_pin
                0x0000000000013447                gpio_hal_arch_no_port_clear_pin
                0x0000000000013468                gpio_hal_arch_no_port_read_pin
                0x000000000001348e                gpio_hal_arch_no_port_write_pin
                0x00000000000134b8                gpio_hal_arch_no_port_set_pins
                0x00000000000134ff                gpio_hal_arch_no_port_clear_pins
                0x0000000000013546                gpio_hal_arch_no_port_read_pins
                0x0000000000013589                gpio_hal_arch_no_port_write_pins
 .text          0x00000000000135e9       0x89 build/cooja/mtype214.a(buttons.o)
 .text          0x0000000000013672      0x7ba build/cooja/mtype214.a(webserver.o)
                0x0000000000013e22                httpd_simple_get_script
 .text          0x0000000000013e2c      0x332 build/cooja/mtype214.a(contiki-main.o)
                0x0000000000013e2c                main
 .text          0x000000000001415e       0x92 build/cooja/mtype214.a(autostart.o)
                0x000000000001415e                autostart_start
                0x00000000000141a8                autostart_exit
 .text          0x00000000000141f0      0x355 build/cooja/mtype214.a(ctimer.o)
                0x0000000000014318                ctimer_init
                0x000000000001434b                ctimer_set
                0x0000000000014371                ctimer_set_with_process
                0x00000000000143ee                ctimer_reset
                0x0000000000014442                ctimer_restart
                0x0000000000014496                ctimer_stop
                0x00000000000144e6                ctimer_expired
 .text          0x0000000000014545      0x394 build/cooja/mtype214.a(log.o)
                0x0000000000014545                log_6addr
                0x0000000000014598                log_6addr_compact_snprint
                0x0000000000014636                log_6addr_compact
                0x0000000000014689                log_lladdr
                0x00000000000146fb                log_lladdr_compact
                0x0000000000014763                log_set_level
                0x000000000001481e                log_get_level
                0x0000000000014897                log_level_to_str
 .text          0x00000000000148d9       0x1b build/cooja/mtype214.a(energest.o)
                0x00000000000148d9                energest_init
                0x00000000000148df                energest_flush
                0x00000000000148e5                energest_get_total_time
 .text          0x00000000000148f4      0x43f build/cooja/mtype214.a(etimer.o)
                0x0000000000014b18                etimer_request_poll
                0x0000000000014ba1                etimer_set
                0x0000000000014bca                etimer_reset_with_new_interval
                0x0000000000014bf9                etimer_reset
                0x0000000000014c1f                etimer_restart
                0x0000000000014c45                etimer_adjust
                0x0000000000014c62                etimer_expired
                0x0000000000014c75                etimer_expiration_time
                0x0000000000014c87                etimer_start_time
                0x0000000000014c91                etimer_pending
                0x0000000000014ca3                etimer_next_expiration_time
                0x0000000000014cbd                etimer_stop
 .text          0x0000000000014d33       0x25 build/cooja/mtype214.a(node-id.o)
                0x0000000000014d33                node_id_init
 .text          0x0000000000014d58       0xeb build/cooja/mtype214.a(rtimer.o)
                0x0000000000014d58                rtimer_init
                0x0000000000014d66                rtimer_set
                0x0000000000014de1                rtimer_run_next
 .text          0x0000000000014e43      0x4fb build/cooja/mtype214.a(process.o)
                0x0000000000014e43                process_alloc_event
                0x0000000000014e58                process_start
                0x0000000000015032                process_exit
                0x000000000001504f                process_init
                0x00000000000151e4                process_run
                0x0000000000015217                process_nevents
                0x0000000000015232                process_post
                0x00000000000152c5                process_post_synch
                0x00000000000152fa                process_poll
                0x000000000001532a                process_is_running
 .text          0x000000000001533e       0xb1 build/cooja/mtype214.a(timer.o)
                0x000000000001533e                timer_set
                0x000000000001535c                timer_reset
                0x0000000000015389                timer_restart
                0x000000000001539e                timer_expired
                0x00000000000153cb                timer_remaining
 .text          0x00000000000153ef      0x28f build/cooja/mtype214.a(list.o)
                0x00000000000153ef                list_init
                0x00000000000153fe                list_head
                0x0000000000015408                list_copy
                0x0000000000015418                list_tail
                0x000000000001544e                list_add
                0x000000000001549a                list_push
                0x00000000000154c6                list_chop
                0x0000000000015530                list_pop
                0x0000000000015558                list_remove
                0x00000000000155c0                list_length
                0x00000000000155ee                list_insert
                0x0000000000015633                list_item_next
                0x000000000001564a                list_contains
 .text          0x000000000001567e      0x41c build/cooja/mtype214.a(button-hal.o)
                0x00000000000157f7                button_hal_get_by_id
                0x0000000000015835                button_hal_get_by_index
                0x0000000000015861                button_hal_get_state
                0x00000000000158b3                button_hal_init
 .text          0x0000000000015a9a      0x1f3 build/cooja/mtype214.a(serial-line.o)
                0x0000000000015a9a                serial_line_input_byte
                0x0000000000015c58                serial_line_init
 .text          0x0000000000015c8d      0x168 build/cooja/mtype214.a(gpio-hal.o)
                0x0000000000015c8d                gpio_hal_register_handler
                0x0000000000015caa                gpio_hal_event_handler
                0x0000000000015d06                gpio_hal_init
                0x0000000000015d25                gpio_hal_arch_port_toggle_pin
                0x0000000000015d61                gpio_hal_arch_port_toggle_pins
                0x0000000000015d8f                gpio_hal_arch_no_port_toggle_pin
                0x0000000000015dcd                gpio_hal_arch_no_port_toggle_pins
 .text          0x0000000000015df5      0x2e7 build/cooja/mtype214.a(queuebuf.o)
                0x0000000000015dff                queuebuf_init
                0x0000000000015e28                queuebuf_numfree
                0x0000000000015e40                queuebuf_new_from_packetbuf
                0x0000000000015edf                queuebuf_update_attr_from_packetbuf
                0x0000000000015f14                queuebuf_update_from_packetbuf
                0x0000000000015f64                queuebuf_free
                0x0000000000015fad                queuebuf_to_packetbuf
                0x0000000000016019                queuebuf_dataptr
                0x0000000000016053                queuebuf_datalen
                0x0000000000016076                queuebuf_addr
                0x00000000000160ab                queuebuf_attr
                0x00000000000160d6                queuebuf_debug_print
 .text          0x00000000000160dc      0x407 build/cooja/mtype214.a(packetbuf.o)
                0x00000000000160dc                packetbuf_clear
                0x0000000000016107                packetbuf_copyfrom
                0x0000000000016156                packetbuf_copyto
                0x00000000000161e9                packetbuf_hdralloc
                0x0000000000016265                packetbuf_hdrreduce
                0x00000000000162ab                packetbuf_set_datalen
                0x00000000000162c5                packetbuf_dataptr
                0x00000000000162e2                packetbuf_hdrptr
                0x00000000000162ec                packetbuf_datalen
                0x00000000000162f8                packetbuf_hdrlen
                0x000000000001630f                packetbuf_totlen
                0x0000000000016325                packetbuf_remaininglen
                0x0000000000016338                packetbuf_attr_clear
                0x0000000000016384                packetbuf_attr_copyto
                0x00000000000163dc                packetbuf_attr_copyfrom
                0x0000000000016434                packetbuf_set_attr
                0x000000000001645e                packetbuf_attr
                0x0000000000016478                packetbuf_set_addr
                0x00000000000164a9                packetbuf_addr
                0x00000000000164c6                packetbuf_holds_broadcast
 .text          0x00000000000164e3       0xef build/cooja/mtype214.a(netstack.o)
                0x00000000000164e3                netstack_process_ip_callback
                0x0000000000016574                netstack_ip_packet_processor_add
                0x0000000000016597                uip_ds6_ip_packet_processor_rm
                0x00000000000165b4                netstack_init
 .text          0x00000000000165d2       0x4f build/cooja/mtype214.a(linkaddr.o)
                0x00000000000165d2                linkaddr_copy
                0x00000000000165e8                linkaddr_cmp
                0x000000000001660b                linkaddr_set_node_addr
 .text          0x0000000000016621      0x1f6 build/cooja/mtype214.a(csma.o)
 .text          0x0000000000016817      0x95d build/cooja/mtype214.a(csma-output.o)
                0x0000000000016eae                csma_output_packet
                0x000000000001713b                csma_output_init
 .text          0x0000000000017174      0x69b build/cooja/mtype214.a(uip-sr.o)
                0x0000000000017174                uip_sr_num_nodes
                0x0000000000017202                uip_sr_get_node
                0x0000000000017259                uip_sr_is_addr_reachable
                0x0000000000017307                uip_sr_expire_parent
                0x0000000000017350                uip_sr_update_node
                0x0000000000017480                uip_sr_init
                0x00000000000174b4                uip_sr_node_head
                0x00000000000174cd                uip_sr_node_next
                0x00000000000174e3                uip_sr_periodic
                0x00000000000175e9                uip_sr_free_all
                0x0000000000017659                uip_sr_link_snprint
 .text          0x000000000001780f      0xc11 build/cooja/mtype214.a(uip-ds6.o)
                0x000000000001780f                uip_ds6_default_prefix
                0x0000000000017819                uip_ds6_set_default_prefix
                0x0000000000017844                uip_ds6_init
                0x0000000000017aa6                uip_ds6_periodic
                0x0000000000017b2d                uip_ds6_list_loop
                0x0000000000017bed                uip_ds6_prefix_add
                0x0000000000017c99                uip_ds6_prefix_rm
                0x0000000000017cac                uip_ds6_prefix_lookup
                0x0000000000017ceb                uip_ds6_is_addr_onlink
                0x0000000000017d5e                uip_ds6_addr_add
                0x0000000000017e7e                uip_ds6_addr_rm
                0x0000000000017f27                uip_ds6_addr_lookup
                0x0000000000017f60                uip_ds6_get_link_local
                0x0000000000017fe1                uip_ds6_get_global
                0x0000000000018062                uip_ds6_maddr_add
                0x00000000000180c2                uip_ds6_maddr_rm
                0x00000000000180d5                uip_ds6_maddr_lookup
                0x000000000001810e                uip_ds6_aaddr_add
                0x000000000001816e                uip_ds6_aaddr_rm
                0x0000000000018181                uip_ds6_aaddr_lookup
                0x00000000000181ba                uip_ds6_select_src
                0x0000000000018303                uip_ds6_set_addr_iid
                0x000000000001832e                uip_ds6_set_lladdr_from_iid
                0x0000000000018357                get_match_length
                0x00000000000183e8                uip_ds6_compute_reachable_time
 .text          0x0000000000018420      0x35b build/cooja/mtype214.a(uip-ds6-route.o)
                0x0000000000018471                uip_ds6_route_init
                0x000000000001849b                uip_ds6_route_nexthop
                0x00000000000184a5                uip_ds6_route_head
                0x00000000000184af                uip_ds6_route_next
                0x00000000000184b9                uip_ds6_route_is_nexthop
                0x00000000000184c3                uip_ds6_route_num_routes
                0x00000000000184cd                uip_ds6_route_lookup
                0x00000000000184d7                uip_ds6_route_add
                0x00000000000184ea                uip_ds6_route_rm
                0x00000000000184f0                uip_ds6_route_rm_by_nexthop
                0x00000000000184f6                uip_ds6_defrt_head
                0x000000000001850f                uip_ds6_defrt_add
                0x00000000000185bd                uip_ds6_defrt_rm
                0x0000000000018623                uip_ds6_defrt_lookup
                0x000000000001868a                uip_ds6_defrt_choose
                0x0000000000018700                uip_ds6_defrt_periodic
 .text          0x000000000001877b      0x70e build/cooja/mtype214.a(psock.o)
                0x0000000000018a95                psock_send
                0x0000000000018b1b                psock_generator_send
                0x0000000000018c29                psock_datalen
                0x0000000000018c41                psock_newdata
                0x0000000000018c8f                psock_readto
                0x0000000000018d5e                psock_readbuf_len
                0x0000000000018e45                psock_init
 .text          0x0000000000018e89      0xa85 build/cooja/mtype214.a(tcpip.o)
                0x0000000000018ea3                tcpip_output
                0x0000000000018f84                tcp_connect
                0x0000000000018fdc                tcp_unlisten
                0x000000000001903c                tcp_listen
                0x000000000001909a                tcp_attach
                0x00000000000190b2                udp_attach
                0x00000000000190ca                udp_new
                0x0000000000019114                udp_broadcast_new
                0x0000000000019399                tcpip_input
                0x0000000000019565                tcpip_ipv6_output
                0x0000000000019759                tcpip_poll_udp
                0x0000000000019777                tcpip_poll_tcp
                0x0000000000019795                tcpip_uipcall
 .text          0x000000000001990e     0x2d5b build/cooja/mtype214.a(uip6.o)
                0x000000000001990e                uip_add32
                0x0000000000019aa8                uip_chksum
                0x0000000000019b7f                uip_icmp6chksum
                0x0000000000019b94                uip_tcpchksum
                0x0000000000019ba9                uip_udpchksum
                0x0000000000019bbe                uip_init
                0x0000000000019c4e                uip_connect
                0x0000000000019dd7                uip_remove_ext_hdr
                0x0000000000019eb1                uip_udp_new
                0x0000000000019fd3                uip_unlisten
                0x000000000001a015                uip_listen
                0x000000000001a2ad                uip_process
                0x000000000001c543                uip_htons
                0x000000000001c565                uip_htonl
                0x000000000001c5a3                uip_send
 .text          0x000000000001c669      0x369 build/cooja/mtype214.a(uip-ds6-nbr.o)
                0x000000000001c669                uip_ds6_neighbors_init
                0x000000000001c68d                uip_ds6_nbr_add
                0x000000000001c713                uip_ds6_nbr_rm
                0x000000000001c75e                uip_ds6_nbr_update_ll
                0x000000000001c84c                uip_ds6_nbr_get_ipaddr
                0x000000000001c861                uip_ds6_nbr_get_ll
                0x000000000001c87d                uip_ds6_nbr_num
                0x000000000001c8c6                uip_ds6_nbr_head
                0x000000000001c8df                uip_ds6_nbr_next
                0x000000000001c8fb                uip_ds6_nbr_lookup
                0x000000000001c953                uip_ds6_nbr_ll_lookup
                0x000000000001c96f                uip_ds6_nbr_ipaddr_from_lladdr
                0x000000000001c998                uip_ds6_nbr_lladdr_from_ipaddr
                0x000000000001c9cc                uip_ds6_link_callback
 .text          0x000000000001c9d2      0x6a7 build/cooja/mtype214.a(uip-nd6.o)
                0x000000000001d060                uip_nd6_init
 .text          0x000000000001d079      0x3b0 build/cooja/mtype214.a(simple-udp.o)
                0x000000000001d0a6                simple_udp_send
                0x000000000001d109                simple_udp_sendto
                0x000000000001d164                simple_udp_sendto_port
                0x000000000001d1bd                simple_udp_register
 .text          0x000000000001d429     0x2c17 build/cooja/mtype214.a(sicslowpan.o)
                0x000000000001da30                netstack_sniffer_add
                0x000000000001da3e                netstack_sniffer_remove
                0x0000000000020014                sicslowpan_init
                0x0000000000020036                sicslowpan_get_last_rssi
 .text          0x0000000000020040      0x4d1 build/cooja/mtype214.a(uiplib.o)
                0x0000000000020040                uiplib_ip6addrconv
                0x00000000000201f8                uiplib_ip4addrconv
                0x00000000000202bb                uiplib_ipaddr_print
                0x000000000002030e                uiplib_ipaddr_snprint
 .text          0x0000000000020511      0x4c9 build/cooja/mtype214.a(rpl.o)
                0x0000000000020511                rpl_lollipop_greater_than
                0x000000000002056b                rpl_get_global_address
                0x0000000000020663                rpl_link_callback
                0x00000000000206a7                rpl_has_joined
                0x00000000000206cc                rpl_is_reachable
                0x000000000002074d                rpl_reset_prefix
                0x00000000000207b7                rpl_set_prefix_from_addr
                0x000000000002089c                rpl_set_prefix
                0x00000000000209b6                rpl_set_leaf_only
                0x00000000000209ce                rpl_get_leaf_only
 .text          0x00000000000209da     0x138c build/cooja/mtype214.a(rpl-icmp6.o)
                0x0000000000020aff                rpl_icmp6_update_nbr_table
                0x0000000000020b88                rpl_icmp6_dis_output
                0x00000000000211ce                rpl_icmp6_dio_output
                0x00000000000219cc                rpl_icmp6_dao_output
                0x0000000000021cad                rpl_icmp6_dao_ack_output
                0x0000000000021d1d                rpl_icmp6_init
 .text          0x0000000000021d66      0x264 build/cooja/mtype214.a(rpl-dag-root.o)
                0x0000000000021d66                rpl_dag_root_print_links
                0x0000000000021e92                rpl_dag_root_set_prefix
                0x0000000000021ebe                rpl_dag_root_start
                0x0000000000021f9b                rpl_dag_root_is_root
 .text          0x0000000000021fca      0x1fe build/cooja/mtype214.a(slip-bridge.o)
                0x0000000000021fca                request_prefix
 .text          0x00000000000221c8      0x68a build/cooja/mtype214.a(slip.o)
                0x00000000000221c8                slip_set_input_callback
                0x00000000000221d6                slip_send
                0x00000000000221fa                slip_write
                0x0000000000022710                slip_input_byte
 .text          0x0000000000022852       0x30 build/cooja/mtype214.a(watchdog.o)
                0x0000000000022852                watchdog_init
                0x0000000000022858                watchdog_start
                0x000000000002285e                watchdog_periodic
                0x0000000000022876                watchdog_stop
                0x000000000002287c                watchdog_reboot
 .text          0x0000000000022882       0x4a build/cooja/mtype214.a(int-master.o)
                0x0000000000022882                int_master_enable
                0x0000000000022892                int_master_read_and_disable
                0x00000000000228af                int_master_status_set
                0x00000000000228bd                int_master_is_enabled
 .text          0x00000000000228cc       0x19 build/cooja/mtype214.a(slip-arch.o)
                0x00000000000228cc                slip_arch_init
 .text          0x00000000000228e5      0x606 build/cooja/mtype214.a(httpd-simple.o)
                0x0000000000022d23                httpd_appcall
                0x0000000000022ec2                httpd_init
 .text          0x0000000000022eeb      0x11a build/cooja/mtype214.a(rpl-border-rout)
                0x0000000000022eeb                print_local_addresses
                0x0000000000022fc1                set_prefix_64
                0x0000000000022fea                rpl_border_router_init
 .text          0x0000000000023005       0xc7 build/cooja/mtype214.a(stimer.o)
                0x0000000000023005                stimer_set
                0x0000000000023023                stimer_reset
                0x0000000000023050                stimer_restart
                0x0000000000023065                stimer_expired
                0x0000000000023090                stimer_remaining
                0x00000000000230b4                stimer_elapsed
 .text          0x00000000000230cc      0x156 build/cooja/mtype214.a(ringbuf.o)
                0x00000000000230cc                ringbuf_init
                0x00000000000230fe                ringbuf_put
                0x000000000002317c                ringbuf_get
                0x00000000000231e9                ringbuf_size
                0x00000000000231fb                ringbuf_elements
 .text          0x0000000000023222      0x1b5 build/cooja/mtype214.a(memb.o)
                0x0000000000023222                memb_init
                0x0000000000023277                memb_alloc
                0x00000000000232da                memb_free
                0x0000000000023351                memb_inmemb
                0x0000000000023390                memb_numfree
 .text          0x00000000000233d7       0x1f build/cooja/mtype214.a(assert.o)
                0x00000000000233d7                _xassert
 .text          0x00000000000233f6      0x79b build/cooja/mtype214.a(nbr-table.o)
                0x000000000002386f                nbr_table_register
                0x00000000000238dc                nbr_table_is_registered
                0x0000000000023917                nbr_table_head
                0x0000000000023972                nbr_table_next
                0x00000000000239d3                nbr_table_add_lladdr
                0x0000000000023aad                nbr_table_get_from_lladdr
                0x0000000000023af9                nbr_table_remove
                0x0000000000023b31                nbr_table_lock
                0x0000000000023b4b                nbr_table_unlock
                0x0000000000023b65                nbr_table_get_lladdr
 .text          0x0000000000023b91      0x3a5 build/cooja/mtype214.a(link-stats.o)
                0x0000000000023b91                link_stats_from_lladdr
                0x0000000000023bad                link_stats_get_lladdr
                0x0000000000023bc9                link_stats_is_fresh
                0x0000000000023c05                guess_etx_from_rssi
                0x0000000000023c81                link_stats_packet_sent
                0x0000000000023da1                link_stats_input_callback
                0x0000000000023eb1                link_stats_reset
                0x0000000000023f01                link_stats_init
 .text          0x0000000000023f36      0x187 build/cooja/mtype214.a(mac-sequence.o)
                0x0000000000023f36                mac_sequence_is_duplicate
                0x0000000000023fd6                mac_sequence_register_seqno
 .text          0x00000000000240bd       0x23 build/cooja/mtype214.a(mac.o)
                0x00000000000240bd                mac_call_sent_callback
 .text          0x00000000000240e0      0x432 build/cooja/mtype214.a(framer-802154.o)
                0x000000000002426f                framer_802154_setup_params
 .text          0x0000000000024512      0xb6f build/cooja/mtype214.a(frame802154.o)
                0x0000000000024543                frame802154_get_pan_id
                0x000000000002454f                frame802154_set_pan_id
                0x0000000000024569                frame802154_has_panid
                0x0000000000024718                frame802154_check_dest_panid
                0x00000000000247a0                frame802154_is_broadcast_addr
                0x00000000000247ed                frame802154_extract_linkaddr
                0x0000000000024a52                frame802154_hdrlen
                0x0000000000024ac5                frame802154_create_fcf
                0x0000000000024b7d                frame802154_create
                0x0000000000024cf2                frame802154_parse_fcf
                0x0000000000024dd4                frame802154_parse
 .text          0x0000000000025081       0x2d build/cooja/mtype214.a(csma-security.o)
                0x0000000000025081                csma_security_create_frame
                0x000000000002509f                csma_security_parse_frame
 .text          0x00000000000250ae      0x4e4 build/cooja/mtype214.a(uipbuf.o)
                0x00000000000250ae                uipbuf_clear
                0x00000000000250d5                uipbuf_add_ext_hdr
                0x0000000000025155                uipbuf_set_len
                0x0000000000025182                uipbuf_set_len_field
                0x00000000000251ae                uipbuf_get_len_field
                0x00000000000251ce                uipbuf_get_next_header
                0x0000000000025300                uipbuf_get_last_header
                0x0000000000025379                uipbuf_search_header
                0x000000000002542f                uipbuf_get_attr
                0x0000000000025456                uipbuf_set_attr
                0x000000000002548d                uipbuf_set_default_attr
                0x00000000000254c4                uipbuf_clear_attr
                0x00000000000254e8                uipbuf_set_attr_flag
                0x0000000000025509                uipbuf_clr_attr_flag
                0x0000000000025530                uipbuf_is_attr_flag
                0x0000000000025554                uipbuf_init
 .text          0x0000000000025592      0x73f build/cooja/mtype214.a(uip-icmp6.o)
                0x0000000000025607                uip_icmp6_input
                0x000000000002565e                uip_icmp6_register_input_handler
                0x00000000000257b1                uip_icmp6_error_output
                0x0000000000025a62                uip_icmp6_send
                0x0000000000025c59                uip_icmp6_echo_reply_callback_add
                0x0000000000025c8b                uip_icmp6_echo_reply_callback_rm
                0x0000000000025ca8                uip_icmp6_init
 .text          0x0000000000025cd1      0x146 build/cooja/mtype214.a(uip-packetqueue)
                0x0000000000025cff                uip_packetqueue_new
                0x0000000000025d0e                uip_packetqueue_alloc
                0x0000000000025d69                uip_packetqueue_free
                0x0000000000025db0                uip_packetqueue_buf
                0x0000000000025dcd                uip_packetqueue_buflen
                0x0000000000025dee                uip_packetqueue_set_buflen
 .text          0x0000000000025e17      0x128 build/cooja/mtype214.a(uip-udp-packet.)
                0x0000000000025e17                uip_udp_packet_send
                0x0000000000025e72                uip_udp_packet_sendto
 .text          0x0000000000025f3f      0x1b0 build/cooja/mtype214.a(rpl-nbr-policy.)
                0x00000000000260ac                rpl_nbr_policy_find_removable
 .text          0x00000000000260ef      0x915 build/cooja/mtype214.a(rpl-neighbor.o)
                0x000000000002616b                rpl_neighbor_snprint
                0x000000000002641e                rpl_neighbor_print_list
                0x00000000000264d3                rpl_neighbor_count
                0x000000000002657a                rpl_neighbor_get_from_lladdr
                0x0000000000026596                rpl_neighbor_is_acceptable_parent
                0x00000000000265ca                rpl_neighbor_get_link_metric
                0x00000000000265fe                rpl_neighbor_rank_via_nbr
                0x0000000000026632                rpl_neighbor_get_lladdr
                0x000000000002664e                rpl_neighbor_get_ipaddr
                0x0000000000026675                rpl_neighbor_get_link_stats
                0x000000000002669c                rpl_neighbor_is_fresh
                0x00000000000266c3                rpl_neighbor_is_reachable
                0x000000000002670e                rpl_neighbor_is_parent
                0x0000000000026738                rpl_neighbor_set_preferred_parent
                0x00000000000267cf                rpl_neighbor_remove_all
                0x000000000002682b                rpl_neighbor_get_from_ipaddr
                0x0000000000026939                rpl_neighbor_select_best
                0x00000000000269e5                rpl_neighbor_init
 .text          0x0000000000026a04      0xe69 build/cooja/mtype214.a(rpl-dag.o)
                0x0000000000026a04                rpl_dag_state_to_str
                0x0000000000026a43                rpl_dag_get_root_ipaddr
                0x0000000000026a8b                rpl_dag_leave
                0x0000000000026b14                rpl_dag_poison_and_leave
                0x0000000000026b2c                rpl_dag_periodic
                0x0000000000026bb4                rpl_is_addr_in_our_dag
                0x0000000000026bf8                rpl_get_default_instance
                0x0000000000026c14                rpl_get_any_dag
                0x0000000000026c6d                rpl_refresh_routes
                0x0000000000026cad                rpl_global_repair
                0x0000000000026d46                rpl_local_repair
                0x0000000000026d90                rpl_dag_ready_to_advertise
                0x0000000000026dd3                rpl_dag_update_state
                0x0000000000027500                rpl_process_dio
                0x000000000002757e                rpl_process_dis
                0x00000000000275c3                rpl_process_dao
                0x0000000000027652                rpl_process_dao_ack
                0x00000000000276e9                rpl_process_hbh
                0x0000000000027739                rpl_dag_init_root
                0x000000000002784d                rpl_dag_init
 .text          0x000000000002786d      0x9e7 build/cooja/mtype214.a(rpl-timers.o)
                0x000000000002786d                rpl_timers_schedule_periodic_dis
                0x00000000000279bb                rpl_timers_dio_reset
                0x0000000000027ac9                rpl_timers_schedule_unicast_dio
                0x0000000000027c1d                rpl_timers_schedule_dao
                0x0000000000027cdc                rpl_timers_schedule_dao_ack
                0x0000000000027d62                rpl_timers_notify_dao_ack
                0x0000000000027dc0                get_probing_delay
                0x0000000000027df4                get_probing_target
                0x0000000000027fde                rpl_schedule_probing
                0x000000000002800c                rpl_schedule_probing_now
                0x0000000000028076                rpl_timers_unschedule_leaving
                0x00000000000280ae                rpl_timers_schedule_leaving
                0x00000000000280ef                rpl_timers_init
                0x000000000002817f                rpl_timers_stop_dag_timers
                0x00000000000281f8                rpl_timers_unschedule_state_update
                0x000000000002821c                rpl_timers_schedule_state_update
 .text          0x0000000000028254      0xb8e build/cooja/mtype214.a(rpl-ext-header.)
                0x0000000000028254                rpl_ext_header_srh_get_next_hop
                0x000000000002833b                rpl_ext_header_srh_update
                0x00000000000288a7                rpl_ext_header_hbh_update
                0x0000000000028ba7                rpl_ext_header_update
                0x0000000000028c30                rpl_ext_header_remove
 .text          0x0000000000028de2      0x31b build/cooja/mtype214.a(rpl-mrhof.o)
 .text          0x00000000000290fd      0x1d8 build/cooja/mtype214.a(border-router-e)
 .text          0x00000000000292d5        0x0 /usr/lib/gcc/i686-linux-gnu/5/crtendS.o
 .text          0x00000000000292d5        0x0 /usr/lib/gcc/i686-linux-gnu/5/../../../i386-linux-gnu/crtn.o
 *(.gnu.warning)

.fini           0x00000000000292d8       0x14
 *(SORT(.fini))
 .fini          0x00000000000292d8        0xf /usr/lib/gcc/i686-linux-gnu/5/../../../i386-linux-gnu/crti.o
                0x00000000000292d8                _fini
 .fini          0x00000000000292e7        0x5 /usr/lib/gcc/i686-linux-gnu/5/../../../i386-linux-gnu/crtn.o
                [!provide]                        PROVIDE (__etext, .)
                [!provide]                        PROVIDE (_etext, .)
                [!provide]                        PROVIDE (etext, .)

.rodata         0x0000000000029300      0xade
 *(.rodata .rodata.* .gnu.linkonce.r.*)
 .rodata        0x0000000000029300       0x76 border-router.o
                0x000000000002934c                autostart_processes
 *fill*         0x0000000000029376        0x2 
 .rodata        0x0000000000029378        0x8 build/cooja/mtype214.a(beep.o)
                0x0000000000029378                beep_interface
 .rodata        0x0000000000029380        0xe build/cooja/mtype214.a(leds-arch.o)
                0x0000000000029380                leds_interface
                0x0000000000029388                leds_arch_leds
 *fill*         0x000000000002938e        0x2 
 .rodata        0x0000000000029390        0x8 build/cooja/mtype214.a(moteid.o)
                0x0000000000029390                moteid_interface
 .rodata        0x0000000000029398       0x1c build/cooja/mtype214.a(pir-sensor.o)
                0x0000000000029398                pir_interface
                0x00000000000293a4                pir_sensor
 .rodata        0x00000000000293b4        0xe build/cooja/mtype214.a(rs232.o)
                0x00000000000293b4                rs232_interface
 *fill*         0x00000000000293c2        0x2 
 .rodata        0x00000000000293c4       0x24 build/cooja/mtype214.a(vib-sensor.o)
                0x00000000000293c4                vib_interface
                0x00000000000293d8                vib_sensor
 .rodata        0x00000000000293e8        0x8 build/cooja/mtype214.a(clock.o)
                0x00000000000293e8                clock_interface
 .rodata        0x00000000000293f0        0x8 build/cooja/mtype214.a(cooja-log.o)
                0x00000000000293f0                simlog_interface
 .rodata        0x00000000000293f8       0x2f build/cooja/mtype214.a(cfs-cooja.o)
                0x00000000000293f8                cfs_interface
 *fill*         0x0000000000029427       0x19 
 .rodata        0x0000000000029440       0xb8 build/cooja/mtype214.a(cooja-radio.o)
                0x0000000000029440                radio_interface
                0x00000000000294c0                cooja_radio_driver
 .rodata        0x00000000000294f8        0x8 build/cooja/mtype214.a(eeprom.o)
                0x00000000000294f8                eeprom_interface
 .rodata        0x0000000000029500        0x8 build/cooja/mtype214.a(sensors.o)
 .rodata        0x0000000000029508       0x2c build/cooja/mtype214.a(buttons.o)
                0x0000000000029508                button_interface
                0x000000000002951c                button_hal_button_count
                0x0000000000029524                button_sensor
 .rodata        0x0000000000029534       0xc3 build/cooja/mtype214.a(webserver.o)
 *fill*         0x00000000000295f7        0x1 
 .rodata        0x00000000000295f8       0xf8 build/cooja/mtype214.a(contiki-main.o)
 .rodata        0x00000000000296f0        0xf build/cooja/mtype214.a(ctimer.o)
 *fill*         0x00000000000296ff        0x1 
 .rodata        0x0000000000029700       0xc4 build/cooja/mtype214.a(log.o)
 .rodata        0x00000000000297c4        0xc build/cooja/mtype214.a(etimer.o)
 .rodata        0x00000000000297d0       0x13 build/cooja/mtype214.a(button-hal.o)
 .rodata        0x00000000000297e3        0xe build/cooja/mtype214.a(serial-line.o)
 *fill*         0x00000000000297f1        0x3 
 .rodata        0x00000000000297f4        0x8 build/cooja/mtype214.a(linkaddr.o)
                0x00000000000297f4                linkaddr_null
 .rodata        0x00000000000297fc       0x24 build/cooja/mtype214.a(csma.o)
                0x0000000000029804                csma_driver
 .rodata        0x0000000000029820       0x2a build/cooja/mtype214.a(csma-output.o)
 .rodata        0x000000000002984a       0x44 build/cooja/mtype214.a(uip-sr.o)
 *fill*         0x000000000002988e        0x2 
 .rodata        0x0000000000029890       0x4d build/cooja/mtype214.a(uip-ds6-route.o)
 .rodata        0x00000000000298dd        0xd build/cooja/mtype214.a(tcpip.o)
 *fill*         0x00000000000298ea        0x2 
 .rodata        0x00000000000298ec       0x48 build/cooja/mtype214.a(uip6.o)
 .rodata        0x0000000000029934       0x13 build/cooja/mtype214.a(simple-udp.o)
 *fill*         0x0000000000029947        0x1 
 .rodata        0x0000000000029948       0x30 build/cooja/mtype214.a(sicslowpan.o)
                0x0000000000029948                unc_llconf
                0x000000000002994c                unc_ctxconf
                0x0000000000029950                unc_mxconf
                0x0000000000029954                llprefix
                0x0000000000029968                sicslowpan_driver
 .rodata        0x0000000000029978       0x2d build/cooja/mtype214.a(uiplib.o)
 *fill*         0x00000000000299a5       0x1b 
 .rodata        0x00000000000299c0       0x74 build/cooja/mtype214.a(rpl.o)
                0x00000000000299e0                rpl_lite_driver
 .rodata        0x0000000000029a34       0x1c build/cooja/mtype214.a(slip-bridge.o)
                0x0000000000029a48                rpl_interface
 .rodata        0x0000000000029a50        0xc build/cooja/mtype214.a(slip.o)
 *fill*         0x0000000000029a5c        0x4 
 .rodata        0x0000000000029a60      0x154 build/cooja/mtype214.a(httpd-simple.o)
                0x0000000000029abc                http_content_type_html
                0x0000000000029ae0                http_header_200
                0x0000000000029b40                http_header_404
                0x0000000000029ba0                http_get
                0x0000000000029ba8                http_index_html
 .rodata        0x0000000000029bb4       0x34 build/cooja/mtype214.a(rpl-border-rout)
 .rodata        0x0000000000029be8       0x25 build/cooja/mtype214.a(assert.o)
 *fill*         0x0000000000029c0d        0x3 
 .rodata        0x0000000000029c10        0xc build/cooja/mtype214.a(framer-802154.o)
                0x0000000000029c10                framer_802154
 .rodata        0x0000000000029c1c       0x58 build/cooja/mtype214.a(rpl-neighbor.o)
 .rodata        0x0000000000029c74       0xdb build/cooja/mtype214.a(rpl-dag.o)
 .rodata        0x0000000000029d4f        0xc build/cooja/mtype214.a(rpl-timers.o)
 .rodata        0x0000000000029d5b       0x83 build/cooja/mtype214.a(border-router-e)

.rodata1
 *(.rodata1)

.eh_frame_hdr   0x0000000000029de0     0x178c
 *(.eh_frame_hdr)
 .eh_frame_hdr  0x0000000000029de0     0x178c border-router.o
                0x0000000000029de0                __GNU_EH_FRAME_HDR
 *(.eh_frame_entry .eh_frame_entry.*)

.eh_frame       0x000000000002b56c     0x5f50
 *(.eh_frame)
 .eh_frame      0x000000000002b56c       0x3c /usr/lib/gcc/i686-linux-gnu/5/../../../i386-linux-gnu/crti.o
                                         0x40 (size before relaxing)
 .eh_frame      0x000000000002b5a8       0x40 border-router.o
                                         0x58 (size before relaxing)
 .eh_frame      0x000000000002b5e8      0x178 build/cooja/mtype214.o
                                        0x190 (size before relaxing)
 .eh_frame      0x000000000002b760       0x40 build/cooja/mtype214.a(simEnvChange.o)
                                         0x58 (size before relaxing)
 .eh_frame      0x000000000002b7a0       0x60 build/cooja/mtype214.a(cooja_mt.o)
                                         0x78 (size before relaxing)
 .eh_frame      0x000000000002b800       0x80 build/cooja/mtype214.a(cooja_mtarch.o)
                                         0x98 (size before relaxing)
 .eh_frame      0x000000000002b880       0xc8 build/cooja/mtype214.a(rtimer-arch.o)
                                         0xe0 (size before relaxing)
 .eh_frame      0x000000000002b948      0x160 build/cooja/mtype214.a(beep.o)
                                        0x178 (size before relaxing)
 .eh_frame      0x000000000002baa8       0x80 build/cooja/mtype214.a(leds-arch.o)
                                         0x98 (size before relaxing)
 .eh_frame      0x000000000002bb28       0x40 build/cooja/mtype214.a(moteid.o)
                                         0x58 (size before relaxing)
 .eh_frame      0x000000000002bb68       0xa0 build/cooja/mtype214.a(pir-sensor.o)
                                         0xb8 (size before relaxing)
 .eh_frame      0x000000000002bc08      0x100 build/cooja/mtype214.a(rs232.o)
                                        0x118 (size before relaxing)
 .eh_frame      0x000000000002bd08       0xa0 build/cooja/mtype214.a(vib-sensor.o)
                                         0xb8 (size before relaxing)
 .eh_frame      0x000000000002bda8       0xc0 build/cooja/mtype214.a(clock.o)
                                         0xd8 (size before relaxing)
 .eh_frame      0x000000000002be68      0x120 build/cooja/mtype214.a(cooja-log.o)
                                        0x138 (size before relaxing)
 .eh_frame      0x000000000002bf88      0x160 build/cooja/mtype214.a(cfs-cooja.o)
                                        0x178 (size before relaxing)
 .eh_frame      0x000000000002c0e8      0x340 build/cooja/mtype214.a(cooja-radio.o)
                                        0x358 (size before relaxing)
 .eh_frame      0x000000000002c428       0xa0 build/cooja/mtype214.a(eeprom.o)
                                         0xb8 (size before relaxing)
 .eh_frame      0x000000000002c4c8       0x40 build/cooja/mtype214.a(random.o)
                                         0x58 (size before relaxing)
 .eh_frame      0x000000000002c508       0xc0 build/cooja/mtype214.a(sensors.o)
                                         0xd8 (size before relaxing)
 .eh_frame      0x000000000002c5c8      0x120 build/cooja/mtype214.a(leds.o)
                                        0x138 (size before relaxing)
 .eh_frame      0x000000000002c6e8      0x220 build/cooja/mtype214.a(gpio-hal-arch.o)
                                        0x238 (size before relaxing)
 .eh_frame      0x000000000002c908       0xa0 build/cooja/mtype214.a(buttons.o)
                                         0xb8 (size before relaxing)
 .eh_frame      0x000000000002c9a8       0x80 build/cooja/mtype214.a(webserver.o)
                                         0x98 (size before relaxing)
 .eh_frame      0x000000000002ca28       0x30 build/cooja/mtype214.a(contiki-main.o)
                                         0x48 (size before relaxing)
 .eh_frame      0x000000000002ca58       0x40 build/cooja/mtype214.a(autostart.o)
                                         0x58 (size before relaxing)
 .eh_frame      0x000000000002ca98      0x100 build/cooja/mtype214.a(ctimer.o)
                                        0x118 (size before relaxing)
 .eh_frame      0x000000000002cb98      0x100 build/cooja/mtype214.a(log.o)
                                        0x118 (size before relaxing)
 .eh_frame      0x000000000002cc98       0x60 build/cooja/mtype214.a(energest.o)
                                         0x78 (size before relaxing)
 .eh_frame      0x000000000002ccf8      0x1e0 build/cooja/mtype214.a(etimer.o)
                                        0x1f8 (size before relaxing)
 .eh_frame      0x000000000002ced8       0x20 build/cooja/mtype214.a(node-id.o)
                                         0x38 (size before relaxing)
 .eh_frame      0x000000000002cef8       0x60 build/cooja/mtype214.a(rtimer.o)
                                         0x78 (size before relaxing)
 .eh_frame      0x000000000002cf58      0x1c4 build/cooja/mtype214.a(process.o)
                                        0x1dc (size before relaxing)
 .eh_frame      0x000000000002d11c       0xa4 build/cooja/mtype214.a(timer.o)
                                         0xbc (size before relaxing)
 .eh_frame      0x000000000002d1c0      0x1a0 build/cooja/mtype214.a(list.o)
                                        0x1b8 (size before relaxing)
 .eh_frame      0x000000000002d360      0x144 build/cooja/mtype214.a(button-hal.o)
                                        0x15c (size before relaxing)
 .eh_frame      0x000000000002d4a4       0x60 build/cooja/mtype214.a(serial-line.o)
                                         0x78 (size before relaxing)
 .eh_frame      0x000000000002d504       0xe0 build/cooja/mtype214.a(gpio-hal.o)
                                         0xf8 (size before relaxing)
 .eh_frame      0x000000000002d5e4      0x1a0 build/cooja/mtype214.a(queuebuf.o)
                                        0x1b8 (size before relaxing)
 .eh_frame      0x000000000002d784      0x28c build/cooja/mtype214.a(packetbuf.o)
                                        0x2a4 (size before relaxing)
 .eh_frame      0x000000000002da10       0x80 build/cooja/mtype214.a(netstack.o)
                                         0x98 (size before relaxing)
 .eh_frame      0x000000000002da90       0x60 build/cooja/mtype214.a(linkaddr.o)
                                         0x78 (size before relaxing)
 .eh_frame      0x000000000002daf0       0xe0 build/cooja/mtype214.a(csma.o)
                                         0xf8 (size before relaxing)
 .eh_frame      0x000000000002dbd0      0x1d0 build/cooja/mtype214.a(csma-output.o)
                                        0x1e8 (size before relaxing)
 .eh_frame      0x000000000002dda0      0x184 build/cooja/mtype214.a(uip-sr.o)
                                        0x19c (size before relaxing)
 .eh_frame      0x000000000002df24      0x328 build/cooja/mtype214.a(uip-ds6.o)
                                        0x340 (size before relaxing)
 .eh_frame      0x000000000002e24c      0x220 build/cooja/mtype214.a(uip-ds6-route.o)
                                        0x238 (size before relaxing)
 .eh_frame      0x000000000002e46c      0x18c build/cooja/mtype214.a(psock.o)
                                        0x1a4 (size before relaxing)
 .eh_frame      0x000000000002e5f8      0x308 build/cooja/mtype214.a(tcpip.o)
                                        0x320 (size before relaxing)
 .eh_frame      0x000000000002e900      0x2b4 build/cooja/mtype214.a(uip6.o)
                                        0x2cc (size before relaxing)
 .eh_frame      0x000000000002ebb4      0x1c0 build/cooja/mtype214.a(uip-ds6-nbr.o)
                                        0x1d8 (size before relaxing)
 .eh_frame      0x000000000002ed74       0x84 build/cooja/mtype214.a(uip-nd6.o)
                                         0x9c (size before relaxing)
 .eh_frame      0x000000000002edf8       0xd4 build/cooja/mtype214.a(simple-udp.o)
                                         0xec (size before relaxing)
 .eh_frame      0x000000000002eecc      0x2f8 build/cooja/mtype214.a(sicslowpan.o)
                                        0x310 (size before relaxing)
 .eh_frame      0x000000000002f1c4       0x88 build/cooja/mtype214.a(uiplib.o)
                                         0xa0 (size before relaxing)
 .eh_frame      0x000000000002f24c      0x1e0 build/cooja/mtype214.a(rpl.o)
                                        0x1f8 (size before relaxing)
 .eh_frame      0x000000000002f42c      0x1c4 build/cooja/mtype214.a(rpl-icmp6.o)
                                        0x1dc (size before relaxing)
 .eh_frame      0x000000000002f5f0       0xa0 build/cooja/mtype214.a(rpl-dag-root.o)
                                         0xb8 (size before relaxing)
 .eh_frame      0x000000000002f690       0x80 build/cooja/mtype214.a(slip-bridge.o)
                                         0x98 (size before relaxing)
 .eh_frame      0x000000000002f710       0xe0 build/cooja/mtype214.a(slip.o)
                                         0xf8 (size before relaxing)
 .eh_frame      0x000000000002f7f0       0xa0 build/cooja/mtype214.a(watchdog.o)
                                         0xb8 (size before relaxing)
 .eh_frame      0x000000000002f890       0x80 build/cooja/mtype214.a(int-master.o)
                                         0x98 (size before relaxing)
 .eh_frame      0x000000000002f910       0x20 build/cooja/mtype214.a(slip-arch.o)
                                         0x38 (size before relaxing)
 .eh_frame      0x000000000002f930       0xe0 build/cooja/mtype214.a(httpd-simple.o)
                                         0xf8 (size before relaxing)
 .eh_frame      0x000000000002fa10       0x60 build/cooja/mtype214.a(rpl-border-rout)
                                         0x78 (size before relaxing)
 .eh_frame      0x000000000002fa70       0xc4 build/cooja/mtype214.a(stimer.o)
                                         0xdc (size before relaxing)
 .eh_frame      0x000000000002fb34       0xa0 build/cooja/mtype214.a(ringbuf.o)
                                         0xb8 (size before relaxing)
 .eh_frame      0x000000000002fbd4       0xa0 build/cooja/mtype214.a(memb.o)
                                         0xb8 (size before relaxing)
 .eh_frame      0x000000000002fc74       0x20 build/cooja/mtype214.a(assert.o)
                                         0x38 (size before relaxing)
 .eh_frame      0x000000000002fc94      0x2ac build/cooja/mtype214.a(nbr-table.o)
                                        0x2c4 (size before relaxing)
 .eh_frame      0x000000000002ff40      0x120 build/cooja/mtype214.a(link-stats.o)
                                        0x138 (size before relaxing)
 .eh_frame      0x0000000000030060       0x48 build/cooja/mtype214.a(mac-sequence.o)
                                         0x60 (size before relaxing)
 .eh_frame      0x00000000000300a8       0x20 build/cooja/mtype214.a(mac.o)
                                         0x38 (size before relaxing)
 .eh_frame      0x00000000000300c8       0xa4 build/cooja/mtype214.a(framer-802154.o)
                                         0xbc (size before relaxing)
 .eh_frame      0x000000000003016c      0x1a4 build/cooja/mtype214.a(frame802154.o)
                                        0x1bc (size before relaxing)
 .eh_frame      0x0000000000030310       0x40 build/cooja/mtype214.a(csma-security.o)
                                         0x58 (size before relaxing)
 .eh_frame      0x0000000000030350      0x200 build/cooja/mtype214.a(uipbuf.o)
                                        0x218 (size before relaxing)
 .eh_frame      0x0000000000030550      0x150 build/cooja/mtype214.a(uip-icmp6.o)
                                        0x168 (size before relaxing)
 .eh_frame      0x00000000000306a0       0xe0 build/cooja/mtype214.a(uip-packetqueue)
                                         0xf8 (size before relaxing)
 .eh_frame      0x0000000000030780       0x40 build/cooja/mtype214.a(uip-udp-packet.)
                                         0x58 (size before relaxing)
 .eh_frame      0x00000000000307c0       0x80 build/cooja/mtype214.a(rpl-nbr-policy.)
                                         0x98 (size before relaxing)
 .eh_frame      0x0000000000030840      0x2d4 build/cooja/mtype214.a(rpl-neighbor.o)
                                        0x2ec (size before relaxing)
 .eh_frame      0x0000000000030b14      0x370 build/cooja/mtype214.a(rpl-dag.o)
                                        0x388 (size before relaxing)
 .eh_frame      0x0000000000030e84      0x3a8 build/cooja/mtype214.a(rpl-timers.o)
                                        0x3c0 (size before relaxing)
 .eh_frame      0x000000000003122c      0x124 build/cooja/mtype214.a(rpl-ext-header.)
                                        0x13c (size before relaxing)
 .eh_frame      0x0000000000031350      0x148 build/cooja/mtype214.a(rpl-mrhof.o)
                                        0x160 (size before relaxing)
 .eh_frame      0x0000000000031498       0x20 build/cooja/mtype214.a(border-router-e)
                                         0x38 (size before relaxing)
 .eh_frame      0x00000000000314b8        0x4 /usr/lib/gcc/i686-linux-gnu/5/crtendS.o
 *(.eh_frame.*)

.gcc_except_table
 *(.gcc_except_table .gcc_except_table.*)

.gnu_extab
 *(.gnu_extab*)

.exception_ranges
 *(.exception_ranges .exception_ranges*)
                0x0000000000032f10                . = DATA_SEGMENT_ALIGN (0x1000, 0x1000)

.eh_frame
 *(.eh_frame)
 *(.eh_frame.*)

.gnu_extab
 *(.gnu_extab)

.gcc_except_table
 *(.gcc_except_table .gcc_except_table.*)

.exception_ranges
 *(.exception_ranges .exception_ranges*)

.tdata
 *(.tdata .tdata.* .gnu.linkonce.td.*)

.tbss
 *(.tbss .tbss.* .gnu.linkonce.tb.*)
 *(.tcommon)

.preinit_array
 *(.preinit_array)

.init_array     0x0000000000032f10        0x4
 *(SORT(.init_array.*) SORT(.ctors.*))
 *(.init_array EXCLUDE_FILE(*crtend?.o *crtend.o *crtbegin?.o *crtbegin.o) .ctors)
 .init_array    0x0000000000032f10        0x4 /usr/lib/gcc/i686-linux-gnu/5/crtbeginS.o

.fini_array     0x0000000000032f14        0x4
 *(SORT(.fini_array.*) SORT(.dtors.*))
 *(.fini_array EXCLUDE_FILE(*crtend?.o *crtend.o *crtbegin?.o *crtbegin.o) .dtors)
 .fini_array    0x0000000000032f14        0x4 /usr/lib/gcc/i686-linux-gnu/5/crtbeginS.o

.ctors
 *crtbegin.o(.ctors)
 *crtbegin?.o(.ctors)
 *(EXCLUDE_FILE(*crtend?.o *crtend.o) .ctors)
 *(SORT(.ctors.*))
 *(.ctors)

.dtors
 *crtbegin.o(.dtors)
 *crtbegin?.o(.dtors)
 *(EXCLUDE_FILE(*crtend?.o *crtend.o) .dtors)
 *(SORT(.dtors.*))
 *(.dtors)

.jcr            0x0000000000032f18        0x4
 *(.jcr)
 .jcr           0x0000000000032f18        0x0 /usr/lib/gcc/i686-linux-gnu/5/crtbeginS.o
 .jcr           0x0000000000032f18        0x4 /usr/lib/gcc/i686-linux-gnu/5/crtendS.o

.data.rel.ro
 *(.data.rel.ro.local* .gnu.linkonce.d.rel.ro.local.*)
 *(.data.rel.ro .data.rel.ro.* .gnu.linkonce.d.rel.ro.*)

.dynamic        0x0000000000032f1c       0xd0
 *(.dynamic)
 .dynamic       0x0000000000032f1c       0xd0 /usr/lib/gcc/i686-linux-gnu/5/../../../i386-linux-gnu/crti.o
                0x0000000000032f1c                _DYNAMIC

.got            0x0000000000032fec       0x14
 *(.got)
 .got           0x0000000000032fec       0x14 /usr/lib/gcc/i686-linux-gnu/5/../../../i386-linux-gnu/crti.o
 *(.igot)
                0x0000000000033ff4                . = DATA_SEGMENT_RELRO_END (., (SIZEOF (.got.plt) >= 0xc)?0xc:0x0)

.got.plt        0x0000000000033000        0xc
 *(.got.plt)
 .got.plt       0x0000000000033000        0xc /usr/lib/gcc/i686-linux-gnu/5/../../../i386-linux-gnu/crti.o
                0x0000000000033000                _GLOBAL_OFFSET_TABLE_
 *(.igot.plt)

.data           0x0000000000033020      0x3f4
 *(.data .data.* .gnu.linkonce.d.*)
 .data          0x0000000000033020        0x0 /usr/lib/gcc/i686-linux-gnu/5/../../../i386-linux-gnu/crti.o
 .data          0x0000000000033020        0x0 /usr/lib/gcc/i686-linux-gnu/5/crtbeginS.o
 .data.rel.local
                0x0000000000033020        0x4 /usr/lib/gcc/i686-linux-gnu/5/crtbeginS.o
                0x0000000000033020                __dso_handle
 .data          0x0000000000033024       0x10 border-router.o
                0x0000000000033024                contiki_ng_br
 *fill*         0x0000000000033034        0xc 
 .data          0x0000000000033040       0x44 build/cooja/mtype214.o
                0x0000000000033040                simInterfaces
                0x0000000000033074                sensors
 .data          0x0000000000033084        0x0 build/cooja/mtype214.a(simEnvChange.o)
 .data          0x0000000000033084        0x0 build/cooja/mtype214.a(cooja_mt.o)
 .data          0x0000000000033084        0x0 build/cooja/mtype214.a(cooja_mtarch.o)
 .data          0x0000000000033084        0x0 build/cooja/mtype214.a(rtimer-arch.o)
 .data          0x0000000000033084        0x0 build/cooja/mtype214.a(beep.o)
 .data          0x0000000000033084        0x0 build/cooja/mtype214.a(leds-arch.o)
 .data          0x0000000000033084        0x0 build/cooja/mtype214.a(moteid.o)
 .data          0x0000000000033084        0x0 build/cooja/mtype214.a(pir-sensor.o)
 .data          0x0000000000033084        0x0 build/cooja/mtype214.a(rs232.o)
 .data          0x0000000000033084        0x0 build/cooja/mtype214.a(vib-sensor.o)
 .data          0x0000000000033084        0x0 build/cooja/mtype214.a(clock.o)
 .data          0x0000000000033084        0x0 build/cooja/mtype214.a(cooja-log.o)
 .data          0x0000000000033084        0x0 build/cooja/mtype214.a(cfs-cooja.o)
 .data          0x0000000000033084       0x2c build/cooja/mtype214.a(cooja-radio.o)
                0x0000000000033084                simRadioHWOn
                0x0000000000033088                simSignalStrength
                0x000000000003308c                simLastSignalStrength
                0x0000000000033090                simPower
                0x0000000000033094                simRadioChannel
                0x0000000000033098                simLQI
                0x00000000000330a0                cooja_radio_process
 .data          0x00000000000330b0        0x0 build/cooja/mtype214.a(eeprom.o)
 .data          0x00000000000330b0        0x0 build/cooja/mtype214.a(random.o)
 .data          0x00000000000330b0       0x10 build/cooja/mtype214.a(sensors.o)
                0x00000000000330b0                sensors_process
 .data          0x00000000000330c0        0x0 build/cooja/mtype214.a(leds.o)
 .data          0x00000000000330c0        0x0 build/cooja/mtype214.a(gpio-hal-arch.o)
 .data          0x00000000000330c0       0x78 build/cooja/mtype214.a(buttons.o)
                0x00000000000330c0                simButtonIsActive
                0x0000000000033130                button_hal_buttons
 .data          0x0000000000033138       0x18 build/cooja/mtype214.a(webserver.o)
                0x0000000000033140                webserver_nogui_process
 .data          0x0000000000033150        0x0 build/cooja/mtype214.a(contiki-main.o)
 .data          0x0000000000033150        0x0 build/cooja/mtype214.a(autostart.o)
 .data          0x0000000000033150       0x14 build/cooja/mtype214.a(ctimer.o)
                0x0000000000033154                ctimer_process
 *fill*         0x0000000000033164       0x1c 
 .data          0x0000000000033180       0xbc build/cooja/mtype214.a(log.o)
                0x0000000000033180                curr_log_level_main
                0x00000000000331a0                all_modules
 .data          0x000000000003323c        0x0 build/cooja/mtype214.a(energest.o)
 .data          0x000000000003323c       0x10 build/cooja/mtype214.a(etimer.o)
                0x000000000003323c                etimer_process
 .data          0x000000000003324c        0x0 build/cooja/mtype214.a(node-id.o)
 .data          0x000000000003324c        0x0 build/cooja/mtype214.a(rtimer.o)
 .data          0x000000000003324c        0x0 build/cooja/mtype214.a(process.o)
 .data          0x000000000003324c        0x0 build/cooja/mtype214.a(timer.o)
 .data          0x000000000003324c        0x0 build/cooja/mtype214.a(list.o)
 .data          0x000000000003324c       0x10 build/cooja/mtype214.a(button-hal.o)
                0x000000000003324c                button_hal_process
 .data          0x000000000003325c       0x10 build/cooja/mtype214.a(serial-line.o)
                0x000000000003325c                serial_line_process
 .data          0x000000000003326c        0x4 build/cooja/mtype214.a(gpio-hal.o)
 .data          0x0000000000033270       0x18 build/cooja/mtype214.a(queuebuf.o)
 .data          0x0000000000033288        0x4 build/cooja/mtype214.a(packetbuf.o)
 .data          0x000000000003328c        0x4 build/cooja/mtype214.a(netstack.o)
 .data          0x0000000000033290        0x0 build/cooja/mtype214.a(linkaddr.o)
 .data          0x0000000000033290        0x0 build/cooja/mtype214.a(csma.o)
 .data          0x0000000000033290       0x28 build/cooja/mtype214.a(csma-output.o)
 .data          0x00000000000332b8       0x10 build/cooja/mtype214.a(uip-sr.o)
 .data          0x00000000000332c8        0x0 build/cooja/mtype214.a(uip-ds6.o)
 .data          0x00000000000332c8       0x10 build/cooja/mtype214.a(uip-ds6-route.o)
 .data          0x00000000000332d8        0x0 build/cooja/mtype214.a(psock.o)
 .data          0x00000000000332d8       0x10 build/cooja/mtype214.a(tcpip.o)
                0x00000000000332d8                tcpip_process
 .data          0x00000000000332e8        0x0 build/cooja/mtype214.a(uip6.o)
 .data          0x00000000000332e8       0x14 build/cooja/mtype214.a(uip-ds6-nbr.o)
 .data          0x00000000000332fc        0xc build/cooja/mtype214.a(uip-nd6.o)
 .data          0x0000000000033308       0x10 build/cooja/mtype214.a(simple-udp.o)
                0x0000000000033308                simple_udp_process
 .data          0x0000000000033318        0x0 build/cooja/mtype214.a(sicslowpan.o)
 .data          0x0000000000033318        0x0 build/cooja/mtype214.a(uiplib.o)
 .data          0x0000000000033318        0x0 build/cooja/mtype214.a(rpl.o)
 .data          0x0000000000033318       0x30 build/cooja/mtype214.a(rpl-icmp6.o)
 .data          0x0000000000033348        0x0 build/cooja/mtype214.a(rpl-dag-root.o)
 .data          0x0000000000033348        0x0 build/cooja/mtype214.a(slip-bridge.o)
 .data          0x0000000000033348       0x10 build/cooja/mtype214.a(slip.o)
                0x0000000000033348                slip_process
 .data          0x0000000000033358        0x0 build/cooja/mtype214.a(watchdog.o)
 .data          0x0000000000033358        0x0 build/cooja/mtype214.a(int-master.o)
 .data          0x0000000000033358        0x0 build/cooja/mtype214.a(slip-arch.o)
 .data          0x0000000000033358       0x10 build/cooja/mtype214.a(httpd-simple.o)
 .data          0x0000000000033368        0x0 build/cooja/mtype214.a(rpl-border-rout)
 .data          0x0000000000033368        0x0 build/cooja/mtype214.a(stimer.o)
 .data          0x0000000000033368        0x0 build/cooja/mtype214.a(ringbuf.o)
 .data          0x0000000000033368        0x0 build/cooja/mtype214.a(memb.o)
 .data          0x0000000000033368        0x0 build/cooja/mtype214.a(assert.o)
 .data          0x0000000000033368       0x10 build/cooja/mtype214.a(nbr-table.o)
 .data          0x0000000000033378       0x14 build/cooja/mtype214.a(link-stats.o)
 .data          0x000000000003338c        0x0 build/cooja/mtype214.a(mac-sequence.o)
 .data          0x000000000003338c        0x0 build/cooja/mtype214.a(mac.o)
 .data          0x000000000003338c        0x0 build/cooja/mtype214.a(framer-802154.o)
 .data          0x000000000003338c        0x2 build/cooja/mtype214.a(frame802154.o)
 .data          0x000000000003338e        0x0 build/cooja/mtype214.a(csma-security.o)
 .data          0x000000000003338e        0x0 build/cooja/mtype214.a(uipbuf.o)
 *fill*         0x000000000003338e        0x2 
 .data          0x0000000000033390       0x20 build/cooja/mtype214.a(uip-icmp6.o)
 .data          0x00000000000333b0        0xc build/cooja/mtype214.a(uip-packetqueue)
 .data          0x00000000000333bc        0x0 build/cooja/mtype214.a(uip-udp-packet.)
 .data          0x00000000000333bc        0x0 build/cooja/mtype214.a(rpl-nbr-policy.)
 .data          0x00000000000333bc       0x14 build/cooja/mtype214.a(rpl-neighbor.o)
                0x00000000000333cc                rpl_neighbors
 .data          0x00000000000333d0        0x0 build/cooja/mtype214.a(rpl-dag.o)
 .data          0x00000000000333d0        0x0 build/cooja/mtype214.a(rpl-timers.o)
 .data          0x00000000000333d0        0x0 build/cooja/mtype214.a(rpl-ext-header.)
 *fill*         0x00000000000333d0       0x10 
 .data          0x00000000000333e0       0x24 build/cooja/mtype214.a(rpl-mrhof.o)
                0x00000000000333e0                rpl_mrhof
 .data          0x0000000000033404       0x10 build/cooja/mtype214.a(border-router-e)
                0x0000000000033404                border_router_process
 .data          0x0000000000033414        0x0 /usr/lib/gcc/i686-linux-gnu/5/crtendS.o
 .data          0x0000000000033414        0x0 /usr/lib/gcc/i686-linux-gnu/5/../../../i386-linux-gnu/crtn.o

.tm_clone_table
                0x0000000000033414        0x0
 .tm_clone_table
                0x0000000000033414        0x0 /usr/lib/gcc/i686-linux-gnu/5/crtbeginS.o
 .tm_clone_table
                0x0000000000033414        0x0 /usr/lib/gcc/i686-linux-gnu/5/crtendS.o

.data1
 *(.data1)
                0x0000000000033414                _edata = .
                [!provide]                        PROVIDE (edata, .)
                0x0000000000033414                . = .
                0x0000000000033414                __bss_start = .

.bss            0x0000000000033420    0x14784
 *(.dynbss)
 .dynbss        0x0000000000033420        0x0 /usr/lib/gcc/i686-linux-gnu/5/../../../i386-linux-gnu/crti.o
 *(.bss .bss.* .gnu.linkonce.b.*)
 .bss           0x0000000000033420        0x0 /usr/lib/gcc/i686-linux-gnu/5/../../../i386-linux-gnu/crti.o
 .bss           0x0000000000033420        0x1 /usr/lib/gcc/i686-linux-gnu/5/crtbeginS.o
 *fill*         0x0000000000033421       0x1f 
 .bss           0x0000000000033440       0x24 border-router.o
 *fill*         0x0000000000033464       0x1c 
 .bss           0x0000000000033480     0x2030 build/cooja/mtype214.o
 .bss           0x00000000000354b0        0x1 build/cooja/mtype214.a(simEnvChange.o)
                0x00000000000354b0                simDontFallAsleep
 *fill*         0x00000000000354b1        0x3 
 .bss           0x00000000000354b4        0x4 build/cooja/mtype214.a(cooja_mt.o)
 .bss           0x00000000000354b8        0x4 build/cooja/mtype214.a(cooja_mtarch.o)
 .bss           0x00000000000354bc        0x0 build/cooja/mtype214.a(rtimer-arch.o)
 .bss           0x00000000000354bc        0x0 build/cooja/mtype214.a(beep.o)
 .bss           0x00000000000354bc        0x1 build/cooja/mtype214.a(leds-arch.o)
                0x00000000000354bc                simLedsValue
 .bss           0x00000000000354bd        0x0 build/cooja/mtype214.a(moteid.o)
 .bss           0x00000000000354bd        0x1 build/cooja/mtype214.a(pir-sensor.o)
                0x00000000000354bd                simPirValue
 *fill*         0x00000000000354be        0x2 
 .bss           0x00000000000354c0        0x4 build/cooja/mtype214.a(rs232.o)
 .bss           0x00000000000354c4        0x1 build/cooja/mtype214.a(vib-sensor.o)
                0x00000000000354c4                simVibValue
 .bss           0x00000000000354c5        0x0 build/cooja/mtype214.a(clock.o)
 *fill*         0x00000000000354c5       0x1b 
 .bss           0x00000000000354e0     0x2020 build/cooja/mtype214.a(cooja-log.o)
 .bss           0x0000000000037500      0xfc0 build/cooja/mtype214.a(cfs-cooja.o)
                0x0000000000037500                simCFSData
                0x00000000000384a0                simCFSSize
                0x00000000000384a4                simCFSChanged
                0x00000000000384a8                simCFSRead
                0x00000000000384ac                simCFSWritten
 .bss           0x00000000000384c0       0x24 build/cooja/mtype214.a(cooja-radio.o)
                0x00000000000384c0                simReceiving
                0x00000000000384c4                simInSize
                0x00000000000384c8                simLastPacketTimestamp
                0x00000000000384d0                simOutSize
 .bss           0x00000000000384e4        0xc build/cooja/mtype214.a(eeprom.o)
                0x00000000000384e4                simEEPROMChanged
                0x00000000000384e8                simEEPROMRead
                0x00000000000384ec                simEEPROMWritten
 .bss           0x00000000000384f0        0x0 build/cooja/mtype214.a(random.o)
 .bss           0x00000000000384f0        0xc build/cooja/mtype214.a(sensors.o)
 .bss           0x00000000000384fc        0x0 build/cooja/mtype214.a(leds.o)
 .bss           0x00000000000384fc       0x24 build/cooja/mtype214.a(gpio-hal-arch.o)
 .bss           0x0000000000038520        0x0 build/cooja/mtype214.a(buttons.o)
 .bss           0x0000000000038520      0x10c build/cooja/mtype214.a(webserver.o)
 .bss           0x000000000003862c        0x0 build/cooja/mtype214.a(contiki-main.o)
 .bss           0x000000000003862c        0x0 build/cooja/mtype214.a(autostart.o)
 .bss           0x000000000003862c        0x5 build/cooja/mtype214.a(ctimer.o)
 *fill*         0x0000000000038631        0x3 
 .bss           0x0000000000038634       0x2c build/cooja/mtype214.a(log.o)
                0x0000000000038634                curr_log_level_rpl
                0x0000000000038638                curr_log_level_tcpip
                0x000000000003863c                curr_log_level_ipv6
                0x0000000000038640                curr_log_level_6lowpan
                0x0000000000038644                curr_log_level_nullnet
                0x0000000000038648                curr_log_level_mac
                0x000000000003864c                curr_log_level_framer
                0x0000000000038650                curr_log_level_6top
                0x0000000000038654                curr_log_level_coap
                0x0000000000038658                curr_log_level_snmp
                0x000000000003865c                curr_log_level_lwm2m
 .bss           0x0000000000038660        0x0 build/cooja/mtype214.a(energest.o)
 .bss           0x0000000000038660        0x8 build/cooja/mtype214.a(etimer.o)
 .bss           0x0000000000038668        0x2 build/cooja/mtype214.a(node-id.o)
                0x0000000000038668                node_id
 *fill*         0x000000000003866a        0x2 
 .bss           0x000000000003866c        0x4 build/cooja/mtype214.a(rtimer.o)
 *fill*         0x0000000000038670       0x10 
 .bss           0x0000000000038680      0x1a1 build/cooja/mtype214.a(process.o)
                0x0000000000038680                process_list
                0x0000000000038684                process_current
 .bss           0x0000000000038821        0x0 build/cooja/mtype214.a(timer.o)
 .bss           0x0000000000038821        0x0 build/cooja/mtype214.a(list.o)
 *fill*         0x0000000000038821        0x3 
 .bss           0x0000000000038824       0x10 build/cooja/mtype214.a(button-hal.o)
 *fill*         0x0000000000038834        0xc 
 .bss           0x0000000000038840      0x140 build/cooja/mtype214.a(serial-line.o)
 .bss           0x0000000000038980        0x4 build/cooja/mtype214.a(gpio-hal.o)
 *fill*         0x0000000000038984       0x1c 
 .bss           0x00000000000389a0     0x2c80 build/cooja/mtype214.a(queuebuf.o)
 .bss           0x000000000003b620       0xa0 build/cooja/mtype214.a(packetbuf.o)
 .bss           0x000000000003b6c0        0x4 build/cooja/mtype214.a(netstack.o)
 .bss           0x000000000003b6c4        0x0 build/cooja/mtype214.a(linkaddr.o)
 .bss           0x000000000003b6c4        0x0 build/cooja/mtype214.a(csma.o)
 *fill*         0x000000000003b6c4       0x1c 
 .bss           0x000000000003b6e0      0x726 build/cooja/mtype214.a(csma-output.o)
 *fill*         0x000000000003be06       0x1a 
 .bss           0x000000000003be20     0x1d80 build/cooja/mtype214.a(uip-sr.o)
 .bss           0x000000000003dba0       0x30 build/cooja/mtype214.a(uip-ds6.o)
 *fill*         0x000000000003dbd0       0x10 
 .bss           0x000000000003dbe0       0x60 build/cooja/mtype214.a(uip-ds6-route.o)
 .bss           0x000000000003dc40        0x0 build/cooja/mtype214.a(psock.o)
 .bss           0x000000000003dc40       0xc4 build/cooja/mtype214.a(tcpip.o)
 .bss           0x000000000003dd04        0xc build/cooja/mtype214.a(uip6.o)
                0x000000000003dd04                uip_ext_bitmap
                0x000000000003dd06                uip_ext_len
                0x000000000003dd08                uip_last_proto
 *fill*         0x000000000003dd10       0x10 
 .bss           0x000000000003dd20     0x1c20 build/cooja/mtype214.a(uip-ds6-nbr.o)
 .bss           0x000000000003f940       0x10 build/cooja/mtype214.a(uip-nd6.o)
 *fill*         0x000000000003f950       0x10 
 .bss           0x000000000003f960      0x520 build/cooja/mtype214.a(simple-udp.o)
 .bss           0x000000000003fe80      0x724 build/cooja/mtype214.a(sicslowpan.o)
 .bss           0x00000000000405a4        0x0 build/cooja/mtype214.a(uiplib.o)
 .bss           0x00000000000405a4        0x1 build/cooja/mtype214.a(rpl.o)
 .bss           0x00000000000405a5        0x0 build/cooja/mtype214.a(rpl-icmp6.o)
 *fill*         0x00000000000405a5        0x3 
 .bss           0x00000000000405a8       0x11 build/cooja/mtype214.a(rpl-dag-root.o)
 *fill*         0x00000000000405b9        0x3 
 .bss           0x00000000000405bc       0x10 build/cooja/mtype214.a(slip-bridge.o)
 *fill*         0x00000000000405cc       0x14 
 .bss           0x00000000000405e0      0x538 build/cooja/mtype214.a(slip.o)
 .bss           0x0000000000040b18        0x0 build/cooja/mtype214.a(watchdog.o)
 .bss           0x0000000000040b18        0x4 build/cooja/mtype214.a(int-master.o)
 .bss           0x0000000000040b1c        0x0 build/cooja/mtype214.a(slip-arch.o)
 *fill*         0x0000000000040b1c        0x4 
 .bss           0x0000000000040b20      0x110 build/cooja/mtype214.a(httpd-simple.o)
 .bss           0x0000000000040c30        0x0 build/cooja/mtype214.a(rpl-border-rout)
 .bss           0x0000000000040c30        0x0 build/cooja/mtype214.a(stimer.o)
 .bss           0x0000000000040c30        0x0 build/cooja/mtype214.a(ringbuf.o)
 .bss           0x0000000000040c30        0x0 build/cooja/mtype214.a(memb.o)
 .bss           0x0000000000040c30        0x0 build/cooja/mtype214.a(assert.o)
 *fill*         0x0000000000040c30       0x10 
 .bss           0x0000000000040c40     0x1214 build/cooja/mtype214.a(nbr-table.o)
 *fill*         0x0000000000041e54        0xc 
 .bss           0x0000000000041e60      0xe10 build/cooja/mtype214.a(link-stats.o)
 *fill*         0x0000000000042c70       0x10 
 .bss           0x0000000000042c80      0x100 build/cooja/mtype214.a(mac-sequence.o)
 .bss           0x0000000000042d80        0x0 build/cooja/mtype214.a(mac.o)
 .bss           0x0000000000042d80        0x2 build/cooja/mtype214.a(framer-802154.o)
 .bss           0x0000000000042d82        0x0 build/cooja/mtype214.a(frame802154.o)
 .bss           0x0000000000042d82        0x0 build/cooja/mtype214.a(csma-security.o)
 *fill*         0x0000000000042d82        0x2 
 .bss           0x0000000000042d84       0x18 build/cooja/mtype214.a(uipbuf.o)
 .bss           0x0000000000042d9c       0x18 build/cooja/mtype214.a(uip-icmp6.o)
 *fill*         0x0000000000042db4        0xc 
 .bss           0x0000000000042dc0      0xa78 build/cooja/mtype214.a(uip-packetqueue)
 .bss           0x0000000000043838        0x0 build/cooja/mtype214.a(uip-udp-packet.)
 .bss           0x0000000000043838        0xe build/cooja/mtype214.a(rpl-nbr-policy.)
 *fill*         0x0000000000043846       0x1a 
 .bss           0x0000000000043860      0x960 build/cooja/mtype214.a(rpl-neighbor.o)
 .bss           0x00000000000441c0        0x0 build/cooja/mtype214.a(rpl-dag.o)
 .bss           0x00000000000441c0       0x40 build/cooja/mtype214.a(rpl-timers.o)
 .bss           0x0000000000044200        0x0 build/cooja/mtype214.a(rpl-ext-header.)
 .bss           0x0000000000044200        0x0 build/cooja/mtype214.a(rpl-mrhof.o)
 .bss           0x0000000000044200       0x10 build/cooja/mtype214.a(border-router-e)
 .bss           0x0000000000044210        0x0 /usr/lib/gcc/i686-linux-gnu/5/crtendS.o
 .bss           0x0000000000044210        0x0 /usr/lib/gcc/i686-linux-gnu/5/../../../i386-linux-gnu/crtn.o
 *(COMMON)
 COMMON         0x0000000000044210        0x8 build/cooja/mtype214.o
                0x0000000000044210                referenceVar
                0x0000000000044214                sensors_flags
 COMMON         0x0000000000044218        0xc build/cooja/mtype214.a(simEnvChange.o)
                0x0000000000044218                simEtimerPending
                0x000000000004421c                simProcessRunValue
                0x0000000000044220                simEtimerNextExpirationTime
 *fill*         0x0000000000044224        0x4 
 COMMON         0x0000000000044228       0x18 build/cooja/mtype214.a(rtimer-arch.o)
                0x0000000000044228                simRtimerPending
                0x0000000000044230                simRtimerCurrentTicks
                0x0000000000044238                simRtimerNextExpirationTime
 COMMON         0x0000000000044240        0x1 build/cooja/mtype214.a(beep.o)
                0x0000000000044240                simBeeped
 *fill*         0x0000000000044241        0x3 
 COMMON         0x0000000000044244        0xc build/cooja/mtype214.a(moteid.o)
                0x0000000000044244                simRandomSeed
                0x0000000000044248                simMoteIDChanged
                0x000000000004424c                simMoteID
 COMMON         0x0000000000044250        0x2 build/cooja/mtype214.a(pir-sensor.o)
                0x0000000000044250                simPirIsActive
                0x0000000000044251                simPirChanged
 *fill*         0x0000000000044252        0xe 
 COMMON         0x0000000000044260      0x820 build/cooja/mtype214.a(rs232.o)
                0x0000000000044260                simSerialReceivingFlag
                0x0000000000044264                simSerialReceivingLength
                0x0000000000044280                simSerialReceivingData
 COMMON         0x0000000000044a80        0x2 build/cooja/mtype214.a(vib-sensor.o)
                0x0000000000044a80                simVibChanged
                0x0000000000044a81                simVibIsActive
 *fill*         0x0000000000044a82        0x2 
 COMMON         0x0000000000044a84        0x4 build/cooja/mtype214.a(clock.o)
                0x0000000000044a84                simCurrentTime
 *fill*         0x0000000000044a88       0x18 
 COMMON         0x0000000000044aa0     0x2020 build/cooja/mtype214.a(cooja-log.o)
                0x0000000000044aa0                simLoggedLength
                0x0000000000044aa4                simLoggedFlag
                0x0000000000044ac0                simLoggedData
 COMMON         0x0000000000046ac0       0xfd build/cooja/mtype214.a(cooja-radio.o)