Archive member included to satisfy reference by file (symbol)

build/cooja/mtype186.a(simEnvChange.o)
                              build/cooja/mtype186.o (simDontFallAsleep)
build/cooja/mtype186.a(cooja_mt.o)
                              build/cooja/mtype186.o (cooja_mt_start)
build/cooja/mtype186.a(cooja_mtarch.o)
                              build/cooja/mtype186.a(cooja_mt.o) (cooja_mtarch_start)
build/cooja/mtype186.a(rtimer-arch.o)
                              build/cooja/mtype186.o (rtimer_arch_check)
build/cooja/mtype186.a(beep.o)
                              build/cooja/mtype186.o (beep_interface)
build/cooja/mtype186.a(leds-arch.o)
                              build/cooja/mtype186.o (leds_interface)
build/cooja/mtype186.a(moteid.o)
                              build/cooja/mtype186.o (moteid_interface)
build/cooja/mtype186.a(pir-sensor.o)
                              build/cooja/mtype186.o (pir_interface)
build/cooja/mtype186.a(rs232.o)
                              build/cooja/mtype186.o (rs232_interface)
build/cooja/mtype186.a(vib-sensor.o)
                              build/cooja/mtype186.o (vib_interface)
build/cooja/mtype186.a(clock.o)
                              build/cooja/mtype186.o (clock_interface)
build/cooja/mtype186.a(cooja-log.o)
                              build/cooja/mtype186.o (simlog_interface)
build/cooja/mtype186.a(cfs-cooja.o)
                              build/cooja/mtype186.o (cfs_interface)
build/cooja/mtype186.a(cooja-radio.o)
                              build/cooja/mtype186.o (radio_interface)
build/cooja/mtype186.a(eeprom.o)
                              build/cooja/mtype186.o (eeprom_interface)
build/cooja/mtype186.a(random.o)
                              build/cooja/mtype186.a(moteid.o) (random_init)
build/cooja/mtype186.a(sensors.o)
                              build/cooja/mtype186.a(pir-sensor.o) (sensors_changed)
build/cooja/mtype186.a(leds.o)
                              build/cooja/mtype186.a(leds-arch.o) (leds_get)
build/cooja/mtype186.a(gpio-hal-arch.o)
                              build/cooja/mtype186.a(leds-arch.o) (gpio_hal_arch_register_pin_callback)
build/cooja/mtype186.a(buttons.o)
                              build/cooja/mtype186.o (button_interface)
build/cooja/mtype186.a(refill_sensor.o)
                              sensor.o (res_refill)
build/cooja/mtype186.a(weight_sensor.o)
                              sensor.o (res_weight)
build/cooja/mtype186.a(coap-engine.o)
                              sensor.o (coap_activate_resource)
build/cooja/mtype186.a(coap-res-well-k)
                              build/cooja/mtype186.a(coap-engine.o) (res_well_known_core)
build/cooja/mtype186.a(coap-observe.o)
                              build/cooja/mtype186.a(coap-engine.o) (coap_remove_observer_by_mid)
build/cooja/mtype186.a(coap-uip.o)
                              build/cooja/mtype186.a(coap-observe.o) (coap_endpoint_copy)
build/cooja/mtype186.a(coap-timer.o)
                              build/cooja/mtype186.a(coap-engine.o) (coap_timer_set)
build/cooja/mtype186.a(coap-transactio)
                              build/cooja/mtype186.a(coap-engine.o) (coap_send_transaction)
build/cooja/mtype186.a(coap.o)
                              build/cooja/mtype186.a(coap-engine.o) (coap_status_code)
build/cooja/mtype186.a(contiki-main.o)
                              build/cooja/mtype186.o (main)
build/cooja/mtype186.a(autostart.o)
                              build/cooja/mtype186.a(contiki-main.o) (autostart_start)
build/cooja/mtype186.a(ctimer.o)
                              build/cooja/mtype186.a(contiki-main.o) (ctimer_init)
build/cooja/mtype186.a(log.o)
                              build/cooja/mtype186.a(contiki-main.o) (curr_log_level_main)
build/cooja/mtype186.a(energest.o)
                              build/cooja/mtype186.a(contiki-main.o) (energest_init)
build/cooja/mtype186.a(etimer.o)
                              build/cooja/mtype186.a(contiki-main.o) (etimer_process)
build/cooja/mtype186.a(node-id.o)
                              build/cooja/mtype186.a(contiki-main.o) (node_id)
build/cooja/mtype186.a(rtimer.o)
                              build/cooja/mtype186.a(contiki-main.o) (rtimer_init)
build/cooja/mtype186.a(process.o)
                              build/cooja/mtype186.a(ctimer.o) (process_current)
build/cooja/mtype186.a(timer.o)
                              build/cooja/mtype186.a(etimer.o) (timer_set)
build/cooja/mtype186.a(list.o)
                              build/cooja/mtype186.a(coap-engine.o) (list_init)
build/cooja/mtype186.a(memb.o)
                              build/cooja/mtype186.a(coap-observe.o) (memb_alloc)
build/cooja/mtype186.a(button-hal.o)
                              build/cooja/mtype186.o (button_hal_init)
build/cooja/mtype186.a(serial-line.o)
                              build/cooja/mtype186.a(rs232.o) (serial_line_input_byte)
build/cooja/mtype186.a(gpio-hal.o)
[...]
Memory Configuration

Name             Origin             Length             Attributes
*default*        0x0000000000000000 0xffffffffffffffff

Linker script and memory map

LOAD /usr/lib/gcc/i686-linux-gnu/5/../../../i386-linux-gnu/crti.o
LOAD /usr/lib/gcc/i686-linux-gnu/5/crtbeginS.o
LOAD sensor.o
LOAD build/cooja/mtype186.o
LOAD build/cooja/mtype186.a
LOAD /usr/lib/gcc/i686-linux-gnu/5/libgcc.a
LOAD /usr/lib/gcc/i686-linux-gnu/5/libgcc_s.so
LOAD /usr/lib/gcc/i686-linux-gnu/5/../../../i386-linux-gnu/libc.so
START GROUP
LOAD /lib/i386-linux-gnu/libc.so.6
LOAD /usr/lib/i386-linux-gnu/libc_nonshared.a
LOAD /lib/i386-linux-gnu/ld-linux.so.2
END GROUP
LOAD /usr/lib/gcc/i686-linux-gnu/5/libgcc.a
LOAD /usr/lib/gcc/i686-linux-gnu/5/libgcc_s.so
LOAD /usr/lib/gcc/i686-linux-gnu/5/crtendS.o
LOAD /usr/lib/gcc/i686-linux-gnu/5/../../../i386-linux-gnu/crtn.o
                0x0000000000000114                . = (0x0 + SIZEOF_HEADERS)

.note.gnu.build-id
                0x0000000000000114       0x24
 *(.note.gnu.build-id)
 .note.gnu.build-id
                0x0000000000000114       0x24 /usr/lib/gcc/i686-linux-gnu/5/../../../i386-linux-gnu/crti.o

.hash
 *(.hash)

.gnu.hash       0x0000000000000138     0x15a0
 *(.gnu.hash)
 .gnu.hash      0x0000000000000138     0x15a0 /usr/lib/gcc/i686-linux-gnu/5/../../../i386-linux-gnu/crti.o

.dynsym         0x00000000000016d8     0x2f00
 *(.dynsym)
 .dynsym        0x00000000000016d8     0x2f00 /usr/lib/gcc/i686-linux-gnu/5/../../../i386-linux-gnu/crti.o

.dynstr         0x00000000000045d8     0x36c2
 *(.dynstr)
 .dynstr        0x00000000000045d8     0x36c2 /usr/lib/gcc/i686-linux-gnu/5/../../../i386-linux-gnu/crti.o

.gnu.version    0x0000000000007c9a      0x5e0
 *(.gnu.version)
 .gnu.version   0x0000000000007c9a      0x5e0 /usr/lib/gcc/i686-linux-gnu/5/../../../i386-linux-gnu/crti.o

.gnu.version_d  0x000000000000827c        0x0
 *(.gnu.version_d)
 .gnu.version_d
                0x000000000000827c        0x0 /usr/lib/gcc/i686-linux-gnu/5/../../../i386-linux-gnu/crti.o

.gnu.version_r  0x000000000000827c       0x40
 *(.gnu.version_r)
 .gnu.version_r
                0x000000000000827c       0x40 /usr/lib/gcc/i686-linux-gnu/5/../../../i386-linux-gnu/crti.o

.rel.dyn        0x00000000000082bc     0x92e8
 *(.rel.init)
 .rel.init      0x00000000000082bc        0x0 /usr/lib/gcc/i686-linux-gnu/5/../../../i386-linux-gnu/crti.o
 *(.rel.text .rel.text.* .rel.gnu.linkonce.t.*)
 .rel.text      0x00000000000082bc     0x88d0 /usr/lib/gcc/i686-linux-gnu/5/../../../i386-linux-gnu/crti.o
 *(.rel.fini)
 .rel.fini      0x0000000000010b8c        0x0 /usr/lib/gcc/i686-linux-gnu/5/../../../i386-linux-gnu/crti.o
 *(.rel.rodata .rel.rodata.* .rel.gnu.linkonce.r.*)
 .rel.rodata    0x0000000000010b8c      0x588 /usr/lib/gcc/i686-linux-gnu/5/../../../i386-linux-gnu/crti.o
 *(.rel.data.rel.ro .rel.data.rel.ro.* .rel.gnu.linkonce.d.rel.ro.*)
 *(.rel.data .rel.data.* .rel.gnu.linkonce.d.*)
 .rel.data.rel.local
                0x0000000000011114        0x8 /usr/lib/gcc/i686-linux-gnu/5/../../../i386-linux-gnu/crti.o
 .rel.data      0x000000000001111c      0x450 /usr/lib/gcc/i686-linux-gnu/5/../../../i386-linux-gnu/crti.o
 *(.rel.tdata .rel.tdata.* .rel.gnu.linkonce.td.*)
 *(.rel.tbss .rel.tbss.* .rel.gnu.linkonce.tb.*)
 *(.rel.ctors)
 *(.rel.dtors)
 *(.rel.got)
 .rel.got       0x000000000001156c       0x28 /usr/lib/gcc/i686-linux-gnu/5/../../../i386-linux-gnu/crti.o
 *(.rel.bss .rel.bss.* .rel.gnu.linkonce.b.*)
 *(.rel.ifunc)
 .rel.ifunc     0x0000000000011594        0x0 /usr/lib/gcc/i686-linux-gnu/5/../../../i386-linux-gnu/crti.o
 .rel.fini_array
                0x0000000000011594        0x8 /usr/lib/gcc/i686-linux-gnu/5/../../../i386-linux-gnu/crti.o
 .rel.init_array
                0x000000000001159c        0x8 /usr/lib/gcc/i686-linux-gnu/5/../../../i386-linux-gnu/crti.o

.rel.plt        0x00000000000115a4        0x0
 *(.rel.plt)
 .rel.plt       0x00000000000115a4        0x0 /usr/lib/gcc/i686-linux-gnu/5/../../../i386-linux-gnu/crti.o
 *(.rel.iplt)

.init           0x00000000000115a4       0x23
 *(SORT(.init))
 .init          0x00000000000115a4       0x1e /usr/lib/gcc/i686-linux-gnu/5/../../../i386-linux-gnu/crti.o
                0x00000000000115a4                _init
 .init          0x00000000000115c2        0x5 /usr/lib/gcc/i686-linux-gnu/5/../../../i386-linux-gnu/crtn.o

.plt            0x00000000000115d0       0x10
 *(.plt)
 .plt           0x00000000000115d0       0x10 /usr/lib/gcc/i686-linux-gnu/5/../../../i386-linux-gnu/crti.o
 *(.iplt)

.plt.got        0x00000000000115e0       0x10
 *(.plt.got)
 .plt.got       0x00000000000115e0       0x10 /usr/lib/gcc/i686-linux-gnu/5/../../../i386-linux-gnu/crti.o

.text           0x00000000000115f0    0x18902
 *(.text.unlikely .text.*_unlikely .text.unlikely.*)
 .text.unlikely
                0x00000000000115f0        0x0 /usr/lib/gcc/i686-linux-gnu/5/crtbeginS.o
 .text.unlikely
                0x00000000000115f0        0x0 /usr/lib/gcc/i686-linux-gnu/5/libgcc.a(_udivdi3.o)
 *(.text.exit .text.exit.*)
 *(.text.startup .text.startup.*)
 *(.text.hot .text.hot.*)
 *(.text .stub .text.* .gnu.linkonce.t.*)
 .text          0x00000000000115f0        0x0 /usr/lib/gcc/i686-linux-gnu/5/../../../i386-linux-gnu/crti.o
 .gnu.linkonce.t.__x86.get_pc_thunk.bx
                0x00000000000115f0        0x4 /usr/lib/gcc/i686-linux-gnu/5/../../../i386-linux-gnu/crti.o
                0x00000000000115f0                __x86.get_pc_thunk.bx
 *fill*         0x00000000000115f4        0xc 
 .text          0x0000000000011600      0x11c /usr/lib/gcc/i686-linux-gnu/5/crtbeginS.o
 .text.__x86.get_pc_thunk.dx
                0x000000000001171c        0x4 /usr/lib/gcc/i686-linux-gnu/5/crtbeginS.o
                0x000000000001171c                __x86.get_pc_thunk.dx
 .text          0x0000000000011720      0x12b sensor.o
                0x0000000000011720                refill_shelf
                0x000000000001173d                measure_weight
 .text          0x000000000001184b      0x283 build/cooja/mtype186.o
                0x00000000000118dd                platform_init_stage_one
                0x00000000000118f0                platform_init_stage_two
                0x0000000000011903                platform_init_stage_three
                0x0000000000011916                platform_main_loop
                0x0000000000011989                Java_org_contikios_cooja_corecomm_Lib14_init
                0x00000000000119c0                Java_org_contikios_cooja_corecomm_Lib14_getMemory
                0x00000000000119f3                Java_org_contikios_cooja_corecomm_Lib14_setMemory
                0x0000000000011a53                Java_org_contikios_cooja_corecomm_Lib14_tick
                0x0000000000011abb                Java_org_contikios_cooja_corecomm_Lib14_setReferenceAddress
 .text          0x0000000000011ace       0x65 build/cooja/mtype186.a(simEnvChange.o)
                0x0000000000011ace                doActionsBeforeTick
                0x0000000000011b00                doActionsAfterTick
 .text          0x0000000000011b33       0x83 build/cooja/mtype186.a(cooja_mt.o)
                0x0000000000011b33                cooja_mt_start
                0x0000000000011b5d                cooja_mt_exec
                0x0000000000011b93                cooja_mt_yield
 .text          0x0000000000011bb6       0xbe build/cooja/mtype186.a(cooja_mtarch.o)
                0x0000000000011bb6                cooja_mtarch_start
                0x0000000000011c29                cooja_sw
                0x0000000000011c4c                cooja_mtarch_exec
                0x0000000000011c69                cooja_mtarch_yield
 .text          0x0000000000011c74       0xc5 build/cooja/mtype186.a(rtimer-arch.o)
                0x0000000000011c74                rtimer_arch_init
                0x0000000000011c98                rtimer_arch_schedule
                0x0000000000011cc8                rtimer_arch_next
                0x0000000000011cd8                rtimer_arch_pending
                0x0000000000011ce2                rtimer_arch_check
                0x0000000000011d29                rtimer_arch_now
 .text          0x0000000000011d39       0x81 build/cooja/mtype186.a(beep.o)
                0x0000000000011d39                beep_alarm
                0x0000000000011d46                beep_beep
                0x0000000000011d53                beep
                0x0000000000011d60                beep_down
                0x0000000000011d6d                beep_on
                0x0000000000011d7a                beep_off
                0x0000000000011d87                beep_spinup
                0x0000000000011d94                beep_quick
                0x0000000000011da1                beep_long
 .text          0x0000000000011dba       0x65 build/cooja/mtype186.a(leds-arch.o)
                0x0000000000011dcd                leds_arch_init
 .text          0x0000000000011e1f       0x35 build/cooja/mtype186.a(moteid.o)
 .text          0x0000000000011e54       0xb7 build/cooja/mtype186.a(pir-sensor.o)
 .text          0x0000000000011f0b      0x148 build/cooja/mtype186.a(rs232.o)
                0x0000000000011f0b                rs232_init
                0x0000000000011f11                rs232_set_speed
                0x0000000000011f20                rs232_set_input
                0x0000000000011f2e                rs232_send
                0x0000000000011f52                rs232_print
                0x0000000000011f6e                slip_arch_writeb
 .text          0x0000000000012053       0xb7 build/cooja/mtype186.a(vib-sensor.o)
 .text          0x000000000001210a       0x38 build/cooja/mtype186.a(clock.o)
                0x000000000001210a                clock_init
                0x0000000000012110                clock_time
                0x000000000001211a                clock_seconds
                0x0000000000012130                clock_delay
 .text          0x0000000000012142      0x219 build/cooja/mtype186.a(cooja-log.o)
                0x0000000000012142                simlog_char
                0x0000000000012185                simlog
                0x00000000000121fb                log_message
                0x000000000001222c                log_set_putchar_with_slip
                0x000000000001223a                log_putchar
                0x00000000000122b5                log_puts
                0x00000000000122dd                log_printf
 .text          0x000000000001235b      0x2b9 build/cooja/mtype186.a(cfs-cooja.o)
                0x000000000001235b                cfs_open
                0x00000000000123c4                cfs_close
                0x00000000000123d1                cfs_read
                0x0000000000012466                cfs_write
                0x0000000000012542                cfs_seek
                0x00000000000125ca                cfs_remove
                0x00000000000125ee                cfs_opendir
                0x00000000000125f8                cfs_readdir
                0x0000000000012602                cfs_closedir
 .text          0x0000000000012614      0x620 build/cooja/mtype186.a(cooja-radio.o)
                0x0000000000012656                radio_set_channel
                0x0000000000012664                radio_set_txpower
                0x000000000001267c                radio_signal_strength_last
                0x0000000000012686                radio_signal_strength_current
                0x0000000000012690                radio_LQI
 .text          0x0000000000012c34       0xee build/cooja/mtype186.a(eeprom.o)
                0x0000000000012c34                eeprom_init
                0x0000000000012c3a                eeprom_read
                0x0000000000012ca8                eeprom_write
 .text          0x0000000000012d22       0x2d build/cooja/mtype186.a(random.o)
                0x0000000000012d22                random_init
                0x0000000000012d42                random_rand
 .text          0x0000000000012d4f      0x29c build/cooja/mtype186.a(sensors.o)
                0x0000000000012d8a                sensors_first
                0x0000000000012d94                sensors_next
                0x0000000000012dae                sensors_changed
                0x0000000000012de2                sensors_find
 .text          0x0000000000012feb      0x349 build/cooja/mtype186.a(leds.o)
                0x0000000000012feb                leds_init
                0x0000000000013032                leds_single_on
                0x0000000000013091                leds_single_off
                0x00000000000130f0                leds_single_toggle
                0x0000000000013122                leds_on
                0x00000000000131a4                leds_off
                0x0000000000013226                leds_toggle
                0x000000000001327b                leds_set
                0x00000000000132a7                leds_get
 .text          0x0000000000013334      0x343 build/cooja/mtype186.a(gpio-hal-arch.o)
                0x0000000000013334                gpio_hal_arch_register_pin_callback
                0x00000000000133a0                gpio_hal_arch_init
                0x00000000000133e5                gpio_hal_arch_no_port_interrupt_enable
                0x0000000000013415                gpio_hal_arch_no_port_interrupt_disable
                0x0000000000013445                gpio_hal_arch_no_port_pin_cfg_set
                0x000000000001346a                gpio_hal_arch_no_port_pin_cfg_get
                0x0000000000013490                gpio_hal_arch_no_port_pin_set_input
                0x00000000000134a2                gpio_hal_arch_no_port_pin_set_output
                0x00000000000134b4                gpio_hal_arch_no_port_set_pin
                0x00000000000134d5                gpio_hal_arch_no_port_clear_pin
                0x00000000000134f6                gpio_hal_arch_no_port_read_pin
                0x000000000001351c                gpio_hal_arch_no_port_write_pin
                0x0000000000013546                gpio_hal_arch_no_port_set_pins
                0x000000000001358d                gpio_hal_arch_no_port_clear_pins
                0x00000000000135d4                gpio_hal_arch_no_port_read_pins
                0x0000000000013617                gpio_hal_arch_no_port_write_pins
 .text          0x0000000000013677       0x89 build/cooja/mtype186.a(buttons.o)
 .text          0x0000000000013700      0x23c build/cooja/mtype186.a(refill_sensor.o)
 .text          0x000000000001393c       0x7c build/cooja/mtype186.a(weight_sensor.o)
 .text          0x00000000000139b8      0xbea build/cooja/mtype186.a(coap-engine.o)
                0x0000000000013a4d                coap_add_handler
                0x0000000000013a6a                coap_remove_handler
                0x0000000000013a87                coap_call_handlers
                0x0000000000013b8f                coap_receive
                0x000000000001418a                coap_engine_init
                0x00000000000141e8                coap_activate_resource
                0x0000000000014293                coap_get_first_resource
                0x00000000000142ac                coap_get_next_resource
 .text          0x00000000000145a2      0x2d9 build/cooja/mtype186.a(coap-res-well-k)
 .text          0x000000000001487b      0x96a build/cooja/mtype186.a(coap-observe.o)
                0x0000000000014990                coap_remove_observer
                0x00000000000149c0                coap_remove_observer_by_client
                0x0000000000014a28                coap_remove_observer_by_token
                0x0000000000014abb                coap_remove_observer_by_uri
                0x0000000000014b62                coap_remove_observer_by_mid
                0x0000000000014bde                coap_notify_observers
                0x0000000000014bf7                coap_notify_observers_sub
                0x0000000000015061                coap_observe_handler
                0x000000000001517c                coap_has_observers
 .text          0x00000000000151e5      0x733 build/cooja/mtype186.a(coap-uip.o)
                0x00000000000151e5                coap_endpoint_log
                0x000000000001526b                coap_endpoint_print
                0x00000000000152f1                coap_endpoint_snprint
                0x0000000000015424                coap_endpoint_copy
                0x0000000000015461                coap_endpoint_cmp
                0x000000000001556f                coap_endpoint_parse
                0x000000000001575a                coap_endpoint_is_secure
                0x0000000000015769                coap_endpoint_is_connected
                0x000000000001579d                coap_endpoint_connect
                0x00000000000157b9                coap_endpoint_disconnect
                0x00000000000157bf                coap_databuf
                0x00000000000157c9                coap_transport_init
                0x0000000000015819                coap_sendto
 .text          0x0000000000015918      0x324 build/cooja/mtype186.a(coap-timer.o)
                0x0000000000015a15                coap_timer_stop
                0x0000000000015a40                coap_timer_set
                0x0000000000015a83                coap_timer_reset
                0x0000000000015ac6                coap_timer_time_to_next_expiration
                0x0000000000015b32                coap_timer_run
                0x0000000000015bfe                coap_timer_init
 .text          0x0000000000015c3c      0x2c6 build/cooja/mtype186.a(coap-transactio)
                0x0000000000015ca2                coap_new_transaction
                0x0000000000015d08                coap_send_transaction
                0x0000000000015e69                coap_clear_transaction
                0x0000000000015eb1                coap_get_transaction_by_mid
 .text          0x0000000000015f02     0x1c53 build/cooja/mtype186.a(coap.o)
                0x000000000001646f                coap_init_connection
                0x0000000000016483                coap_get_mid
                0x000000000001649f                coap_init_message
                0x00000000000164e8                coap_serialize_message
                0x0000000000016b6a                coap_parse_message
                0x00000000000171d1                coap_get_query_variable
                0x0000000000017213                coap_get_post_variable
                0x0000000000017257                coap_set_status_code
                0x000000000001727c                coap_set_token
                0x00000000000172c3                coap_get_header_content_format
                0x00000000000172f4                coap_set_header_content_format
                0x0000000000017317                coap_get_header_accept
                0x0000000000017348                coap_set_header_accept
                0x000000000001736b                coap_get_header_max_age
                0x000000000001739c                coap_set_header_max_age
                0x00000000000173bc                coap_get_header_etag
                0x00000000000173ee                coap_set_header_etag
                0x0000000000017445                coap_get_header_if_match
                0x0000000000017477                coap_set_header_if_match
                0x00000000000174ce                coap_get_header_if_none_match
                0x00000000000174e8                coap_set_header_if_none_match
                0x00000000000174ff                coap_get_header_proxy_uri
                0x000000000001752d                coap_set_header_proxy_uri
                0x000000000001756a                coap_get_header_uri_host
                0x0000000000017598                coap_set_header_uri_host
                0x00000000000175d5                coap_get_header_uri_path
                0x0000000000017603                coap_set_header_uri_path
                0x0000000000017650                coap_get_header_uri_query
                0x0000000000017684                coap_set_header_uri_query
                0x00000000000176da                coap_get_header_location_path
                0x0000000000017708                coap_set_header_location_path
                0x00000000000177a1                coap_get_header_location_query
                0x00000000000177cf                coap_set_header_location_query
                0x000000000001781c                coap_get_header_observe
                0x000000000001784b                coap_set_header_observe
                0x000000000001786b                coap_get_header_block2
                0x00000000000178d7                coap_set_header_block2
                0x000000000001794e                coap_get_header_block1
                0x00000000000179c3                coap_set_header_block1
                0x0000000000017a3e                coap_get_header_size2
                0x0000000000017a6e                coap_set_header_size2
                0x0000000000017a91                coap_get_header_size1
                0x0000000000017ac1                coap_set_header_size1
                0x0000000000017ae4                coap_get_payload
                0x0000000000017b1e                coap_set_payload
 .text          0x0000000000017b55      0x332 build/cooja/mtype186.a(contiki-main.o)
                0x0000000000017b55                main
 .text          0x0000000000017e87       0x92 build/cooja/mtype186.a(autostart.o)
                0x0000000000017e87                autostart_start
                0x0000000000017ed1                autostart_exit
 .text          0x0000000000017f19      0x355 build/cooja/mtype186.a(ctimer.o)
                0x0000000000018041                ctimer_init
                0x0000000000018074                ctimer_set
                0x000000000001809a                ctimer_set_with_process
                0x0000000000018117                ctimer_reset
                0x000000000001816b                ctimer_restart
                0x00000000000181bf                ctimer_stop
                0x000000000001820f                ctimer_expired
 .text          0x000000000001826e      0x394 build/cooja/mtype186.a(log.o)
                0x000000000001826e                log_6addr
                0x00000000000182c1                log_6addr_compact_snprint
                0x000000000001835f                log_6addr_compact
                0x00000000000183b2                log_lladdr
                0x0000000000018424                log_lladdr_compact
                0x000000000001848c                log_set_level
                0x0000000000018547                log_get_level
                0x00000000000185c0                log_level_to_str
 .text          0x0000000000018602       0x1b build/cooja/mtype186.a(energest.o)
                0x0000000000018602                energest_init
                0x0000000000018608                energest_flush
                0x000000000001860e                energest_get_total_time
 .text          0x000000000001861d      0x43f build/cooja/mtype186.a(etimer.o)
                0x0000000000018841                etimer_request_poll
                0x00000000000188ca                etimer_set
                0x00000000000188f3                etimer_reset_with_new_interval
                0x0000000000018922                etimer_reset
                0x0000000000018948                etimer_restart
                0x000000000001896e                etimer_adjust
                0x000000000001898b                etimer_expired
                0x000000000001899e                etimer_expiration_time
                0x00000000000189b0                etimer_start_time
                0x00000000000189ba                etimer_pending
                0x00000000000189cc                etimer_next_expiration_time
                0x00000000000189e6                etimer_stop
 .text          0x0000000000018a5c       0x25 build/cooja/mtype186.a(node-id.o)
                0x0000000000018a5c                node_id_init
 .text          0x0000000000018a81       0xeb build/cooja/mtype186.a(rtimer.o)
                0x0000000000018a81                rtimer_init
                0x0000000000018a8f                rtimer_set
                0x0000000000018b0a                rtimer_run_next
 .text          0x0000000000018b6c      0x4fb build/cooja/mtype186.a(process.o)
                0x0000000000018b6c                process_alloc_event
                0x0000000000018b81                process_start
                0x0000000000018d5b                process_exit
                0x0000000000018d78                process_init
                0x0000000000018f0d                process_run
                0x0000000000018f40                process_nevents
                0x0000000000018f5b                process_post
                0x0000000000018fee                process_post_synch
                0x0000000000019023                process_poll
                0x0000000000019053                process_is_running
 .text          0x0000000000019067       0xb1 build/cooja/mtype186.a(timer.o)
                0x0000000000019067                timer_set
                0x0000000000019085                timer_reset
                0x00000000000190b2                timer_restart
                0x00000000000190c7                timer_expired
                0x00000000000190f4                timer_remaining
 .text          0x0000000000019118      0x28f build/cooja/mtype186.a(list.o)
                0x0000000000019118                list_init
                0x0000000000019127                list_head
                0x0000000000019131                list_copy
                0x0000000000019141                list_tail
                0x0000000000019177                list_add
                0x00000000000191c3                list_push
                0x00000000000191ef                list_chop
                0x0000000000019259                list_pop
                0x0000000000019281                list_remove
                0x00000000000192e9                list_length
                0x0000000000019317                list_insert
                0x000000000001935c                list_item_next
                0x0000000000019373                list_contains
 .text          0x00000000000193a7      0x1b5 build/cooja/mtype186.a(memb.o)
                0x00000000000193a7                memb_init
                0x00000000000193fc                memb_alloc
                0x000000000001945f                memb_free
                0x00000000000194d6                memb_inmemb
                0x0000000000019515                memb_numfree
 .text          0x000000000001955c      0x41c build/cooja/mtype186.a(button-hal.o)
                0x00000000000196d5                button_hal_get_by_id
                0x0000000000019713                button_hal_get_by_index
                0x000000000001973f                button_hal_get_state
                0x0000000000019791                button_hal_init
 .text          0x0000000000019978      0x1f3 build/cooja/mtype186.a(serial-line.o)
                0x0000000000019978                serial_line_input_byte
                0x0000000000019b36                serial_line_init
 .text          0x0000000000019b6b      0x168 build/cooja/mtype186.a(gpio-hal.o)
                0x0000000000019b6b                gpio_hal_register_handler
                0x0000000000019b88                gpio_hal_event_handler
                0x0000000000019be4                gpio_hal_init
                0x0000000000019c03                gpio_hal_arch_port_toggle_pin
                0x0000000000019c3f                gpio_hal_arch_port_toggle_pins
                0x0000000000019c6d                gpio_hal_arch_no_port_toggle_pin
                0x0000000000019cab                gpio_hal_arch_no_port_toggle_pins
 .text          0x0000000000019cd3      0x2e7 build/cooja/mtype186.a(queuebuf.o)
                0x0000000000019cdd                queuebuf_init
                0x0000000000019d06                queuebuf_numfree
                0x0000000000019d1e                queuebuf_new_from_packetbuf
                0x0000000000019dbd                queuebuf_update_attr_from_packetbuf
                0x0000000000019df2                queuebuf_update_from_packetbuf
                0x0000000000019e42                queuebuf_free
                0x0000000000019e8b                queuebuf_to_packetbuf
                0x0000000000019ef7                queuebuf_dataptr
                0x0000000000019f31                queuebuf_datalen
                0x0000000000019f54                queuebuf_addr
                0x0000000000019f89                queuebuf_attr
                0x0000000000019fb4                queuebuf_debug_print
 .text          0x0000000000019fba      0x407 build/cooja/mtype186.a(packetbuf.o)
                0x0000000000019fba                packetbuf_clear
                0x0000000000019fe5                packetbuf_copyfrom
                0x000000000001a034                packetbuf_copyto
                0x000000000001a0c7                packetbuf_hdralloc
                0x000000000001a143                packetbuf_hdrreduce
                0x000000000001a189                packetbuf_set_datalen
                0x000000000001a1a3                packetbuf_dataptr
                0x000000000001a1c0                packetbuf_hdrptr
                0x000000000001a1ca                packetbuf_datalen
                0x000000000001a1d6                packetbuf_hdrlen
                0x000000000001a1ed                packetbuf_totlen
                0x000000000001a203                packetbuf_remaininglen
                0x000000000001a216                packetbuf_attr_clear
                0x000000000001a262                packetbuf_attr_copyto
                0x000000000001a2ba                packetbuf_attr_copyfrom
                0x000000000001a312                packetbuf_set_attr
                0x000000000001a33c                packetbuf_attr
                0x000000000001a356                packetbuf_set_addr
                0x000000000001a387                packetbuf_addr
                0x000000000001a3a4                packetbuf_holds_broadcast
 .text          0x000000000001a3c1       0xef build/cooja/mtype186.a(netstack.o)
                0x000000000001a3c1                netstack_process_ip_callback
                0x000000000001a452                netstack_ip_packet_processor_add
                0x000000000001a475                uip_ds6_ip_packet_processor_rm
                0x000000000001a492                netstack_init
 .text          0x000000000001a4b0       0x4f build/cooja/mtype186.a(linkaddr.o)
                0x000000000001a4b0                linkaddr_copy
                0x000000000001a4c6                linkaddr_cmp
                0x000000000001a4e9                linkaddr_set_node_addr
 .text          0x000000000001a4ff      0x1f6 build/cooja/mtype186.a(csma.o)
 .text          0x000000000001a6f5      0x95d build/cooja/mtype186.a(csma-output.o)
                0x000000000001ad8c                csma_output_packet
                0x000000000001b019                csma_output_init
 .text          0x000000000001b052      0xc11 build/cooja/mtype186.a(uip-ds6.o)
                0x000000000001b052                uip_ds6_default_prefix
                0x000000000001b05c                uip_ds6_set_default_prefix
                0x000000000001b087                uip_ds6_init
                0x000000000001b2e9                uip_ds6_periodic
                0x000000000001b370                uip_ds6_list_loop
                0x000000000001b430                uip_ds6_prefix_add
                0x000000000001b4dc                uip_ds6_prefix_rm
                0x000000000001b4ef                uip_ds6_prefix_lookup
                0x000000000001b52e                uip_ds6_is_addr_onlink
                0x000000000001b5a1                uip_ds6_addr_add
                0x000000000001b6c1                uip_ds6_addr_rm
                0x000000000001b76a                uip_ds6_addr_lookup
                0x000000000001b7a3                uip_ds6_get_link_local
                0x000000000001b824                uip_ds6_get_global
                0x000000000001b8a5                uip_ds6_maddr_add
                0x000000000001b905                uip_ds6_maddr_rm
                0x000000000001b918                uip_ds6_maddr_lookup
                0x000000000001b951                uip_ds6_aaddr_add
                0x000000000001b9b1                uip_ds6_aaddr_rm
                0x000000000001b9c4                uip_ds6_aaddr_lookup
                0x000000000001b9fd                uip_ds6_select_src
                0x000000000001bb46                uip_ds6_set_addr_iid
                0x000000000001bb71                uip_ds6_set_lladdr_from_iid
                0x000000000001bb9a                get_match_length
                0x000000000001bc2b                uip_ds6_compute_reachable_time
 .text          0x000000000001bc63      0x128 build/cooja/mtype186.a(uip-udp-packet.)
                0x000000000001bc63                uip_udp_packet_send
                0x000000000001bcbe                uip_udp_packet_sendto
 .text          0x000000000001bd8b      0xa3c build/cooja/mtype186.a(uip-ds6-route.o)
                0x000000000001be75                uip_ds6_notification_add
                0x000000000001bea7                uip_ds6_notification_rm
                0x000000000001bec4                uip_ds6_route_init
                0x000000000001bf63                uip_ds6_route_nexthop
                0x000000000001bf92                uip_ds6_route_head
                0x000000000001bfab                uip_ds6_route_next
                0x000000000001bfd4                uip_ds6_route_is_nexthop
                0x000000000001c016                uip_ds6_route_num_routes
                0x000000000001c020                uip_ds6_route_lookup
                0x000000000001c0f7                uip_ds6_route_add
                0x000000000001c337                uip_ds6_route_rm
                0x000000000001c4d5                uip_ds6_route_rm_by_nexthop
                0x000000000001c514                uip_ds6_defrt_head
                0x000000000001c52d                uip_ds6_defrt_add
                0x000000000001c5ee                uip_ds6_defrt_rm
                0x000000000001c66f                uip_ds6_defrt_lookup
                0x000000000001c6d6                uip_ds6_defrt_choose
                0x000000000001c74c                uip_ds6_defrt_periodic
 .text          0x000000000001c7c7      0x6f7 build/cooja/mtype186.a(tcpip.o)
                0x000000000001c7e1                tcpip_output
                0x000000000001c860                udp_attach
                0x000000000001c878                udp_new
                0x000000000001c8c2                udp_broadcast_new
                0x000000000001ca34                tcpip_input
                0x000000000001cbc4                tcpip_ipv6_output
                0x000000000001cdb8                tcpip_poll_udp
                0x000000000001cdd6                tcpip_uipcall
 .text          0x000000000001cebe     0x1205 build/cooja/mtype186.a(uip6.o)
                0x000000000001cf6d                uip_chksum
                0x000000000001d044                uip_icmp6chksum
                0x000000000001d059                uip_udpchksum
                0x000000000001d06e                uip_init
                0x000000000001d0b7                uip_remove_ext_hdr
                0x000000000001d191                uip_udp_new
                0x000000000001d4a5                uip_process
                0x000000000001df9d                uip_htons
                0x000000000001dfbf                uip_htonl
                0x000000000001dffd                uip_send
 .text          0x000000000001e0c3      0x369 build/cooja/mtype186.a(uip-ds6-nbr.o)
                0x000000000001e0c3                uip_ds6_neighbors_init
                0x000000000001e0e7                uip_ds6_nbr_add
                0x000000000001e16d                uip_ds6_nbr_rm
                0x000000000001e1b8                uip_ds6_nbr_update_ll
                0x000000000001e2a6                uip_ds6_nbr_get_ipaddr
                0x000000000001e2bb                uip_ds6_nbr_get_ll
                0x000000000001e2d7                uip_ds6_nbr_num
                0x000000000001e320                uip_ds6_nbr_head
                0x000000000001e339                uip_ds6_nbr_next
                0x000000000001e355                uip_ds6_nbr_lookup
                0x000000000001e3ad                uip_ds6_nbr_ll_lookup
                0x000000000001e3c9                uip_ds6_nbr_ipaddr_from_lladdr
                0x000000000001e3f2                uip_ds6_nbr_lladdr_from_ipaddr
                0x000000000001e426                uip_ds6_link_callback
 .text          0x000000000001e42c      0x6a7 build/cooja/mtype186.a(uip-nd6.o)
                0x000000000001eaba                uip_nd6_init
 .text          0x000000000001ead3     0x2c17 build/cooja/mtype186.a(sicslowpan.o)
                0x000000000001f0da                netstack_sniffer_add
                0x000000000001f0e8                netstack_sniffer_remove
                0x00000000000216be                sicslowpan_init
                0x00000000000216e0                sicslowpan_get_last_rssi
 .text          0x00000000000216ea      0x4d1 build/cooja/mtype186.a(uiplib.o)
                0x00000000000216ea                uiplib_ip6addrconv
                0x00000000000218a2                uiplib_ip4addrconv
                0x0000000000021965                uiplib_ipaddr_print
                0x00000000000219b8                uiplib_ipaddr_snprint
 .text          0x0000000000021bbb      0x4c9 build/cooja/mtype186.a(rpl.o)
                0x0000000000021bbb                rpl_lollipop_greater_than
                0x0000000000021c15                rpl_get_global_address
                0x0000000000021d0d                rpl_link_callback
                0x0000000000021d51                rpl_has_joined
                0x0000000000021d76                rpl_is_reachable
                0x0000000000021df7                rpl_reset_prefix
                0x0000000000021e61                rpl_set_prefix_from_addr
                0x0000000000021f46                rpl_set_prefix
                0x0000000000022060                rpl_set_leaf_only
                0x0000000000022078                rpl_get_leaf_only
 .text          0x0000000000022084     0x138c build/cooja/mtype186.a(rpl-icmp6.o)
                0x00000000000221a9                rpl_icmp6_update_nbr_table
                0x0000000000022232                rpl_icmp6_dis_output
                0x0000000000022878                rpl_icmp6_dio_output
                0x0000000000023076                rpl_icmp6_dao_output
                0x0000000000023357                rpl_icmp6_dao_ack_output
                0x00000000000233c7                rpl_icmp6_init
 .text          0x0000000000023410      0x264 build/cooja/mtype186.a(rpl-dag-root.o)
                0x0000000000023410                rpl_dag_root_print_links
                0x000000000002353c                rpl_dag_root_set_prefix
                0x0000000000023568                rpl_dag_root_start
                0x0000000000023645                rpl_dag_root_is_root
 .text          0x0000000000023674       0x30 build/cooja/mtype186.a(watchdog.o)
                0x0000000000023674                watchdog_init
                0x000000000002367a                watchdog_start
                0x0000000000023680                watchdog_periodic
                0x0000000000023698                watchdog_stop
                0x000000000002369e                watchdog_reboot
 .text          0x00000000000236a4       0x4a build/cooja/mtype186.a(int-master.o)
                0x00000000000236a4                int_master_enable
                0x00000000000236b4                int_master_read_and_disable
                0x00000000000236d1                int_master_status_set
                0x00000000000236df                int_master_is_enabled
 .text          0x00000000000236ee      0x226 build/cooja/mtype186.a(coap-timer-defa)
 .text          0x0000000000023914       0xc7 build/cooja/mtype186.a(stimer.o)
                0x0000000000023914                stimer_set
                0x0000000000023932                stimer_reset
                0x000000000002395f                stimer_restart
                0x0000000000023974                stimer_expired
                0x000000000002399f                stimer_remaining
                0x00000000000239c3                stimer_elapsed
 .text          0x00000000000239db      0x156 build/cooja/mtype186.a(ringbuf.o)
                0x00000000000239db                ringbuf_init
                0x0000000000023a0d                ringbuf_put
                0x0000000000023a8b                ringbuf_get
                0x0000000000023af8                ringbuf_size
                0x0000000000023b0a                ringbuf_elements
 .text          0x0000000000023b31       0x1f build/cooja/mtype186.a(assert.o)
                0x0000000000023b31                _xassert
 .text          0x0000000000023b50      0x79b build/cooja/mtype186.a(nbr-table.o)
                0x0000000000023fc9                nbr_table_register
                0x0000000000024036                nbr_table_is_registered
                0x0000000000024071                nbr_table_head
                0x00000000000240cc                nbr_table_next
                0x000000000002412d                nbr_table_add_lladdr
                0x0000000000024207                nbr_table_get_from_lladdr
                0x0000000000024253                nbr_table_remove
                0x000000000002428b                nbr_table_lock
                0x00000000000242a5                nbr_table_unlock
                0x00000000000242bf                nbr_table_get_lladdr
 .text          0x00000000000242eb      0x3a5 build/cooja/mtype186.a(link-stats.o)
                0x00000000000242eb                link_stats_from_lladdr
                0x0000000000024307                link_stats_get_lladdr
                0x0000000000024323                link_stats_is_fresh
                0x000000000002435f                guess_etx_from_rssi
                0x00000000000243db                link_stats_packet_sent
                0x00000000000244fb                link_stats_input_callback
                0x000000000002460b                link_stats_reset
                0x000000000002465b                link_stats_init
 .text          0x0000000000024690      0x187 build/cooja/mtype186.a(mac-sequence.o)
                0x0000000000024690                mac_sequence_is_duplicate
                0x0000000000024730                mac_sequence_register_seqno
 .text          0x0000000000024817       0x23 build/cooja/mtype186.a(mac.o)
                0x0000000000024817                mac_call_sent_callback
 .text          0x000000000002483a      0x432 build/cooja/mtype186.a(framer-802154.o)
                0x00000000000249c9                framer_802154_setup_params
 .text          0x0000000000024c6c      0xb6f build/cooja/mtype186.a(frame802154.o)
                0x0000000000024c9d                frame802154_get_pan_id
                0x0000000000024ca9                frame802154_set_pan_id
                0x0000000000024cc3                frame802154_has_panid
                0x0000000000024e72                frame802154_check_dest_panid
                0x0000000000024efa                frame802154_is_broadcast_addr
                0x0000000000024f47                frame802154_extract_linkaddr
                0x00000000000251ac                frame802154_hdrlen
                0x000000000002521f                frame802154_create_fcf
                0x00000000000252d7                frame802154_create
                0x000000000002544c                frame802154_parse_fcf
                0x000000000002552e                frame802154_parse
 .text          0x00000000000257db       0x2d build/cooja/mtype186.a(csma-security.o)
                0x00000000000257db                csma_security_create_frame
                0x00000000000257f9                csma_security_parse_frame
 .text          0x0000000000025808      0x4e4 build/cooja/mtype186.a(uipbuf.o)
                0x0000000000025808                uipbuf_clear
                0x000000000002582f                uipbuf_add_ext_hdr
                0x00000000000258af                uipbuf_set_len
                0x00000000000258dc                uipbuf_set_len_field
                0x0000000000025908                uipbuf_get_len_field
                0x0000000000025928                uipbuf_get_next_header
                0x0000000000025a5a                uipbuf_get_last_header
                0x0000000000025ad3                uipbuf_search_header
                0x0000000000025b89                uipbuf_get_attr
                0x0000000000025bb0                uipbuf_set_attr
                0x0000000000025be7                uipbuf_set_default_attr
                0x0000000000025c1e                uipbuf_clear_attr
                0x0000000000025c42                uipbuf_set_attr_flag
                0x0000000000025c63                uipbuf_clr_attr_flag
                0x0000000000025c8a                uipbuf_is_attr_flag
                0x0000000000025cae                uipbuf_init
 .text          0x0000000000025cec      0x73f build/cooja/mtype186.a(uip-icmp6.o)
                0x0000000000025d61                uip_icmp6_input
                0x0000000000025db8                uip_icmp6_register_input_handler
                0x0000000000025f0b                uip_icmp6_error_output
                0x00000000000261bc                uip_icmp6_send
                0x00000000000263b3                uip_icmp6_echo_reply_callback_add
                0x00000000000263e5                uip_icmp6_echo_reply_callback_rm
                0x0000000000026402                uip_icmp6_init
 .text          0x000000000002642b      0x69b build/cooja/mtype186.a(uip-sr.o)
                0x000000000002642b                uip_sr_num_nodes
                0x00000000000264b9                uip_sr_get_node
                0x0000000000026510                uip_sr_is_addr_reachable
                0x00000000000265be                uip_sr_expire_parent
                0x0000000000026607                uip_sr_update_node
                0x0000000000026737                uip_sr_init
                0x000000000002676b                uip_sr_node_head
                0x0000000000026784                uip_sr_node_next
                0x000000000002679a                uip_sr_periodic
                0x00000000000268a0                uip_sr_free_all
                0x0000000000026910                uip_sr_link_snprint
 .text          0x0000000000026ac6      0x146 build/cooja/mtype186.a(uip-packetqueue)
                0x0000000000026af4                uip_packetqueue_new
                0x0000000000026b03                uip_packetqueue_alloc
                0x0000000000026b5e                uip_packetqueue_free
                0x0000000000026ba5                uip_packetqueue_buf
                0x0000000000026bc2                uip_packetqueue_buflen
                0x0000000000026be3                uip_packetqueue_set_buflen
 .text          0x0000000000026c0c      0x1b0 build/cooja/mtype186.a(rpl-nbr-policy.)
                0x0000000000026d79                rpl_nbr_policy_find_removable
 .text          0x0000000000026dbc      0x915 build/cooja/mtype186.a(rpl-neighbor.o)
                0x0000000000026e38                rpl_neighbor_snprint
                0x00000000000270eb                rpl_neighbor_print_list
                0x00000000000271a0                rpl_neighbor_count
                0x0000000000027247                rpl_neighbor_get_from_lladdr
                0x0000000000027263                rpl_neighbor_is_acceptable_parent
                0x0000000000027297                rpl_neighbor_get_link_metric
                0x00000000000272cb                rpl_neighbor_rank_via_nbr
                0x00000000000272ff                rpl_neighbor_get_lladdr
                0x000000000002731b                rpl_neighbor_get_ipaddr
                0x0000000000027342                rpl_neighbor_get_link_stats
                0x0000000000027369                rpl_neighbor_is_fresh
                0x0000000000027390                rpl_neighbor_is_reachable
                0x00000000000273db                rpl_neighbor_is_parent
                0x0000000000027405                rpl_neighbor_set_preferred_parent
                0x000000000002749c                rpl_neighbor_remove_all
                0x00000000000274f8                rpl_neighbor_get_from_ipaddr
                0x0000000000027606                rpl_neighbor_select_best
                0x00000000000276b2                rpl_neighbor_init
 .text          0x00000000000276d1      0xe69 build/cooja/mtype186.a(rpl-dag.o)
                0x00000000000276d1                rpl_dag_state_to_str
                0x0000000000027710                rpl_dag_get_root_ipaddr
                0x0000000000027758                rpl_dag_leave
                0x00000000000277e1                rpl_dag_poison_and_leave
                0x00000000000277f9                rpl_dag_periodic
                0x0000000000027881                rpl_is_addr_in_our_dag
                0x00000000000278c5                rpl_get_default_instance
                0x00000000000278e1                rpl_get_any_dag
                0x000000000002793a                rpl_refresh_routes
                0x000000000002797a                rpl_global_repair
                0x0000000000027a13                rpl_local_repair
                0x0000000000027a5d                rpl_dag_ready_to_advertise
                0x0000000000027aa0                rpl_dag_update_state
                0x00000000000281cd                rpl_process_dio
                0x000000000002824b                rpl_process_dis
                0x0000000000028290                rpl_process_dao
                0x000000000002831f                rpl_process_dao_ack
                0x00000000000283b6                rpl_process_hbh
                0x0000000000028406                rpl_dag_init_root
                0x000000000002851a                rpl_dag_init
 .text          0x000000000002853a      0x9e7 build/cooja/mtype186.a(rpl-timers.o)
                0x000000000002853a                rpl_timers_schedule_periodic_dis
                0x0000000000028688                rpl_timers_dio_reset
                0x0000000000028796                rpl_timers_schedule_unicast_dio
                0x00000000000288ea                rpl_timers_schedule_dao
                0x00000000000289a9                rpl_timers_schedule_dao_ack
                0x0000000000028a2f                rpl_timers_notify_dao_ack
                0x0000000000028a8d                get_probing_delay
                0x0000000000028ac1                get_probing_target
                0x0000000000028cab                rpl_schedule_probing
                0x0000000000028cd9                rpl_schedule_probing_now
                0x0000000000028d43                rpl_timers_unschedule_leaving
                0x0000000000028d7b                rpl_timers_schedule_leaving
                0x0000000000028dbc                rpl_timers_init
                0x0000000000028e4c                rpl_timers_stop_dag_timers
                0x0000000000028ec5                rpl_timers_unschedule_state_update
                0x0000000000028ee9                rpl_timers_schedule_state_update
 .text          0x0000000000028f21      0xb8e build/cooja/mtype186.a(rpl-ext-header.)
                0x0000000000028f21                rpl_ext_header_srh_get_next_hop
                0x0000000000029008                rpl_ext_header_srh_update
                0x0000000000029574                rpl_ext_header_hbh_update
                0x0000000000029874                rpl_ext_header_update
                0x00000000000298fd                rpl_ext_header_remove
 .text          0x0000000000029aaf      0x31b build/cooja/mtype186.a(rpl-mrhof.o)
 *fill*         0x0000000000029dca        0x6 
 .text          0x0000000000029dd0      0x122 /usr/lib/gcc/i686-linux-gnu/5/libgcc.a(_udivdi3.o)
                0x0000000000029dd0                __udivdi3
 .text          0x0000000000029ef2        0x0 /usr/lib/gcc/i686-linux-gnu/5/crtendS.o
 .text          0x0000000000029ef2        0x0 /usr/lib/gcc/i686-linux-gnu/5/../../../i386-linux-gnu/crtn.o
 *(.gnu.warning)

.fini           0x0000000000029ef4       0x14
 *(SORT(.fini))
 .fini          0x0000000000029ef4        0xf /usr/lib/gcc/i686-linux-gnu/5/../../../i386-linux-gnu/crti.o
                0x0000000000029ef4                _fini
 .fini          0x0000000000029f03        0x5 /usr/lib/gcc/i686-linux-gnu/5/../../../i386-linux-gnu/crtn.o
                [!provide]                        PROVIDE (__etext, .)
                [!provide]                        PROVIDE (_etext, .)
                [!provide]                        PROVIDE (etext, .)

.rodata         0x0000000000029f20      0xb4b
 *(.rodata .rodata.* .gnu.linkonce.r.*)
 .rodata        0x0000000000029f20       0x42 sensor.o
                0x0000000000029f4c                autostart_processes
 *fill*         0x0000000000029f62        0x2 
 .rodata        0x0000000000029f64        0x8 build/cooja/mtype186.a(beep.o)
                0x0000000000029f64                beep_interface
 .rodata        0x0000000000029f6c        0xe build/cooja/mtype186.a(leds-arch.o)
                0x0000000000029f6c                leds_interface
                0x0000000000029f74                leds_arch_leds
 *fill*         0x0000000000029f7a        0x2 
 .rodata        0x0000000000029f7c        0x8 build/cooja/mtype186.a(moteid.o)
                0x0000000000029f7c                moteid_interface
 .rodata        0x0000000000029f84       0x1c build/cooja/mtype186.a(pir-sensor.o)
                0x0000000000029f84                pir_interface
                0x0000000000029f90                pir_sensor
 .rodata        0x0000000000029fa0        0xe build/cooja/mtype186.a(rs232.o)
                0x0000000000029fa0                rs232_interface
 *fill*         0x0000000000029fae        0x2 
 .rodata        0x0000000000029fb0       0x24 build/cooja/mtype186.a(vib-sensor.o)
                0x0000000000029fb0                vib_interface
                0x0000000000029fc4                vib_sensor
 .rodata        0x0000000000029fd4        0x8 build/cooja/mtype186.a(clock.o)
                0x0000000000029fd4                clock_interface
 .rodata        0x0000000000029fdc        0x8 build/cooja/mtype186.a(cooja-log.o)
                0x0000000000029fdc                simlog_interface
 .rodata        0x0000000000029fe4       0x2f build/cooja/mtype186.a(cfs-cooja.o)
                0x0000000000029fe4                cfs_interface
 *fill*         0x000000000002a013        0xd 
 .rodata        0x000000000002a020       0xb8 build/cooja/mtype186.a(cooja-radio.o)
                0x000000000002a020                radio_interface
                0x000000000002a0a0                cooja_radio_driver
 .rodata        0x000000000002a0d8        0x8 build/cooja/mtype186.a(eeprom.o)
                0x000000000002a0d8                eeprom_interface
 .rodata        0x000000000002a0e0        0x8 build/cooja/mtype186.a(sensors.o)
 .rodata        0x000000000002a0e8       0x2c build/cooja/mtype186.a(buttons.o)
                0x000000000002a0e8                button_interface
                0x000000000002a0fc                button_hal_button_count
                0x000000000002a104                button_sensor
 .rodata        0x000000000002a114       0xe9 build/cooja/mtype186.a(refill_sensor.o)
 *fill*         0x000000000002a1fd        0x3 
 .rodata        0x000000000002a200       0x4e build/cooja/mtype186.a(weight_sensor.o)
 .rodata        0x000000000002a24e       0x41 build/cooja/mtype186.a(coap-engine.o)
 .rodata        0x000000000002a28f       0x19 build/cooja/mtype186.a(coap-res-well-k)
 .rodata        0x000000000002a2a8       0x11 build/cooja/mtype186.a(coap-observe.o)
 .rodata        0x000000000002a2b9       0x35 build/cooja/mtype186.a(coap-uip.o)
 *fill*         0x000000000002a2ee        0x2 
 .rodata        0x000000000002a2f0      0x1ac build/cooja/mtype186.a(coap.o)
 .rodata        0x000000000002a49c       0xf8 build/cooja/mtype186.a(contiki-main.o)
 .rodata        0x000000000002a594        0xf build/cooja/mtype186.a(ctimer.o)
 *fill*         0x000000000002a5a3        0x1 
 .rodata        0x000000000002a5a4       0xc4 build/cooja/mtype186.a(log.o)
 .rodata        0x000000000002a668        0xc build/cooja/mtype186.a(etimer.o)
 .rodata        0x000000000002a674       0x13 build/cooja/mtype186.a(button-hal.o)
 .rodata        0x000000000002a687        0xe build/cooja/mtype186.a(serial-line.o)
 *fill*         0x000000000002a695        0x3 
 .rodata        0x000000000002a698        0x8 build/cooja/mtype186.a(linkaddr.o)
                0x000000000002a698                linkaddr_null
 .rodata        0x000000000002a6a0       0x24 build/cooja/mtype186.a(csma.o)
                0x000000000002a6a8                csma_driver
 .rodata        0x000000000002a6c4       0x2a build/cooja/mtype186.a(csma-output.o)
 *fill*         0x000000000002a6ee        0x2 
 .rodata        0x000000000002a6f0       0xb9 build/cooja/mtype186.a(uip-ds6-route.o)
 .rodata        0x000000000002a7a9        0xd build/cooja/mtype186.a(tcpip.o)
 *fill*         0x000000000002a7b6        0x2 
 .rodata        0x000000000002a7b8       0x30 build/cooja/mtype186.a(sicslowpan.o)
                0x000000000002a7b8                unc_llconf
                0x000000000002a7bc                unc_ctxconf
                0x000000000002a7c0                unc_mxconf
                0x000000000002a7c4                llprefix
                0x000000000002a7d8                sicslowpan_driver
 .rodata        0x000000000002a7e8       0x2d build/cooja/mtype186.a(uiplib.o)
 *fill*         0x000000000002a815        0xb 
 .rodata        0x000000000002a820       0x74 build/cooja/mtype186.a(rpl.o)
                0x000000000002a840                rpl_lite_driver
 .rodata        0x000000000002a894       0x20 build/cooja/mtype186.a(coap-timer-defa)
                0x000000000002a8a8                coap_timer_default_driver
 .rodata        0x000000000002a8b4       0x25 build/cooja/mtype186.a(assert.o)
 *fill*         0x000000000002a8d9        0x3 
 .rodata        0x000000000002a8dc        0xc build/cooja/mtype186.a(framer-802154.o)
                0x000000000002a8dc                framer_802154
 .rodata        0x000000000002a8e8       0x44 build/cooja/mtype186.a(uip-sr.o)
 .rodata        0x000000000002a92c       0x58 build/cooja/mtype186.a(rpl-neighbor.o)
 .rodata        0x000000000002a984       0xdb build/cooja/mtype186.a(rpl-dag.o)
 .rodata        0x000000000002aa5f        0xc build/cooja/mtype186.a(rpl-timers.o)

.rodata1
 *(.rodata1)

.eh_frame_hdr   0x000000000002aa6c     0x1a14
 *(.eh_frame_hdr)
 .eh_frame_hdr  0x000000000002aa6c     0x1a14 sensor.o
                0x000000000002aa6c                __GNU_EH_FRAME_HDR
 *(.eh_frame_entry .eh_frame_entry.*)

.eh_frame       0x000000000002c480     0x69c8
 *(.eh_frame)
 .eh_frame      0x000000000002c480       0x3c /usr/lib/gcc/i686-linux-gnu/5/../../../i386-linux-gnu/crti.o
                                         0x40 (size before relaxing)
 .eh_frame      0x000000000002c4bc       0x60 sensor.o
                                         0x78 (size before relaxing)
 .eh_frame      0x000000000002c51c      0x178 build/cooja/mtype186.o
                                        0x190 (size before relaxing)
 .eh_frame      0x000000000002c694       0x40 build/cooja/mtype186.a(simEnvChange.o)
                                         0x58 (size before relaxing)
 .eh_frame      0x000000000002c6d4       0x60 build/cooja/mtype186.a(cooja_mt.o)
                                         0x78 (size before relaxing)
 .eh_frame      0x000000000002c734       0x80 build/cooja/mtype186.a(cooja_mtarch.o)
                                         0x98 (size before relaxing)
 .eh_frame      0x000000000002c7b4       0xc8 build/cooja/mtype186.a(rtimer-arch.o)
                                         0xe0 (size before relaxing)
 .eh_frame      0x000000000002c87c      0x160 build/cooja/mtype186.a(beep.o)
                                        0x178 (size before relaxing)
 .eh_frame      0x000000000002c9dc       0x80 build/cooja/mtype186.a(leds-arch.o)
                                         0x98 (size before relaxing)
 .eh_frame      0x000000000002ca5c       0x40 build/cooja/mtype186.a(moteid.o)
                                         0x58 (size before relaxing)
 .eh_frame      0x000000000002ca9c       0xa0 build/cooja/mtype186.a(pir-sensor.o)
                                         0xb8 (size before relaxing)
 .eh_frame      0x000000000002cb3c      0x100 build/cooja/mtype186.a(rs232.o)
                                        0x118 (size before relaxing)
 .eh_frame      0x000000000002cc3c       0xa0 build/cooja/mtype186.a(vib-sensor.o)
                                         0xb8 (size before relaxing)
 .eh_frame      0x000000000002ccdc       0xc0 build/cooja/mtype186.a(clock.o)
                                         0xd8 (size before relaxing)
 .eh_frame      0x000000000002cd9c      0x120 build/cooja/mtype186.a(cooja-log.o)
                                        0x138 (size before relaxing)
 .eh_frame      0x000000000002cebc      0x160 build/cooja/mtype186.a(cfs-cooja.o)
                                        0x178 (size before relaxing)
 .eh_frame      0x000000000002d01c      0x340 build/cooja/mtype186.a(cooja-radio.o)
                                        0x358 (size before relaxing)
 .eh_frame      0x000000000002d35c       0xa0 build/cooja/mtype186.a(eeprom.o)
                                         0xb8 (size before relaxing)
 .eh_frame      0x000000000002d3fc       0x40 build/cooja/mtype186.a(random.o)
                                         0x58 (size before relaxing)
 .eh_frame      0x000000000002d43c       0xc0 build/cooja/mtype186.a(sensors.o)
                                         0xd8 (size before relaxing)
 .eh_frame      0x000000000002d4fc      0x120 build/cooja/mtype186.a(leds.o)
                                        0x138 (size before relaxing)
 .eh_frame      0x000000000002d61c      0x220 build/cooja/mtype186.a(gpio-hal-arch.o)
                                        0x238 (size before relaxing)
 .eh_frame      0x000000000002d83c       0xa0 build/cooja/mtype186.a(buttons.o)
                                         0xb8 (size before relaxing)
 .eh_frame      0x000000000002d8dc       0x64 build/cooja/mtype186.a(refill_sensor.o)
                                         0x7c (size before relaxing)
 .eh_frame      0x000000000002d940       0x40 build/cooja/mtype186.a(weight_sensor.o)
                                         0x58 (size before relaxing)
 .eh_frame      0x000000000002d980      0x220 build/cooja/mtype186.a(coap-engine.o)
                                        0x238 (size before relaxing)
 .eh_frame      0x000000000002dba0       0x24 build/cooja/mtype186.a(coap-res-well-k)
                                         0x3c (size before relaxing)
 .eh_frame      0x000000000002dbc4      0x188 build/cooja/mtype186.a(coap-observe.o)
                                        0x1a0 (size before relaxing)
 .eh_frame      0x000000000002dd4c      0x250 build/cooja/mtype186.a(coap-uip.o)
                                        0x268 (size before relaxing)
 .eh_frame      0x000000000002df9c      0x114 build/cooja/mtype186.a(coap-timer.o)
                                        0x12c (size before relaxing)
 .eh_frame      0x000000000002e0b0      0x100 build/cooja/mtype186.a(coap-transactio)
                                        0x118 (size before relaxing)
 .eh_frame      0x000000000002e1b0      0x6ec build/cooja/mtype186.a(coap.o)
                                        0x704 (size before relaxing)
 .eh_frame      0x000000000002e89c       0x30 build/cooja/mtype186.a(contiki-main.o)
                                         0x48 (size before relaxing)
 .eh_frame      0x000000000002e8cc       0x40 build/cooja/mtype186.a(autostart.o)
                                         0x58 (size before relaxing)
 .eh_frame      0x000000000002e90c      0x100 build/cooja/mtype186.a(ctimer.o)
                                        0x118 (size before relaxing)
 .eh_frame      0x000000000002ea0c      0x100 build/cooja/mtype186.a(log.o)
                                        0x118 (size before relaxing)
 .eh_frame      0x000000000002eb0c       0x60 build/cooja/mtype186.a(energest.o)
                                         0x78 (size before relaxing)
 .eh_frame      0x000000000002eb6c      0x1e0 build/cooja/mtype186.a(etimer.o)
                                        0x1f8 (size before relaxing)
 .eh_frame      0x000000000002ed4c       0x20 build/cooja/mtype186.a(node-id.o)
                                         0x38 (size before relaxing)
 .eh_frame      0x000000000002ed6c       0x60 build/cooja/mtype186.a(rtimer.o)
                                         0x78 (size before relaxing)
 .eh_frame      0x000000000002edcc      0x1c4 build/cooja/mtype186.a(process.o)
                                        0x1dc (size before relaxing)
 .eh_frame      0x000000000002ef90       0xa4 build/cooja/mtype186.a(timer.o)
                                         0xbc (size before relaxing)
 .eh_frame      0x000000000002f034      0x1a0 build/cooja/mtype186.a(list.o)
                                        0x1b8 (size before relaxing)
 .eh_frame      0x000000000002f1d4       0xa0 build/cooja/mtype186.a(memb.o)
                                         0xb8 (size before relaxing)
 .eh_frame      0x000000000002f274      0x144 build/cooja/mtype186.a(button-hal.o)
                                        0x15c (size before relaxing)
 .eh_frame      0x000000000002f3b8       0x60 build/cooja/mtype186.a(serial-line.o)
                                         0x78 (size before relaxing)
 .eh_frame      0x000000000002f418       0xe0 build/cooja/mtype186.a(gpio-hal.o)
                                         0xf8 (size before relaxing)
 .eh_frame      0x000000000002f4f8      0x1a0 build/cooja/mtype186.a(queuebuf.o)
                                        0x1b8 (size before relaxing)
 .eh_frame      0x000000000002f698      0x28c build/cooja/mtype186.a(packetbuf.o)
                                        0x2a4 (size before relaxing)
 .eh_frame      0x000000000002f924       0x80 build/cooja/mtype186.a(netstack.o)
                                         0x98 (size before relaxing)
 .eh_frame      0x000000000002f9a4       0x60 build/cooja/mtype186.a(linkaddr.o)
                                         0x78 (size before relaxing)
 .eh_frame      0x000000000002fa04       0xe0 build/cooja/mtype186.a(csma.o)
                                         0xf8 (size before relaxing)
 .eh_frame      0x000000000002fae4      0x1d0 build/cooja/mtype186.a(csma-output.o)
                                        0x1e8 (size before relaxing)
 .eh_frame      0x000000000002fcb4      0x328 build/cooja/mtype186.a(uip-ds6.o)
                                        0x340 (size before relaxing)
 .eh_frame      0x000000000002ffdc       0x40 build/cooja/mtype186.a(uip-udp-packet.)
                                         0x58 (size before relaxing)
 .eh_frame      0x000000000003001c      0x2e0 build/cooja/mtype186.a(uip-ds6-route.o)
                                        0x2f8 (size before relaxing)
 .eh_frame      0x00000000000302fc      0x244 build/cooja/mtype186.a(tcpip.o)
                                        0x25c (size before relaxing)
 .eh_frame      0x0000000000030540      0x1e8 build/cooja/mtype186.a(uip6.o)
                                        0x200 (size before relaxing)
 .eh_frame      0x0000000000030728      0x1c0 build/cooja/mtype186.a(uip-ds6-nbr.o)
                                        0x1d8 (size before relaxing)
 .eh_frame      0x00000000000308e8       0x84 build/cooja/mtype186.a(uip-nd6.o)
                                         0x9c (size before relaxing)
 .eh_frame      0x000000000003096c      0x2f8 build/cooja/mtype186.a(sicslowpan.o)
                                        0x310 (size before relaxing)
 .eh_frame      0x0000000000030c64       0x88 build/cooja/mtype186.a(uiplib.o)
                                         0xa0 (size before relaxing)
 .eh_frame      0x0000000000030cec      0x1e0 build/cooja/mtype186.a(rpl.o)
                                        0x1f8 (size before relaxing)
 .eh_frame      0x0000000000030ecc      0x1c4 build/cooja/mtype186.a(rpl-icmp6.o)
                                        0x1dc (size before relaxing)
 .eh_frame      0x0000000000031090       0xa0 build/cooja/mtype186.a(rpl-dag-root.o)
                                         0xb8 (size before relaxing)
 .eh_frame      0x0000000000031130       0xa0 build/cooja/mtype186.a(watchdog.o)
                                         0xb8 (size before relaxing)
 .eh_frame      0x00000000000311d0       0x80 build/cooja/mtype186.a(int-master.o)
                                         0x98 (size before relaxing)
 .eh_frame      0x0000000000031250       0xa4 build/cooja/mtype186.a(coap-timer-defa)
                                         0xbc (size before relaxing)
 .eh_frame      0x00000000000312f4       0xc4 build/cooja/mtype186.a(stimer.o)
                                         0xdc (size before relaxing)
 .eh_frame      0x00000000000313b8       0xa0 build/cooja/mtype186.a(ringbuf.o)
                                         0xb8 (size before relaxing)
 .eh_frame      0x0000000000031458       0x20 build/cooja/mtype186.a(assert.o)
                                         0x38 (size before relaxing)
 .eh_frame      0x0000000000031478      0x2ac build/cooja/mtype186.a(nbr-table.o)
                                        0x2c4 (size before relaxing)
 .eh_frame      0x0000000000031724      0x120 build/cooja/mtype186.a(link-stats.o)
                                        0x138 (size before relaxing)
 .eh_frame      0x0000000000031844       0x48 build/cooja/mtype186.a(mac-sequence.o)
                                         0x60 (size before relaxing)
 .eh_frame      0x000000000003188c       0x20 build/cooja/mtype186.a(mac.o)
                                         0x38 (size before relaxing)
 .eh_frame      0x00000000000318ac       0xa4 build/cooja/mtype186.a(framer-802154.o)
                                         0xbc (size before relaxing)
 .eh_frame      0x0000000000031950      0x1a4 build/cooja/mtype186.a(frame802154.o)
                                        0x1bc (size before relaxing)
 .eh_frame      0x0000000000031af4       0x40 build/cooja/mtype186.a(csma-security.o)
                                         0x58 (size before relaxing)
 .eh_frame      0x0000000000031b34      0x200 build/cooja/mtype186.a(uipbuf.o)
                                        0x218 (size before relaxing)
 .eh_frame      0x0000000000031d34      0x150 build/cooja/mtype186.a(uip-icmp6.o)
                                        0x168 (size before relaxing)
 .eh_frame      0x0000000000031e84      0x184 build/cooja/mtype186.a(uip-sr.o)
                                        0x19c (size before relaxing)
 .eh_frame      0x0000000000032008       0xe0 build/cooja/mtype186.a(uip-packetqueue)
                                         0xf8 (size before relaxing)
 .eh_frame      0x00000000000320e8       0x80 build/cooja/mtype186.a(rpl-nbr-policy.)
                                         0x98 (size before relaxing)
 .eh_frame      0x0000000000032168      0x2d4 build/cooja/mtype186.a(rpl-neighbor.o)
                                        0x2ec (size before relaxing)
 .eh_frame      0x000000000003243c      0x370 build/cooja/mtype186.a(rpl-dag.o)
                                        0x388 (size before relaxing)
 .eh_frame      0x00000000000327ac      0x3a8 build/cooja/mtype186.a(rpl-timers.o)
                                        0x3c0 (size before relaxing)
 .eh_frame      0x0000000000032b54      0x124 build/cooja/mtype186.a(rpl-ext-header.)
                                        0x13c (size before relaxing)
 .eh_frame      0x0000000000032c78      0x148 build/cooja/mtype186.a(rpl-mrhof.o)
                                        0x160 (size before relaxing)
 .eh_frame      0x0000000000032dc0       0x84 /usr/lib/gcc/i686-linux-gnu/5/libgcc.a(_udivdi3.o)
                                         0x9c (size before relaxing)
 .eh_frame      0x0000000000032e44        0x4 /usr/lib/gcc/i686-linux-gnu/5/crtendS.o
 *(.eh_frame.*)

.gcc_except_table
 *(.gcc_except_table .gcc_except_table.*)

.gnu_extab
 *(.gnu_extab*)

.exception_ranges
 *(.exception_ranges .exception_ranges*)
                0x0000000000033f10                . = DATA_SEGMENT_ALIGN (0x1000, 0x1000)

.eh_frame
 *(.eh_frame)
 *(.eh_frame.*)

.gnu_extab
 *(.gnu_extab)

.gcc_except_table
 *(.gcc_except_table .gcc_except_table.*)

.exception_ranges
 *(.exception_ranges .exception_ranges*)

.tdata
 *(.tdata .tdata.* .gnu.linkonce.td.*)

.tbss
 *(.tbss .tbss.* .gnu.linkonce.tb.*)
 *(.tcommon)

.preinit_array
 *(.preinit_array)

.init_array     0x0000000000033f10        0x4
 *(SORT(.init_array.*) SORT(.ctors.*))
 *(.init_array EXCLUDE_FILE(*crtend?.o *crtend.o *crtbegin?.o *crtbegin.o) .ctors)
 .init_array    0x0000000000033f10        0x4 /usr/lib/gcc/i686-linux-gnu/5/crtbeginS.o

.fini_array     0x0000000000033f14        0x4
 *(SORT(.fini_array.*) SORT(.dtors.*))
 *(.fini_array EXCLUDE_FILE(*crtend?.o *crtend.o *crtbegin?.o *crtbegin.o) .dtors)
 .fini_array    0x0000000000033f14        0x4 /usr/lib/gcc/i686-linux-gnu/5/crtbeginS.o

.ctors
 *crtbegin.o(.ctors)
 *crtbegin?.o(.ctors)
 *(EXCLUDE_FILE(*crtend?.o *crtend.o) .ctors)
 *(SORT(.ctors.*))
 *(.ctors)

.dtors
 *crtbegin.o(.dtors)
 *crtbegin?.o(.dtors)
 *(EXCLUDE_FILE(*crtend?.o *crtend.o) .dtors)
 *(SORT(.dtors.*))
 *(.dtors)

.jcr            0x0000000000033f18        0x4
 *(.jcr)
 .jcr           0x0000000000033f18        0x0 /usr/lib/gcc/i686-linux-gnu/5/crtbeginS.o
 .jcr           0x0000000000033f18        0x4 /usr/lib/gcc/i686-linux-gnu/5/crtendS.o

.data.rel.ro
 *(.data.rel.ro.local* .gnu.linkonce.d.rel.ro.local.*)
 *(.data.rel.ro .data.rel.ro.* .gnu.linkonce.d.rel.ro.*)

.dynamic        0x0000000000033f1c       0xd0
 *(.dynamic)
 .dynamic       0x0000000000033f1c       0xd0 /usr/lib/gcc/i686-linux-gnu/5/../../../i386-linux-gnu/crti.o
                0x0000000000033f1c                _DYNAMIC

.got            0x0000000000033fec       0x14
 *(.got)
 .got           0x0000000000033fec       0x14 /usr/lib/gcc/i686-linux-gnu/5/../../../i386-linux-gnu/crti.o
 *(.igot)
                0x0000000000034ff4                . = DATA_SEGMENT_RELRO_END (., (SIZEOF (.got.plt) >= 0xc)?0xc:0x0)

.got.plt        0x0000000000034000        0xc
 *(.got.plt)
 .got.plt       0x0000000000034000        0xc /usr/lib/gcc/i686-linux-gnu/5/../../../i386-linux-gnu/crti.o
                0x0000000000034000                _GLOBAL_OFFSET_TABLE_
 *(.igot.plt)

.data           0x0000000000034020      0x4c4
 *(.data .data.* .gnu.linkonce.d.*)
 .data          0x0000000000034020        0x0 /usr/lib/gcc/i686-linux-gnu/5/../../../i386-linux-gnu/crti.o
 .data          0x0000000000034020        0x0 /usr/lib/gcc/i686-linux-gnu/5/crtbeginS.o
 .data.rel.local
                0x0000000000034020        0x4 /usr/lib/gcc/i686-linux-gnu/5/crtbeginS.o
                0x0000000000034020                __dso_handle
 .data          0x0000000000034024       0x14 sensor.o
                0x0000000000034024                contiki_ng_br_coap_server
                0x0000000000034034                last_refill_ts
 *fill*         0x0000000000034038        0x8 
 .data          0x0000000000034040       0x44 build/cooja/mtype186.o
                0x0000000000034040                simInterfaces
                0x0000000000034074                sensors
 .data          0x0000000000034084        0x0 build/cooja/mtype186.a(simEnvChange.o)
 .data          0x0000000000034084        0x0 build/cooja/mtype186.a(cooja_mt.o)
 .data          0x0000000000034084        0x0 build/cooja/mtype186.a(cooja_mtarch.o)
 .data          0x0000000000034084        0x0 build/cooja/mtype186.a(rtimer-arch.o)
 .data          0x0000000000034084        0x0 build/cooja/mtype186.a(beep.o)
 .data          0x0000000000034084        0x0 build/cooja/mtype186.a(leds-arch.o)
 .data          0x0000000000034084        0x0 build/cooja/mtype186.a(moteid.o)
 .data          0x0000000000034084        0x0 build/cooja/mtype186.a(pir-sensor.o)
 .data          0x0000000000034084        0x0 build/cooja/mtype186.a(rs232.o)
 .data          0x0000000000034084        0x0 build/cooja/mtype186.a(vib-sensor.o)
 .data          0x0000000000034084        0x0 build/cooja/mtype186.a(clock.o)
 .data          0x0000000000034084        0x0 build/cooja/mtype186.a(cooja-log.o)
 .data          0x0000000000034084        0x0 build/cooja/mtype186.a(cfs-cooja.o)
 .data          0x0000000000034084       0x2c build/cooja/mtype186.a(cooja-radio.o)
                0x0000000000034084                simRadioHWOn
                0x0000000000034088                simSignalStrength
                0x000000000003408c                simLastSignalStrength
                0x0000000000034090                simPower
                0x0000000000034094                simRadioChannel
                0x0000000000034098                simLQI
                0x00000000000340a0                cooja_radio_process
 .data          0x00000000000340b0        0x0 build/cooja/mtype186.a(eeprom.o)
 .data          0x00000000000340b0        0x0 build/cooja/mtype186.a(random.o)
 .data          0x00000000000340b0       0x10 build/cooja/mtype186.a(sensors.o)
                0x00000000000340b0                sensors_process
 .data          0x00000000000340c0        0x0 build/cooja/mtype186.a(leds.o)
 .data          0x00000000000340c0        0x0 build/cooja/mtype186.a(gpio-hal-arch.o)
 .data          0x00000000000340c0       0x78 build/cooja/mtype186.a(buttons.o)
                0x00000000000340c0                simButtonIsActive
                0x0000000000034130                button_hal_buttons
 *fill*         0x0000000000034138        0x8 
 .data          0x0000000000034140       0x24 build/cooja/mtype186.a(refill_sensor.o)
                0x0000000000034140                res_refill
 *fill*         0x0000000000034164       0x1c 
 .data          0x0000000000034180       0x24 build/cooja/mtype186.a(weight_sensor.o)
                0x0000000000034180                res_weight
 .data          0x00000000000341a4        0x8 build/cooja/mtype186.a(coap-engine.o)
 *fill*         0x00000000000341ac       0x14 
 .data          0x00000000000341c0       0x24 build/cooja/mtype186.a(coap-res-well-k)
                0x00000000000341c0                res_well_known_core
 .data          0x00000000000341e4       0x10 build/cooja/mtype186.a(coap-observe.o)
 .data          0x00000000000341f4       0x10 build/cooja/mtype186.a(coap-uip.o)
                0x00000000000341f4                coap_engine
 .data          0x0000000000034204        0x4 build/cooja/mtype186.a(coap-timer.o)
 .data          0x0000000000034208       0x10 build/cooja/mtype186.a(coap-transactio)
 .data          0x0000000000034218        0x4 build/cooja/mtype186.a(coap.o)
                0x0000000000034218                coap_error_message
 .data          0x000000000003421c        0x0 build/cooja/mtype186.a(contiki-main.o)
 .data          0x000000000003421c        0x0 build/cooja/mtype186.a(autostart.o)
 .data          0x000000000003421c       0x14 build/cooja/mtype186.a(ctimer.o)
                0x0000000000034220                ctimer_process
 *fill*         0x0000000000034230       0x10 
 .data          0x0000000000034240       0xbc build/cooja/mtype186.a(log.o)
                0x0000000000034240                curr_log_level_main
                0x0000000000034260                all_modules
 .data          0x00000000000342fc        0x0 build/cooja/mtype186.a(energest.o)
 .data          0x00000000000342fc       0x10 build/cooja/mtype186.a(etimer.o)
                0x00000000000342fc                etimer_process
 .data          0x000000000003430c        0x0 build/cooja/mtype186.a(node-id.o)
 .data          0x000000000003430c        0x0 build/cooja/mtype186.a(rtimer.o)
 .data          0x000000000003430c        0x0 build/cooja/mtype186.a(process.o)
 .data          0x000000000003430c        0x0 build/cooja/mtype186.a(timer.o)
 .data          0x000000000003430c        0x0 build/cooja/mtype186.a(list.o)
 .data          0x000000000003430c        0x0 build/cooja/mtype186.a(memb.o)
 .data          0x000000000003430c       0x10 build/cooja/mtype186.a(button-hal.o)
                0x000000000003430c                button_hal_process
 .data          0x000000000003431c       0x10 build/cooja/mtype186.a(serial-line.o)
                0x000000000003431c                serial_line_process
 .data          0x000000000003432c        0x4 build/cooja/mtype186.a(gpio-hal.o)
 .data          0x0000000000034330       0x18 build/cooja/mtype186.a(queuebuf.o)
 .data          0x0000000000034348        0x4 build/cooja/mtype186.a(packetbuf.o)
 .data          0x000000000003434c        0x4 build/cooja/mtype186.a(netstack.o)
 .data          0x0000000000034350        0x0 build/cooja/mtype186.a(linkaddr.o)
 .data          0x0000000000034350        0x0 build/cooja/mtype186.a(csma.o)
 .data          0x0000000000034350       0x28 build/cooja/mtype186.a(csma-output.o)
 .data          0x0000000000034378        0x0 build/cooja/mtype186.a(uip-ds6.o)
 .data          0x0000000000034378        0x0 build/cooja/mtype186.a(uip-udp-packet.)
 .data          0x0000000000034378       0x44 build/cooja/mtype186.a(uip-ds6-route.o)
                0x0000000000034388                nbr_routes
 .data          0x00000000000343bc       0x10 build/cooja/mtype186.a(tcpip.o)
                0x00000000000343bc                tcpip_process
 .data          0x00000000000343cc        0x0 build/cooja/mtype186.a(uip6.o)
 .data          0x00000000000343cc       0x14 build/cooja/mtype186.a(uip-ds6-nbr.o)
 .data          0x00000000000343e0        0xc build/cooja/mtype186.a(uip-nd6.o)
 .data          0x00000000000343ec        0x0 build/cooja/mtype186.a(sicslowpan.o)
 .data          0x00000000000343ec        0x0 build/cooja/mtype186.a(uiplib.o)
 .data          0x00000000000343ec        0x0 build/cooja/mtype186.a(rpl.o)
 .data          0x00000000000343ec       0x30 build/cooja/mtype186.a(rpl-icmp6.o)
 .data          0x000000000003441c        0x0 build/cooja/mtype186.a(rpl-dag-root.o)
 .data          0x000000000003441c        0x0 build/cooja/mtype186.a(watchdog.o)
 .data          0x000000000003441c        0x0 build/cooja/mtype186.a(int-master.o)
 .data          0x000000000003441c       0x10 build/cooja/mtype186.a(coap-timer-defa)
                0x000000000003441c                coap_timer_process
 .data          0x000000000003442c        0x0 build/cooja/mtype186.a(stimer.o)
 .data          0x000000000003442c        0x0 build/cooja/mtype186.a(ringbuf.o)
 .data          0x000000000003442c        0x0 build/cooja/mtype186.a(assert.o)
 .data          0x000000000003442c       0x10 build/cooja/mtype186.a(nbr-table.o)
 .data          0x000000000003443c       0x14 build/cooja/mtype186.a(link-stats.o)
 .data          0x0000000000034450        0x0 build/cooja/mtype186.a(mac-sequence.o)
 .data          0x0000000000034450        0x0 build/cooja/mtype186.a(mac.o)
 .data          0x0000000000034450        0x0 build/cooja/mtype186.a(framer-802154.o)
 .data          0x0000000000034450        0x2 build/cooja/mtype186.a(frame802154.o)
 .data          0x0000000000034452        0x0 build/cooja/mtype186.a(csma-security.o)
 .data          0x0000000000034452        0x0 build/cooja/mtype186.a(uipbuf.o)
 *fill*         0x0000000000034452        0x2 
 .data          0x0000000000034454       0x20 build/cooja/mtype186.a(uip-icmp6.o)
 .data          0x0000000000034474       0x10 build/cooja/mtype186.a(uip-sr.o)
 .data          0x0000000000034484        0xc build/cooja/mtype186.a(uip-packetqueue)
 .data          0x0000000000034490        0x0 build/cooja/mtype186.a(rpl-nbr-policy.)
 .data          0x0000000000034490       0x14 build/cooja/mtype186.a(rpl-neighbor.o)
                0x00000000000344a0                rpl_neighbors
 .data          0x00000000000344a4        0x0 build/cooja/mtype186.a(rpl-dag.o)
 .data          0x00000000000344a4        0x0 build/cooja/mtype186.a(rpl-timers.o)
 .data          0x00000000000344a4        0x0 build/cooja/mtype186.a(rpl-ext-header.)
 *fill*         0x00000000000344a4       0x1c 
 .data          0x00000000000344c0       0x24 build/cooja/mtype186.a(rpl-mrhof.o)
                0x00000000000344c0                rpl_mrhof
 .data          0x00000000000344e4        0x0 /usr/lib/gcc/i686-linux-gnu/5/libgcc.a(_udivdi3.o)
 .data          0x00000000000344e4        0x0 /usr/lib/gcc/i686-linux-gnu/5/crtendS.o
 .data          0x00000000000344e4        0x0 /usr/lib/gcc/i686-linux-gnu/5/../../../i386-linux-gnu/crtn.o

.tm_clone_table
                0x00000000000344e4        0x0
 .tm_clone_table
                0x00000000000344e4        0x0 /usr/lib/gcc/i686-linux-gnu/5/crtbeginS.o
 .tm_clone_table
                0x00000000000344e4        0x0 /usr/lib/gcc/i686-linux-gnu/5/crtendS.o

.data1
 *(.data1)
                0x00000000000344e4                _edata = .
                [!provide]                        PROVIDE (edata, .)
                0x00000000000344e4                . = .
                0x00000000000344e4                __bss_start = .

.bss            0x0000000000034500     0xf104
 *(.dynbss)
 .dynbss        0x0000000000034500        0x0 /usr/lib/gcc/i686-linux-gnu/5/../../../i386-linux-gnu/crti.o
 *(.bss .bss.* .gnu.linkonce.b.*)
 .bss           0x0000000000034500        0x0 /usr/lib/gcc/i686-linux-gnu/5/../../../i386-linux-gnu/crti.o
 .bss           0x0000000000034500        0x1 /usr/lib/gcc/i686-linux-gnu/5/crtbeginS.o
 *fill*         0x0000000000034501        0x3 
 .bss           0x0000000000034504       0x14 sensor.o
                0x0000000000034504                current_weight
 *fill*         0x0000000000034518        0x8 
 .bss           0x0000000000034520     0x2030 build/cooja/mtype186.o
 .bss           0x0000000000036550        0x1 build/cooja/mtype186.a(simEnvChange.o)
                0x0000000000036550                simDontFallAsleep
 *fill*         0x0000000000036551        0x3 
 .bss           0x0000000000036554        0x4 build/cooja/mtype186.a(cooja_mt.o)
 .bss           0x0000000000036558        0x4 build/cooja/mtype186.a(cooja_mtarch.o)
 .bss           0x000000000003655c        0x0 build/cooja/mtype186.a(rtimer-arch.o)
 .bss           0x000000000003655c        0x0 build/cooja/mtype186.a(beep.o)
 .bss           0x000000000003655c        0x1 build/cooja/mtype186.a(leds-arch.o)
                0x000000000003655c                simLedsValue
 .bss           0x000000000003655d        0x0 build/cooja/mtype186.a(moteid.o)
 .bss           0x000000000003655d        0x1 build/cooja/mtype186.a(pir-sensor.o)
                0x000000000003655d                simPirValue
 *fill*         0x000000000003655e        0x2 
 .bss           0x0000000000036560        0x4 build/cooja/mtype186.a(rs232.o)
 .bss           0x0000000000036564        0x1 build/cooja/mtype186.a(vib-sensor.o)
                0x0000000000036564                simVibValue
 .bss           0x0000000000036565        0x0 build/cooja/mtype186.a(clock.o)
 *fill*         0x0000000000036565       0x1b 
 .bss           0x0000000000036580     0x2020 build/cooja/mtype186.a(cooja-log.o)
 .bss           0x00000000000385a0      0xfc0 build/cooja/mtype186.a(cfs-cooja.o)
                0x00000000000385a0                simCFSData
                0x0000000000039540                simCFSSize
                0x0000000000039544                simCFSChanged
                0x0000000000039548                simCFSRead
                0x000000000003954c                simCFSWritten
 .bss           0x0000000000039560       0x24 build/cooja/mtype186.a(cooja-radio.o)
                0x0000000000039560                simReceiving
                0x0000000000039564                simInSize
                0x0000000000039568                simLastPacketTimestamp
                0x0000000000039570                simOutSize
 .bss           0x0000000000039584        0xc build/cooja/mtype186.a(eeprom.o)
                0x0000000000039584                simEEPROMChanged
                0x0000000000039588                simEEPROMRead
                0x000000000003958c                simEEPROMWritten
 .bss           0x0000000000039590        0x0 build/cooja/mtype186.a(random.o)
 .bss           0x0000000000039590        0xc build/cooja/mtype186.a(sensors.o)
 .bss           0x000000000003959c        0x0 build/cooja/mtype186.a(leds.o)
 .bss           0x000000000003959c       0x24 build/cooja/mtype186.a(gpio-hal-arch.o)
 .bss           0x00000000000395c0        0x0 build/cooja/mtype186.a(buttons.o)
 .bss           0x00000000000395c0        0x0 build/cooja/mtype186.a(refill_sensor.o)
 .bss           0x00000000000395c0        0x0 build/cooja/mtype186.a(weight_sensor.o)
 .bss           0x00000000000395c0      0x190 build/cooja/mtype186.a(coap-engine.o)
 .bss           0x0000000000039750        0x0 build/cooja/mtype186.a(coap-res-well-k)
 *fill*         0x0000000000039750       0x10 
 .bss           0x0000000000039760      0x120 build/cooja/mtype186.a(coap-observe.o)
 .bss           0x0000000000039880       0x18 build/cooja/mtype186.a(coap-uip.o)
 .bss           0x0000000000039898        0x5 build/cooja/mtype186.a(coap-timer.o)
 *fill*         0x000000000003989d        0x3 
 .bss           0x00000000000398a0      0x334 build/cooja/mtype186.a(coap-transactio)
 .bss           0x0000000000039bd4        0x6 build/cooja/mtype186.a(coap.o)
                0x0000000000039bd4                coap_status_code
 .bss           0x0000000000039bda        0x0 build/cooja/mtype186.a(contiki-main.o)
 .bss           0x0000000000039bda        0x0 build/cooja/mtype186.a(autostart.o)
 *fill*         0x0000000000039bda        0x2 
 .bss           0x0000000000039bdc        0x5 build/cooja/mtype186.a(ctimer.o)
 *fill*         0x0000000000039be1        0x3 
 .bss           0x0000000000039be4       0x2c build/cooja/mtype186.a(log.o)
                0x0000000000039be4                curr_log_level_rpl
                0x0000000000039be8                curr_log_level_tcpip
                0x0000000000039bec                curr_log_level_ipv6
                0x0000000000039bf0                curr_log_level_6lowpan
                0x0000000000039bf4                curr_log_level_nullnet
                0x0000000000039bf8                curr_log_level_mac
                0x0000000000039bfc                curr_log_level_framer
                0x0000000000039c00                curr_log_level_6top
                0x0000000000039c04                curr_log_level_coap
                0x0000000000039c08                curr_log_level_snmp
                0x0000000000039c0c                curr_log_level_lwm2m
 .bss           0x0000000000039c10        0x0 build/cooja/mtype186.a(energest.o)
 .bss           0x0000000000039c10        0x8 build/cooja/mtype186.a(etimer.o)
 .bss           0x0000000000039c18        0x2 build/cooja/mtype186.a(node-id.o)
                0x0000000000039c18                node_id
 *fill*         0x0000000000039c1a        0x2 
 .bss           0x0000000000039c1c        0x4 build/cooja/mtype186.a(rtimer.o)
 .bss           0x0000000000039c20      0x1a1 build/cooja/mtype186.a(process.o)
                0x0000000000039c20                process_list
                0x0000000000039c24                process_current
 .bss           0x0000000000039dc1        0x0 build/cooja/mtype186.a(timer.o)
 .bss           0x0000000000039dc1        0x0 build/cooja/mtype186.a(list.o)
 .bss           0x0000000000039dc1        0x0 build/cooja/mtype186.a(memb.o)
 *fill*         0x0000000000039dc1        0x3 
 .bss           0x0000000000039dc4       0x10 build/cooja/mtype186.a(button-hal.o)
 *fill*         0x0000000000039dd4        0xc 
 .bss           0x0000000000039de0      0x140 build/cooja/mtype186.a(serial-line.o)
 .bss           0x0000000000039f20        0x4 build/cooja/mtype186.a(gpio-hal.o)
 *fill*         0x0000000000039f24       0x1c 
 .bss           0x0000000000039f40     0x2c80 build/cooja/mtype186.a(queuebuf.o)
 .bss           0x000000000003cbc0       0xa0 build/cooja/mtype186.a(packetbuf.o)
 .bss           0x000000000003cc60        0x4 build/cooja/mtype186.a(netstack.o)
 .bss           0x000000000003cc64        0x0 build/cooja/mtype186.a(linkaddr.o)
 .bss           0x000000000003cc64        0x0 build/cooja/mtype186.a(csma.o)
 *fill*         0x000000000003cc64       0x1c 
 .bss           0x000000000003cc80      0x726 build/cooja/mtype186.a(csma-output.o)
 *fill*         0x000000000003d3a6        0x2 
 .bss           0x000000000003d3a8       0x30 build/cooja/mtype186.a(uip-ds6.o)
 .bss           0x000000000003d3d8        0x0 build/cooja/mtype186.a(uip-udp-packet.)
 *fill*         0x000000000003d3d8        0x8 
 .bss           0x000000000003d3e0      0x2a4 build/cooja/mtype186.a(uip-ds6-route.o)
 .bss           0x000000000003d684       0x10 build/cooja/mtype186.a(tcpip.o)
 .bss           0x000000000003d694        0x8 build/cooja/mtype186.a(uip6.o)
                0x000000000003d694                uip_ext_bitmap
                0x000000000003d696                uip_ext_len
                0x000000000003d698                uip_last_proto
 *fill*         0x000000000003d69c        0x4 
 .bss           0x000000000003d6a0       0xf0 build/cooja/mtype186.a(uip-ds6-nbr.o)
 .bss           0x000000000003d790       0x10 build/cooja/mtype186.a(uip-nd6.o)
 .bss           0x000000000003d7a0      0x724 build/cooja/mtype186.a(sicslowpan.o)