Archive member included to satisfy reference by file (symbol)

build/cooja/mtype298.a(simEnvChange.o)
                              build/cooja/mtype298.o (simDontFallAsleep)
build/cooja/mtype298.a(cooja_mt.o)
                              build/cooja/mtype298.o (cooja_mt_start)
build/cooja/mtype298.a(cooja_mtarch.o)
                              build/cooja/mtype298.a(cooja_mt.o) (cooja_mtarch_start)
build/cooja/mtype298.a(rtimer-arch.o)
                              build/cooja/mtype298.o (rtimer_arch_check)
build/cooja/mtype298.a(beep.o)
                              build/cooja/mtype298.o (beep_interface)
build/cooja/mtype298.a(leds-arch.o)
                              build/cooja/mtype298.o (leds_interface)
build/cooja/mtype298.a(moteid.o)
                              build/cooja/mtype298.o (moteid_interface)
build/cooja/mtype298.a(pir-sensor.o)
                              build/cooja/mtype298.o (pir_interface)
build/cooja/mtype298.a(rs232.o)
                              build/cooja/mtype298.o (rs232_interface)
build/cooja/mtype298.a(vib-sensor.o)
                              build/cooja/mtype298.o (vib_interface)
build/cooja/mtype298.a(clock.o)
                              build/cooja/mtype298.o (clock_interface)
build/cooja/mtype298.a(cooja-log.o)
                              build/cooja/mtype298.o (simlog_interface)
build/cooja/mtype298.a(cfs-cooja.o)
                              build/cooja/mtype298.o (cfs_interface)
build/cooja/mtype298.a(cooja-radio.o)
                              build/cooja/mtype298.o (radio_interface)
build/cooja/mtype298.a(eeprom.o)
                              build/cooja/mtype298.o (eeprom_interface)
build/cooja/mtype298.a(random.o)
                              build/cooja/mtype298.a(moteid.o) (random_init)
build/cooja/mtype298.a(sensors.o)
                              build/cooja/mtype298.a(pir-sensor.o) (sensors_changed)
build/cooja/mtype298.a(leds.o)
                              build/cooja/mtype298.a(leds-arch.o) (leds_get)
build/cooja/mtype298.a(gpio-hal-arch.o)
                              build/cooja/mtype298.a(leds-arch.o) (gpio_hal_arch_register_pin_callback)
build/cooja/mtype298.a(buttons.o)
                              build/cooja/mtype298.o (button_interface)
build/cooja/mtype298.a(res_obs.o)
                              observing.o (res_obs)
build/cooja/mtype298.a(coap-engine.o)
                              observing.o (coap_activate_resource)
build/cooja/mtype298.a(coap-res-well-k)
                              build/cooja/mtype298.a(coap-engine.o) (res_well_known_core)
build/cooja/mtype298.a(coap-observe.o)
                              build/cooja/mtype298.a(coap-engine.o) (coap_remove_observer_by_mid)
build/cooja/mtype298.a(coap-uip.o)
                              build/cooja/mtype298.a(coap-observe.o) (coap_endpoint_copy)
build/cooja/mtype298.a(coap-timer.o)
                              build/cooja/mtype298.a(coap-engine.o) (coap_timer_set)
build/cooja/mtype298.a(coap-transactio)
                              build/cooja/mtype298.a(coap-engine.o) (coap_send_transaction)
build/cooja/mtype298.a(coap.o)
                              build/cooja/mtype298.a(coap-engine.o) (coap_status_code)
build/cooja/mtype298.a(contiki-main.o)
                              build/cooja/mtype298.o (main)
build/cooja/mtype298.a(autostart.o)
                              build/cooja/mtype298.a(contiki-main.o) (autostart_start)
build/cooja/mtype298.a(ctimer.o)
                              build/cooja/mtype298.a(contiki-main.o) (ctimer_init)
build/cooja/mtype298.a(log.o)
                              build/cooja/mtype298.a(contiki-main.o) (curr_log_level_main)
build/cooja/mtype298.a(energest.o)
                              build/cooja/mtype298.a(contiki-main.o) (energest_init)
build/cooja/mtype298.a(etimer.o)
                              build/cooja/mtype298.a(contiki-main.o) (etimer_process)
build/cooja/mtype298.a(node-id.o)
                              build/cooja/mtype298.a(contiki-main.o) (node_id)
build/cooja/mtype298.a(rtimer.o)
                              build/cooja/mtype298.a(contiki-main.o) (rtimer_init)
build/cooja/mtype298.a(process.o)
                              observing.o (process_current)
build/cooja/mtype298.a(timer.o)
                              build/cooja/mtype298.a(etimer.o) (timer_set)
build/cooja/mtype298.a(list.o)
                              build/cooja/mtype298.a(coap-engine.o) (list_init)
build/cooja/mtype298.a(memb.o)
                              build/cooja/mtype298.a(coap-observe.o) (memb_alloc)
build/cooja/mtype298.a(button-hal.o)
                              build/cooja/mtype298.o (button_hal_init)
build/cooja/mtype298.a(serial-line.o)
                              build/cooja/mtype298.a(rs232.o) (serial_line_input_byte)
build/cooja/mtype298.a(gpio-hal.o)
                              build/cooja/mtype298.a(button-hal.o) (gpio_hal_register_handler)
build/cooja/mtype298.a(queuebuf.o)
[...]
Memory Configuration

Name             Origin             Length             Attributes
*default*        0x0000000000000000 0xffffffffffffffff

Linker script and memory map

LOAD /usr/lib/gcc/i686-linux-gnu/5/../../../i386-linux-gnu/crti.o
LOAD /usr/lib/gcc/i686-linux-gnu/5/crtbeginS.o
LOAD observing.o
LOAD build/cooja/mtype298.o
LOAD build/cooja/mtype298.a
LOAD /usr/lib/gcc/i686-linux-gnu/5/libgcc.a
LOAD /usr/lib/gcc/i686-linux-gnu/5/libgcc_s.so
LOAD /usr/lib/gcc/i686-linux-gnu/5/../../../i386-linux-gnu/libc.so
START GROUP
LOAD /lib/i386-linux-gnu/libc.so.6
LOAD /usr/lib/i386-linux-gnu/libc_nonshared.a
LOAD /lib/i386-linux-gnu/ld-linux.so.2
END GROUP
LOAD /usr/lib/gcc/i686-linux-gnu/5/libgcc.a
LOAD /usr/lib/gcc/i686-linux-gnu/5/libgcc_s.so
LOAD /usr/lib/gcc/i686-linux-gnu/5/crtendS.o
LOAD /usr/lib/gcc/i686-linux-gnu/5/../../../i386-linux-gnu/crtn.o
                0x0000000000000114                . = (0x0 + SIZEOF_HEADERS)

.note.gnu.build-id
                0x0000000000000114       0x24
 *(.note.gnu.build-id)
 .note.gnu.build-id
                0x0000000000000114       0x24 /usr/lib/gcc/i686-linux-gnu/5/../../../i386-linux-gnu/crti.o

.hash
 *(.hash)

.gnu.hash       0x0000000000000138     0x15c0
 *(.gnu.hash)
 .gnu.hash      0x0000000000000138     0x15c0 /usr/lib/gcc/i686-linux-gnu/5/../../../i386-linux-gnu/crti.o

.dynsym         0x00000000000016f8     0x2f80
 *(.dynsym)
 .dynsym        0x00000000000016f8     0x2f80 /usr/lib/gcc/i686-linux-gnu/5/../../../i386-linux-gnu/crti.o

.dynstr         0x0000000000004678     0x373f
 *(.dynstr)
 .dynstr        0x0000000000004678     0x373f /usr/lib/gcc/i686-linux-gnu/5/../../../i386-linux-gnu/crti.o

.gnu.version    0x0000000000007db8      0x5f0
 *(.gnu.version)
 .gnu.version   0x0000000000007db8      0x5f0 /usr/lib/gcc/i686-linux-gnu/5/../../../i386-linux-gnu/crti.o

.gnu.version_d  0x00000000000083a8        0x0
 *(.gnu.version_d)
 .gnu.version_d
                0x00000000000083a8        0x0 /usr/lib/gcc/i686-linux-gnu/5/../../../i386-linux-gnu/crti.o

.gnu.version_r  0x00000000000083a8       0x40
 *(.gnu.version_r)
 .gnu.version_r
                0x00000000000083a8       0x40 /usr/lib/gcc/i686-linux-gnu/5/../../../i386-linux-gnu/crti.o

.rel.dyn        0x00000000000083e8     0x97d8
 *(.rel.init)
 .rel.init      0x00000000000083e8        0x0 /usr/lib/gcc/i686-linux-gnu/5/../../../i386-linux-gnu/crti.o
 *(.rel.text .rel.text.* .rel.gnu.linkonce.t.*)
 .rel.text      0x00000000000083e8     0x8db8 /usr/lib/gcc/i686-linux-gnu/5/../../../i386-linux-gnu/crti.o
 *(.rel.fini)
 .rel.fini      0x00000000000111a0        0x0 /usr/lib/gcc/i686-linux-gnu/5/../../../i386-linux-gnu/crti.o
 *(.rel.rodata .rel.rodata.* .rel.gnu.linkonce.r.*)
 .rel.rodata    0x00000000000111a0      0x598 /usr/lib/gcc/i686-linux-gnu/5/../../../i386-linux-gnu/crti.o
 *(.rel.data.rel.ro .rel.data.rel.ro.* .rel.gnu.linkonce.d.rel.ro.*)
 *(.rel.data .rel.data.* .rel.gnu.linkonce.d.*)
 .rel.data.rel.local
                0x0000000000011738        0x8 /usr/lib/gcc/i686-linux-gnu/5/../../../i386-linux-gnu/crti.o
 .rel.data      0x0000000000011740      0x448 /usr/lib/gcc/i686-linux-gnu/5/../../../i386-linux-gnu/crti.o
 *(.rel.tdata .rel.tdata.* .rel.gnu.linkonce.td.*)
 *(.rel.tbss .rel.tbss.* .rel.gnu.linkonce.tb.*)
 *(.rel.ctors)
 *(.rel.dtors)
 *(.rel.got)
 .rel.got       0x0000000000011b88       0x28 /usr/lib/gcc/i686-linux-gnu/5/../../../i386-linux-gnu/crti.o
 *(.rel.bss .rel.bss.* .rel.gnu.linkonce.b.*)
 *(.rel.ifunc)
 .rel.ifunc     0x0000000000011bb0        0x0 /usr/lib/gcc/i686-linux-gnu/5/../../../i386-linux-gnu/crti.o
 .rel.fini_array
                0x0000000000011bb0        0x8 /usr/lib/gcc/i686-linux-gnu/5/../../../i386-linux-gnu/crti.o
 .rel.init_array
                0x0000000000011bb8        0x8 /usr/lib/gcc/i686-linux-gnu/5/../../../i386-linux-gnu/crti.o

.rel.plt        0x0000000000011bc0        0x0
 *(.rel.plt)
 .rel.plt       0x0000000000011bc0        0x0 /usr/lib/gcc/i686-linux-gnu/5/../../../i386-linux-gnu/crti.o
 *(.rel.iplt)

.init           0x0000000000011bc0       0x23
 *(SORT(.init))
 .init          0x0000000000011bc0       0x1e /usr/lib/gcc/i686-linux-gnu/5/../../../i386-linux-gnu/crti.o
                0x0000000000011bc0                _init
 .init          0x0000000000011bde        0x5 /usr/lib/gcc/i686-linux-gnu/5/../../../i386-linux-gnu/crtn.o

.plt            0x0000000000011bf0       0x10
 *(.plt)
 .plt           0x0000000000011bf0       0x10 /usr/lib/gcc/i686-linux-gnu/5/../../../i386-linux-gnu/crti.o
 *(.iplt)

.plt.got        0x0000000000011c00       0x10
 *(.plt.got)
 .plt.got       0x0000000000011c00       0x10 /usr/lib/gcc/i686-linux-gnu/5/../../../i386-linux-gnu/crti.o

.text           0x0000000000011c10    0x192a2
 *(.text.unlikely .text.*_unlikely .text.unlikely.*)
 .text.unlikely
                0x0000000000011c10        0x0 /usr/lib/gcc/i686-linux-gnu/5/crtbeginS.o
 .text.unlikely
                0x0000000000011c10        0x0 /usr/lib/gcc/i686-linux-gnu/5/libgcc.a(_udivdi3.o)
 *(.text.exit .text.exit.*)
 *(.text.startup .text.startup.*)
 *(.text.hot .text.hot.*)
 *(.text .stub .text.* .gnu.linkonce.t.*)
 .text          0x0000000000011c10        0x0 /usr/lib/gcc/i686-linux-gnu/5/../../../i386-linux-gnu/crti.o
 .gnu.linkonce.t.__x86.get_pc_thunk.bx
                0x0000000000011c10        0x4 /usr/lib/gcc/i686-linux-gnu/5/../../../i386-linux-gnu/crti.o
                0x0000000000011c10                __x86.get_pc_thunk.bx
 *fill*         0x0000000000011c14        0xc 
 .text          0x0000000000011c20      0x11c /usr/lib/gcc/i686-linux-gnu/5/crtbeginS.o
 .text.__x86.get_pc_thunk.dx
                0x0000000000011d3c        0x4 /usr/lib/gcc/i686-linux-gnu/5/crtbeginS.o
                0x0000000000011d3c                __x86.get_pc_thunk.dx
 .text          0x0000000000011d40      0x139 observing.o
 .text          0x0000000000011e79      0x283 build/cooja/mtype298.o
                0x0000000000011f0b                platform_init_stage_one
                0x0000000000011f1e                platform_init_stage_two
                0x0000000000011f31                platform_init_stage_three
                0x0000000000011f44                platform_main_loop
                0x0000000000011fb7                Java_org_contikios_cooja_corecomm_Lib1_init
                0x0000000000011fee                Java_org_contikios_cooja_corecomm_Lib1_getMemory
                0x0000000000012021                Java_org_contikios_cooja_corecomm_Lib1_setMemory
                0x0000000000012081                Java_org_contikios_cooja_corecomm_Lib1_tick
                0x00000000000120e9                Java_org_contikios_cooja_corecomm_Lib1_setReferenceAddress
 .text          0x00000000000120fc       0x65 build/cooja/mtype298.a(simEnvChange.o)
                0x00000000000120fc                doActionsBeforeTick
                0x000000000001212e                doActionsAfterTick
 .text          0x0000000000012161       0x83 build/cooja/mtype298.a(cooja_mt.o)
                0x0000000000012161                cooja_mt_start
                0x000000000001218b                cooja_mt_exec
                0x00000000000121c1                cooja_mt_yield
 .text          0x00000000000121e4       0xbe build/cooja/mtype298.a(cooja_mtarch.o)
                0x00000000000121e4                cooja_mtarch_start
                0x0000000000012257                cooja_sw
                0x000000000001227a                cooja_mtarch_exec
                0x0000000000012297                cooja_mtarch_yield
 .text          0x00000000000122a2       0xc5 build/cooja/mtype298.a(rtimer-arch.o)
                0x00000000000122a2                rtimer_arch_init
                0x00000000000122c6                rtimer_arch_schedule
                0x00000000000122f6                rtimer_arch_next
                0x0000000000012306                rtimer_arch_pending
                0x0000000000012310                rtimer_arch_check
                0x0000000000012357                rtimer_arch_now
 .text          0x0000000000012367       0x81 build/cooja/mtype298.a(beep.o)
                0x0000000000012367                beep_alarm
                0x0000000000012374                beep_beep
                0x0000000000012381                beep
                0x000000000001238e                beep_down
                0x000000000001239b                beep_on
                0x00000000000123a8                beep_off
                0x00000000000123b5                beep_spinup
                0x00000000000123c2                beep_quick
                0x00000000000123cf                beep_long
 .text          0x00000000000123e8       0x65 build/cooja/mtype298.a(leds-arch.o)
                0x00000000000123fb                leds_arch_init
 .text          0x000000000001244d       0x35 build/cooja/mtype298.a(moteid.o)
 .text          0x0000000000012482       0xb7 build/cooja/mtype298.a(pir-sensor.o)
 .text          0x0000000000012539      0x148 build/cooja/mtype298.a(rs232.o)
                0x0000000000012539                rs232_init
                0x000000000001253f                rs232_set_speed
                0x000000000001254e                rs232_set_input
                0x000000000001255c                rs232_send
                0x0000000000012580                rs232_print
                0x000000000001259c                slip_arch_writeb
 .text          0x0000000000012681       0xb7 build/cooja/mtype298.a(vib-sensor.o)
 .text          0x0000000000012738       0x38 build/cooja/mtype298.a(clock.o)
                0x0000000000012738                clock_init
                0x000000000001273e                clock_time
                0x0000000000012748                clock_seconds
                0x000000000001275e                clock_delay
 .text          0x0000000000012770      0x219 build/cooja/mtype298.a(cooja-log.o)
                0x0000000000012770                simlog_char
                0x00000000000127b3                simlog
                0x0000000000012829                log_message
                0x000000000001285a                log_set_putchar_with_slip
                0x0000000000012868                log_putchar
                0x00000000000128e3                log_puts
                0x000000000001290b                log_printf
 .text          0x0000000000012989      0x2b9 build/cooja/mtype298.a(cfs-cooja.o)
                0x0000000000012989                cfs_open
                0x00000000000129f2                cfs_close
                0x00000000000129ff                cfs_read
                0x0000000000012a94                cfs_write
                0x0000000000012b70                cfs_seek
                0x0000000000012bf8                cfs_remove
                0x0000000000012c1c                cfs_opendir
                0x0000000000012c26                cfs_readdir
                0x0000000000012c30                cfs_closedir
 .text          0x0000000000012c42      0x620 build/cooja/mtype298.a(cooja-radio.o)
                0x0000000000012c84                radio_set_channel
                0x0000000000012c92                radio_set_txpower
                0x0000000000012caa                radio_signal_strength_last
                0x0000000000012cb4                radio_signal_strength_current
                0x0000000000012cbe                radio_LQI
 .text          0x0000000000013262       0xee build/cooja/mtype298.a(eeprom.o)
                0x0000000000013262                eeprom_init
                0x0000000000013268                eeprom_read
                0x00000000000132d6                eeprom_write
 .text          0x0000000000013350       0x2d build/cooja/mtype298.a(random.o)
                0x0000000000013350                random_init
                0x0000000000013370                random_rand
 .text          0x000000000001337d      0x29c build/cooja/mtype298.a(sensors.o)
                0x00000000000133b8                sensors_first
                0x00000000000133c2                sensors_next
                0x00000000000133dc                sensors_changed
                0x0000000000013410                sensors_find
 .text          0x0000000000013619      0x349 build/cooja/mtype298.a(leds.o)
                0x0000000000013619                leds_init
                0x0000000000013660                leds_single_on
                0x00000000000136bf                leds_single_off
                0x000000000001371e                leds_single_toggle
                0x0000000000013750                leds_on
                0x00000000000137d2                leds_off
                0x0000000000013854                leds_toggle
                0x00000000000138a9                leds_set
                0x00000000000138d5                leds_get
 .text          0x0000000000013962      0x343 build/cooja/mtype298.a(gpio-hal-arch.o)
                0x0000000000013962                gpio_hal_arch_register_pin_callback
                0x00000000000139ce                gpio_hal_arch_init
                0x0000000000013a13                gpio_hal_arch_no_port_interrupt_enable
                0x0000000000013a43                gpio_hal_arch_no_port_interrupt_disable
                0x0000000000013a73                gpio_hal_arch_no_port_pin_cfg_set
                0x0000000000013a98                gpio_hal_arch_no_port_pin_cfg_get
                0x0000000000013abe                gpio_hal_arch_no_port_pin_set_input
                0x0000000000013ad0                gpio_hal_arch_no_port_pin_set_output
                0x0000000000013ae2                gpio_hal_arch_no_port_set_pin
                0x0000000000013b03                gpio_hal_arch_no_port_clear_pin
                0x0000000000013b24                gpio_hal_arch_no_port_read_pin
                0x0000000000013b4a                gpio_hal_arch_no_port_write_pin
                0x0000000000013b74                gpio_hal_arch_no_port_set_pins
                0x0000000000013bbb                gpio_hal_arch_no_port_clear_pins
                0x0000000000013c02                gpio_hal_arch_no_port_read_pins
                0x0000000000013c45                gpio_hal_arch_no_port_write_pins
 .text          0x0000000000013ca5       0x89 build/cooja/mtype298.a(buttons.o)
 .text          0x0000000000013d2e       0x75 build/cooja/mtype298.a(res_obs.o)
 .text          0x0000000000013da3      0xbea build/cooja/mtype298.a(coap-engine.o)
                0x0000000000013e38                coap_add_handler
                0x0000000000013e55                coap_remove_handler
                0x0000000000013e72                coap_call_handlers
                0x0000000000013f7a                coap_receive
                0x0000000000014575                coap_engine_init
                0x00000000000145d3                coap_activate_resource
                0x000000000001467e                coap_get_first_resource
                0x0000000000014697                coap_get_next_resource
 .text          0x000000000001498d      0x2d9 build/cooja/mtype298.a(coap-res-well-k)
 .text          0x0000000000014c66      0x96a build/cooja/mtype298.a(coap-observe.o)
                0x0000000000014d7b                coap_remove_observer
                0x0000000000014dab                coap_remove_observer_by_client
                0x0000000000014e13                coap_remove_observer_by_token
                0x0000000000014ea6                coap_remove_observer_by_uri
                0x0000000000014f4d                coap_remove_observer_by_mid
                0x0000000000014fc9                coap_notify_observers
                0x0000000000014fe2                coap_notify_observers_sub
                0x000000000001544c                coap_observe_handler
                0x0000000000015567                coap_has_observers
 .text          0x00000000000155d0      0x733 build/cooja/mtype298.a(coap-uip.o)
                0x00000000000155d0                coap_endpoint_log
                0x0000000000015656                coap_endpoint_print
                0x00000000000156dc                coap_endpoint_snprint
                0x000000000001580f                coap_endpoint_copy
                0x000000000001584c                coap_endpoint_cmp
                0x000000000001595a                coap_endpoint_parse
                0x0000000000015b45                coap_endpoint_is_secure
                0x0000000000015b54                coap_endpoint_is_connected
                0x0000000000015b88                coap_endpoint_connect
                0x0000000000015ba4                coap_endpoint_disconnect
                0x0000000000015baa                coap_databuf
                0x0000000000015bb4                coap_transport_init
                0x0000000000015c04                coap_sendto
 .text          0x0000000000015d03      0x324 build/cooja/mtype298.a(coap-timer.o)
                0x0000000000015e00                coap_timer_stop
                0x0000000000015e2b                coap_timer_set
                0x0000000000015e6e                coap_timer_reset
                0x0000000000015eb1                coap_timer_time_to_next_expiration
                0x0000000000015f1d                coap_timer_run
                0x0000000000015fe9                coap_timer_init
 .text          0x0000000000016027      0x2c6 build/cooja/mtype298.a(coap-transactio)
                0x000000000001608d                coap_new_transaction
                0x00000000000160f3                coap_send_transaction
                0x0000000000016254                coap_clear_transaction
                0x000000000001629c                coap_get_transaction_by_mid
 .text          0x00000000000162ed     0x1c53 build/cooja/mtype298.a(coap.o)
                0x000000000001685a                coap_init_connection
                0x000000000001686e                coap_get_mid
                0x000000000001688a                coap_init_message
                0x00000000000168d3                coap_serialize_message
                0x0000000000016f55                coap_parse_message
                0x00000000000175bc                coap_get_query_variable
                0x00000000000175fe                coap_get_post_variable
                0x0000000000017642                coap_set_status_code
                0x0000000000017667                coap_set_token
                0x00000000000176ae                coap_get_header_content_format
                0x00000000000176df                coap_set_header_content_format
                0x0000000000017702                coap_get_header_accept
                0x0000000000017733                coap_set_header_accept
                0x0000000000017756                coap_get_header_max_age
                0x0000000000017787                coap_set_header_max_age
                0x00000000000177a7                coap_get_header_etag
                0x00000000000177d9                coap_set_header_etag
                0x0000000000017830                coap_get_header_if_match
                0x0000000000017862                coap_set_header_if_match
                0x00000000000178b9                coap_get_header_if_none_match
                0x00000000000178d3                coap_set_header_if_none_match
                0x00000000000178ea                coap_get_header_proxy_uri
                0x0000000000017918                coap_set_header_proxy_uri
                0x0000000000017955                coap_get_header_uri_host
                0x0000000000017983                coap_set_header_uri_host
                0x00000000000179c0                coap_get_header_uri_path
                0x00000000000179ee                coap_set_header_uri_path
                0x0000000000017a3b                coap_get_header_uri_query
                0x0000000000017a6f                coap_set_header_uri_query
                0x0000000000017ac5                coap_get_header_location_path
                0x0000000000017af3                coap_set_header_location_path
                0x0000000000017b8c                coap_get_header_location_query
                0x0000000000017bba                coap_set_header_location_query
                0x0000000000017c07                coap_get_header_observe
                0x0000000000017c36                coap_set_header_observe
                0x0000000000017c56                coap_get_header_block2
                0x0000000000017cc2                coap_set_header_block2
                0x0000000000017d39                coap_get_header_block1
                0x0000000000017dae                coap_set_header_block1
                0x0000000000017e29                coap_get_header_size2
                0x0000000000017e59                coap_set_header_size2
                0x0000000000017e7c                coap_get_header_size1
                0x0000000000017eac                coap_set_header_size1
                0x0000000000017ecf                coap_get_payload
                0x0000000000017f09                coap_set_payload
 .text          0x0000000000017f40      0x337 build/cooja/mtype298.a(contiki-main.o)
                0x0000000000017f40                main
 .text          0x0000000000018277       0x92 build/cooja/mtype298.a(autostart.o)
                0x0000000000018277                autostart_start
                0x00000000000182c1                autostart_exit
 .text          0x0000000000018309      0x355 build/cooja/mtype298.a(ctimer.o)
                0x0000000000018431                ctimer_init
                0x0000000000018464                ctimer_set
                0x000000000001848a                ctimer_set_with_process
                0x0000000000018507                ctimer_reset
                0x000000000001855b                ctimer_restart
                0x00000000000185af                ctimer_stop
                0x00000000000185ff                ctimer_expired
 .text          0x000000000001865e      0x394 build/cooja/mtype298.a(log.o)
                0x000000000001865e                log_6addr
                0x00000000000186b1                log_6addr_compact_snprint
                0x000000000001874f                log_6addr_compact
                0x00000000000187a2                log_lladdr
                0x0000000000018814                log_lladdr_compact
                0x000000000001887c                log_set_level
                0x0000000000018937                log_get_level
                0x00000000000189b0                log_level_to_str
 .text          0x00000000000189f2       0x1b build/cooja/mtype298.a(energest.o)
                0x00000000000189f2                energest_init
                0x00000000000189f8                energest_flush
                0x00000000000189fe                energest_get_total_time
 .text          0x0000000000018a0d      0x43f build/cooja/mtype298.a(etimer.o)
                0x0000000000018c31                etimer_request_poll
                0x0000000000018cba                etimer_set
                0x0000000000018ce3                etimer_reset_with_new_interval
                0x0000000000018d12                etimer_reset
                0x0000000000018d38                etimer_restart
                0x0000000000018d5e                etimer_adjust
                0x0000000000018d7b                etimer_expired
                0x0000000000018d8e                etimer_expiration_time
                0x0000000000018da0                etimer_start_time
                0x0000000000018daa                etimer_pending
                0x0000000000018dbc                etimer_next_expiration_time
                0x0000000000018dd6                etimer_stop
 .text          0x0000000000018e4c       0x25 build/cooja/mtype298.a(node-id.o)
                0x0000000000018e4c                node_id_init
 .text          0x0000000000018e71       0xeb build/cooja/mtype298.a(rtimer.o)
                0x0000000000018e71                rtimer_init
                0x0000000000018e7f                rtimer_set
                0x0000000000018efa                rtimer_run_next
 .text          0x0000000000018f5c      0x4fb build/cooja/mtype298.a(process.o)
                0x0000000000018f5c                process_alloc_event
                0x0000000000018f71                process_start
                0x000000000001914b                process_exit
                0x0000000000019168                process_init
                0x00000000000192fd                process_run
                0x0000000000019330                process_nevents
                0x000000000001934b                process_post
                0x00000000000193de                process_post_synch
                0x0000000000019413                process_poll
                0x0000000000019443                process_is_running
 .text          0x0000000000019457       0xb1 build/cooja/mtype298.a(timer.o)
                0x0000000000019457                timer_set
                0x0000000000019475                timer_reset
                0x00000000000194a2                timer_restart
                0x00000000000194b7                timer_expired
                0x00000000000194e4                timer_remaining
 .text          0x0000000000019508      0x28f build/cooja/mtype298.a(list.o)
                0x0000000000019508                list_init
                0x0000000000019517                list_head
                0x0000000000019521                list_copy
                0x0000000000019531                list_tail
                0x0000000000019567                list_add
                0x00000000000195b3                list_push
                0x00000000000195df                list_chop
                0x0000000000019649                list_pop
                0x0000000000019671                list_remove
                0x00000000000196d9                list_length
                0x0000000000019707                list_insert
                0x000000000001974c                list_item_next
                0x0000000000019763                list_contains
 .text          0x0000000000019797      0x1b5 build/cooja/mtype298.a(memb.o)
                0x0000000000019797                memb_init
                0x00000000000197ec                memb_alloc
                0x000000000001984f                memb_free
                0x00000000000198c6                memb_inmemb
                0x0000000000019905                memb_numfree
 .text          0x000000000001994c      0x41c build/cooja/mtype298.a(button-hal.o)
                0x0000000000019ac5                button_hal_get_by_id
                0x0000000000019b03                button_hal_get_by_index
                0x0000000000019b2f                button_hal_get_state
                0x0000000000019b81                button_hal_init
 .text          0x0000000000019d68      0x1f3 build/cooja/mtype298.a(serial-line.o)
                0x0000000000019d68                serial_line_input_byte
                0x0000000000019f26                serial_line_init
 .text          0x0000000000019f5b      0x168 build/cooja/mtype298.a(gpio-hal.o)
                0x0000000000019f5b                gpio_hal_register_handler
                0x0000000000019f78                gpio_hal_event_handler
                0x0000000000019fd4                gpio_hal_init
                0x0000000000019ff3                gpio_hal_arch_port_toggle_pin
                0x000000000001a02f                gpio_hal_arch_port_toggle_pins
                0x000000000001a05d                gpio_hal_arch_no_port_toggle_pin
                0x000000000001a09b                gpio_hal_arch_no_port_toggle_pins
 .text          0x000000000001a0c3      0x2e7 build/cooja/mtype298.a(queuebuf.o)
                0x000000000001a0cd                queuebuf_init
                0x000000000001a0f6                queuebuf_numfree
                0x000000000001a10e                queuebuf_new_from_packetbuf
                0x000000000001a1ad                queuebuf_update_attr_from_packetbuf
                0x000000000001a1e2                queuebuf_update_from_packetbuf
                0x000000000001a232                queuebuf_free
                0x000000000001a27b                queuebuf_to_packetbuf
                0x000000000001a2e7                queuebuf_dataptr
                0x000000000001a321                queuebuf_datalen
                0x000000000001a344                queuebuf_addr
                0x000000000001a379                queuebuf_attr
                0x000000000001a3a4                queuebuf_debug_print
 .text          0x000000000001a3aa      0x407 build/cooja/mtype298.a(packetbuf.o)
                0x000000000001a3aa                packetbuf_clear
                0x000000000001a3d5                packetbuf_copyfrom
                0x000000000001a424                packetbuf_copyto
                0x000000000001a4b7                packetbuf_hdralloc
                0x000000000001a533                packetbuf_hdrreduce
                0x000000000001a579                packetbuf_set_datalen
                0x000000000001a593                packetbuf_dataptr
                0x000000000001a5b0                packetbuf_hdrptr
                0x000000000001a5ba                packetbuf_datalen
                0x000000000001a5c6                packetbuf_hdrlen
                0x000000000001a5dd                packetbuf_totlen
                0x000000000001a5f3                packetbuf_remaininglen
                0x000000000001a606                packetbuf_attr_clear
                0x000000000001a652                packetbuf_attr_copyto
                0x000000000001a6aa                packetbuf_attr_copyfrom
                0x000000000001a702                packetbuf_set_attr
                0x000000000001a72c                packetbuf_attr
                0x000000000001a746                packetbuf_set_addr
                0x000000000001a777                packetbuf_addr
                0x000000000001a794                packetbuf_holds_broadcast
 .text          0x000000000001a7b1       0xef build/cooja/mtype298.a(netstack.o)
                0x000000000001a7b1                netstack_process_ip_callback
                0x000000000001a842                netstack_ip_packet_processor_add
                0x000000000001a865                uip_ds6_ip_packet_processor_rm
                0x000000000001a882                netstack_init
 .text          0x000000000001a8a0       0x4f build/cooja/mtype298.a(linkaddr.o)
                0x000000000001a8a0                linkaddr_copy
                0x000000000001a8b6                linkaddr_cmp
                0x000000000001a8d9                linkaddr_set_node_addr
 .text          0x000000000001a8ef      0x1f6 build/cooja/mtype298.a(csma.o)
 .text          0x000000000001aae5      0x95d build/cooja/mtype298.a(csma-output.o)
                0x000000000001b17c                csma_output_packet
                0x000000000001b409                csma_output_init
 .text          0x000000000001b442      0xc11 build/cooja/mtype298.a(uip-ds6.o)
                0x000000000001b442                uip_ds6_default_prefix
                0x000000000001b44c                uip_ds6_set_default_prefix
                0x000000000001b477                uip_ds6_init
                0x000000000001b6d9                uip_ds6_periodic
                0x000000000001b760                uip_ds6_list_loop
                0x000000000001b820                uip_ds6_prefix_add
                0x000000000001b8cc                uip_ds6_prefix_rm
                0x000000000001b8df                uip_ds6_prefix_lookup
                0x000000000001b91e                uip_ds6_is_addr_onlink
                0x000000000001b991                uip_ds6_addr_add
                0x000000000001bab1                uip_ds6_addr_rm
                0x000000000001bb5a                uip_ds6_addr_lookup
                0x000000000001bb93                uip_ds6_get_link_local
                0x000000000001bc14                uip_ds6_get_global
                0x000000000001bc95                uip_ds6_maddr_add
                0x000000000001bcf5                uip_ds6_maddr_rm
                0x000000000001bd08                uip_ds6_maddr_lookup
                0x000000000001bd41                uip_ds6_aaddr_add
                0x000000000001bda1                uip_ds6_aaddr_rm
                0x000000000001bdb4                uip_ds6_aaddr_lookup
                0x000000000001bded                uip_ds6_select_src
                0x000000000001bf36                uip_ds6_set_addr_iid
                0x000000000001bf61                uip_ds6_set_lladdr_from_iid
                0x000000000001bf8a                get_match_length
                0x000000000001c01b                uip_ds6_compute_reachable_time
 .text          0x000000000001c053      0x128 build/cooja/mtype298.a(uip-udp-packet.)
                0x000000000001c053                uip_udp_packet_send
                0x000000000001c0ae                uip_udp_packet_sendto
 .text          0x000000000001c17b      0xa3c build/cooja/mtype298.a(uip-ds6-route.o)
                0x000000000001c265                uip_ds6_notification_add
                0x000000000001c297                uip_ds6_notification_rm
                0x000000000001c2b4                uip_ds6_route_init
                0x000000000001c353                uip_ds6_route_nexthop
                0x000000000001c382                uip_ds6_route_head
                0x000000000001c39b                uip_ds6_route_next
                0x000000000001c3c4                uip_ds6_route_is_nexthop
                0x000000000001c406                uip_ds6_route_num_routes
                0x000000000001c410                uip_ds6_route_lookup
                0x000000000001c4e7                uip_ds6_route_add
                0x000000000001c727                uip_ds6_route_rm
                0x000000000001c8c5                uip_ds6_route_rm_by_nexthop
                0x000000000001c904                uip_ds6_defrt_head
                0x000000000001c91d                uip_ds6_defrt_add
                0x000000000001c9de                uip_ds6_defrt_rm
                0x000000000001ca5f                uip_ds6_defrt_lookup
                0x000000000001cac6                uip_ds6_defrt_choose
                0x000000000001cb3c                uip_ds6_defrt_periodic
 .text          0x000000000001cbb7      0x73a build/cooja/mtype298.a(tcpip.o)
                0x000000000001cbd1                tcpip_output
                0x000000000001cc50                udp_attach
                0x000000000001cc68                udp_new
                0x000000000001ccb2                udp_broadcast_new
                0x000000000001ce24                tcpip_input
                0x000000000001cff0                tcpip_ipv6_output
                0x000000000001d1e4                tcpip_poll_udp
                0x000000000001d202                tcpip_uipcall
 .text          0x000000000001d2f1     0x1205 build/cooja/mtype298.a(uip6.o)
                0x000000000001d3a0                uip_chksum
                0x000000000001d477                uip_icmp6chksum
                0x000000000001d48c                uip_udpchksum
                0x000000000001d4a1                uip_init
                0x000000000001d4ea                uip_remove_ext_hdr
                0x000000000001d5c4                uip_udp_new
                0x000000000001d8d8                uip_process
                0x000000000001e3d0                uip_htons
                0x000000000001e3f2                uip_htonl
                0x000000000001e430                uip_send
 .text          0x000000000001e4f6      0x369 build/cooja/mtype298.a(uip-ds6-nbr.o)
                0x000000000001e4f6                uip_ds6_neighbors_init
                0x000000000001e51a                uip_ds6_nbr_add
                0x000000000001e5a0                uip_ds6_nbr_rm
                0x000000000001e5eb                uip_ds6_nbr_update_ll
                0x000000000001e6d9                uip_ds6_nbr_get_ipaddr
                0x000000000001e6ee                uip_ds6_nbr_get_ll
                0x000000000001e70a                uip_ds6_nbr_num
                0x000000000001e753                uip_ds6_nbr_head
                0x000000000001e76c                uip_ds6_nbr_next
                0x000000000001e788                uip_ds6_nbr_lookup
                0x000000000001e7e0                uip_ds6_nbr_ll_lookup
                0x000000000001e7fc                uip_ds6_nbr_ipaddr_from_lladdr
                0x000000000001e825                uip_ds6_nbr_lladdr_from_ipaddr
                0x000000000001e859                uip_ds6_link_callback
 .text          0x000000000001e85f      0x6a7 build/cooja/mtype298.a(uip-nd6.o)
                0x000000000001eeed                uip_nd6_init
 .text          0x000000000001ef06     0x2c17 build/cooja/mtype298.a(sicslowpan.o)
                0x000000000001f50d                netstack_sniffer_add
                0x000000000001f51b                netstack_sniffer_remove
                0x0000000000021af1                sicslowpan_init
                0x0000000000021b13                sicslowpan_get_last_rssi
 .text          0x0000000000021b1d      0x4d1 build/cooja/mtype298.a(uiplib.o)
                0x0000000000021b1d                uiplib_ip6addrconv
                0x0000000000021cd5                uiplib_ip4addrconv
                0x0000000000021d98                uiplib_ipaddr_print
                0x0000000000021deb                uiplib_ipaddr_snprint
 .text          0x0000000000021fee      0x4c9 build/cooja/mtype298.a(rpl.o)
                0x0000000000021fee                rpl_lollipop_greater_than
                0x0000000000022048                rpl_get_global_address
                0x0000000000022140                rpl_link_callback
                0x0000000000022184                rpl_has_joined
                0x00000000000221a9                rpl_is_reachable
                0x000000000002222a                rpl_reset_prefix
                0x0000000000022294                rpl_set_prefix_from_addr
                0x0000000000022379                rpl_set_prefix
                0x0000000000022493                rpl_set_leaf_only
                0x00000000000224ab                rpl_get_leaf_only
 .text          0x00000000000224b7     0x138c build/cooja/mtype298.a(rpl-icmp6.o)
                0x00000000000225dc                rpl_icmp6_update_nbr_table
                0x0000000000022665                rpl_icmp6_dis_output
                0x0000000000022cab                rpl_icmp6_dio_output
                0x00000000000234a9                rpl_icmp6_dao_output
                0x000000000002378a                rpl_icmp6_dao_ack_output
                0x00000000000237fa                rpl_icmp6_init
 .text          0x0000000000023843      0x264 build/cooja/mtype298.a(rpl-dag-root.o)
                0x0000000000023843                rpl_dag_root_print_links
                0x000000000002396f                rpl_dag_root_set_prefix
                0x000000000002399b                rpl_dag_root_start
                0x0000000000023a78                rpl_dag_root_is_root
 .text          0x0000000000023aa7      0x1fe build/cooja/mtype298.a(slip-bridge.o)
                0x0000000000023aa7                request_prefix
 .text          0x0000000000023ca5      0x68a build/cooja/mtype298.a(slip.o)
                0x0000000000023ca5                slip_set_input_callback
                0x0000000000023cb3                slip_send
                0x0000000000023cd7                slip_write
                0x00000000000241ed                slip_input_byte
 .text          0x000000000002432f       0x30 build/cooja/mtype298.a(watchdog.o)
                0x000000000002432f                watchdog_init
                0x0000000000024335                watchdog_start
                0x000000000002433b                watchdog_periodic
                0x0000000000024353                watchdog_stop
                0x0000000000024359                watchdog_reboot
 .text          0x000000000002435f       0x4a build/cooja/mtype298.a(int-master.o)
                0x000000000002435f                int_master_enable
                0x000000000002436f                int_master_read_and_disable
                0x000000000002438c                int_master_status_set
                0x000000000002439a                int_master_is_enabled
 .text          0x00000000000243a9       0x19 build/cooja/mtype298.a(slip-arch.o)
                0x00000000000243a9                slip_arch_init
 .text          0x00000000000243c2      0x11a build/cooja/mtype298.a(rpl-border-rout)
                0x00000000000243c2                print_local_addresses
                0x0000000000024498                set_prefix_64
                0x00000000000244c1                rpl_border_router_init
 .text          0x00000000000244dc      0x226 build/cooja/mtype298.a(coap-timer-defa)
 .text          0x0000000000024702       0xc7 build/cooja/mtype298.a(stimer.o)
                0x0000000000024702                stimer_set
                0x0000000000024720                stimer_reset
                0x000000000002474d                stimer_restart
                0x0000000000024762                stimer_expired
                0x000000000002478d                stimer_remaining
                0x00000000000247b1                stimer_elapsed
 .text          0x00000000000247c9      0x156 build/cooja/mtype298.a(ringbuf.o)
                0x00000000000247c9                ringbuf_init
                0x00000000000247fb                ringbuf_put
                0x0000000000024879                ringbuf_get
                0x00000000000248e6                ringbuf_size
                0x00000000000248f8                ringbuf_elements
 .text          0x000000000002491f       0x1f build/cooja/mtype298.a(assert.o)
                0x000000000002491f                _xassert
 .text          0x000000000002493e      0x79b build/cooja/mtype298.a(nbr-table.o)
                0x0000000000024db7                nbr_table_register
                0x0000000000024e24                nbr_table_is_registered
                0x0000000000024e5f                nbr_table_head
                0x0000000000024eba                nbr_table_next
                0x0000000000024f1b                nbr_table_add_lladdr
                0x0000000000024ff5                nbr_table_get_from_lladdr
                0x0000000000025041                nbr_table_remove
                0x0000000000025079                nbr_table_lock
                0x0000000000025093                nbr_table_unlock
                0x00000000000250ad                nbr_table_get_lladdr
 .text          0x00000000000250d9      0x3a5 build/cooja/mtype298.a(link-stats.o)
                0x00000000000250d9                link_stats_from_lladdr
                0x00000000000250f5                link_stats_get_lladdr
                0x0000000000025111                link_stats_is_fresh
                0x000000000002514d                guess_etx_from_rssi
                0x00000000000251c9                link_stats_packet_sent
                0x00000000000252e9                link_stats_input_callback
                0x00000000000253f9                link_stats_reset
                0x0000000000025449                link_stats_init
 .text          0x000000000002547e      0x187 build/cooja/mtype298.a(mac-sequence.o)
                0x000000000002547e                mac_sequence_is_duplicate
                0x000000000002551e                mac_sequence_register_seqno
 .text          0x0000000000025605       0x23 build/cooja/mtype298.a(mac.o)
                0x0000000000025605                mac_call_sent_callback
 .text          0x0000000000025628      0x432 build/cooja/mtype298.a(framer-802154.o)
                0x00000000000257b7                framer_802154_setup_params
 .text          0x0000000000025a5a      0xb6f build/cooja/mtype298.a(frame802154.o)
                0x0000000000025a8b                frame802154_get_pan_id
                0x0000000000025a97                frame802154_set_pan_id
                0x0000000000025ab1                frame802154_has_panid
                0x0000000000025c60                frame802154_check_dest_panid
                0x0000000000025ce8                frame802154_is_broadcast_addr
                0x0000000000025d35                frame802154_extract_linkaddr
                0x0000000000025f9a                frame802154_hdrlen
                0x000000000002600d                frame802154_create_fcf
                0x00000000000260c5                frame802154_create
                0x000000000002623a                frame802154_parse_fcf
                0x000000000002631c                frame802154_parse
 .text          0x00000000000265c9       0x2d build/cooja/mtype298.a(csma-security.o)
                0x00000000000265c9                csma_security_create_frame
                0x00000000000265e7                csma_security_parse_frame
 .text          0x00000000000265f6      0x4e4 build/cooja/mtype298.a(uipbuf.o)
                0x00000000000265f6                uipbuf_clear
                0x000000000002661d                uipbuf_add_ext_hdr
                0x000000000002669d                uipbuf_set_len
                0x00000000000266ca                uipbuf_set_len_field
                0x00000000000266f6                uipbuf_get_len_field
                0x0000000000026716                uipbuf_get_next_header
                0x0000000000026848                uipbuf_get_last_header
                0x00000000000268c1                uipbuf_search_header
                0x0000000000026977                uipbuf_get_attr
                0x000000000002699e                uipbuf_set_attr
                0x00000000000269d5                uipbuf_set_default_attr
                0x0000000000026a0c                uipbuf_clear_attr
                0x0000000000026a30                uipbuf_set_attr_flag
                0x0000000000026a51                uipbuf_clr_attr_flag
                0x0000000000026a78                uipbuf_is_attr_flag
                0x0000000000026a9c                uipbuf_init
 .text          0x0000000000026ada      0x73f build/cooja/mtype298.a(uip-icmp6.o)
                0x0000000000026b4f                uip_icmp6_input
                0x0000000000026ba6                uip_icmp6_register_input_handler
                0x0000000000026cf9                uip_icmp6_error_output
                0x0000000000026faa                uip_icmp6_send
                0x00000000000271a1                uip_icmp6_echo_reply_callback_add
                0x00000000000271d3                uip_icmp6_echo_reply_callback_rm
                0x00000000000271f0                uip_icmp6_init
 .text          0x0000000000027219      0x69b build/cooja/mtype298.a(uip-sr.o)
                0x0000000000027219                uip_sr_num_nodes
                0x00000000000272a7                uip_sr_get_node
                0x00000000000272fe                uip_sr_is_addr_reachable
                0x00000000000273ac                uip_sr_expire_parent
                0x00000000000273f5                uip_sr_update_node
                0x0000000000027525                uip_sr_init
                0x0000000000027559                uip_sr_node_head
                0x0000000000027572                uip_sr_node_next
                0x0000000000027588                uip_sr_periodic
                0x000000000002768e                uip_sr_free_all
                0x00000000000276fe                uip_sr_link_snprint
 .text          0x00000000000278b4      0x146 build/cooja/mtype298.a(uip-packetqueue)
                0x00000000000278e2                uip_packetqueue_new
                0x00000000000278f1                uip_packetqueue_alloc
                0x000000000002794c                uip_packetqueue_free
                0x0000000000027993                uip_packetqueue_buf
                0x00000000000279b0                uip_packetqueue_buflen
                0x00000000000279d1                uip_packetqueue_set_buflen
 .text          0x00000000000279fa      0x1b0 build/cooja/mtype298.a(rpl-nbr-policy.)
                0x0000000000027b67                rpl_nbr_policy_find_removable
 .text          0x0000000000027baa      0x915 build/cooja/mtype298.a(rpl-neighbor.o)
                0x0000000000027c26                rpl_neighbor_snprint
                0x0000000000027ed9                rpl_neighbor_print_list
                0x0000000000027f8e                rpl_neighbor_count
                0x0000000000028035                rpl_neighbor_get_from_lladdr
                0x0000000000028051                rpl_neighbor_is_acceptable_parent
                0x0000000000028085                rpl_neighbor_get_link_metric
                0x00000000000280b9                rpl_neighbor_rank_via_nbr
                0x00000000000280ed                rpl_neighbor_get_lladdr
                0x0000000000028109                rpl_neighbor_get_ipaddr
                0x0000000000028130                rpl_neighbor_get_link_stats
                0x0000000000028157                rpl_neighbor_is_fresh
                0x000000000002817e                rpl_neighbor_is_reachable
                0x00000000000281c9                rpl_neighbor_is_parent
                0x00000000000281f3                rpl_neighbor_set_preferred_parent
                0x000000000002828a                rpl_neighbor_remove_all
                0x00000000000282e6                rpl_neighbor_get_from_ipaddr
                0x00000000000283f4                rpl_neighbor_select_best
                0x00000000000284a0                rpl_neighbor_init
 .text          0x00000000000284bf      0xe69 build/cooja/mtype298.a(rpl-dag.o)
                0x00000000000284bf                rpl_dag_state_to_str
                0x00000000000284fe                rpl_dag_get_root_ipaddr
                0x0000000000028546                rpl_dag_leave
                0x00000000000285cf                rpl_dag_poison_and_leave
                0x00000000000285e7                rpl_dag_periodic
                0x000000000002866f                rpl_is_addr_in_our_dag
                0x00000000000286b3                rpl_get_default_instance
                0x00000000000286cf                rpl_get_any_dag
                0x0000000000028728                rpl_refresh_routes
                0x0000000000028768                rpl_global_repair
                0x0000000000028801                rpl_local_repair
                0x000000000002884b                rpl_dag_ready_to_advertise
                0x000000000002888e                rpl_dag_update_state
                0x0000000000028fbb                rpl_process_dio
                0x0000000000029039                rpl_process_dis
                0x000000000002907e                rpl_process_dao
                0x000000000002910d                rpl_process_dao_ack
                0x00000000000291a4                rpl_process_hbh
                0x00000000000291f4                rpl_dag_init_root
                0x0000000000029308                rpl_dag_init
 .text          0x0000000000029328      0x9e7 build/cooja/mtype298.a(rpl-timers.o)
                0x0000000000029328                rpl_timers_schedule_periodic_dis
                0x0000000000029476                rpl_timers_dio_reset
                0x0000000000029584                rpl_timers_schedule_unicast_dio
                0x00000000000296d8                rpl_timers_schedule_dao
                0x0000000000029797                rpl_timers_schedule_dao_ack
                0x000000000002981d                rpl_timers_notify_dao_ack
                0x000000000002987b                get_probing_delay
                0x00000000000298af                get_probing_target
                0x0000000000029a99                rpl_schedule_probing
                0x0000000000029ac7                rpl_schedule_probing_now
                0x0000000000029b31                rpl_timers_unschedule_leaving
                0x0000000000029b69                rpl_timers_schedule_leaving
                0x0000000000029baa                rpl_timers_init
                0x0000000000029c3a                rpl_timers_stop_dag_timers
                0x0000000000029cb3                rpl_timers_unschedule_state_update
                0x0000000000029cd7                rpl_timers_schedule_state_update
 .text          0x0000000000029d0f      0xb8e build/cooja/mtype298.a(rpl-ext-header.)
                0x0000000000029d0f                rpl_ext_header_srh_get_next_hop
                0x0000000000029df6                rpl_ext_header_srh_update
                0x000000000002a362                rpl_ext_header_hbh_update
                0x000000000002a662                rpl_ext_header_update
                0x000000000002a6eb                rpl_ext_header_remove
 .text          0x000000000002a89d      0x31b build/cooja/mtype298.a(rpl-mrhof.o)
 .text          0x000000000002abb8      0x1d8 build/cooja/mtype298.a(border-router-e)
 .text          0x000000000002ad90      0x122 /usr/lib/gcc/i686-linux-gnu/5/libgcc.a(_udivdi3.o)
                0x000000000002ad90                __udivdi3
 .text          0x000000000002aeb2        0x0 /usr/lib/gcc/i686-linux-gnu/5/crtendS.o
 .text          0x000000000002aeb2        0x0 /usr/lib/gcc/i686-linux-gnu/5/../../../i386-linux-gnu/crtn.o
 *(.gnu.warning)

.fini           0x000000000002aeb4       0x14
 *(SORT(.fini))
 .fini          0x000000000002aeb4        0xf /usr/lib/gcc/i686-linux-gnu/5/../../../i386-linux-gnu/crti.o
                0x000000000002aeb4                _fini
 .fini          0x000000000002aec3        0x5 /usr/lib/gcc/i686-linux-gnu/5/../../../i386-linux-gnu/crtn.o
                [!provide]                        PROVIDE (__etext, .)
                [!provide]                        PROVIDE (_etext, .)
                [!provide]                        PROVIDE (etext, .)

.rodata         0x000000000002aee0      0xb4a
 *(.rodata .rodata.* .gnu.linkonce.r.*)
 .rodata        0x000000000002aee0       0x73 observing.o
                0x000000000002aef8                autostart_processes
 *fill*         0x000000000002af53        0x1 
 .rodata        0x000000000002af54        0x8 build/cooja/mtype298.a(beep.o)
                0x000000000002af54                beep_interface
 .rodata        0x000000000002af5c        0xe build/cooja/mtype298.a(leds-arch.o)
                0x000000000002af5c                leds_interface
                0x000000000002af64                leds_arch_leds
 *fill*         0x000000000002af6a        0x2 
 .rodata        0x000000000002af6c        0x8 build/cooja/mtype298.a(moteid.o)
                0x000000000002af6c                moteid_interface
 .rodata        0x000000000002af74       0x1c build/cooja/mtype298.a(pir-sensor.o)
                0x000000000002af74                pir_interface
                0x000000000002af80                pir_sensor
 .rodata        0x000000000002af90        0xe build/cooja/mtype298.a(rs232.o)
                0x000000000002af90                rs232_interface
 *fill*         0x000000000002af9e        0x2 
 .rodata        0x000000000002afa0       0x24 build/cooja/mtype298.a(vib-sensor.o)
                0x000000000002afa0                vib_interface
                0x000000000002afb4                vib_sensor
 .rodata        0x000000000002afc4        0x8 build/cooja/mtype298.a(clock.o)
                0x000000000002afc4                clock_interface
 .rodata        0x000000000002afcc        0x8 build/cooja/mtype298.a(cooja-log.o)
                0x000000000002afcc                simlog_interface
 .rodata        0x000000000002afd4       0x2f build/cooja/mtype298.a(cfs-cooja.o)
                0x000000000002afd4                cfs_interface
 *fill*         0x000000000002b003       0x1d 
 .rodata        0x000000000002b020       0xb8 build/cooja/mtype298.a(cooja-radio.o)
                0x000000000002b020                radio_interface
                0x000000000002b0a0                cooja_radio_driver
 .rodata        0x000000000002b0d8        0x8 build/cooja/mtype298.a(eeprom.o)
                0x000000000002b0d8                eeprom_interface
 .rodata        0x000000000002b0e0        0x8 build/cooja/mtype298.a(sensors.o)
 .rodata        0x000000000002b0e8       0x2c build/cooja/mtype298.a(buttons.o)
                0x000000000002b0e8                button_interface
                0x000000000002b0fc                button_hal_button_count
                0x000000000002b104                button_sensor
 .rodata        0x000000000002b114       0x21 build/cooja/mtype298.a(res_obs.o)
 .rodata        0x000000000002b135       0x41 build/cooja/mtype298.a(coap-engine.o)
 .rodata        0x000000000002b176       0x19 build/cooja/mtype298.a(coap-res-well-k)
 .rodata        0x000000000002b18f       0x11 build/cooja/mtype298.a(coap-observe.o)
 .rodata        0x000000000002b1a0       0x35 build/cooja/mtype298.a(coap-uip.o)
 *fill*         0x000000000002b1d5        0x3 
 .rodata        0x000000000002b1d8      0x1ac build/cooja/mtype298.a(coap.o)
 .rodata        0x000000000002b384       0xf8 build/cooja/mtype298.a(contiki-main.o)
 .rodata        0x000000000002b47c        0xf build/cooja/mtype298.a(ctimer.o)
 *fill*         0x000000000002b48b        0x1 
 .rodata        0x000000000002b48c       0xc4 build/cooja/mtype298.a(log.o)
 .rodata        0x000000000002b550        0xc build/cooja/mtype298.a(etimer.o)
 .rodata        0x000000000002b55c       0x13 build/cooja/mtype298.a(button-hal.o)
 .rodata        0x000000000002b56f        0xe build/cooja/mtype298.a(serial-line.o)
 *fill*         0x000000000002b57d        0x3 
 .rodata        0x000000000002b580        0x8 build/cooja/mtype298.a(linkaddr.o)
                0x000000000002b580                linkaddr_null
 .rodata        0x000000000002b588       0x24 build/cooja/mtype298.a(csma.o)
                0x000000000002b590                csma_driver
 .rodata        0x000000000002b5ac       0x27 build/cooja/mtype298.a(csma-output.o)
 *fill*         0x000000000002b5d3        0x1 
 .rodata        0x000000000002b5d4       0xb9 build/cooja/mtype298.a(uip-ds6-route.o)
 .rodata        0x000000000002b68d        0xd build/cooja/mtype298.a(tcpip.o)
 *fill*         0x000000000002b69a        0x2 
 .rodata        0x000000000002b69c       0x30 build/cooja/mtype298.a(sicslowpan.o)
                0x000000000002b69c                unc_llconf
                0x000000000002b6a0                unc_ctxconf
                0x000000000002b6a4                unc_mxconf
                0x000000000002b6a8                llprefix
                0x000000000002b6bc                sicslowpan_driver
 .rodata        0x000000000002b6cc       0x2d build/cooja/mtype298.a(uiplib.o)
 *fill*         0x000000000002b6f9        0x7 
 .rodata        0x000000000002b700       0x74 build/cooja/mtype298.a(rpl.o)
                0x000000000002b720                rpl_lite_driver
 .rodata        0x000000000002b774       0x1c build/cooja/mtype298.a(slip-bridge.o)
                0x000000000002b788                rpl_interface
 .rodata        0x000000000002b790        0xc build/cooja/mtype298.a(slip.o)
 .rodata        0x000000000002b79c       0x34 build/cooja/mtype298.a(rpl-border-rout)
 .rodata        0x000000000002b7d0       0x20 build/cooja/mtype298.a(coap-timer-defa)
                0x000000000002b7e4                coap_timer_default_driver
 .rodata        0x000000000002b7f0       0x25 build/cooja/mtype298.a(assert.o)
 *fill*         0x000000000002b815        0x3 
 .rodata        0x000000000002b818        0xc build/cooja/mtype298.a(framer-802154.o)
                0x000000000002b818                framer_802154
 .rodata        0x000000000002b824       0x44 build/cooja/mtype298.a(uip-sr.o)
 .rodata        0x000000000002b868       0x58 build/cooja/mtype298.a(rpl-neighbor.o)
 .rodata        0x000000000002b8c0       0xdb build/cooja/mtype298.a(rpl-dag.o)
 .rodata        0x000000000002b99b        0xc build/cooja/mtype298.a(rpl-timers.o)
 .rodata        0x000000000002b9a7       0x83 build/cooja/mtype298.a(border-router-e)

.rodata1
 *(.rodata1)

.eh_frame_hdr   0x000000000002ba2c     0x1a6c
 *(.eh_frame_hdr)
 .eh_frame_hdr  0x000000000002ba2c     0x1a6c observing.o
                0x000000000002ba2c                __GNU_EH_FRAME_HDR
 *(.eh_frame_entry .eh_frame_entry.*)

.eh_frame       0x000000000002d498     0x6b24
 *(.eh_frame)
 .eh_frame      0x000000000002d498       0x3c /usr/lib/gcc/i686-linux-gnu/5/../../../i386-linux-gnu/crti.o
                                         0x40 (size before relaxing)
 .eh_frame      0x000000000002d4d4       0x20 observing.o
                                         0x38 (size before relaxing)
 .eh_frame      0x000000000002d4f4      0x178 build/cooja/mtype298.o
                                        0x190 (size before relaxing)
 .eh_frame      0x000000000002d66c       0x40 build/cooja/mtype298.a(simEnvChange.o)
                                         0x58 (size before relaxing)
 .eh_frame      0x000000000002d6ac       0x60 build/cooja/mtype298.a(cooja_mt.o)
                                         0x78 (size before relaxing)
 .eh_frame      0x000000000002d70c       0x80 build/cooja/mtype298.a(cooja_mtarch.o)
                                         0x98 (size before relaxing)
 .eh_frame      0x000000000002d78c       0xc8 build/cooja/mtype298.a(rtimer-arch.o)
                                         0xe0 (size before relaxing)
 .eh_frame      0x000000000002d854      0x160 build/cooja/mtype298.a(beep.o)
                                        0x178 (size before relaxing)
 .eh_frame      0x000000000002d9b4       0x80 build/cooja/mtype298.a(leds-arch.o)
                                         0x98 (size before relaxing)
 .eh_frame      0x000000000002da34       0x40 build/cooja/mtype298.a(moteid.o)
                                         0x58 (size before relaxing)
 .eh_frame      0x000000000002da74       0xa0 build/cooja/mtype298.a(pir-sensor.o)
                                         0xb8 (size before relaxing)
 .eh_frame      0x000000000002db14      0x100 build/cooja/mtype298.a(rs232.o)
                                        0x118 (size before relaxing)
 .eh_frame      0x000000000002dc14       0xa0 build/cooja/mtype298.a(vib-sensor.o)
                                         0xb8 (size before relaxing)
 .eh_frame      0x000000000002dcb4       0xc0 build/cooja/mtype298.a(clock.o)
                                         0xd8 (size before relaxing)
 .eh_frame      0x000000000002dd74      0x120 build/cooja/mtype298.a(cooja-log.o)
                                        0x138 (size before relaxing)
 .eh_frame      0x000000000002de94      0x160 build/cooja/mtype298.a(cfs-cooja.o)
                                        0x178 (size before relaxing)
 .eh_frame      0x000000000002dff4      0x340 build/cooja/mtype298.a(cooja-radio.o)
                                        0x358 (size before relaxing)
 .eh_frame      0x000000000002e334       0xa0 build/cooja/mtype298.a(eeprom.o)
                                         0xb8 (size before relaxing)
 .eh_frame      0x000000000002e3d4       0x40 build/cooja/mtype298.a(random.o)
                                         0x58 (size before relaxing)
 .eh_frame      0x000000000002e414       0xc0 build/cooja/mtype298.a(sensors.o)
                                         0xd8 (size before relaxing)
 .eh_frame      0x000000000002e4d4      0x120 build/cooja/mtype298.a(leds.o)
                                        0x138 (size before relaxing)
 .eh_frame      0x000000000002e5f4      0x220 build/cooja/mtype298.a(gpio-hal-arch.o)
                                        0x238 (size before relaxing)
 .eh_frame      0x000000000002e814       0xa0 build/cooja/mtype298.a(buttons.o)
                                         0xb8 (size before relaxing)
 .eh_frame      0x000000000002e8b4       0x40 build/cooja/mtype298.a(res_obs.o)
                                         0x58 (size before relaxing)
 .eh_frame      0x000000000002e8f4      0x220 build/cooja/mtype298.a(coap-engine.o)
                                        0x238 (size before relaxing)
 .eh_frame      0x000000000002eb14       0x24 build/cooja/mtype298.a(coap-res-well-k)
                                         0x3c (size before relaxing)
 .eh_frame      0x000000000002eb38      0x188 build/cooja/mtype298.a(coap-observe.o)
                                        0x1a0 (size before relaxing)
 .eh_frame      0x000000000002ecc0      0x250 build/cooja/mtype298.a(coap-uip.o)
                                        0x268 (size before relaxing)
 .eh_frame      0x000000000002ef10      0x114 build/cooja/mtype298.a(coap-timer.o)
                                        0x12c (size before relaxing)
 .eh_frame      0x000000000002f024      0x100 build/cooja/mtype298.a(coap-transactio)
                                        0x118 (size before relaxing)
 .eh_frame      0x000000000002f124      0x6ec build/cooja/mtype298.a(coap.o)
                                        0x704 (size before relaxing)
 .eh_frame      0x000000000002f810       0x30 build/cooja/mtype298.a(contiki-main.o)
                                         0x48 (size before relaxing)
 .eh_frame      0x000000000002f840       0x40 build/cooja/mtype298.a(autostart.o)
                                         0x58 (size before relaxing)
 .eh_frame      0x000000000002f880      0x100 build/cooja/mtype298.a(ctimer.o)
                                        0x118 (size before relaxing)
 .eh_frame      0x000000000002f980      0x100 build/cooja/mtype298.a(log.o)
                                        0x118 (size before relaxing)
 .eh_frame      0x000000000002fa80       0x60 build/cooja/mtype298.a(energest.o)
                                         0x78 (size before relaxing)
 .eh_frame      0x000000000002fae0      0x1e0 build/cooja/mtype298.a(etimer.o)
                                        0x1f8 (size before relaxing)
 .eh_frame      0x000000000002fcc0       0x20 build/cooja/mtype298.a(node-id.o)
                                         0x38 (size before relaxing)
 .eh_frame      0x000000000002fce0       0x60 build/cooja/mtype298.a(rtimer.o)
                                         0x78 (size before relaxing)
 .eh_frame      0x000000000002fd40      0x1c4 build/cooja/mtype298.a(process.o)
                                        0x1dc (size before relaxing)
 .eh_frame      0x000000000002ff04       0xa4 build/cooja/mtype298.a(timer.o)
                                         0xbc (size before relaxing)
 .eh_frame      0x000000000002ffa8      0x1a0 build/cooja/mtype298.a(list.o)
                                        0x1b8 (size before relaxing)
 .eh_frame      0x0000000000030148       0xa0 build/cooja/mtype298.a(memb.o)
                                         0xb8 (size before relaxing)
 .eh_frame      0x00000000000301e8      0x144 build/cooja/mtype298.a(button-hal.o)
                                        0x15c (size before relaxing)
 .eh_frame      0x000000000003032c       0x60 build/cooja/mtype298.a(serial-line.o)
                                         0x78 (size before relaxing)
 .eh_frame      0x000000000003038c       0xe0 build/cooja/mtype298.a(gpio-hal.o)
                                         0xf8 (size before relaxing)
 .eh_frame      0x000000000003046c      0x1a0 build/cooja/mtype298.a(queuebuf.o)
                                        0x1b8 (size before relaxing)
 .eh_frame      0x000000000003060c      0x28c build/cooja/mtype298.a(packetbuf.o)
                                        0x2a4 (size before relaxing)
 .eh_frame      0x0000000000030898       0x80 build/cooja/mtype298.a(netstack.o)
                                         0x98 (size before relaxing)
 .eh_frame      0x0000000000030918       0x60 build/cooja/mtype298.a(linkaddr.o)
                                         0x78 (size before relaxing)
 .eh_frame      0x0000000000030978       0xe0 build/cooja/mtype298.a(csma.o)
                                         0xf8 (size before relaxing)
 .eh_frame      0x0000000000030a58      0x1d0 build/cooja/mtype298.a(csma-output.o)
                                        0x1e8 (size before relaxing)
 .eh_frame      0x0000000000030c28      0x328 build/cooja/mtype298.a(uip-ds6.o)
                                        0x340 (size before relaxing)
 .eh_frame      0x0000000000030f50       0x40 build/cooja/mtype298.a(uip-udp-packet.)
                                         0x58 (size before relaxing)
 .eh_frame      0x0000000000030f90      0x2e0 build/cooja/mtype298.a(uip-ds6-route.o)
                                        0x2f8 (size before relaxing)
 .eh_frame      0x0000000000031270      0x244 build/cooja/mtype298.a(tcpip.o)
                                        0x25c (size before relaxing)
 .eh_frame      0x00000000000314b4      0x1e8 build/cooja/mtype298.a(uip6.o)
                                        0x200 (size before relaxing)
 .eh_frame      0x000000000003169c      0x1c0 build/cooja/mtype298.a(uip-ds6-nbr.o)
                                        0x1d8 (size before relaxing)
 .eh_frame      0x000000000003185c       0x84 build/cooja/mtype298.a(uip-nd6.o)
                                         0x9c (size before relaxing)
 .eh_frame      0x00000000000318e0      0x2f8 build/cooja/mtype298.a(sicslowpan.o)
                                        0x310 (size before relaxing)
 .eh_frame      0x0000000000031bd8       0x88 build/cooja/mtype298.a(uiplib.o)
                                         0xa0 (size before relaxing)
 .eh_frame      0x0000000000031c60      0x1e0 build/cooja/mtype298.a(rpl.o)
                                        0x1f8 (size before relaxing)
 .eh_frame      0x0000000000031e40      0x1c4 build/cooja/mtype298.a(rpl-icmp6.o)
                                        0x1dc (size before relaxing)
 .eh_frame      0x0000000000032004       0xa0 build/cooja/mtype298.a(rpl-dag-root.o)
                                         0xb8 (size before relaxing)
 .eh_frame      0x00000000000320a4       0x80 build/cooja/mtype298.a(slip-bridge.o)
                                         0x98 (size before relaxing)
 .eh_frame      0x0000000000032124       0xe0 build/cooja/mtype298.a(slip.o)
                                         0xf8 (size before relaxing)
 .eh_frame      0x0000000000032204       0xa0 build/cooja/mtype298.a(watchdog.o)
                                         0xb8 (size before relaxing)
 .eh_frame      0x00000000000322a4       0x80 build/cooja/mtype298.a(int-master.o)
                                         0x98 (size before relaxing)
 .eh_frame      0x0000000000032324       0x20 build/cooja/mtype298.a(slip-arch.o)
                                         0x38 (size before relaxing)
 .eh_frame      0x0000000000032344       0x60 build/cooja/mtype298.a(rpl-border-rout)
                                         0x78 (size before relaxing)
 .eh_frame      0x00000000000323a4       0xa4 build/cooja/mtype298.a(coap-timer-defa)
                                         0xbc (size before relaxing)
 .eh_frame      0x0000000000032448       0xc4 build/cooja/mtype298.a(stimer.o)
                                         0xdc (size before relaxing)
 .eh_frame      0x000000000003250c       0xa0 build/cooja/mtype298.a(ringbuf.o)
                                         0xb8 (size before relaxing)
 .eh_frame      0x00000000000325ac       0x20 build/cooja/mtype298.a(assert.o)
                                         0x38 (size before relaxing)
 .eh_frame      0x00000000000325cc      0x2ac build/cooja/mtype298.a(nbr-table.o)
                                        0x2c4 (size before relaxing)
 .eh_frame      0x0000000000032878      0x120 build/cooja/mtype298.a(link-stats.o)
                                        0x138 (size before relaxing)
 .eh_frame      0x0000000000032998       0x48 build/cooja/mtype298.a(mac-sequence.o)
                                         0x60 (size before relaxing)
 .eh_frame      0x00000000000329e0       0x20 build/cooja/mtype298.a(mac.o)
                                         0x38 (size before relaxing)
 .eh_frame      0x0000000000032a00       0xa4 build/cooja/mtype298.a(framer-802154.o)
                                         0xbc (size before relaxing)
 .eh_frame      0x0000000000032aa4      0x1a4 build/cooja/mtype298.a(frame802154.o)
                                        0x1bc (size before relaxing)
 .eh_frame      0x0000000000032c48       0x40 build/cooja/mtype298.a(csma-security.o)
                                         0x58 (size before relaxing)
 .eh_frame      0x0000000000032c88      0x200 build/cooja/mtype298.a(uipbuf.o)
                                        0x218 (size before relaxing)
 .eh_frame      0x0000000000032e88      0x150 build/cooja/mtype298.a(uip-icmp6.o)
                                        0x168 (size before relaxing)
 .eh_frame      0x0000000000032fd8      0x184 build/cooja/mtype298.a(uip-sr.o)
                                        0x19c (size before relaxing)
 .eh_frame      0x000000000003315c       0xe0 build/cooja/mtype298.a(uip-packetqueue)
                                         0xf8 (size before relaxing)
 .eh_frame      0x000000000003323c       0x80 build/cooja/mtype298.a(rpl-nbr-policy.)
                                         0x98 (size before relaxing)
 .eh_frame      0x00000000000332bc      0x2d4 build/cooja/mtype298.a(rpl-neighbor.o)
                                        0x2ec (size before relaxing)
 .eh_frame      0x0000000000033590      0x370 build/cooja/mtype298.a(rpl-dag.o)
                                        0x388 (size before relaxing)
 .eh_frame      0x0000000000033900      0x3a8 build/cooja/mtype298.a(rpl-timers.o)
                                        0x3c0 (size before relaxing)
 .eh_frame      0x0000000000033ca8      0x124 build/cooja/mtype298.a(rpl-ext-header.)
                                        0x13c (size before relaxing)
 .eh_frame      0x0000000000033dcc      0x148 build/cooja/mtype298.a(rpl-mrhof.o)
                                        0x160 (size before relaxing)
 .eh_frame      0x0000000000033f14       0x20 build/cooja/mtype298.a(border-router-e)
                                         0x38 (size before relaxing)
 .eh_frame      0x0000000000033f34       0x84 /usr/lib/gcc/i686-linux-gnu/5/libgcc.a(_udivdi3.o)
                                         0x9c (size before relaxing)
 .eh_frame      0x0000000000033fb8        0x4 /usr/lib/gcc/i686-linux-gnu/5/crtendS.o
 *(.eh_frame.*)

.gcc_except_table
 *(.gcc_except_table .gcc_except_table.*)

.gnu_extab
 *(.gnu_extab*)

.exception_ranges
 *(.exception_ranges .exception_ranges*)
                0x0000000000035f10                . = DATA_SEGMENT_ALIGN (0x1000, 0x1000)

.eh_frame
 *(.eh_frame)
 *(.eh_frame.*)

.gnu_extab
 *(.gnu_extab)

.gcc_except_table
 *(.gcc_except_table .gcc_except_table.*)

.exception_ranges
 *(.exception_ranges .exception_ranges*)

.tdata
 *(.tdata .tdata.* .gnu.linkonce.td.*)

.tbss
 *(.tbss .tbss.* .gnu.linkonce.tb.*)
 *(.tcommon)

.preinit_array
 *(.preinit_array)

.init_array     0x0000000000035f10        0x4
 *(SORT(.init_array.*) SORT(.ctors.*))
 *(.init_array EXCLUDE_FILE(*crtend?.o *crtend.o *crtbegin?.o *crtbegin.o) .ctors)
 .init_array    0x0000000000035f10        0x4 /usr/lib/gcc/i686-linux-gnu/5/crtbeginS.o

.fini_array     0x0000000000035f14        0x4
 *(SORT(.fini_array.*) SORT(.dtors.*))
 *(.fini_array EXCLUDE_FILE(*crtend?.o *crtend.o *crtbegin?.o *crtbegin.o) .dtors)
 .fini_array    0x0000000000035f14        0x4 /usr/lib/gcc/i686-linux-gnu/5/crtbeginS.o

.ctors
 *crtbegin.o(.ctors)
 *crtbegin?.o(.ctors)
 *(EXCLUDE_FILE(*crtend?.o *crtend.o) .ctors)
 *(SORT(.ctors.*))
 *(.ctors)

.dtors
 *crtbegin.o(.dtors)
 *crtbegin?.o(.dtors)
 *(EXCLUDE_FILE(*crtend?.o *crtend.o) .dtors)
 *(SORT(.dtors.*))
 *(.dtors)

.jcr            0x0000000000035f18        0x4
 *(.jcr)
 .jcr           0x0000000000035f18        0x0 /usr/lib/gcc/i686-linux-gnu/5/crtbeginS.o
 .jcr           0x0000000000035f18        0x4 /usr/lib/gcc/i686-linux-gnu/5/crtendS.o

.data.rel.ro
 *(.data.rel.ro.local* .gnu.linkonce.d.rel.ro.local.*)
 *(.data.rel.ro .data.rel.ro.* .gnu.linkonce.d.rel.ro.*)

.dynamic        0x0000000000035f1c       0xd0
 *(.dynamic)
 .dynamic       0x0000000000035f1c       0xd0 /usr/lib/gcc/i686-linux-gnu/5/../../../i386-linux-gnu/crti.o
                0x0000000000035f1c                _DYNAMIC

.got            0x0000000000035fec       0x14
 *(.got)
 .got           0x0000000000035fec       0x14 /usr/lib/gcc/i686-linux-gnu/5/../../../i386-linux-gnu/crti.o
 *(.igot)
                0x0000000000036ff4                . = DATA_SEGMENT_RELRO_END (., (SIZEOF (.got.plt) >= 0xc)?0xc:0x0)

.got.plt        0x0000000000036000        0xc
 *(.got.plt)
 .got.plt       0x0000000000036000        0xc /usr/lib/gcc/i686-linux-gnu/5/../../../i386-linux-gnu/crti.o
                0x0000000000036000                _GLOBAL_OFFSET_TABLE_
 *(.igot.plt)

.data           0x0000000000036020      0x494
 *(.data .data.* .gnu.linkonce.d.*)
 .data          0x0000000000036020        0x0 /usr/lib/gcc/i686-linux-gnu/5/../../../i386-linux-gnu/crti.o
 .data          0x0000000000036020        0x0 /usr/lib/gcc/i686-linux-gnu/5/crtbeginS.o
 .data.rel.local
                0x0000000000036020        0x4 /usr/lib/gcc/i686-linux-gnu/5/crtbeginS.o
                0x0000000000036020                __dso_handle
 .data          0x0000000000036024       0x10 observing.o
                0x0000000000036024                er_example_server
 *fill*         0x0000000000036034        0xc 
 .data          0x0000000000036040       0x44 build/cooja/mtype298.o
                0x0000000000036040                simInterfaces
                0x0000000000036074                sensors
 .data          0x0000000000036084        0x0 build/cooja/mtype298.a(simEnvChange.o)
 .data          0x0000000000036084        0x0 build/cooja/mtype298.a(cooja_mt.o)
 .data          0x0000000000036084        0x0 build/cooja/mtype298.a(cooja_mtarch.o)
 .data          0x0000000000036084        0x0 build/cooja/mtype298.a(rtimer-arch.o)
 .data          0x0000000000036084        0x0 build/cooja/mtype298.a(beep.o)
 .data          0x0000000000036084        0x0 build/cooja/mtype298.a(leds-arch.o)
 .data          0x0000000000036084        0x0 build/cooja/mtype298.a(moteid.o)
 .data          0x0000000000036084        0x0 build/cooja/mtype298.a(pir-sensor.o)
 .data          0x0000000000036084        0x0 build/cooja/mtype298.a(rs232.o)
 .data          0x0000000000036084        0x0 build/cooja/mtype298.a(vib-sensor.o)
 .data          0x0000000000036084        0x0 build/cooja/mtype298.a(clock.o)
 .data          0x0000000000036084        0x0 build/cooja/mtype298.a(cooja-log.o)
 .data          0x0000000000036084        0x0 build/cooja/mtype298.a(cfs-cooja.o)
 .data          0x0000000000036084       0x2c build/cooja/mtype298.a(cooja-radio.o)
                0x0000000000036084                simRadioHWOn
                0x0000000000036088                simSignalStrength
                0x000000000003608c                simLastSignalStrength
                0x0000000000036090                simPower
                0x0000000000036094                simRadioChannel
                0x0000000000036098                simLQI
                0x00000000000360a0                cooja_radio_process
 .data          0x00000000000360b0        0x0 build/cooja/mtype298.a(eeprom.o)
 .data          0x00000000000360b0        0x0 build/cooja/mtype298.a(random.o)
 .data          0x00000000000360b0       0x10 build/cooja/mtype298.a(sensors.o)
                0x00000000000360b0                sensors_process
 .data          0x00000000000360c0        0x0 build/cooja/mtype298.a(leds.o)
 .data          0x00000000000360c0        0x0 build/cooja/mtype298.a(gpio-hal-arch.o)
 .data          0x00000000000360c0       0x78 build/cooja/mtype298.a(buttons.o)
                0x00000000000360c0                simButtonIsActive
                0x0000000000036130                button_hal_buttons
 *fill*         0x0000000000036138        0x8 
 .data          0x0000000000036140       0x24 build/cooja/mtype298.a(res_obs.o)
                0x0000000000036140                res_obs
 .data          0x0000000000036164        0x8 build/cooja/mtype298.a(coap-engine.o)
 *fill*         0x000000000003616c       0x14 
 .data          0x0000000000036180       0x24 build/cooja/mtype298.a(coap-res-well-k)
                0x0000000000036180                res_well_known_core
 .data          0x00000000000361a4       0x10 build/cooja/mtype298.a(coap-observe.o)
 .data          0x00000000000361b4       0x10 build/cooja/mtype298.a(coap-uip.o)
                0x00000000000361b4                coap_engine
 .data          0x00000000000361c4        0x4 build/cooja/mtype298.a(coap-timer.o)
 .data          0x00000000000361c8       0x10 build/cooja/mtype298.a(coap-transactio)
 .data          0x00000000000361d8        0x4 build/cooja/mtype298.a(coap.o)
                0x00000000000361d8                coap_error_message
 .data          0x00000000000361dc        0x0 build/cooja/mtype298.a(contiki-main.o)
 .data          0x00000000000361dc        0x0 build/cooja/mtype298.a(autostart.o)
 .data          0x00000000000361dc       0x14 build/cooja/mtype298.a(ctimer.o)
                0x00000000000361e0                ctimer_process
 *fill*         0x00000000000361f0       0x10 
 .data          0x0000000000036200       0xbc build/cooja/mtype298.a(log.o)
                0x0000000000036200                curr_log_level_main
                0x0000000000036220                all_modules
 .data          0x00000000000362bc        0x0 build/cooja/mtype298.a(energest.o)
 .data          0x00000000000362bc       0x10 build/cooja/mtype298.a(etimer.o)
                0x00000000000362bc                etimer_process
 .data          0x00000000000362cc        0x0 build/cooja/mtype298.a(node-id.o)
 .data          0x00000000000362cc        0x0 build/cooja/mtype298.a(rtimer.o)
 .data          0x00000000000362cc        0x0 build/cooja/mtype298.a(process.o)
 .data          0x00000000000362cc        0x0 build/cooja/mtype298.a(timer.o)
 .data          0x00000000000362cc        0x0 build/cooja/mtype298.a(list.o)
 .data          0x00000000000362cc        0x0 build/cooja/mtype298.a(memb.o)
 .data          0x00000000000362cc       0x10 build/cooja/mtype298.a(button-hal.o)
                0x00000000000362cc                button_hal_process
 .data          0x00000000000362dc       0x10 build/cooja/mtype298.a(serial-line.o)
                0x00000000000362dc                serial_line_process
 .data          0x00000000000362ec        0x4 build/cooja/mtype298.a(gpio-hal.o)
 .data          0x00000000000362f0       0x18 build/cooja/mtype298.a(queuebuf.o)
 .data          0x0000000000036308        0x4 build/cooja/mtype298.a(packetbuf.o)
 .data          0x000000000003630c        0x4 build/cooja/mtype298.a(netstack.o)
 .data          0x0000000000036310        0x0 build/cooja/mtype298.a(linkaddr.o)
 .data          0x0000000000036310        0x0 build/cooja/mtype298.a(csma.o)
 .data          0x0000000000036310       0x28 build/cooja/mtype298.a(csma-output.o)
 .data          0x0000000000036338        0x0 build/cooja/mtype298.a(uip-ds6.o)
 .data          0x0000000000036338        0x0 build/cooja/mtype298.a(uip-udp-packet.)
 .data          0x0000000000036338       0x44 build/cooja/mtype298.a(uip-ds6-route.o)
                0x0000000000036348                nbr_routes
 .data          0x000000000003637c       0x10 build/cooja/mtype298.a(tcpip.o)
                0x000000000003637c                tcpip_process
 .data          0x000000000003638c        0x0 build/cooja/mtype298.a(uip6.o)
 .data          0x000000000003638c       0x14 build/cooja/mtype298.a(uip-ds6-nbr.o)
 .data          0x00000000000363a0        0xc build/cooja/mtype298.a(uip-nd6.o)
 .data          0x00000000000363ac        0x0 build/cooja/mtype298.a(sicslowpan.o)
 .data          0x00000000000363ac        0x0 build/cooja/mtype298.a(uiplib.o)
 .data          0x00000000000363ac        0x0 build/cooja/mtype298.a(rpl.o)
 .data          0x00000000000363ac       0x30 build/cooja/mtype298.a(rpl-icmp6.o)
 .data          0x00000000000363dc        0x0 build/cooja/mtype298.a(rpl-dag-root.o)
 .data          0x00000000000363dc        0x0 build/cooja/mtype298.a(slip-bridge.o)
 .data          0x00000000000363dc       0x10 build/cooja/mtype298.a(slip.o)
                0x00000000000363dc                slip_process
 .data          0x00000000000363ec        0x0 build/cooja/mtype298.a(watchdog.o)
 .data          0x00000000000363ec        0x0 build/cooja/mtype298.a(int-master.o)
 .data          0x00000000000363ec        0x0 build/cooja/mtype298.a(slip-arch.o)
 .data          0x00000000000363ec        0x0 build/cooja/mtype298.a(rpl-border-rout)
 .data          0x00000000000363ec       0x10 build/cooja/mtype298.a(coap-timer-defa)
                0x00000000000363ec                coap_timer_process
 .data          0x00000000000363fc        0x0 build/cooja/mtype298.a(stimer.o)
 .data          0x00000000000363fc        0x0 build/cooja/mtype298.a(ringbuf.o)
 .data          0x00000000000363fc        0x0 build/cooja/mtype298.a(assert.o)
 .data          0x00000000000363fc       0x10 build/cooja/mtype298.a(nbr-table.o)
 .data          0x000000000003640c       0x14 build/cooja/mtype298.a(link-stats.o)
 .data          0x0000000000036420        0x0 build/cooja/mtype298.a(mac-sequence.o)
 .data          0x0000000000036420        0x0 build/cooja/mtype298.a(mac.o)
 .data          0x0000000000036420        0x0 build/cooja/mtype298.a(framer-802154.o)
 .data          0x0000000000036420        0x2 build/cooja/mtype298.a(frame802154.o)
 .data          0x0000000000036422        0x0 build/cooja/mtype298.a(csma-security.o)
 .data          0x0000000000036422        0x0 build/cooja/mtype298.a(uipbuf.o)
 *fill*         0x0000000000036422        0x2 
 .data          0x0000000000036424       0x20 build/cooja/mtype298.a(uip-icmp6.o)
 .data          0x0000000000036444       0x10 build/cooja/mtype298.a(uip-sr.o)
 .data          0x0000000000036454        0xc build/cooja/mtype298.a(uip-packetqueue)
 .data          0x0000000000036460        0x0 build/cooja/mtype298.a(rpl-nbr-policy.)
 .data          0x0000000000036460       0x14 build/cooja/mtype298.a(rpl-neighbor.o)
                0x0000000000036470                rpl_neighbors
 .data          0x0000000000036474        0x0 build/cooja/mtype298.a(rpl-dag.o)
 .data          0x0000000000036474        0x0 build/cooja/mtype298.a(rpl-timers.o)
 .data          0x0000000000036474        0x0 build/cooja/mtype298.a(rpl-ext-header.)
 *fill*         0x0000000000036474        0xc 
 .data          0x0000000000036480       0x24 build/cooja/mtype298.a(rpl-mrhof.o)
                0x0000000000036480                rpl_mrhof
 .data          0x00000000000364a4       0x10 build/cooja/mtype298.a(border-router-e)
                0x00000000000364a4                border_router_process
 .data          0x00000000000364b4        0x0 /usr/lib/gcc/i686-linux-gnu/5/libgcc.a(_udivdi3.o)
 .data          0x00000000000364b4        0x0 /usr/lib/gcc/i686-linux-gnu/5/crtendS.o
 .data          0x00000000000364b4        0x0 /usr/lib/gcc/i686-linux-gnu/5/../../../i386-linux-gnu/crtn.o

.tm_clone_table
                0x00000000000364b4        0x0
 .tm_clone_table
                0x00000000000364b4        0x0 /usr/lib/gcc/i686-linux-gnu/5/crtbeginS.o
 .tm_clone_table
                0x00000000000364b4        0x0 /usr/lib/gcc/i686-linux-gnu/5/crtendS.o

.data1
 *(.data1)
                0x00000000000364b4                _edata = .
                [!provide]                        PROVIDE (edata, .)
                0x00000000000364b4                . = .
                0x00000000000364b4                __bss_start = .

.bss            0x00000000000364c0     0xf284
 *(.dynbss)
 .dynbss        0x00000000000364c0        0x0 /usr/lib/gcc/i686-linux-gnu/5/../../../i386-linux-gnu/crti.o
 *(.bss .bss.* .gnu.linkonce.b.*)
 .bss           0x00000000000364c0        0x0 /usr/lib/gcc/i686-linux-gnu/5/../../../i386-linux-gnu/crti.o
 .bss           0x00000000000364c0        0x1 /usr/lib/gcc/i686-linux-gnu/5/crtbeginS.o
 *fill*         0x00000000000364c1        0x3 
 .bss           0x00000000000364c4       0x10 observing.o
 *fill*         0x00000000000364d4        0xc 
 .bss           0x00000000000364e0     0x2030 build/cooja/mtype298.o
 .bss           0x0000000000038510        0x1 build/cooja/mtype298.a(simEnvChange.o)
                0x0000000000038510                simDontFallAsleep
 *fill*         0x0000000000038511        0x3 
 .bss           0x0000000000038514        0x4 build/cooja/mtype298.a(cooja_mt.o)
 .bss           0x0000000000038518        0x4 build/cooja/mtype298.a(cooja_mtarch.o)
 .bss           0x000000000003851c        0x0 build/cooja/mtype298.a(rtimer-arch.o)
 .bss           0x000000000003851c        0x0 build/cooja/mtype298.a(beep.o)
 .bss           0x000000000003851c        0x1 build/cooja/mtype298.a(leds-arch.o)
                0x000000000003851c                simLedsValue
 .bss           0x000000000003851d        0x0 build/cooja/mtype298.a(moteid.o)
 .bss           0x000000000003851d        0x1 build/cooja/mtype298.a(pir-sensor.o)
                0x000000000003851d                simPirValue
 *fill*         0x000000000003851e        0x2 
 .bss           0x0000000000038520        0x4 build/cooja/mtype298.a(rs232.o)
 .bss           0x0000000000038524        0x1 build/cooja/mtype298.a(vib-sensor.o)
                0x0000000000038524                simVibValue
 .bss           0x0000000000038525        0x0 build/cooja/mtype298.a(clock.o)
 *fill*         0x0000000000038525       0x1b 
 .bss           0x0000000000038540     0x2020 build/cooja/mtype298.a(cooja-log.o)
 .bss           0x000000000003a560      0xfc0 build/cooja/mtype298.a(cfs-cooja.o)
                0x000000000003a560                simCFSData
                0x000000000003b500                simCFSSize
                0x000000000003b504                simCFSChanged
                0x000000000003b508                simCFSRead
                0x000000000003b50c                simCFSWritten
 .bss           0x000000000003b520       0x24 build/cooja/mtype298.a(cooja-radio.o)
                0x000000000003b520                simReceiving
                0x000000000003b524                simInSize
                0x000000000003b528                simLastPacketTimestamp
                0x000000000003b530                simOutSize
 .bss           0x000000000003b544        0xc build/cooja/mtype298.a(eeprom.o)
                0x000000000003b544                simEEPROMChanged
                0x000000000003b548                simEEPROMRead
                0x000000000003b54c                simEEPROMWritten
 .bss           0x000000000003b550        0x0 build/cooja/mtype298.a(random.o)
 .bss           0x000000000003b550        0xc build/cooja/mtype298.a(sensors.o)
 .bss           0x000000000003b55c        0x0 build/cooja/mtype298.a(leds.o)
 .bss           0x000000000003b55c       0x24 build/cooja/mtype298.a(gpio-hal-arch.o)
 .bss           0x000000000003b580        0x0 build/cooja/mtype298.a(buttons.o)
 .bss           0x000000000003b580        0x4 build/cooja/mtype298.a(res_obs.o)
 *fill*         0x000000000003b584       0x1c 
 .bss           0x000000000003b5a0      0x190 build/cooja/mtype298.a(coap-engine.o)
 .bss           0x000000000003b730        0x0 build/cooja/mtype298.a(coap-res-well-k)
 *fill*         0x000000000003b730       0x10 
 .bss           0x000000000003b740      0x120 build/cooja/mtype298.a(coap-observe.o)
 .bss           0x000000000003b860       0x18 build/cooja/mtype298.a(coap-uip.o)
 .bss           0x000000000003b878        0x5 build/cooja/mtype298.a(coap-timer.o)
 *fill*         0x000000000003b87d        0x3 
 .bss           0x000000000003b880      0x334 build/cooja/mtype298.a(coap-transactio)
 .bss           0x000000000003bbb4        0x6 build/cooja/mtype298.a(coap.o)
                0x000000000003bbb4                coap_status_code
 .bss           0x000000000003bbba        0x0 build/cooja/mtype298.a(contiki-main.o)
 .bss           0x000000000003bbba        0x0 build/cooja/mtype298.a(autostart.o)
 *fill*         0x000000000003bbba        0x2 
 .bss           0x000000000003bbbc        0x5 build/cooja/mtype298.a(ctimer.o)
 *fill*         0x000000000003bbc1        0x3 
 .bss           0x000000000003bbc4       0x2c build/cooja/mtype298.a(log.o)
                0x000000000003bbc4                curr_log_level_rpl
                0x000000000003bbc8                curr_log_level_tcpip
                0x000000000003bbcc                curr_log_level_ipv6
                0x000000000003bbd0                curr_log_level_6lowpan
                0x000000000003bbd4                curr_log_level_nullnet
                0x000000000003bbd8                curr_log_level_mac
                0x000000000003bbdc                curr_log_level_framer
                0x000000000003bbe0                curr_log_level_6top
                0x000000000003bbe4                curr_log_level_coap
                0x000000000003bbe8                curr_log_level_snmp
                0x000000000003bbec                curr_log_level_lwm2m
 .bss           0x000000000003bbf0        0x0 build/cooja/mtype298.a(energest.o)
 .bss           0x000000000003bbf0        0x8 build/cooja/mtype298.a(etimer.o)
 .bss           0x000000000003bbf8        0x2 build/cooja/mtype298.a(node-id.o)
                0x000000000003bbf8                node_id
 *fill*         0x000000000003bbfa        0x2 
 .bss           0x000000000003bbfc        0x4 build/cooja/mtype298.a(rtimer.o)
 .bss           0x000000000003bc00      0x1a1 build/cooja/mtype298.a(process.o)
                0x000000000003bc00                process_list
                0x000000000003bc04                process_current
 .bss           0x000000000003bda1        0x0 build/cooja/mtype298.a(timer.o)
 .bss           0x000000000003bda1        0x0 build/cooja/mtype298.a(list.o)
 .bss           0x000000000003bda1        0x0 build/cooja/mtype298.a(memb.o)
 *fill*         0x000000000003bda1        0x3 
 .bss           0x000000000003bda4       0x10 build/cooja/mtype298.a(button-hal.o)
 *fill*         0x000000000003bdb4        0xc 