Archive member included to satisfy reference by file (symbol)

build/cooja/mtype583.a(simEnvChange.o)
                              build/cooja/mtype583.o (simDontFallAsleep)
build/cooja/mtype583.a(cooja_mt.o)
                              build/cooja/mtype583.o (cooja_mt_start)
build/cooja/mtype583.a(cooja_mtarch.o)
                              build/cooja/mtype583.a(cooja_mt.o) (cooja_mtarch_start)
build/cooja/mtype583.a(rtimer-arch.o)
                              build/cooja/mtype583.o (rtimer_arch_check)
build/cooja/mtype583.a(beep.o)
                              build/cooja/mtype583.o (beep_interface)
build/cooja/mtype583.a(leds-arch.o)
                              build/cooja/mtype583.o (leds_interface)
build/cooja/mtype583.a(moteid.o)
                              build/cooja/mtype583.o (moteid_interface)
build/cooja/mtype583.a(pir-sensor.o)
                              build/cooja/mtype583.o (pir_interface)
build/cooja/mtype583.a(rs232.o)
                              build/cooja/mtype583.o (rs232_interface)
build/cooja/mtype583.a(vib-sensor.o)
                              build/cooja/mtype583.o (vib_interface)
build/cooja/mtype583.a(clock.o)
                              build/cooja/mtype583.o (clock_interface)
build/cooja/mtype583.a(cooja-log.o)
                              build/cooja/mtype583.o (simlog_interface)
build/cooja/mtype583.a(cfs-cooja.o)
                              build/cooja/mtype583.o (cfs_interface)
build/cooja/mtype583.a(cooja-radio.o)
                              build/cooja/mtype583.o (radio_interface)
build/cooja/mtype583.a(eeprom.o)
                              build/cooja/mtype583.o (eeprom_interface)
build/cooja/mtype583.a(random.o)
                              build/cooja/mtype583.a(moteid.o) (random_init)
build/cooja/mtype583.a(sensors.o)
                              build/cooja/mtype583.a(pir-sensor.o) (sensors_changed)
build/cooja/mtype583.a(leds.o)
                              node.o (leds_off)
build/cooja/mtype583.a(gpio-hal-arch.o)
                              build/cooja/mtype583.a(leds-arch.o) (gpio_hal_arch_register_pin_callback)
build/cooja/mtype583.a(buttons.o)
                              build/cooja/mtype583.o (button_interface)
build/cooja/mtype583.a(mqtt.o)
                              node.o (mqtt_register)
build/cooja/mtype583.a(contiki-main.o)
                              build/cooja/mtype583.o (main)
build/cooja/mtype583.a(autostart.o)
                              build/cooja/mtype583.a(contiki-main.o) (autostart_start)
build/cooja/mtype583.a(ctimer.o)
                              build/cooja/mtype583.a(contiki-main.o) (ctimer_init)
build/cooja/mtype583.a(log.o)
                              build/cooja/mtype583.a(contiki-main.o) (curr_log_level_main)
build/cooja/mtype583.a(energest.o)
                              build/cooja/mtype583.a(contiki-main.o) (energest_init)
build/cooja/mtype583.a(etimer.o)
                              build/cooja/mtype583.a(contiki-main.o) (etimer_process)
build/cooja/mtype583.a(node-id.o)
                              node.o (node_id)
build/cooja/mtype583.a(rtimer.o)
                              build/cooja/mtype583.a(contiki-main.o) (rtimer_init)
build/cooja/mtype583.a(process.o)
                              build/cooja/mtype583.a(mqtt.o) (process_current)
build/cooja/mtype583.a(timer.o)
                              build/cooja/mtype583.a(mqtt.o) (timer_set)
build/cooja/mtype583.a(list.o)
                              build/cooja/mtype583.a(mqtt.o) (list_init)
build/cooja/mtype583.a(button-hal.o)
                              build/cooja/mtype583.o (button_hal_init)
build/cooja/mtype583.a(serial-line.o)
                              build/cooja/mtype583.a(rs232.o) (serial_line_input_byte)
build/cooja/mtype583.a(gpio-hal.o)
                              build/cooja/mtype583.a(button-hal.o) (gpio_hal_register_handler)
build/cooja/mtype583.a(queuebuf.o)
                              build/cooja/mtype583.a(contiki-main.o) (queuebuf_init)
build/cooja/mtype583.a(packetbuf.o)
                              build/cooja/mtype583.a(cooja-radio.o) (packetbuf_clear)
build/cooja/mtype583.a(netstack.o)
                              build/cooja/mtype583.a(contiki-main.o) (netstack_init)
build/cooja/mtype583.a(linkaddr.o)
                              node.o (linkaddr_node_addr)
build/cooja/mtype583.a(csma.o)
                              build/cooja/mtype583.a(cooja-radio.o) (csma_driver)
build/cooja/mtype583.a(csma-output.o)
                              build/cooja/mtype583.a(csma.o) (csma_output_packet)
build/cooja/mtype583.a(uip-ds6.o)
                              build/cooja/mtype583.a(contiki-main.o) (uip_ds6_get_link_local)
build/cooja/mtype583.a(tcp-socket.o)
                              build/cooja/mtype583.a(mqtt.o) (tcp_socket_register)
build/cooja/mtype583.a(uip-ds6-route.o)
                              build/cooja/mtype583.a(uip-ds6.o) (uip_ds6_route_init)
build/cooja/mtype583.a(tcpip.o)
[...]
Memory Configuration

Name             Origin             Length             Attributes
*default*        0x0000000000000000 0xffffffffffffffff

Linker script and memory map

LOAD /usr/lib/gcc/i686-linux-gnu/5/../../../i386-linux-gnu/crti.o
LOAD /usr/lib/gcc/i686-linux-gnu/5/crtbeginS.o
LOAD node.o
LOAD build/cooja/mtype583.o
LOAD build/cooja/mtype583.a
LOAD /usr/lib/gcc/i686-linux-gnu/5/libgcc.a
LOAD /usr/lib/gcc/i686-linux-gnu/5/libgcc_s.so
LOAD /usr/lib/gcc/i686-linux-gnu/5/../../../i386-linux-gnu/libc.so
START GROUP
LOAD /lib/i386-linux-gnu/libc.so.6
LOAD /usr/lib/i386-linux-gnu/libc_nonshared.a
LOAD /lib/i386-linux-gnu/ld-linux.so.2
END GROUP
LOAD /usr/lib/gcc/i686-linux-gnu/5/libgcc.a
LOAD /usr/lib/gcc/i686-linux-gnu/5/libgcc_s.so
LOAD /usr/lib/gcc/i686-linux-gnu/5/crtendS.o
LOAD /usr/lib/gcc/i686-linux-gnu/5/../../../i386-linux-gnu/crtn.o
                0x0000000000000114                . = (0x0 + SIZEOF_HEADERS)

.note.gnu.build-id
                0x0000000000000114       0x24
 *(.note.gnu.build-id)
 .note.gnu.build-id
                0x0000000000000114       0x24 /usr/lib/gcc/i686-linux-gnu/5/../../../i386-linux-gnu/crti.o

.hash
 *(.hash)

.gnu.hash       0x0000000000000138     0x1478
 *(.gnu.hash)
 .gnu.hash      0x0000000000000138     0x1478 /usr/lib/gcc/i686-linux-gnu/5/../../../i386-linux-gnu/crti.o

.dynsym         0x00000000000015b0     0x2aa0
 *(.dynsym)
 .dynsym        0x00000000000015b0     0x2aa0 /usr/lib/gcc/i686-linux-gnu/5/../../../i386-linux-gnu/crti.o

.dynstr         0x0000000000004050     0x3026
 *(.dynstr)
 .dynstr        0x0000000000004050     0x3026 /usr/lib/gcc/i686-linux-gnu/5/../../../i386-linux-gnu/crti.o

.gnu.version    0x0000000000007076      0x554
 *(.gnu.version)
 .gnu.version   0x0000000000007076      0x554 /usr/lib/gcc/i686-linux-gnu/5/../../../i386-linux-gnu/crti.o

.gnu.version_d  0x00000000000075cc        0x0
 *(.gnu.version_d)
 .gnu.version_d
                0x00000000000075cc        0x0 /usr/lib/gcc/i686-linux-gnu/5/../../../i386-linux-gnu/crti.o

.gnu.version_r  0x00000000000075cc       0x40
 *(.gnu.version_r)
 .gnu.version_r
                0x00000000000075cc       0x40 /usr/lib/gcc/i686-linux-gnu/5/../../../i386-linux-gnu/crti.o

.rel.dyn        0x000000000000760c     0x8d30
 *(.rel.init)
 .rel.init      0x000000000000760c        0x0 /usr/lib/gcc/i686-linux-gnu/5/../../../i386-linux-gnu/crti.o
 *(.rel.text .rel.text.* .rel.gnu.linkonce.t.*)
 .rel.text      0x000000000000760c     0x85b0 /usr/lib/gcc/i686-linux-gnu/5/../../../i386-linux-gnu/crti.o
 *(.rel.fini)
 .rel.fini      0x000000000000fbbc        0x0 /usr/lib/gcc/i686-linux-gnu/5/../../../i386-linux-gnu/crti.o
 *(.rel.rodata .rel.rodata.* .rel.gnu.linkonce.r.*)
 .rel.rodata    0x000000000000fbbc      0x3b8 /usr/lib/gcc/i686-linux-gnu/5/../../../i386-linux-gnu/crti.o
 *(.rel.data.rel.ro .rel.data.rel.ro.* .rel.gnu.linkonce.d.rel.ro.*)
 *(.rel.data .rel.data.* .rel.gnu.linkonce.d.*)
 .rel.data.rel.local
                0x000000000000ff74        0x8 /usr/lib/gcc/i686-linux-gnu/5/../../../i386-linux-gnu/crti.o
 .rel.data      0x000000000000ff7c      0x388 /usr/lib/gcc/i686-linux-gnu/5/../../../i386-linux-gnu/crti.o
 *(.rel.tdata .rel.tdata.* .rel.gnu.linkonce.td.*)
 *(.rel.tbss .rel.tbss.* .rel.gnu.linkonce.tb.*)
 *(.rel.ctors)
 *(.rel.dtors)
 *(.rel.got)
 .rel.got       0x0000000000010304       0x28 /usr/lib/gcc/i686-linux-gnu/5/../../../i386-linux-gnu/crti.o
 *(.rel.bss .rel.bss.* .rel.gnu.linkonce.b.*)
 *(.rel.ifunc)
 .rel.ifunc     0x000000000001032c        0x0 /usr/lib/gcc/i686-linux-gnu/5/../../../i386-linux-gnu/crti.o
 .rel.fini_array
                0x000000000001032c        0x8 /usr/lib/gcc/i686-linux-gnu/5/../../../i386-linux-gnu/crti.o
 .rel.init_array
                0x0000000000010334        0x8 /usr/lib/gcc/i686-linux-gnu/5/../../../i386-linux-gnu/crti.o

.rel.plt        0x000000000001033c        0x0
 *(.rel.plt)
 .rel.plt       0x000000000001033c        0x0 /usr/lib/gcc/i686-linux-gnu/5/../../../i386-linux-gnu/crti.o
 *(.rel.iplt)

.init           0x000000000001033c       0x23
 *(SORT(.init))
 .init          0x000000000001033c       0x1e /usr/lib/gcc/i686-linux-gnu/5/../../../i386-linux-gnu/crti.o
                0x000000000001033c                _init
 .init          0x000000000001035a        0x5 /usr/lib/gcc/i686-linux-gnu/5/../../../i386-linux-gnu/crtn.o

.plt            0x0000000000010360       0x10
 *(.plt)
 .plt           0x0000000000010360       0x10 /usr/lib/gcc/i686-linux-gnu/5/../../../i386-linux-gnu/crti.o
 *(.iplt)

.plt.got        0x0000000000010370       0x10
 *(.plt.got)
 .plt.got       0x0000000000010370       0x10 /usr/lib/gcc/i686-linux-gnu/5/../../../i386-linux-gnu/crti.o

.text           0x0000000000010380    0x181d6
 *(.text.unlikely .text.*_unlikely .text.unlikely.*)
 .text.unlikely
                0x0000000000010380        0x0 /usr/lib/gcc/i686-linux-gnu/5/crtbeginS.o
 *(.text.exit .text.exit.*)
 *(.text.startup .text.startup.*)
 *(.text.hot .text.hot.*)
 *(.text .stub .text.* .gnu.linkonce.t.*)
 .text          0x0000000000010380        0x0 /usr/lib/gcc/i686-linux-gnu/5/../../../i386-linux-gnu/crti.o
 .gnu.linkonce.t.__x86.get_pc_thunk.bx
                0x0000000000010380        0x4 /usr/lib/gcc/i686-linux-gnu/5/../../../i386-linux-gnu/crti.o
                0x0000000000010380                __x86.get_pc_thunk.bx
 *fill*         0x0000000000010384        0xc 
 .text          0x0000000000010390      0x11c /usr/lib/gcc/i686-linux-gnu/5/crtbeginS.o
 .text.__x86.get_pc_thunk.dx
                0x00000000000104ac        0x4 /usr/lib/gcc/i686-linux-gnu/5/crtbeginS.o
                0x00000000000104ac                __x86.get_pc_thunk.dx
 .text          0x00000000000104b0      0x74c node.o
                0x00000000000104b0                initialize_client_id
                0x0000000000010519                roll_dice
                0x0000000000010555                door_is_open
                0x00000000000105b1                sense_temperature
 .text          0x0000000000010bfc      0x283 build/cooja/mtype583.o
                0x0000000000010c8e                platform_init_stage_one
                0x0000000000010ca1                platform_init_stage_two
                0x0000000000010cb4                platform_init_stage_three
                0x0000000000010cc7                platform_main_loop
                0x0000000000010d3a                Java_org_contikios_cooja_corecomm_Lib2_init
                0x0000000000010d71                Java_org_contikios_cooja_corecomm_Lib2_getMemory
                0x0000000000010da4                Java_org_contikios_cooja_corecomm_Lib2_setMemory
                0x0000000000010e04                Java_org_contikios_cooja_corecomm_Lib2_tick
                0x0000000000010e6c                Java_org_contikios_cooja_corecomm_Lib2_setReferenceAddress
 .text          0x0000000000010e7f       0x65 build/cooja/mtype583.a(simEnvChange.o)
                0x0000000000010e7f                doActionsBeforeTick
                0x0000000000010eb1                doActionsAfterTick
 .text          0x0000000000010ee4       0x83 build/cooja/mtype583.a(cooja_mt.o)
                0x0000000000010ee4                cooja_mt_start
                0x0000000000010f0e                cooja_mt_exec
                0x0000000000010f44                cooja_mt_yield
 .text          0x0000000000010f67       0xbe build/cooja/mtype583.a(cooja_mtarch.o)
                0x0000000000010f67                cooja_mtarch_start
                0x0000000000010fda                cooja_sw
                0x0000000000010ffd                cooja_mtarch_exec
                0x000000000001101a                cooja_mtarch_yield
 .text          0x0000000000011025       0xc5 build/cooja/mtype583.a(rtimer-arch.o)
                0x0000000000011025                rtimer_arch_init
                0x0000000000011049                rtimer_arch_schedule
                0x0000000000011079                rtimer_arch_next
                0x0000000000011089                rtimer_arch_pending
                0x0000000000011093                rtimer_arch_check
                0x00000000000110da                rtimer_arch_now
 .text          0x00000000000110ea       0x81 build/cooja/mtype583.a(beep.o)
                0x00000000000110ea                beep_alarm
                0x00000000000110f7                beep_beep
                0x0000000000011104                beep
                0x0000000000011111                beep_down
                0x000000000001111e                beep_on
                0x000000000001112b                beep_off
                0x0000000000011138                beep_spinup
                0x0000000000011145                beep_quick
                0x0000000000011152                beep_long
 .text          0x000000000001116b       0x65 build/cooja/mtype583.a(leds-arch.o)
                0x000000000001117e                leds_arch_init
 .text          0x00000000000111d0       0x35 build/cooja/mtype583.a(moteid.o)
 .text          0x0000000000011205       0xb7 build/cooja/mtype583.a(pir-sensor.o)
 .text          0x00000000000112bc      0x148 build/cooja/mtype583.a(rs232.o)
                0x00000000000112bc                rs232_init
                0x00000000000112c2                rs232_set_speed
                0x00000000000112d1                rs232_set_input
                0x00000000000112df                rs232_send
                0x0000000000011303                rs232_print
                0x000000000001131f                slip_arch_writeb
 .text          0x0000000000011404       0xb7 build/cooja/mtype583.a(vib-sensor.o)
 .text          0x00000000000114bb       0x38 build/cooja/mtype583.a(clock.o)
                0x00000000000114bb                clock_init
                0x00000000000114c1                clock_time
                0x00000000000114cb                clock_seconds
                0x00000000000114e1                clock_delay
 .text          0x00000000000114f3      0x219 build/cooja/mtype583.a(cooja-log.o)
                0x00000000000114f3                simlog_char
                0x0000000000011536                simlog
                0x00000000000115ac                log_message
                0x00000000000115dd                log_set_putchar_with_slip
                0x00000000000115eb                log_putchar
                0x0000000000011666                log_puts
                0x000000000001168e                log_printf
 .text          0x000000000001170c      0x2b9 build/cooja/mtype583.a(cfs-cooja.o)
                0x000000000001170c                cfs_open
                0x0000000000011775                cfs_close
                0x0000000000011782                cfs_read
                0x0000000000011817                cfs_write
                0x00000000000118f3                cfs_seek
                0x000000000001197b                cfs_remove
                0x000000000001199f                cfs_opendir
                0x00000000000119a9                cfs_readdir
                0x00000000000119b3                cfs_closedir
 .text          0x00000000000119c5      0x620 build/cooja/mtype583.a(cooja-radio.o)
                0x0000000000011a07                radio_set_channel
                0x0000000000011a15                radio_set_txpower
                0x0000000000011a2d                radio_signal_strength_last
                0x0000000000011a37                radio_signal_strength_current
                0x0000000000011a41                radio_LQI
 .text          0x0000000000011fe5       0xee build/cooja/mtype583.a(eeprom.o)
                0x0000000000011fe5                eeprom_init
                0x0000000000011feb                eeprom_read
                0x0000000000012059                eeprom_write
 .text          0x00000000000120d3       0x2d build/cooja/mtype583.a(random.o)
                0x00000000000120d3                random_init
                0x00000000000120f3                random_rand
 .text          0x0000000000012100      0x29c build/cooja/mtype583.a(sensors.o)
                0x000000000001213b                sensors_first
                0x0000000000012145                sensors_next
                0x000000000001215f                sensors_changed
                0x0000000000012193                sensors_find
 .text          0x000000000001239c      0x349 build/cooja/mtype583.a(leds.o)
                0x000000000001239c                leds_init
                0x00000000000123e3                leds_single_on
                0x0000000000012442                leds_single_off
                0x00000000000124a1                leds_single_toggle
                0x00000000000124d3                leds_on
                0x0000000000012555                leds_off
                0x00000000000125d7                leds_toggle
                0x000000000001262c                leds_set
                0x0000000000012658                leds_get
 .text          0x00000000000126e5      0x343 build/cooja/mtype583.a(gpio-hal-arch.o)
                0x00000000000126e5                gpio_hal_arch_register_pin_callback
                0x0000000000012751                gpio_hal_arch_init
                0x0000000000012796                gpio_hal_arch_no_port_interrupt_enable
                0x00000000000127c6                gpio_hal_arch_no_port_interrupt_disable
                0x00000000000127f6                gpio_hal_arch_no_port_pin_cfg_set
                0x000000000001281b                gpio_hal_arch_no_port_pin_cfg_get
                0x0000000000012841                gpio_hal_arch_no_port_pin_set_input
                0x0000000000012853                gpio_hal_arch_no_port_pin_set_output
                0x0000000000012865                gpio_hal_arch_no_port_set_pin
                0x0000000000012886                gpio_hal_arch_no_port_clear_pin
                0x00000000000128a7                gpio_hal_arch_no_port_read_pin
                0x00000000000128cd                gpio_hal_arch_no_port_write_pin
                0x00000000000128f7                gpio_hal_arch_no_port_set_pins
                0x000000000001293e                gpio_hal_arch_no_port_clear_pins
                0x0000000000012985                gpio_hal_arch_no_port_read_pins
                0x00000000000129c8                gpio_hal_arch_no_port_write_pins
 .text          0x0000000000012a28       0x89 build/cooja/mtype583.a(buttons.o)
 .text          0x0000000000012ab1     0x388f build/cooja/mtype583.a(mqtt.o)
                0x0000000000015d4e                mqtt_init
                0x0000000000015e0c                mqtt_register
                0x0000000000015ea9                mqtt_connect
                0x0000000000015fd7                mqtt_disconnect
                0x0000000000016015                mqtt_subscribe
                0x00000000000160d2                mqtt_unsubscribe
                0x0000000000016180                mqtt_publish
                0x0000000000016261                mqtt_set_username_password
                0x00000000000162ec                mqtt_set_last_will
 .text          0x0000000000016340      0x32d build/cooja/mtype583.a(contiki-main.o)
                0x0000000000016340                main
 .text          0x000000000001666d       0x92 build/cooja/mtype583.a(autostart.o)
                0x000000000001666d                autostart_start
                0x00000000000166b7                autostart_exit
 .text          0x00000000000166ff      0x355 build/cooja/mtype583.a(ctimer.o)
                0x0000000000016827                ctimer_init
                0x000000000001685a                ctimer_set
                0x0000000000016880                ctimer_set_with_process
                0x00000000000168fd                ctimer_reset
                0x0000000000016951                ctimer_restart
                0x00000000000169a5                ctimer_stop
                0x00000000000169f5                ctimer_expired
 .text          0x0000000000016a54      0x394 build/cooja/mtype583.a(log.o)
                0x0000000000016a54                log_6addr
                0x0000000000016aa7                log_6addr_compact_snprint
                0x0000000000016b45                log_6addr_compact
                0x0000000000016b98                log_lladdr
                0x0000000000016c0a                log_lladdr_compact
                0x0000000000016c72                log_set_level
                0x0000000000016d2d                log_get_level
                0x0000000000016da6                log_level_to_str
 .text          0x0000000000016de8       0x1b build/cooja/mtype583.a(energest.o)
                0x0000000000016de8                energest_init
                0x0000000000016dee                energest_flush
                0x0000000000016df4                energest_get_total_time
 .text          0x0000000000016e03      0x43f build/cooja/mtype583.a(etimer.o)
                0x0000000000017027                etimer_request_poll
                0x00000000000170b0                etimer_set
                0x00000000000170d9                etimer_reset_with_new_interval
                0x0000000000017108                etimer_reset
                0x000000000001712e                etimer_restart
                0x0000000000017154                etimer_adjust
                0x0000000000017171                etimer_expired
                0x0000000000017184                etimer_expiration_time
                0x0000000000017196                etimer_start_time
                0x00000000000171a0                etimer_pending
                0x00000000000171b2                etimer_next_expiration_time
                0x00000000000171cc                etimer_stop
 .text          0x0000000000017242       0x25 build/cooja/mtype583.a(node-id.o)
                0x0000000000017242                node_id_init
 .text          0x0000000000017267       0xeb build/cooja/mtype583.a(rtimer.o)
                0x0000000000017267                rtimer_init
                0x0000000000017275                rtimer_set
                0x00000000000172f0                rtimer_run_next
 .text          0x0000000000017352      0x4fb build/cooja/mtype583.a(process.o)
                0x0000000000017352                process_alloc_event
                0x0000000000017367                process_start
                0x0000000000017541                process_exit
                0x000000000001755e                process_init
                0x00000000000176f3                process_run
                0x0000000000017726                process_nevents
                0x0000000000017741                process_post
                0x00000000000177d4                process_post_synch
                0x0000000000017809                process_poll
                0x0000000000017839                process_is_running
 .text          0x000000000001784d       0xb1 build/cooja/mtype583.a(timer.o)
                0x000000000001784d                timer_set
                0x000000000001786b                timer_reset
                0x0000000000017898                timer_restart
                0x00000000000178ad                timer_expired
                0x00000000000178da                timer_remaining
 .text          0x00000000000178fe      0x28f build/cooja/mtype583.a(list.o)
                0x00000000000178fe                list_init
                0x000000000001790d                list_head
                0x0000000000017917                list_copy
                0x0000000000017927                list_tail
                0x000000000001795d                list_add
                0x00000000000179a9                list_push
                0x00000000000179d5                list_chop
                0x0000000000017a3f                list_pop
                0x0000000000017a67                list_remove
                0x0000000000017acf                list_length
                0x0000000000017afd                list_insert
                0x0000000000017b42                list_item_next
                0x0000000000017b59                list_contains
 .text          0x0000000000017b8d      0x41c build/cooja/mtype583.a(button-hal.o)
                0x0000000000017d06                button_hal_get_by_id
                0x0000000000017d44                button_hal_get_by_index
                0x0000000000017d70                button_hal_get_state
                0x0000000000017dc2                button_hal_init
 .text          0x0000000000017fa9      0x1f3 build/cooja/mtype583.a(serial-line.o)
                0x0000000000017fa9                serial_line_input_byte
                0x0000000000018167                serial_line_init
 .text          0x000000000001819c      0x168 build/cooja/mtype583.a(gpio-hal.o)
                0x000000000001819c                gpio_hal_register_handler
                0x00000000000181b9                gpio_hal_event_handler
                0x0000000000018215                gpio_hal_init
                0x0000000000018234                gpio_hal_arch_port_toggle_pin
                0x0000000000018270                gpio_hal_arch_port_toggle_pins
                0x000000000001829e                gpio_hal_arch_no_port_toggle_pin
                0x00000000000182dc                gpio_hal_arch_no_port_toggle_pins
 .text          0x0000000000018304      0x2e7 build/cooja/mtype583.a(queuebuf.o)
                0x000000000001830e                queuebuf_init
                0x0000000000018337                queuebuf_numfree
                0x000000000001834f                queuebuf_new_from_packetbuf
                0x00000000000183ee                queuebuf_update_attr_from_packetbuf
                0x0000000000018423                queuebuf_update_from_packetbuf
                0x0000000000018473                queuebuf_free
                0x00000000000184bc                queuebuf_to_packetbuf
                0x0000000000018528                queuebuf_dataptr
                0x0000000000018562                queuebuf_datalen
                0x0000000000018585                queuebuf_addr
                0x00000000000185ba                queuebuf_attr
                0x00000000000185e5                queuebuf_debug_print
 .text          0x00000000000185eb      0x407 build/cooja/mtype583.a(packetbuf.o)
                0x00000000000185eb                packetbuf_clear
                0x0000000000018616                packetbuf_copyfrom
                0x0000000000018665                packetbuf_copyto
                0x00000000000186f8                packetbuf_hdralloc
                0x0000000000018774                packetbuf_hdrreduce
                0x00000000000187ba                packetbuf_set_datalen
                0x00000000000187d4                packetbuf_dataptr
                0x00000000000187f1                packetbuf_hdrptr
                0x00000000000187fb                packetbuf_datalen
                0x0000000000018807                packetbuf_hdrlen
                0x000000000001881e                packetbuf_totlen
                0x0000000000018834                packetbuf_remaininglen
                0x0000000000018847                packetbuf_attr_clear
                0x0000000000018893                packetbuf_attr_copyto
                0x00000000000188eb                packetbuf_attr_copyfrom
                0x0000000000018943                packetbuf_set_attr
                0x000000000001896d                packetbuf_attr
                0x0000000000018987                packetbuf_set_addr
                0x00000000000189b8                packetbuf_addr
                0x00000000000189d5                packetbuf_holds_broadcast
 .text          0x00000000000189f2       0xef build/cooja/mtype583.a(netstack.o)
                0x00000000000189f2                netstack_process_ip_callback
                0x0000000000018a83                netstack_ip_packet_processor_add
                0x0000000000018aa6                uip_ds6_ip_packet_processor_rm
                0x0000000000018ac3                netstack_init
 .text          0x0000000000018ae1       0x4f build/cooja/mtype583.a(linkaddr.o)
                0x0000000000018ae1                linkaddr_copy
                0x0000000000018af7                linkaddr_cmp
                0x0000000000018b1a                linkaddr_set_node_addr
 .text          0x0000000000018b30      0x1f6 build/cooja/mtype583.a(csma.o)
 .text          0x0000000000018d26      0x95d build/cooja/mtype583.a(csma-output.o)
                0x00000000000193bd                csma_output_packet
                0x000000000001964a                csma_output_init
 .text          0x0000000000019683      0xc11 build/cooja/mtype583.a(uip-ds6.o)
                0x0000000000019683                uip_ds6_default_prefix
                0x000000000001968d                uip_ds6_set_default_prefix
                0x00000000000196b8                uip_ds6_init
                0x000000000001991a                uip_ds6_periodic
                0x00000000000199a1                uip_ds6_list_loop
                0x0000000000019a61                uip_ds6_prefix_add
                0x0000000000019b0d                uip_ds6_prefix_rm
                0x0000000000019b20                uip_ds6_prefix_lookup
                0x0000000000019b5f                uip_ds6_is_addr_onlink
                0x0000000000019bd2                uip_ds6_addr_add
                0x0000000000019cf2                uip_ds6_addr_rm
                0x0000000000019d9b                uip_ds6_addr_lookup
                0x0000000000019dd4                uip_ds6_get_link_local
                0x0000000000019e55                uip_ds6_get_global
                0x0000000000019ed6                uip_ds6_maddr_add
                0x0000000000019f36                uip_ds6_maddr_rm
                0x0000000000019f49                uip_ds6_maddr_lookup
                0x0000000000019f82                uip_ds6_aaddr_add
                0x0000000000019fe2                uip_ds6_aaddr_rm
                0x0000000000019ff5                uip_ds6_aaddr_lookup
                0x000000000001a02e                uip_ds6_select_src
                0x000000000001a177                uip_ds6_set_addr_iid
                0x000000000001a1a2                uip_ds6_set_lladdr_from_iid
                0x000000000001a1cb                get_match_length
                0x000000000001a25c                uip_ds6_compute_reachable_time
 .text          0x000000000001a294      0x9d5 build/cooja/mtype583.a(tcp-socket.o)
                0x000000000001a8df                tcp_socket_register
                0x000000000001a970                tcp_socket_connect
                0x000000000001aa07                tcp_socket_listen
                0x000000000001aa7e                tcp_socket_unlisten
                0x000000000001aaf2                tcp_socket_send
                0x000000000001ab92                tcp_socket_send_str
                0x000000000001abba                tcp_socket_close
                0x000000000001abe3                tcp_socket_unregister
                0x000000000001ac3d                tcp_socket_max_sendlen
                0x000000000001ac5a                tcp_socket_queuelen
 .text          0x000000000001ac69      0x35b build/cooja/mtype583.a(uip-ds6-route.o)
                0x000000000001acba                uip_ds6_route_init
                0x000000000001ace4                uip_ds6_route_nexthop
                0x000000000001acee                uip_ds6_route_head
                0x000000000001acf8                uip_ds6_route_next
                0x000000000001ad02                uip_ds6_route_is_nexthop
                0x000000000001ad0c                uip_ds6_route_num_routes
                0x000000000001ad16                uip_ds6_route_lookup
                0x000000000001ad20                uip_ds6_route_add
                0x000000000001ad33                uip_ds6_route_rm
                0x000000000001ad39                uip_ds6_route_rm_by_nexthop
                0x000000000001ad3f                uip_ds6_defrt_head
                0x000000000001ad58                uip_ds6_defrt_add
                0x000000000001ae06                uip_ds6_defrt_rm
                0x000000000001ae6c                uip_ds6_defrt_lookup
                0x000000000001aed3                uip_ds6_defrt_choose
                0x000000000001af49                uip_ds6_defrt_periodic
 .text          0x000000000001afc4      0x6f7 build/cooja/mtype583.a(tcpip.o)
                0x000000000001afde                tcpip_output
                0x000000000001b05d                udp_attach
                0x000000000001b075                udp_new
                0x000000000001b0bf                udp_broadcast_new
                0x000000000001b231                tcpip_input
                0x000000000001b3c1                tcpip_ipv6_output
                0x000000000001b5b5                tcpip_poll_udp
                0x000000000001b5d3                tcpip_uipcall
 .text          0x000000000001b6bb     0x1205 build/cooja/mtype583.a(uip6.o)
                0x000000000001b76a                uip_chksum
                0x000000000001b841                uip_icmp6chksum
                0x000000000001b856                uip_udpchksum
                0x000000000001b86b                uip_init
                0x000000000001b8b4                uip_remove_ext_hdr
                0x000000000001b98e                uip_udp_new
                0x000000000001bca2                uip_process
                0x000000000001c79a                uip_htons
                0x000000000001c7bc                uip_htonl
                0x000000000001c7fa                uip_send
 .text          0x000000000001c8c0      0x369 build/cooja/mtype583.a(uip-ds6-nbr.o)
                0x000000000001c8c0                uip_ds6_neighbors_init
                0x000000000001c8e4                uip_ds6_nbr_add
                0x000000000001c96a                uip_ds6_nbr_rm
                0x000000000001c9b5                uip_ds6_nbr_update_ll
                0x000000000001caa3                uip_ds6_nbr_get_ipaddr
                0x000000000001cab8                uip_ds6_nbr_get_ll
                0x000000000001cad4                uip_ds6_nbr_num
                0x000000000001cb1d                uip_ds6_nbr_head
                0x000000000001cb36                uip_ds6_nbr_next
                0x000000000001cb52                uip_ds6_nbr_lookup
                0x000000000001cbaa                uip_ds6_nbr_ll_lookup
                0x000000000001cbc6                uip_ds6_nbr_ipaddr_from_lladdr
                0x000000000001cbef                uip_ds6_nbr_lladdr_from_ipaddr
                0x000000000001cc23                uip_ds6_link_callback
 .text          0x000000000001cc29      0x6a7 build/cooja/mtype583.a(uip-nd6.o)
                0x000000000001d2b7                uip_nd6_init
 .text          0x000000000001d2d0     0x2c17 build/cooja/mtype583.a(sicslowpan.o)
                0x000000000001d8d7                netstack_sniffer_add
                0x000000000001d8e5                netstack_sniffer_remove
                0x000000000001febb                sicslowpan_init
                0x000000000001fedd                sicslowpan_get_last_rssi
 .text          0x000000000001fee7      0x4d1 build/cooja/mtype583.a(uiplib.o)
                0x000000000001fee7                uiplib_ip6addrconv
                0x000000000002009f                uiplib_ip4addrconv
                0x0000000000020162                uiplib_ipaddr_print
                0x00000000000201b5                uiplib_ipaddr_snprint
 .text          0x00000000000203b8      0x4c9 build/cooja/mtype583.a(rpl.o)
                0x00000000000203b8                rpl_lollipop_greater_than
                0x0000000000020412                rpl_get_global_address
                0x000000000002050a                rpl_link_callback
                0x000000000002054e                rpl_has_joined
                0x0000000000020573                rpl_is_reachable
                0x00000000000205f4                rpl_reset_prefix
                0x000000000002065e                rpl_set_prefix_from_addr
                0x0000000000020743                rpl_set_prefix
                0x000000000002085d                rpl_set_leaf_only
                0x0000000000020875                rpl_get_leaf_only
 .text          0x0000000000020881     0x138c build/cooja/mtype583.a(rpl-icmp6.o)
                0x00000000000209a6                rpl_icmp6_update_nbr_table
                0x0000000000020a2f                rpl_icmp6_dis_output
                0x0000000000021075                rpl_icmp6_dio_output
                0x0000000000021873                rpl_icmp6_dao_output
                0x0000000000021b54                rpl_icmp6_dao_ack_output
                0x0000000000021bc4                rpl_icmp6_init
 .text          0x0000000000021c0d      0x264 build/cooja/mtype583.a(rpl-dag-root.o)
                0x0000000000021c0d                rpl_dag_root_print_links
                0x0000000000021d39                rpl_dag_root_set_prefix
                0x0000000000021d65                rpl_dag_root_start
                0x0000000000021e42                rpl_dag_root_is_root
 .text          0x0000000000021e71       0x30 build/cooja/mtype583.a(watchdog.o)
                0x0000000000021e71                watchdog_init
                0x0000000000021e77                watchdog_start
                0x0000000000021e7d                watchdog_periodic
                0x0000000000021e95                watchdog_stop
                0x0000000000021e9b                watchdog_reboot
 .text          0x0000000000021ea1       0x4a build/cooja/mtype583.a(int-master.o)
                0x0000000000021ea1                int_master_enable
                0x0000000000021eb1                int_master_read_and_disable
                0x0000000000021ece                int_master_status_set
                0x0000000000021edc                int_master_is_enabled
 .text          0x0000000000021eeb       0xc7 build/cooja/mtype583.a(stimer.o)
                0x0000000000021eeb                stimer_set
                0x0000000000021f09                stimer_reset
                0x0000000000021f36                stimer_restart
                0x0000000000021f4b                stimer_expired
                0x0000000000021f76                stimer_remaining
                0x0000000000021f9a                stimer_elapsed
 .text          0x0000000000021fb2      0x156 build/cooja/mtype583.a(ringbuf.o)
                0x0000000000021fb2                ringbuf_init
                0x0000000000021fe4                ringbuf_put
                0x0000000000022062                ringbuf_get
                0x00000000000220cf                ringbuf_size
                0x00000000000220e1                ringbuf_elements
 .text          0x0000000000022108      0x1b5 build/cooja/mtype583.a(memb.o)
                0x0000000000022108                memb_init
                0x000000000002215d                memb_alloc
                0x00000000000221c0                memb_free
                0x0000000000022237                memb_inmemb
                0x0000000000022276                memb_numfree
 .text          0x00000000000222bd       0x1f build/cooja/mtype583.a(assert.o)
                0x00000000000222bd                _xassert
 .text          0x00000000000222dc      0x79b build/cooja/mtype583.a(nbr-table.o)
                0x0000000000022755                nbr_table_register
                0x00000000000227c2                nbr_table_is_registered
                0x00000000000227fd                nbr_table_head
                0x0000000000022858                nbr_table_next
                0x00000000000228b9                nbr_table_add_lladdr
                0x0000000000022993                nbr_table_get_from_lladdr
                0x00000000000229df                nbr_table_remove
                0x0000000000022a17                nbr_table_lock
                0x0000000000022a31                nbr_table_unlock
                0x0000000000022a4b                nbr_table_get_lladdr
 .text          0x0000000000022a77      0x3a5 build/cooja/mtype583.a(link-stats.o)
                0x0000000000022a77                link_stats_from_lladdr
                0x0000000000022a93                link_stats_get_lladdr
                0x0000000000022aaf                link_stats_is_fresh
                0x0000000000022aeb                guess_etx_from_rssi
                0x0000000000022b67                link_stats_packet_sent
                0x0000000000022c87                link_stats_input_callback
                0x0000000000022d97                link_stats_reset
                0x0000000000022de7                link_stats_init
 .text          0x0000000000022e1c      0x187 build/cooja/mtype583.a(mac-sequence.o)
                0x0000000000022e1c                mac_sequence_is_duplicate
                0x0000000000022ebc                mac_sequence_register_seqno
 .text          0x0000000000022fa3       0x23 build/cooja/mtype583.a(mac.o)
                0x0000000000022fa3                mac_call_sent_callback
 .text          0x0000000000022fc6      0x432 build/cooja/mtype583.a(framer-802154.o)
                0x0000000000023155                framer_802154_setup_params
 .text          0x00000000000233f8      0xb6f build/cooja/mtype583.a(frame802154.o)
                0x0000000000023429                frame802154_get_pan_id
                0x0000000000023435                frame802154_set_pan_id
                0x000000000002344f                frame802154_has_panid
                0x00000000000235fe                frame802154_check_dest_panid
                0x0000000000023686                frame802154_is_broadcast_addr
                0x00000000000236d3                frame802154_extract_linkaddr
                0x0000000000023938                frame802154_hdrlen
                0x00000000000239ab                frame802154_create_fcf
                0x0000000000023a63                frame802154_create
                0x0000000000023bd8                frame802154_parse_fcf
                0x0000000000023cba                frame802154_parse
 .text          0x0000000000023f67       0x2d build/cooja/mtype583.a(csma-security.o)
                0x0000000000023f67                csma_security_create_frame
                0x0000000000023f85                csma_security_parse_frame
 .text          0x0000000000023f94      0x4e4 build/cooja/mtype583.a(uipbuf.o)
                0x0000000000023f94                uipbuf_clear
                0x0000000000023fbb                uipbuf_add_ext_hdr
                0x000000000002403b                uipbuf_set_len
                0x0000000000024068                uipbuf_set_len_field
                0x0000000000024094                uipbuf_get_len_field
                0x00000000000240b4                uipbuf_get_next_header
                0x00000000000241e6                uipbuf_get_last_header
                0x000000000002425f                uipbuf_search_header
                0x0000000000024315                uipbuf_get_attr
                0x000000000002433c                uipbuf_set_attr
                0x0000000000024373                uipbuf_set_default_attr
                0x00000000000243aa                uipbuf_clear_attr
                0x00000000000243ce                uipbuf_set_attr_flag
                0x00000000000243ef                uipbuf_clr_attr_flag
                0x0000000000024416                uipbuf_is_attr_flag
                0x000000000002443a                uipbuf_init
 .text          0x0000000000024478      0x73f build/cooja/mtype583.a(uip-icmp6.o)
                0x00000000000244ed                uip_icmp6_input
                0x0000000000024544                uip_icmp6_register_input_handler
                0x0000000000024697                uip_icmp6_error_output
                0x0000000000024948                uip_icmp6_send
                0x0000000000024b3f                uip_icmp6_echo_reply_callback_add
                0x0000000000024b71                uip_icmp6_echo_reply_callback_rm
                0x0000000000024b8e                uip_icmp6_init
 .text          0x0000000000024bb7      0x69b build/cooja/mtype583.a(uip-sr.o)
                0x0000000000024bb7                uip_sr_num_nodes
                0x0000000000024c45                uip_sr_get_node
                0x0000000000024c9c                uip_sr_is_addr_reachable
                0x0000000000024d4a                uip_sr_expire_parent
                0x0000000000024d93                uip_sr_update_node
                0x0000000000024ec3                uip_sr_init
                0x0000000000024ef7                uip_sr_node_head
                0x0000000000024f10                uip_sr_node_next
                0x0000000000024f26                uip_sr_periodic
                0x000000000002502c                uip_sr_free_all
                0x000000000002509c                uip_sr_link_snprint
 .text          0x0000000000025252      0x146 build/cooja/mtype583.a(uip-packetqueue)
                0x0000000000025280                uip_packetqueue_new
                0x000000000002528f                uip_packetqueue_alloc
                0x00000000000252ea                uip_packetqueue_free
                0x0000000000025331                uip_packetqueue_buf
                0x000000000002534e                uip_packetqueue_buflen
                0x000000000002536f                uip_packetqueue_set_buflen
 .text          0x0000000000025398      0x1b0 build/cooja/mtype583.a(rpl-nbr-policy.)
                0x0000000000025505                rpl_nbr_policy_find_removable
 .text          0x0000000000025548      0x915 build/cooja/mtype583.a(rpl-neighbor.o)
                0x00000000000255c4                rpl_neighbor_snprint
                0x0000000000025877                rpl_neighbor_print_list
                0x000000000002592c                rpl_neighbor_count
                0x00000000000259d3                rpl_neighbor_get_from_lladdr
                0x00000000000259ef                rpl_neighbor_is_acceptable_parent
                0x0000000000025a23                rpl_neighbor_get_link_metric
                0x0000000000025a57                rpl_neighbor_rank_via_nbr
                0x0000000000025a8b                rpl_neighbor_get_lladdr
                0x0000000000025aa7                rpl_neighbor_get_ipaddr
                0x0000000000025ace                rpl_neighbor_get_link_stats
                0x0000000000025af5                rpl_neighbor_is_fresh
                0x0000000000025b1c                rpl_neighbor_is_reachable
                0x0000000000025b67                rpl_neighbor_is_parent
                0x0000000000025b91                rpl_neighbor_set_preferred_parent
                0x0000000000025c28                rpl_neighbor_remove_all
                0x0000000000025c84                rpl_neighbor_get_from_ipaddr
                0x0000000000025d92                rpl_neighbor_select_best
                0x0000000000025e3e                rpl_neighbor_init
 .text          0x0000000000025e5d      0xe69 build/cooja/mtype583.a(rpl-dag.o)
                0x0000000000025e5d                rpl_dag_state_to_str
                0x0000000000025e9c                rpl_dag_get_root_ipaddr
                0x0000000000025ee4                rpl_dag_leave
                0x0000000000025f6d                rpl_dag_poison_and_leave
                0x0000000000025f85                rpl_dag_periodic
                0x000000000002600d                rpl_is_addr_in_our_dag
                0x0000000000026051                rpl_get_default_instance
                0x000000000002606d                rpl_get_any_dag
                0x00000000000260c6                rpl_refresh_routes
                0x0000000000026106                rpl_global_repair
                0x000000000002619f                rpl_local_repair
                0x00000000000261e9                rpl_dag_ready_to_advertise
                0x000000000002622c                rpl_dag_update_state
                0x0000000000026959                rpl_process_dio
                0x00000000000269d7                rpl_process_dis
                0x0000000000026a1c                rpl_process_dao
                0x0000000000026aab                rpl_process_dao_ack
                0x0000000000026b42                rpl_process_hbh
                0x0000000000026b92                rpl_dag_init_root
                0x0000000000026ca6                rpl_dag_init
 .text          0x0000000000026cc6      0x9e7 build/cooja/mtype583.a(rpl-timers.o)
                0x0000000000026cc6                rpl_timers_schedule_periodic_dis
                0x0000000000026e14                rpl_timers_dio_reset
                0x0000000000026f22                rpl_timers_schedule_unicast_dio
                0x0000000000027076                rpl_timers_schedule_dao
                0x0000000000027135                rpl_timers_schedule_dao_ack
                0x00000000000271bb                rpl_timers_notify_dao_ack
                0x0000000000027219                get_probing_delay
                0x000000000002724d                get_probing_target
                0x0000000000027437                rpl_schedule_probing
                0x0000000000027465                rpl_schedule_probing_now
                0x00000000000274cf                rpl_timers_unschedule_leaving
                0x0000000000027507                rpl_timers_schedule_leaving
                0x0000000000027548                rpl_timers_init
                0x00000000000275d8                rpl_timers_stop_dag_timers
                0x0000000000027651                rpl_timers_unschedule_state_update
                0x0000000000027675                rpl_timers_schedule_state_update
 .text          0x00000000000276ad      0xb8e build/cooja/mtype583.a(rpl-ext-header.)
                0x00000000000276ad                rpl_ext_header_srh_get_next_hop
                0x0000000000027794                rpl_ext_header_srh_update
                0x0000000000027d00                rpl_ext_header_hbh_update
                0x0000000000028000                rpl_ext_header_update
                0x0000000000028089                rpl_ext_header_remove
 .text          0x000000000002823b      0x31b build/cooja/mtype583.a(rpl-mrhof.o)
 .text          0x0000000000028556        0x0 /usr/lib/gcc/i686-linux-gnu/5/crtendS.o
 .text          0x0000000000028556        0x0 /usr/lib/gcc/i686-linux-gnu/5/../../../i386-linux-gnu/crtn.o
 *(.gnu.warning)

.fini           0x0000000000028558       0x14
 *(SORT(.fini))
 .fini          0x0000000000028558        0xf /usr/lib/gcc/i686-linux-gnu/5/../../../i386-linux-gnu/crti.o
                0x0000000000028558                _fini
 .fini          0x0000000000028567        0x5 /usr/lib/gcc/i686-linux-gnu/5/../../../i386-linux-gnu/crtn.o
                [!provide]                        PROVIDE (__etext, .)
                [!provide]                        PROVIDE (_etext, .)
                [!provide]                        PROVIDE (etext, .)

.rodata         0x0000000000028580      0xa4b
 *(.rodata .rodata.* .gnu.linkonce.r.*)
 .rodata        0x0000000000028580      0x31c node.o
                0x00000000000285b0                autostart_processes
 .rodata        0x000000000002889c        0x8 build/cooja/mtype583.a(beep.o)
                0x000000000002889c                beep_interface
 .rodata        0x00000000000288a4        0xe build/cooja/mtype583.a(leds-arch.o)
                0x00000000000288a4                leds_interface
                0x00000000000288ac                leds_arch_leds
 *fill*         0x00000000000288b2        0x2 
 .rodata        0x00000000000288b4        0x8 build/cooja/mtype583.a(moteid.o)
                0x00000000000288b4                moteid_interface
 .rodata        0x00000000000288bc       0x1c build/cooja/mtype583.a(pir-sensor.o)
                0x00000000000288bc                pir_interface
                0x00000000000288c8                pir_sensor
 .rodata        0x00000000000288d8        0xe build/cooja/mtype583.a(rs232.o)
                0x00000000000288d8                rs232_interface
 *fill*         0x00000000000288e6        0x2 
 .rodata        0x00000000000288e8       0x24 build/cooja/mtype583.a(vib-sensor.o)
                0x00000000000288e8                vib_interface
                0x00000000000288fc                vib_sensor
 .rodata        0x000000000002890c        0x8 build/cooja/mtype583.a(clock.o)
                0x000000000002890c                clock_interface
 .rodata        0x0000000000028914        0x8 build/cooja/mtype583.a(cooja-log.o)
                0x0000000000028914                simlog_interface
 .rodata        0x000000000002891c       0x2f build/cooja/mtype583.a(cfs-cooja.o)
                0x000000000002891c                cfs_interface
 *fill*         0x000000000002894b       0x15 
 .rodata        0x0000000000028960       0xb8 build/cooja/mtype583.a(cooja-radio.o)
                0x0000000000028960                radio_interface
                0x00000000000289e0                cooja_radio_driver
 .rodata        0x0000000000028a18        0x8 build/cooja/mtype583.a(eeprom.o)
                0x0000000000028a18                eeprom_interface
 .rodata        0x0000000000028a20        0x8 build/cooja/mtype583.a(sensors.o)
 .rodata        0x0000000000028a28       0x2c build/cooja/mtype583.a(buttons.o)
                0x0000000000028a28                button_interface
                0x0000000000028a3c                button_hal_button_count
                0x0000000000028a44                button_sensor
 .rodata        0x0000000000028a54       0x14 build/cooja/mtype583.a(mqtt.o)
 .rodata        0x0000000000028a68       0xf8 build/cooja/mtype583.a(contiki-main.o)
 .rodata        0x0000000000028b60        0xf build/cooja/mtype583.a(ctimer.o)
 *fill*         0x0000000000028b6f        0x1 
 .rodata        0x0000000000028b70       0xc4 build/cooja/mtype583.a(log.o)
 .rodata        0x0000000000028c34        0xc build/cooja/mtype583.a(etimer.o)
 .rodata        0x0000000000028c40       0x13 build/cooja/mtype583.a(button-hal.o)
 .rodata        0x0000000000028c53        0xe build/cooja/mtype583.a(serial-line.o)
 *fill*         0x0000000000028c61        0x3 
 .rodata        0x0000000000028c64        0x8 build/cooja/mtype583.a(linkaddr.o)
                0x0000000000028c64                linkaddr_null
 .rodata        0x0000000000028c6c       0x24 build/cooja/mtype583.a(csma.o)
                0x0000000000028c74                csma_driver
 .rodata        0x0000000000028c90       0x2a build/cooja/mtype583.a(csma-output.o)
 .rodata        0x0000000000028cba       0x13 build/cooja/mtype583.a(tcp-socket.o)
 *fill*         0x0000000000028ccd        0x3 
 .rodata        0x0000000000028cd0       0x4d build/cooja/mtype583.a(uip-ds6-route.o)
 .rodata        0x0000000000028d1d        0xd build/cooja/mtype583.a(tcpip.o)
 *fill*         0x0000000000028d2a        0x2 
 .rodata        0x0000000000028d2c       0x30 build/cooja/mtype583.a(sicslowpan.o)
                0x0000000000028d2c                unc_llconf
                0x0000000000028d30                unc_ctxconf
                0x0000000000028d34                unc_mxconf
                0x0000000000028d38                llprefix
                0x0000000000028d4c                sicslowpan_driver
 .rodata        0x0000000000028d5c       0x2d build/cooja/mtype583.a(uiplib.o)
 *fill*         0x0000000000028d89       0x17 
 .rodata        0x0000000000028da0       0x74 build/cooja/mtype583.a(rpl.o)
                0x0000000000028dc0                rpl_lite_driver
 .rodata        0x0000000000028e14       0x25 build/cooja/mtype583.a(assert.o)
 *fill*         0x0000000000028e39        0x3 
 .rodata        0x0000000000028e3c        0xc build/cooja/mtype583.a(framer-802154.o)
                0x0000000000028e3c                framer_802154
 .rodata        0x0000000000028e48       0x44 build/cooja/mtype583.a(uip-sr.o)
 .rodata        0x0000000000028e8c       0x58 build/cooja/mtype583.a(rpl-neighbor.o)
 .rodata        0x0000000000028ee4       0xdb build/cooja/mtype583.a(rpl-dag.o)
 .rodata        0x0000000000028fbf        0xc build/cooja/mtype583.a(rpl-timers.o)

.rodata1
 *(.rodata1)

.eh_frame_hdr   0x0000000000028fcc     0x17a4
 *(.eh_frame_hdr)
 .eh_frame_hdr  0x0000000000028fcc     0x17a4 node.o
                0x0000000000028fcc                __GNU_EH_FRAME_HDR
 *(.eh_frame_entry .eh_frame_entry.*)

.eh_frame       0x000000000002a770     0x5f88
 *(.eh_frame)
 .eh_frame      0x000000000002a770       0x3c /usr/lib/gcc/i686-linux-gnu/5/../../../i386-linux-gnu/crti.o
                                         0x40 (size before relaxing)
 .eh_frame      0x000000000002a7ac      0x118 node.o
                                        0x130 (size before relaxing)
 .eh_frame      0x000000000002a8c4      0x178 build/cooja/mtype583.o
                                        0x190 (size before relaxing)
 .eh_frame      0x000000000002aa3c       0x40 build/cooja/mtype583.a(simEnvChange.o)
                                         0x58 (size before relaxing)
 .eh_frame      0x000000000002aa7c       0x60 build/cooja/mtype583.a(cooja_mt.o)
                                         0x78 (size before relaxing)
 .eh_frame      0x000000000002aadc       0x80 build/cooja/mtype583.a(cooja_mtarch.o)
                                         0x98 (size before relaxing)
 .eh_frame      0x000000000002ab5c       0xc8 build/cooja/mtype583.a(rtimer-arch.o)
                                         0xe0 (size before relaxing)
 .eh_frame      0x000000000002ac24      0x160 build/cooja/mtype583.a(beep.o)
                                        0x178 (size before relaxing)
 .eh_frame      0x000000000002ad84       0x80 build/cooja/mtype583.a(leds-arch.o)
                                         0x98 (size before relaxing)
 .eh_frame      0x000000000002ae04       0x40 build/cooja/mtype583.a(moteid.o)
                                         0x58 (size before relaxing)
 .eh_frame      0x000000000002ae44       0xa0 build/cooja/mtype583.a(pir-sensor.o)
                                         0xb8 (size before relaxing)
 .eh_frame      0x000000000002aee4      0x100 build/cooja/mtype583.a(rs232.o)
                                        0x118 (size before relaxing)
 .eh_frame      0x000000000002afe4       0xa0 build/cooja/mtype583.a(vib-sensor.o)
                                         0xb8 (size before relaxing)
 .eh_frame      0x000000000002b084       0xc0 build/cooja/mtype583.a(clock.o)
                                         0xd8 (size before relaxing)
 .eh_frame      0x000000000002b144      0x120 build/cooja/mtype583.a(cooja-log.o)
                                        0x138 (size before relaxing)
 .eh_frame      0x000000000002b264      0x160 build/cooja/mtype583.a(cfs-cooja.o)
                                        0x178 (size before relaxing)
 .eh_frame      0x000000000002b3c4      0x340 build/cooja/mtype583.a(cooja-radio.o)
                                        0x358 (size before relaxing)
 .eh_frame      0x000000000002b704       0xa0 build/cooja/mtype583.a(eeprom.o)
                                         0xb8 (size before relaxing)
 .eh_frame      0x000000000002b7a4       0x40 build/cooja/mtype583.a(random.o)
                                         0x58 (size before relaxing)
 .eh_frame      0x000000000002b7e4       0xc0 build/cooja/mtype583.a(sensors.o)
                                         0xd8 (size before relaxing)
 .eh_frame      0x000000000002b8a4      0x120 build/cooja/mtype583.a(leds.o)
                                        0x138 (size before relaxing)
 .eh_frame      0x000000000002b9c4      0x220 build/cooja/mtype583.a(gpio-hal-arch.o)
                                        0x238 (size before relaxing)
 .eh_frame      0x000000000002bbe4       0xa0 build/cooja/mtype583.a(buttons.o)
                                         0xb8 (size before relaxing)
 .eh_frame      0x000000000002bc84      0x4a8 build/cooja/mtype583.a(mqtt.o)
                                        0x4c0 (size before relaxing)
 .eh_frame      0x000000000002c12c       0x30 build/cooja/mtype583.a(contiki-main.o)
                                         0x48 (size before relaxing)
 .eh_frame      0x000000000002c15c       0x40 build/cooja/mtype583.a(autostart.o)
                                         0x58 (size before relaxing)
 .eh_frame      0x000000000002c19c      0x100 build/cooja/mtype583.a(ctimer.o)
                                        0x118 (size before relaxing)
 .eh_frame      0x000000000002c29c      0x100 build/cooja/mtype583.a(log.o)
                                        0x118 (size before relaxing)
 .eh_frame      0x000000000002c39c       0x60 build/cooja/mtype583.a(energest.o)
                                         0x78 (size before relaxing)
 .eh_frame      0x000000000002c3fc      0x1e0 build/cooja/mtype583.a(etimer.o)
                                        0x1f8 (size before relaxing)
 .eh_frame      0x000000000002c5dc       0x20 build/cooja/mtype583.a(node-id.o)
                                         0x38 (size before relaxing)
 .eh_frame      0x000000000002c5fc       0x60 build/cooja/mtype583.a(rtimer.o)
                                         0x78 (size before relaxing)
 .eh_frame      0x000000000002c65c      0x1c4 build/cooja/mtype583.a(process.o)
                                        0x1dc (size before relaxing)
 .eh_frame      0x000000000002c820       0xa4 build/cooja/mtype583.a(timer.o)
                                         0xbc (size before relaxing)
 .eh_frame      0x000000000002c8c4      0x1a0 build/cooja/mtype583.a(list.o)
                                        0x1b8 (size before relaxing)
 .eh_frame      0x000000000002ca64      0x144 build/cooja/mtype583.a(button-hal.o)
                                        0x15c (size before relaxing)
 .eh_frame      0x000000000002cba8       0x60 build/cooja/mtype583.a(serial-line.o)
                                         0x78 (size before relaxing)
 .eh_frame      0x000000000002cc08       0xe0 build/cooja/mtype583.a(gpio-hal.o)
                                         0xf8 (size before relaxing)
 .eh_frame      0x000000000002cce8      0x1a0 build/cooja/mtype583.a(queuebuf.o)
                                        0x1b8 (size before relaxing)
 .eh_frame      0x000000000002ce88      0x28c build/cooja/mtype583.a(packetbuf.o)
                                        0x2a4 (size before relaxing)
 .eh_frame      0x000000000002d114       0x80 build/cooja/mtype583.a(netstack.o)
                                         0x98 (size before relaxing)
 .eh_frame      0x000000000002d194       0x60 build/cooja/mtype583.a(linkaddr.o)
                                         0x78 (size before relaxing)
 .eh_frame      0x000000000002d1f4       0xe0 build/cooja/mtype583.a(csma.o)
                                         0xf8 (size before relaxing)
 .eh_frame      0x000000000002d2d4      0x1d0 build/cooja/mtype583.a(csma-output.o)
                                        0x1e8 (size before relaxing)
 .eh_frame      0x000000000002d4a4      0x328 build/cooja/mtype583.a(uip-ds6.o)
                                        0x340 (size before relaxing)
 .eh_frame      0x000000000002d7cc      0x248 build/cooja/mtype583.a(tcp-socket.o)
                                        0x260 (size before relaxing)
 .eh_frame      0x000000000002da14      0x220 build/cooja/mtype583.a(uip-ds6-route.o)
                                        0x238 (size before relaxing)
 .eh_frame      0x000000000002dc34      0x244 build/cooja/mtype583.a(tcpip.o)
                                        0x25c (size before relaxing)
 .eh_frame      0x000000000002de78      0x1e8 build/cooja/mtype583.a(uip6.o)
                                        0x200 (size before relaxing)
 .eh_frame      0x000000000002e060      0x1c0 build/cooja/mtype583.a(uip-ds6-nbr.o)
                                        0x1d8 (size before relaxing)
 .eh_frame      0x000000000002e220       0x84 build/cooja/mtype583.a(uip-nd6.o)
                                         0x9c (size before relaxing)
 .eh_frame      0x000000000002e2a4      0x2f8 build/cooja/mtype583.a(sicslowpan.o)
                                        0x310 (size before relaxing)
 .eh_frame      0x000000000002e59c       0x88 build/cooja/mtype583.a(uiplib.o)
                                         0xa0 (size before relaxing)
 .eh_frame      0x000000000002e624      0x1e0 build/cooja/mtype583.a(rpl.o)
                                        0x1f8 (size before relaxing)
 .eh_frame      0x000000000002e804      0x1c4 build/cooja/mtype583.a(rpl-icmp6.o)
                                        0x1dc (size before relaxing)
 .eh_frame      0x000000000002e9c8       0xa0 build/cooja/mtype583.a(rpl-dag-root.o)
                                         0xb8 (size before relaxing)
 .eh_frame      0x000000000002ea68       0xa0 build/cooja/mtype583.a(watchdog.o)
                                         0xb8 (size before relaxing)
 .eh_frame      0x000000000002eb08       0x80 build/cooja/mtype583.a(int-master.o)
                                         0x98 (size before relaxing)
 .eh_frame      0x000000000002eb88       0xc4 build/cooja/mtype583.a(stimer.o)
                                         0xdc (size before relaxing)
 .eh_frame      0x000000000002ec4c       0xa0 build/cooja/mtype583.a(ringbuf.o)
                                         0xb8 (size before relaxing)
 .eh_frame      0x000000000002ecec       0xa0 build/cooja/mtype583.a(memb.o)
                                         0xb8 (size before relaxing)
 .eh_frame      0x000000000002ed8c       0x20 build/cooja/mtype583.a(assert.o)
                                         0x38 (size before relaxing)
 .eh_frame      0x000000000002edac      0x2ac build/cooja/mtype583.a(nbr-table.o)
                                        0x2c4 (size before relaxing)
 .eh_frame      0x000000000002f058      0x120 build/cooja/mtype583.a(link-stats.o)
                                        0x138 (size before relaxing)
 .eh_frame      0x000000000002f178       0x48 build/cooja/mtype583.a(mac-sequence.o)
                                         0x60 (size before relaxing)
 .eh_frame      0x000000000002f1c0       0x20 build/cooja/mtype583.a(mac.o)
                                         0x38 (size before relaxing)
 .eh_frame      0x000000000002f1e0       0xa4 build/cooja/mtype583.a(framer-802154.o)
                                         0xbc (size before relaxing)
 .eh_frame      0x000000000002f284      0x1a4 build/cooja/mtype583.a(frame802154.o)
                                        0x1bc (size before relaxing)
 .eh_frame      0x000000000002f428       0x40 build/cooja/mtype583.a(csma-security.o)
                                         0x58 (size before relaxing)
 .eh_frame      0x000000000002f468      0x200 build/cooja/mtype583.a(uipbuf.o)
                                        0x218 (size before relaxing)
 .eh_frame      0x000000000002f668      0x150 build/cooja/mtype583.a(uip-icmp6.o)
                                        0x168 (size before relaxing)
 .eh_frame      0x000000000002f7b8      0x184 build/cooja/mtype583.a(uip-sr.o)
                                        0x19c (size before relaxing)
 .eh_frame      0x000000000002f93c       0xe0 build/cooja/mtype583.a(uip-packetqueue)
                                         0xf8 (size before relaxing)
 .eh_frame      0x000000000002fa1c       0x80 build/cooja/mtype583.a(rpl-nbr-policy.)
                                         0x98 (size before relaxing)
 .eh_frame      0x000000000002fa9c      0x2d4 build/cooja/mtype583.a(rpl-neighbor.o)
                                        0x2ec (size before relaxing)
 .eh_frame      0x000000000002fd70      0x370 build/cooja/mtype583.a(rpl-dag.o)
                                        0x388 (size before relaxing)
 .eh_frame      0x00000000000300e0      0x3a8 build/cooja/mtype583.a(rpl-timers.o)
                                        0x3c0 (size before relaxing)
 .eh_frame      0x0000000000030488      0x124 build/cooja/mtype583.a(rpl-ext-header.)
                                        0x13c (size before relaxing)
 .eh_frame      0x00000000000305ac      0x148 build/cooja/mtype583.a(rpl-mrhof.o)
                                        0x160 (size before relaxing)
 .eh_frame      0x00000000000306f4        0x4 /usr/lib/gcc/i686-linux-gnu/5/crtendS.o
 *(.eh_frame.*)

.gcc_except_table
 *(.gcc_except_table .gcc_except_table.*)

.gnu_extab
 *(.gnu_extab*)

.exception_ranges
 *(.exception_ranges .exception_ranges*)
                0x0000000000031f10                . = DATA_SEGMENT_ALIGN (0x1000, 0x1000)

.eh_frame
 *(.eh_frame)
 *(.eh_frame.*)

.gnu_extab
 *(.gnu_extab)

.gcc_except_table
 *(.gcc_except_table .gcc_except_table.*)

.exception_ranges
 *(.exception_ranges .exception_ranges*)

.tdata
 *(.tdata .tdata.* .gnu.linkonce.td.*)

.tbss
 *(.tbss .tbss.* .gnu.linkonce.tb.*)
 *(.tcommon)

.preinit_array
 *(.preinit_array)

.init_array     0x0000000000031f10        0x4
 *(SORT(.init_array.*) SORT(.ctors.*))
 *(.init_array EXCLUDE_FILE(*crtend?.o *crtend.o *crtbegin?.o *crtbegin.o) .ctors)
 .init_array    0x0000000000031f10        0x4 /usr/lib/gcc/i686-linux-gnu/5/crtbeginS.o

.fini_array     0x0000000000031f14        0x4
 *(SORT(.fini_array.*) SORT(.dtors.*))
 *(.fini_array EXCLUDE_FILE(*crtend?.o *crtend.o *crtbegin?.o *crtbegin.o) .dtors)
 .fini_array    0x0000000000031f14        0x4 /usr/lib/gcc/i686-linux-gnu/5/crtbeginS.o

.ctors
 *crtbegin.o(.ctors)
 *crtbegin?.o(.ctors)
 *(EXCLUDE_FILE(*crtend?.o *crtend.o) .ctors)
 *(SORT(.ctors.*))
 *(.ctors)

.dtors
 *crtbegin.o(.dtors)
 *crtbegin?.o(.dtors)
 *(EXCLUDE_FILE(*crtend?.o *crtend.o) .dtors)
 *(SORT(.dtors.*))
 *(.dtors)

.jcr            0x0000000000031f18        0x4
 *(.jcr)
 .jcr           0x0000000000031f18        0x0 /usr/lib/gcc/i686-linux-gnu/5/crtbeginS.o
 .jcr           0x0000000000031f18        0x4 /usr/lib/gcc/i686-linux-gnu/5/crtendS.o

.data.rel.ro
 *(.data.rel.ro.local* .gnu.linkonce.d.rel.ro.local.*)
 *(.data.rel.ro .data.rel.ro.* .gnu.linkonce.d.rel.ro.*)

.dynamic        0x0000000000031f1c       0xd0
 *(.dynamic)
 .dynamic       0x0000000000031f1c       0xd0 /usr/lib/gcc/i686-linux-gnu/5/../../../i386-linux-gnu/crti.o
                0x0000000000031f1c                _DYNAMIC

.got            0x0000000000031fec       0x14
 *(.got)
 .got           0x0000000000031fec       0x14 /usr/lib/gcc/i686-linux-gnu/5/../../../i386-linux-gnu/crti.o
 *(.igot)
                0x0000000000032ff4                . = DATA_SEGMENT_RELRO_END (., (SIZEOF (.got.plt) >= 0xc)?0xc:0x0)

.got.plt        0x0000000000032000        0xc
 *(.got.plt)
 .got.plt       0x0000000000032000        0xc /usr/lib/gcc/i686-linux-gnu/5/../../../i386-linux-gnu/crti.o
                0x0000000000032000                _GLOBAL_OFFSET_TABLE_
 *(.igot.plt)

.data           0x0000000000032020      0x3a4
 *(.data .data.* .gnu.linkonce.d.*)
 .data          0x0000000000032020        0x0 /usr/lib/gcc/i686-linux-gnu/5/../../../i386-linux-gnu/crti.o
 .data          0x0000000000032020        0x0 /usr/lib/gcc/i686-linux-gnu/5/crtbeginS.o
 .data.rel.local
                0x0000000000032020        0x4 /usr/lib/gcc/i686-linux-gnu/5/crtbeginS.o
                0x0000000000032020                __dso_handle
 .data          0x0000000000032024       0x1c node.o
                0x0000000000032028                mqtt_client_process
                0x0000000000032038                current_temperature
                0x000000000003203c                door_state
 .data          0x0000000000032040       0x44 build/cooja/mtype583.o
                0x0000000000032040                simInterfaces
                0x0000000000032074                sensors
 .data          0x0000000000032084        0x0 build/cooja/mtype583.a(simEnvChange.o)
 .data          0x0000000000032084        0x0 build/cooja/mtype583.a(cooja_mt.o)
 .data          0x0000000000032084        0x0 build/cooja/mtype583.a(cooja_mtarch.o)
 .data          0x0000000000032084        0x0 build/cooja/mtype583.a(rtimer-arch.o)
 .data          0x0000000000032084        0x0 build/cooja/mtype583.a(beep.o)
 .data          0x0000000000032084        0x0 build/cooja/mtype583.a(leds-arch.o)
 .data          0x0000000000032084        0x0 build/cooja/mtype583.a(moteid.o)
 .data          0x0000000000032084        0x0 build/cooja/mtype583.a(pir-sensor.o)
 .data          0x0000000000032084        0x0 build/cooja/mtype583.a(rs232.o)
 .data          0x0000000000032084        0x0 build/cooja/mtype583.a(vib-sensor.o)
 .data          0x0000000000032084        0x0 build/cooja/mtype583.a(clock.o)
 .data          0x0000000000032084        0x0 build/cooja/mtype583.a(cooja-log.o)
 .data          0x0000000000032084        0x0 build/cooja/mtype583.a(cfs-cooja.o)
 .data          0x0000000000032084       0x2c build/cooja/mtype583.a(cooja-radio.o)
                0x0000000000032084                simRadioHWOn
                0x0000000000032088                simSignalStrength
                0x000000000003208c                simLastSignalStrength
                0x0000000000032090                simPower
                0x0000000000032094                simRadioChannel
                0x0000000000032098                simLQI
                0x00000000000320a0                cooja_radio_process
 .data          0x00000000000320b0        0x0 build/cooja/mtype583.a(eeprom.o)
 .data          0x00000000000320b0        0x0 build/cooja/mtype583.a(random.o)
 .data          0x00000000000320b0       0x10 build/cooja/mtype583.a(sensors.o)
                0x00000000000320b0                sensors_process
 .data          0x00000000000320c0        0x0 build/cooja/mtype583.a(leds.o)
 .data          0x00000000000320c0        0x0 build/cooja/mtype583.a(gpio-hal-arch.o)
 .data          0x00000000000320c0       0x78 build/cooja/mtype583.a(buttons.o)
                0x00000000000320c0                simButtonIsActive
                0x0000000000032130                button_hal_buttons
 .data          0x0000000000032138       0x14 build/cooja/mtype583.a(mqtt.o)
                0x000000000003213c                mqtt_process
 .data          0x000000000003214c        0x0 build/cooja/mtype583.a(contiki-main.o)
 .data          0x000000000003214c        0x0 build/cooja/mtype583.a(autostart.o)
 .data          0x000000000003214c       0x14 build/cooja/mtype583.a(ctimer.o)
                0x0000000000032150                ctimer_process
 .data          0x0000000000032160       0xbc build/cooja/mtype583.a(log.o)
                0x0000000000032160                curr_log_level_main
                0x0000000000032180                all_modules
 .data          0x000000000003221c        0x0 build/cooja/mtype583.a(energest.o)
 .data          0x000000000003221c       0x10 build/cooja/mtype583.a(etimer.o)
                0x000000000003221c                etimer_process
 .data          0x000000000003222c        0x0 build/cooja/mtype583.a(node-id.o)
 .data          0x000000000003222c        0x0 build/cooja/mtype583.a(rtimer.o)
 .data          0x000000000003222c        0x0 build/cooja/mtype583.a(process.o)
 .data          0x000000000003222c        0x0 build/cooja/mtype583.a(timer.o)
 .data          0x000000000003222c        0x0 build/cooja/mtype583.a(list.o)
 .data          0x000000000003222c       0x10 build/cooja/mtype583.a(button-hal.o)
                0x000000000003222c                button_hal_process
 .data          0x000000000003223c       0x10 build/cooja/mtype583.a(serial-line.o)
                0x000000000003223c                serial_line_process
 .data          0x000000000003224c        0x4 build/cooja/mtype583.a(gpio-hal.o)
 .data          0x0000000000032250       0x18 build/cooja/mtype583.a(queuebuf.o)
 .data          0x0000000000032268        0x4 build/cooja/mtype583.a(packetbuf.o)
 .data          0x000000000003226c        0x4 build/cooja/mtype583.a(netstack.o)
 .data          0x0000000000032270        0x0 build/cooja/mtype583.a(linkaddr.o)
 .data          0x0000000000032270        0x0 build/cooja/mtype583.a(csma.o)
 .data          0x0000000000032270       0x28 build/cooja/mtype583.a(csma-output.o)
 .data          0x0000000000032298        0x0 build/cooja/mtype583.a(uip-ds6.o)
 .data          0x0000000000032298       0x14 build/cooja/mtype583.a(tcp-socket.o)
                0x000000000003229c                tcp_socket_process
 .data          0x00000000000322ac       0x10 build/cooja/mtype583.a(uip-ds6-route.o)
 .data          0x00000000000322bc       0x10 build/cooja/mtype583.a(tcpip.o)
                0x00000000000322bc                tcpip_process
 .data          0x00000000000322cc        0x0 build/cooja/mtype583.a(uip6.o)
 .data          0x00000000000322cc       0x14 build/cooja/mtype583.a(uip-ds6-nbr.o)
 .data          0x00000000000322e0        0xc build/cooja/mtype583.a(uip-nd6.o)
 .data          0x00000000000322ec        0x0 build/cooja/mtype583.a(sicslowpan.o)
 .data          0x00000000000322ec        0x0 build/cooja/mtype583.a(uiplib.o)
 .data          0x00000000000322ec        0x0 build/cooja/mtype583.a(rpl.o)
 .data          0x00000000000322ec       0x30 build/cooja/mtype583.a(rpl-icmp6.o)
 .data          0x000000000003231c        0x0 build/cooja/mtype583.a(rpl-dag-root.o)
 .data          0x000000000003231c        0x0 build/cooja/mtype583.a(watchdog.o)
 .data          0x000000000003231c        0x0 build/cooja/mtype583.a(int-master.o)
 .data          0x000000000003231c        0x0 build/cooja/mtype583.a(stimer.o)
 .data          0x000000000003231c        0x0 build/cooja/mtype583.a(ringbuf.o)
 .data          0x000000000003231c        0x0 build/cooja/mtype583.a(memb.o)
 .data          0x000000000003231c        0x0 build/cooja/mtype583.a(assert.o)
 .data          0x000000000003231c       0x10 build/cooja/mtype583.a(nbr-table.o)
 .data          0x000000000003232c       0x14 build/cooja/mtype583.a(link-stats.o)
 .data          0x0000000000032340        0x0 build/cooja/mtype583.a(mac-sequence.o)
 .data          0x0000000000032340        0x0 build/cooja/mtype583.a(mac.o)
 .data          0x0000000000032340        0x0 build/cooja/mtype583.a(framer-802154.o)
 .data          0x0000000000032340        0x2 build/cooja/mtype583.a(frame802154.o)
 .data          0x0000000000032342        0x0 build/cooja/mtype583.a(csma-security.o)
 .data          0x0000000000032342        0x0 build/cooja/mtype583.a(uipbuf.o)
 *fill*         0x0000000000032342        0x2 
 .data          0x0000000000032344       0x20 build/cooja/mtype583.a(uip-icmp6.o)
 .data          0x0000000000032364       0x10 build/cooja/mtype583.a(uip-sr.o)
 .data          0x0000000000032374        0xc build/cooja/mtype583.a(uip-packetqueue)
 .data          0x0000000000032380        0x0 build/cooja/mtype583.a(rpl-nbr-policy.)
 .data          0x0000000000032380       0x14 build/cooja/mtype583.a(rpl-neighbor.o)
                0x0000000000032390                rpl_neighbors
 .data          0x0000000000032394        0x0 build/cooja/mtype583.a(rpl-dag.o)
 .data          0x0000000000032394        0x0 build/cooja/mtype583.a(rpl-timers.o)
 .data          0x0000000000032394        0x0 build/cooja/mtype583.a(rpl-ext-header.)
 *fill*         0x0000000000032394        0xc 
 .data          0x00000000000323a0       0x24 build/cooja/mtype583.a(rpl-mrhof.o)
                0x00000000000323a0                rpl_mrhof
 .data          0x00000000000323c4        0x0 /usr/lib/gcc/i686-linux-gnu/5/crtendS.o
 .data          0x00000000000323c4        0x0 /usr/lib/gcc/i686-linux-gnu/5/../../../i386-linux-gnu/crtn.o

.tm_clone_table
                0x00000000000323c4        0x0
 .tm_clone_table
                0x00000000000323c4        0x0 /usr/lib/gcc/i686-linux-gnu/5/crtbeginS.o
 .tm_clone_table
                0x00000000000323c4        0x0 /usr/lib/gcc/i686-linux-gnu/5/crtendS.o

.data1
 *(.data1)
                0x00000000000323c4                _edata = .
                [!provide]                        PROVIDE (edata, .)
                0x00000000000323c4                . = .
                0x00000000000323c4                __bss_start = .

.bss            0x00000000000323e0    0x14284
 *(.dynbss)
 .dynbss        0x00000000000323e0        0x0 /usr/lib/gcc/i686-linux-gnu/5/../../../i386-linux-gnu/crti.o
 *(.bss .bss.* .gnu.linkonce.b.*)
 .bss           0x00000000000323e0        0x0 /usr/lib/gcc/i686-linux-gnu/5/../../../i386-linux-gnu/crti.o
 .bss           0x00000000000323e0        0x1 /usr/lib/gcc/i686-linux-gnu/5/crtbeginS.o
 *fill*         0x00000000000323e1       0x1f 
 .bss           0x0000000000032400      0xa68 node.o
 *fill*         0x0000000000032e68       0x18 
 .bss           0x0000000000032e80     0x2030 build/cooja/mtype583.o
 .bss           0x0000000000034eb0        0x1 build/cooja/mtype583.a(simEnvChange.o)
                0x0000000000034eb0                simDontFallAsleep
 *fill*         0x0000000000034eb1        0x3 
 .bss           0x0000000000034eb4        0x4 build/cooja/mtype583.a(cooja_mt.o)
 .bss           0x0000000000034eb8        0x4 build/cooja/mtype583.a(cooja_mtarch.o)
 .bss           0x0000000000034ebc        0x0 build/cooja/mtype583.a(rtimer-arch.o)
 .bss           0x0000000000034ebc        0x0 build/cooja/mtype583.a(beep.o)
 .bss           0x0000000000034ebc        0x1 build/cooja/mtype583.a(leds-arch.o)
                0x0000000000034ebc                simLedsValue
 .bss           0x0000000000034ebd        0x0 build/cooja/mtype583.a(moteid.o)
 .bss           0x0000000000034ebd        0x1 build/cooja/mtype583.a(pir-sensor.o)
                0x0000000000034ebd                simPirValue
 *fill*         0x0000000000034ebe        0x2 
 .bss           0x0000000000034ec0        0x4 build/cooja/mtype583.a(rs232.o)
 .bss           0x0000000000034ec4        0x1 build/cooja/mtype583.a(vib-sensor.o)
                0x0000000000034ec4                simVibValue
 .bss           0x0000000000034ec5        0x0 build/cooja/mtype583.a(clock.o)
 *fill*         0x0000000000034ec5       0x1b 
 .bss           0x0000000000034ee0     0x2020 build/cooja/mtype583.a(cooja-log.o)
 .bss           0x0000000000036f00      0xfc0 build/cooja/mtype583.a(cfs-cooja.o)
                0x0000000000036f00                simCFSData
                0x0000000000037ea0                simCFSSize
                0x0000000000037ea4                simCFSChanged
                0x0000000000037ea8                simCFSRead
                0x0000000000037eac                simCFSWritten
 .bss           0x0000000000037ec0       0x24 build/cooja/mtype583.a(cooja-radio.o)
                0x0000000000037ec0                simReceiving
                0x0000000000037ec4                simInSize
                0x0000000000037ec8                simLastPacketTimestamp
                0x0000000000037ed0                simOutSize
 .bss           0x0000000000037ee4        0xc build/cooja/mtype583.a(eeprom.o)
                0x0000000000037ee4                simEEPROMChanged
                0x0000000000037ee8                simEEPROMRead
                0x0000000000037eec                simEEPROMWritten
 .bss           0x0000000000037ef0        0x0 build/cooja/mtype583.a(random.o)
 .bss           0x0000000000037ef0        0xc build/cooja/mtype583.a(sensors.o)
 .bss           0x0000000000037efc        0x0 build/cooja/mtype583.a(leds.o)
 .bss           0x0000000000037efc       0x24 build/cooja/mtype583.a(gpio-hal-arch.o)
 .bss           0x0000000000037f20        0x0 build/cooja/mtype583.a(buttons.o)
 .bss           0x0000000000037f20       0x15 build/cooja/mtype583.a(mqtt.o)
 .bss           0x0000000000037f35        0x0 build/cooja/mtype583.a(contiki-main.o)
 .bss           0x0000000000037f35        0x0 build/cooja/mtype583.a(autostart.o)
 *fill*         0x0000000000037f35        0x3 
 .bss           0x0000000000037f38        0x5 build/cooja/mtype583.a(ctimer.o)
 *fill*         0x0000000000037f3d        0x3 
 .bss           0x0000000000037f40       0x2c build/cooja/mtype583.a(log.o)
                0x0000000000037f40                curr_log_level_rpl
                0x0000000000037f44                curr_log_level_tcpip
                0x0000000000037f48                curr_log_level_ipv6
                0x0000000000037f4c                curr_log_level_6lowpan
                0x0000000000037f50                curr_log_level_nullnet
                0x0000000000037f54                curr_log_level_mac
                0x0000000000037f58                curr_log_level_framer
                0x0000000000037f5c                curr_log_level_6top
                0x0000000000037f60                curr_log_level_coap
                0x0000000000037f64                curr_log_level_snmp
                0x0000000000037f68                curr_log_level_lwm2m
 .bss           0x0000000000037f6c        0x0 build/cooja/mtype583.a(energest.o)
 .bss           0x0000000000037f6c        0x8 build/cooja/mtype583.a(etimer.o)
 .bss           0x0000000000037f74        0x2 build/cooja/mtype583.a(node-id.o)
                0x0000000000037f74                node_id
 *fill*         0x0000000000037f76        0x2 
 .bss           0x0000000000037f78        0x4 build/cooja/mtype583.a(rtimer.o)
 *fill*         0x0000000000037f7c        0x4 
 .bss           0x0000000000037f80      0x1a1 build/cooja/mtype583.a(process.o)
                0x0000000000037f80                process_list
                0x0000000000037f84                process_current
 .bss           0x0000000000038121        0x0 build/cooja/mtype583.a(timer.o)
 .bss           0x0000000000038121        0x0 build/cooja/mtype583.a(list.o)
 *fill*         0x0000000000038121        0x3 
 .bss           0x0000000000038124       0x10 build/cooja/mtype583.a(button-hal.o)
 *fill*         0x0000000000038134        0xc 
 .bss           0x0000000000038140      0x140 build/cooja/mtype583.a(serial-line.o)
 .bss           0x0000000000038280        0x4 build/cooja/mtype583.a(gpio-hal.o)
 *fill*         0x0000000000038284       0x1c 
 .bss           0x00000000000382a0     0x2c80 build/cooja/mtype583.a(queuebuf.o)
 .bss           0x000000000003af20       0xa0 build/cooja/mtype583.a(packetbuf.o)
 .bss           0x000000000003afc0        0x4 build/cooja/mtype583.a(netstack.o)
 .bss           0x000000000003afc4        0x0 build/cooja/mtype583.a(linkaddr.o)
 .bss           0x000000000003afc4        0x0 build/cooja/mtype583.a(csma.o)
 *fill*         0x000000000003afc4       0x1c 
 .bss           0x000000000003afe0      0x726 build/cooja/mtype583.a(csma-output.o)
 *fill*         0x000000000003b706        0x2 
 .bss           0x000000000003b708       0x30 build/cooja/mtype583.a(uip-ds6.o)
 .bss           0x000000000003b738        0x5 build/cooja/mtype583.a(tcp-socket.o)
 *fill*         0x000000000003b73d        0x3 
 .bss           0x000000000003b740       0x60 build/cooja/mtype583.a(uip-ds6-route.o)
 .bss           0x000000000003b7a0       0x10 build/cooja/mtype583.a(tcpip.o)
 .bss           0x000000000003b7b0        0x8 build/cooja/mtype583.a(uip6.o)
                0x000000000003b7b0                uip_ext_bitmap
                0x000000000003b7b2                uip_ext_len
                0x000000000003b7b4                uip_last_proto
 *fill*         0x000000000003b7b8        0x8 
 .bss           0x000000000003b7c0     0x1c20 build/cooja/mtype583.a(uip-ds6-nbr.o)
 .bss           0x000000000003d3e0       0x10 build/cooja/mtype583.a(uip-nd6.o)
 *fill*         0x000000000003d3f0       0x10 
 .bss           0x000000000003d400      0x724 build/cooja/mtype583.a(sicslowpan.o)
 .bss           0x000000000003db24        0x0 build/cooja/mtype583.a(uiplib.o)
 .bss           0x000000000003db24        0x1 build/cooja/mtype583.a(rpl.o)
 .bss           0x000000000003db25        0x0 build/cooja/mtype583.a(rpl-icmp6.o)
 *fill*         0x000000000003db25        0x3 
 .bss           0x000000000003db28       0x11 build/cooja/mtype583.a(rpl-dag-root.o)
 .bss           0x000000000003db39        0x0 build/cooja/mtype583.a(watchdog.o)
 *fill*         0x000000000003db39        0x3 
 .bss           0x000000000003db3c        0x4 build/cooja/mtype583.a(int-master.o)
 .bss           0x000000000003db40        0x0 build/cooja/mtype583.a(stimer.o)
 .bss           0x000000000003db40        0x0 build/cooja/mtype583.a(ringbuf.o)
 .bss           0x000000000003db40        0x0 build/cooja/mtype583.a(memb.o)
 .bss           0x000000000003db40        0x0 build/cooja/mtype583.a(assert.o)
 .bss           0x000000000003db40     0x1214 build/cooja/mtype583.a(nbr-table.o)
 *fill*         0x000000000003ed54        0xc 
 .bss           0x000000000003ed60      0xe10 build/cooja/mtype583.a(link-stats.o)
 *fill*         0x000000000003fb70       0x10 
 .bss           0x000000000003fb80      0x100 build/cooja/mtype583.a(mac-sequence.o)
 .bss           0x000000000003fc80        0x0 build/cooja/mtype583.a(mac.o)
 .bss           0x000000000003fc80        0x2 build/cooja/mtype583.a(framer-802154.o)
 .bss           0x000000000003fc82        0x0 build/cooja/mtype583.a(frame802154.o)
 .bss           0x000000000003fc82        0x0 build/cooja/mtype583.a(csma-security.o)
 *fill*         0x000000000003fc82        0x2 
 .bss           0x000000000003fc84       0x18 build/cooja/mtype583.a(uipbuf.o)
 .bss           0x000000000003fc9c       0x18 build/cooja/mtype583.a(uip-icmp6.o)
 *fill*         0x000000000003fcb4        0xc 
 .bss           0x000000000003fcc0     0x1d80 build/cooja/mtype583.a(uip-sr.o)
 .bss           0x0000000000041a40      0xa78 build/cooja/mtype583.a(uip-packetqueue)
 .bss           0x00000000000424b8        0xe build/cooja/mtype583.a(rpl-nbr-policy.)
 *fill*         0x00000000000424c6       0x1a 
 .bss           0x00000000000424e0      0x960 build/cooja/mtype583.a(rpl-neighbor.o)
 .bss           0x0000000000042e40        0x0 build/cooja/mtype583.a(rpl-dag.o)
 .bss           0x0000000000042e40       0x40 build/cooja/mtype583.a(rpl-timers.o)
 .bss           0x0000000000042e80        0x0 build/cooja/mtype583.a(rpl-ext-header.)
 .bss           0x0000000000042e80        0x0 build/cooja/mtype583.a(rpl-mrhof.o)
 .bss           0x0000000000042e80        0x0 /usr/lib/gcc/i686-linux-gnu/5/crtendS.o
 .bss           0x0000000000042e80        0x0 /usr/lib/gcc/i686-linux-gnu/5/../../../i386-linux-gnu/crtn.o
 *(COMMON)
 COMMON         0x0000000000042e80        0x8 build/cooja/mtype583.o
                0x0000000000042e80                referenceVar
                0x0000000000042e84                sensors_flags
 COMMON         0x0000000000042e88        0xc build/cooja/mtype583.a(simEnvChange.o)
                0x0000000000042e88                simEtimerPending
                0x0000000000042e8c                simProcessRunValue
                0x0000000000042e90                simEtimerNextExpirationTime
 *fill*         0x0000000000042e94        0x4 
 COMMON         0x0000000000042e98       0x18 build/cooja/mtype583.a(rtimer-arch.o)
                0x0000000000042e98                simRtimerPending
                0x0000000000042ea0                simRtimerCurrentTicks
                0x0000000000042ea8                simRtimerNextExpirationTime
 COMMON         0x0000000000042eb0        0x1 build/cooja/mtype583.a(beep.o)
                0x0000000000042eb0                simBeeped
 *fill*         0x0000000000042eb1        0x3 
 COMMON         0x0000000000042eb4        0xc build/cooja/mtype583.a(moteid.o)
                0x0000000000042eb4                simRandomSeed
                0x0000000000042eb8                simMoteIDChanged
                0x0000000000042ebc                simMoteID
 COMMON         0x0000000000042ec0        0x2 build/cooja/mtype583.a(pir-sensor.o)
                0x0000000000042ec0                simPirIsActive
                0x0000000000042ec1                simPirChanged
 *fill*         0x0000000000042ec2       0x1e 
 COMMON         0x0000000000042ee0      0x820 build/cooja/mtype583.a(rs232.o)
                0x0000000000042ee0                simSerialReceivingFlag
                0x0000000000042ee4                simSerialReceivingLength
                0x0000000000042f00                simSerialReceivingData
 COMMON         0x0000000000043700        0x2 build/cooja/mtype583.a(vib-sensor.o)
                0x0000000000043700                simVibChanged
                0x0000000000043701                simVibIsActive
 *fill*         0x0000000000043702        0x2 
 COMMON         0x0000000000043704        0x4 build/cooja/mtype583.a(clock.o)
                0x0000000000043704                simCurrentTime
 *fill*         0x0000000000043708       0x18 
 COMMON         0x0000000000043720     0x2020 build/cooja/mtype583.a(cooja-log.o)
                0x0000000000043720                simLoggedLength
                0x0000000000043724                simLoggedFlag
                0x0000000000043740                simLoggedData
 COMMON         0x0000000000045740       0xfd build/cooja/mtype583.a(cooja-radio.o)
                0x0000000000045740                simOutDataBuffer
                0x00000000000457c0                simInDataBuffer
 *fill*         0x000000000004583d        0x3 
 COMMON         0x0000000000045840      0x400 build/cooja/mtype583.a(eeprom.o)
                0x0000000000045840                simEEPROMData
 COMMON         0x0000000000045c40        0x1 build/cooja/mtype583.a(sensors.o)
                0x0000000000045c40                sensors_event
 COMMON         0x0000000000045c41        0x2 build/cooja/mtype583.a(buttons.o)
                0x0000000000045c41                simButtonIsDown
                0x0000000000045c42                simButtonChanged
 COMMON         0x0000000000045c43        0x1 build/cooja/mtype583.a(mqtt.o)
                0x0000000000045c43                mqtt_update_event
 COMMON         0x0000000000045c44       0x60 build/cooja/mtype583.a(contiki-main.o)
                0x0000000000045c44                eb_per_time_source
                0x0000000000045c5c                unicast_per_neighbor_rpl_storing
                0x0000000000045c74                unicast_per_neighbor_rpl_ns
                0x0000000000045c8c                default_common
 COMMON         0x0000000000045ca4        0x3 build/cooja/mtype583.a(button-hal.o)
                0x0000000000045ca4                button_hal_periodic_event
                0x0000000000045ca5                button_hal_press_event
                0x0000000000045ca6                button_hal_release_event
 COMMON         0x0000000000045ca7        0x1 build/cooja/mtype583.a(serial-line.o)
                0x0000000000045ca7                serial_line_event_message
 COMMON         0x0000000000045ca8       0x2c build/cooja/mtype583.a(packetbuf.o)
                0x0000000000045ca8                packetbuf_attrs
                0x0000000000045cc4                packetbuf_addrs
 COMMON         0x0000000000045cd4        0x8 build/cooja/mtype583.a(linkaddr.o)
                0x0000000000045cd4                linkaddr_node_addr
 *fill*         0x0000000000045cdc        0x4 
 COMMON         0x0000000000045ce0      0x181 build/cooja/mtype583.a(uip-ds6.o)
                0x0000000000045ce0                uip_ds6_prefix_list
                0x0000000000045d40                uip_ds6_timer_periodic
                0x0000000000045d50                uip_ds6_netif_addr_list_offset
                0x0000000000045d60                uip_ds6_if
                0x0000000000045e58                uip_ds6_timer_ra
                0x0000000000045e60                uip_ds6_addr_size
 COMMON         0x0000000000045e61        0x1 build/cooja/mtype583.a(tcpip.o)
                0x0000000000045e61                tcpip_event
 *fill*         0x0000000000045e62       0x1e 
 COMMON         0x0000000000045e80      0x648 build/cooja/mtype583.a(uip6.o)
                0x0000000000045e80                uip_slen
                0x0000000000045e84                uip_lladdr
                0x0000000000045e8c                uip_appdata
                0x0000000000045e90                uip_flags
                0x0000000000045ea0                uip_aligned_buf
                0x00000000000463a0                uip_len
                0x00000000000463a4                uip_sappdata
                0x00000000000463c0                uip_udp_conns
                0x00000000000464c0                uip_udp_conn
                0x00000000000464c4                uip_conn
 COMMON         0x00000000000464c8       0x10 build/cooja/mtype583.a(rpl.o)
                0x00000000000464c8                rpl_multicast_addr
 *fill*         0x00000000000464d8        0x8 
 COMMON         0x00000000000464e0       0x20 build/cooja/mtype583.a(link-stats.o)
                0x00000000000464e0                periodic_timer
 COMMON         0x0000000000046500      0x164 build/cooja/mtype583.a(rpl-dag.o)
                0x0000000000046500                curr_instance
                0x0000000000046664                . = ALIGN ((. != 0x0)?0x4:0x1)
                0x0000000000046664                . = ALIGN (0x4)
                0x0000000000046664                . = SEGMENT_START ("ldata-segment", .)
                0x0000000000046664                . = ALIGN (0x4)
                0x0000000000046664                _end = .
                [!provide]                        PROVIDE (end, .)
                0x0000000000046664                . = DATA_SEGMENT_END (.)

.stab
 *(.stab)

.stabstr
 *(.stabstr)

.stab.excl
 *(.stab.excl)

.stab.exclstr
 *(.stab.exclstr)

.stab.index
 *(.stab.index)

.stab.indexstr
 *(.stab.indexstr)

.comment        0x0000000000000000       0x35
 *(.comment)
 .comment       0x0000000000000000       0x35 /usr/lib/gcc/i686-linux-gnu/5/crtbeginS.o
                                         0x36 (size before relaxing)
 .comment       0x0000000000000035       0x36 node.o
 .comment       0x0000000000000035       0x36 build/cooja/mtype583.o
 .comment       0x0000000000000035       0x36 build/cooja/mtype583.a(simEnvChange.o)
 .comment       0x0000000000000035       0x36 build/cooja/mtype583.a(cooja_mt.o)
 .comment       0x0000000000000035       0x36 build/cooja/mtype583.a(cooja_mtarch.o)
 .comment       0x0000000000000035       0x36 build/cooja/mtype583.a(rtimer-arch.o)